commit 0759511: Portal: match the www.exacarib.com brand

== Lab already up; rebuilding the agent (21:31:05)

== Controller (21:31:44)
.env ready (admin: admin@exacarib.local)
time="2026-10-04T23:31:47+02:00" level=warning msg="Docker Compose is configured to build using Bake, but buildx isn't installed"
#0 building with "default" instance using docker driver

#1 [controller internal] load build definition from Dockerfile
#1 transferring dockerfile: 559B done
#1 DONE 0.0s

#2 [controller internal] load metadata for docker.io/library/python:3.12-slim
#2 DONE 0.6s

#3 [controller internal] load .dockerignore
#3 transferring context: 2B done
#3 DONE 0.0s

#4 [controller internal] load build context
#4 DONE 0.0s

#5 [controller 1/5] FROM docker.io/library/python:3.12-slim@sha256:02108f5d322dd89f1c9e552442c25acb0543dfdbc455693a5599624f20d9155d
#5 resolve docker.io/library/python:3.12-slim@sha256:02108f5d322dd89f1c9e552442c25acb0543dfdbc455693a5599624f20d9155d
#5 resolve docker.io/library/python:3.12-slim@sha256:02108f5d322dd89f1c9e552442c25acb0543dfdbc455693a5599624f20d9155d 0.3s done
#5 DONE 0.3s

#5 [controller 1/5] FROM docker.io/library/python:3.12-slim@sha256:02108f5d322dd89f1c9e552442c25acb0543dfdbc455693a5599624f20d9155d
#5 DONE 0.3s

#4 [controller internal] load build context
#4 transferring context: 3.60kB 0.0s done
#4 DONE 0.1s

#6 [controller 2/5] WORKDIR /app
#6 CACHED

#7 [controller 3/5] COPY pyproject.toml ./
#7 CACHED

#8 [controller 4/5] COPY exaconnect_controller ./exaconnect_controller
#8 CACHED

#9 [controller 5/5] RUN pip install --no-cache-dir . && mkdir -p /data && chown nobody:nogroup /data
#9 CACHED

#10 [controller] exporting to image
#10 exporting layers
#10 exporting layers 0.0s done
#10 exporting manifest sha256:661561f177e303408bc184137dff1efb32a290cadddc1a03de3aced7697b730b 0.0s done
#10 exporting config sha256:0a56bbb217e8d2e1d2901617359a36e8af564efa6885e2554a45c195908b82b7 0.1s done
#10 exporting attestation manifest sha256:d5a142afa7e5e319aa3f3f7690c88587762ed99704f0fa718ab9e322a344518b
#10 exporting attestation manifest sha256:d5a142afa7e5e319aa3f3f7690c88587762ed99704f0fa718ab9e322a344518b 1.0s done
#10 exporting manifest list sha256:db91870c5c281d0514d1c3d2261c66832268c51830ea94d8219f56e62a644580
#10 exporting manifest list sha256:db91870c5c281d0514d1c3d2261c66832268c51830ea94d8219f56e62a644580 0.3s done
#10 naming to docker.io/library/exaconnect-controller:latest
#10 naming to docker.io/library/exaconnect-controller:latest 0.1s done
#10 unpacking to docker.io/library/exaconnect-controller:latest
#10 unpacking to docker.io/library/exaconnect-controller:latest 0.2s done
#10 DONE 2.0s

#11 [controller] resolving provenance for metadata file
#11 DONE 0.0s
 controller  Built
time="2026-10-04T23:31:52+02:00" level=warning msg="Found orphan containers ([exaconnect-web-1]) for this project. If you removed or renamed this service in your compose file, you can run this command with the --remove-orphans flag to clean it up."
 Container exaconnect-db-1  Running
 Container exaconnect-controller-1  Recreate
 Container exaconnect-controller-1  Recreated
 Container exaconnect-proxy-1  Running
 Container exaconnect-db-1  Waiting
 Container exaconnect-db-1  Healthy
 Container exaconnect-controller-1  Starting
 Container exaconnect-controller-1  Started
 Container exaconnect-controller-1  Waiting
 Container exaconnect-controller-1  Healthy
 Container exaconnect-proxy-1  Waiting
 Container exaconnect-db-1  Waiting
 Container exaconnect-controller-1  Waiting
 Container exaconnect-db-1  Healthy
 Container exaconnect-controller-1  Healthy
 Container exaconnect-proxy-1  Healthy
time="2026-10-04T23:32:11+02:00" level=warning msg="Found orphan containers ([exaconnect-web-1]) for this project. If you removed or renamed this service in your compose file, you can run this command with the --remove-orphans flag to clean it up."
 Container exaconnect-proxy-1  Recreate
 Container exaconnect-proxy-1  Recreated
 Container exaconnect-proxy-1  Starting
 Container exaconnect-proxy-1  Started
 Container exaconnect-proxy-1  Waiting
 Container exaconnect-proxy-1  Healthy

== Agents (21:32:16)
pop-miami: agent stopped
site-a: agent stopped
site-b: agent stopped
pop-miami: agent started
site-a: agent started
site-b: agent started

== Public portal (21:32:20)
time="2026-10-04T23:32:21+02:00" level=warning msg="Docker Compose is configured to build using Bake, but buildx isn't installed"
#0 building with "default" instance using docker driver

#1 [controller internal] load build definition from Dockerfile
#1 transferring dockerfile: 559B done
#1 DONE 0.0s

#2 [controller internal] load metadata for docker.io/library/python:3.12-slim
#2 DONE 0.5s

#3 [controller internal] load .dockerignore
#3 transferring context: 2B 0.0s done
#3 DONE 0.1s

#4 [controller 1/5] FROM docker.io/library/python:3.12-slim@sha256:02108f5d322dd89f1c9e552442c25acb0543dfdbc455693a5599624f20d9155d
#4 resolve docker.io/library/python:3.12-slim@sha256:02108f5d322dd89f1c9e552442c25acb0543dfdbc455693a5599624f20d9155d 0.1s done
#4 DONE 0.1s

#5 [controller internal] load build context
#5 transferring context: 3.60kB 0.0s done
#5 DONE 0.0s

#6 [controller 2/5] WORKDIR /app
#6 CACHED

#7 [controller 3/5] COPY pyproject.toml ./
#7 CACHED

#8 [controller 4/5] COPY exaconnect_controller ./exaconnect_controller
#8 CACHED

#9 [controller 5/5] RUN pip install --no-cache-dir . && mkdir -p /data && chown nobody:nogroup /data
#9 CACHED

#10 [controller] exporting to image
#10 exporting layers 0.0s done
#10 exporting manifest sha256:661561f177e303408bc184137dff1efb32a290cadddc1a03de3aced7697b730b done
#10 exporting config sha256:0a56bbb217e8d2e1d2901617359a36e8af564efa6885e2554a45c195908b82b7 done
#10 exporting attestation manifest sha256:9902e17c473dfb149ac6f87a99270188ae000ba136cc91f0c445fd66c445c055
#10 exporting attestation manifest sha256:9902e17c473dfb149ac6f87a99270188ae000ba136cc91f0c445fd66c445c055 0.2s done
#10 exporting manifest list sha256:6aca39fd6c6ff19e9dd918453386ba797ae59440e7ce01b71e3c6eae024b6cad
#10 exporting manifest list sha256:6aca39fd6c6ff19e9dd918453386ba797ae59440e7ce01b71e3c6eae024b6cad 0.0s done
#10 naming to docker.io/library/exaconnect-controller:latest done
#10 unpacking to docker.io/library/exaconnect-controller:latest 0.0s done
#10 DONE 0.4s

#11 [controller] resolving provenance for metadata file
#11 DONE 0.0s

#12 [web internal] load build definition from Dockerfile
#12 DONE 0.0s

#12 [web internal] load build definition from Dockerfile
#12 transferring dockerfile: 529B done
#12 DONE 0.0s

#13 [web internal] load metadata for docker.io/library/caddy:2-alpine
#13 ...

#14 [web internal] load metadata for docker.io/library/node:22-alpine
#14 DONE 0.4s

#13 [web internal] load metadata for docker.io/library/caddy:2-alpine
#13 DONE 0.7s

#15 [web internal] load .dockerignore
#15 transferring context: 2B 0.0s done
#15 DONE 0.0s

#16 [web internal] load build context
#16 DONE 0.0s

#17 [web stage-1 1/3] FROM docker.io/library/caddy:2-alpine@sha256:d44355d3c2149dc580ce2cac735955d1c08d3d00882c30489c241aa51a5c10d9
#17 resolve docker.io/library/caddy:2-alpine@sha256:d44355d3c2149dc580ce2cac735955d1c08d3d00882c30489c241aa51a5c10d9 0.1s done
#17 DONE 0.1s

#18 [web portal 1/6] FROM docker.io/library/node:22-alpine@sha256:0a7108bf6c7bf5de370ffb1a3ed6be93d405b43ff159f681a8d18c0e2bc2e402
#18 resolve docker.io/library/node:22-alpine@sha256:0a7108bf6c7bf5de370ffb1a3ed6be93d405b43ff159f681a8d18c0e2bc2e402
#18 resolve docker.io/library/node:22-alpine@sha256:0a7108bf6c7bf5de370ffb1a3ed6be93d405b43ff159f681a8d18c0e2bc2e402 0.1s done
#18 DONE 0.1s

#17 [web stage-1 1/3] FROM docker.io/library/caddy:2-alpine@sha256:d44355d3c2149dc580ce2cac735955d1c08d3d00882c30489c241aa51a5c10d9
#17 DONE 0.1s

#16 [web internal] load build context
#16 transferring context: 267.76kB 0.7s done
#16 DONE 0.7s

#19 [web portal 3/6] COPY portal/package.json portal/package-lock.json ./
#19 CACHED

#20 [web portal 2/6] WORKDIR /src/portal
#20 CACHED

#17 [web stage-1 1/3] FROM docker.io/library/caddy:2-alpine@sha256:d44355d3c2149dc580ce2cac735955d1c08d3d00882c30489c241aa51a5c10d9
#17 CACHED

#21 [web portal 4/6] RUN npm ci --no-audit --no-fund
#21 CACHED

#22 [web portal 5/6] COPY portal/ ./
#22 ...

#23 [web stage-1 2/3] COPY deploy/public/Caddyfile /etc/caddy/Caddyfile
#23 DONE 0.3s

#22 [web portal 5/6] COPY portal/ ./
#22 DONE 3.8s

#24 [web portal 6/6] RUN npm run build
#24 2.920 
#24 2.920 > exaconnect-portal@0.0.1 build
#24 2.920 > tsc -b && vite build
#24 2.920 
#24 6.897 vite v8.3.1 building client environment for production...
#24 6.925 transforming...
#24 7.139 ✓ 52 modules transformed.
#24 7.264 rendering chunks...
#24 7.535 computing gzip size...
#24 7.546 dist/index.html                   0.75 kB │ gzip:   0.41 kB
#24 7.546 dist/assets/index-BG7OUtrk.css   51.34 kB │ gzip:  10.41 kB
#24 7.546 dist/assets/index-DPDaAuxu.js   481.09 kB │ gzip: 136.98 kB
#24 7.546 
#24 7.553 ✓ built in 653ms
#24 DONE 7.8s

#25 [web stage-1 3/3] COPY --from=portal /src/portal/dist /srv/portal
#25 DONE 0.1s

#26 [web] exporting to image
#26 exporting layers
#26 exporting layers 0.4s done
#26 exporting manifest sha256:8b251180a8525e88e1a44318839b01ca4d9af335ab2cadc77ae3f5c1c07c7701 0.1s done
#26 exporting config sha256:d015b5a83a1967e7e2abe73ce3ef943bb115e8f093f5634e098383fc66c84725 0.1s done
#26 exporting attestation manifest sha256:386c451eab751bf5468b7975c7ec2cdaccb1615de59dfbc6baa3c86afb8271c5 0.1s done
#26 exporting manifest list sha256:6c8400ce41db0b6a51a9e37b31e976434c8ec0ee2e3fbc19b8d49b805236ced3
#26 exporting manifest list sha256:6c8400ce41db0b6a51a9e37b31e976434c8ec0ee2e3fbc19b8d49b805236ced3 0.1s done
#26 naming to docker.io/library/exaconnect-web:latest done
#26 unpacking to docker.io/library/exaconnect-web:latest
#26 unpacking to docker.io/library/exaconnect-web:latest 0.3s done
#26 DONE 1.1s

#27 [web] resolving provenance for metadata file
#27 DONE 0.1s
 controller  Built
 web  Built
 Container exaconnect-db-1  Running
 Container exaconnect-controller-1  Recreate
 Container exaconnect-controller-1  Recreated
 Container exaconnect-web-1  Recreate
 Container exaconnect-web-1  Recreated
 Container exaconnect-db-1  Waiting
 Container exaconnect-db-1  Healthy
 Container exaconnect-controller-1  Starting
 Container exaconnect-controller-1  Started
 Container exaconnect-controller-1  Waiting
 Container exaconnect-controller-1  Healthy
 Container exaconnect-web-1  Starting
 Container exaconnect-web-1  Started
 Container exaconnect-controller-1  Waiting
 Container exaconnect-web-1  Waiting
 Container exaconnect-db-1  Waiting
 Container exaconnect-db-1  Healthy
 Container exaconnect-web-1  Healthy
 Container exaconnect-controller-1  Healthy

== Waiting for tunnels, BGP and BFD (21:33:03)

== Checks (21:33:18)
-- lab/scripts/check-routing.sh
ok    site-a wg-a handshake 58s ago
ok    site-a wg-b handshake 59s ago
ok    site-a wg-sat handshake 58s ago
ok    site-b wg-a handshake 59s ago
ok    site-b wg-b handshake 58s ago
ok    site-b wg-sat handshake 58s ago
ok    pop-miami BGP 6/6 established
ok    pop-miami BFD 6/6 up
ok    site-a BGP 3/3 established
ok    site-a BFD 3/3 up
ok    site-b BGP 3/3 established
ok    site-b BFD 3/3 up
ok    lan-a -> lan-b (site-a to site-b via the PoP)
ok    lan-b -> lan-a
ok    lan-a -> lan-pop

  traceroute to 192.168.20.10 (192.168.20.10), 30 hops max, 46 byte packets
   1  192.168.10.1  0.010 ms
   2  100.64.1.1  28.612 ms
   3  100.64.1.12  49.476 ms
   4  192.168.20.10  53.285 ms
-- lab/ci/checks/m0-timing.sh
-- host timing
      clocksource kvm-clock, available: kvm-clock hpet acpi_pm 
      kernel 6.8.0-139-generic, timers: hres_active    : 1, resolution: 1 nsecs
      HZ 1000, 4 CPUs, load 4.62 3.87 3.12
      netem on carrier-a: qdisc netem 8084: root refcnt 5 limit 10000 delay 12.5ms  1ms seed 9717127554986641972
      cpuidle driver none, governor menu
      (netem asks for 25 ms on A and 35 ms on B round trip, with 2 and 4 ms jitter; min/avg/max/mdev)
      site-a to lan-a (no netem):              0.044/0.140/2.459/0.324 ms
      site-a to carrier-a router (one netem):  9.826/14.766/98.632/9.421 ms
      site-a to PoP underlay via carrier A:    21.544/30.199/142.098/14.967 ms, pipe 2
      site-a to PoP through wg-a:              23.058/34.338/132.472/16.414 ms, pipe 2
      site-a to PoP underlay via carrier B:    29.593/36.780/57.518/4.188 ms, pipe 2
-- busiest containers
      23.97% clab-exaconnect-site-a
      23.96% clab-exaconnect-pop-miami
      17.02% clab-exaconnect-site-b
      2.77% exaconnect-db-1
      0.47% exaconnect-controller-1
      0.19% clab-exaconnect-lan-pop
      0.19% clab-exaconnect-lan-b
      0.16% clab-exaconnect-carrier-a
-- busiest processes
       200 ps
       9.7 exa-agent
       8.4 uvicorn
       8.3 exa-agent
       8.2 exa-agent
       3.8 bfdd
       3.6 rcu_preempt
       2.4 dockerd
-- lab/ci/checks/m4-steering.sh
-- steering applied
ok    pop-miami nftables classifier
ok    pop-miami 6 steering rules
ok    site-a nftables classifier
ok    site-a 3 steering rules
ok    site-b nftables classifier
ok    site-b 3 steering rules
      voice state at start: site-a carrier-a since 2026-10-04 20:31:03.919271+00 return - -; site-b carrier-a since 2026-10-04 17:10:55.658251+00 return - -
      probe jitter, last 3 min, carrier-a avg 16.2 p95 42.8, carrier-b avg 16.0 p95 40.4, sat avg 34.1 p95 74.9
      host load 5.20 4.11 3.22 on 4 CPUs, CPU steal 0.0% over 5 s
ok    site-a voice on wg-a at start
      maps: site-a v492, site-b v278, pop-miami v560
-- brownout: carrier A loss 0 -> 3% over 180 s (demo step 2)
ok    voice moved 166 s into the ramp
      Moved voice from Carrier A to Carrier B: loss on Carrier A is 1.1% against a 1% SLA.
FAIL  moved at measured loss 1.12%, not before the 1% SLA
      
ok    site-a kernel sends voice on wg-b
ok    bulk stayed on carrier A (3% is under its 5% threshold)
-- hard cut of carrier B while voice is on it (demo step 3)
      voice probe stream: 1446 of 1500 received at 50 packets/s
ok    voice lost 1080 ms of packets (< 3 s)
ok    agent failover on BFD after 1 s
ok    voice on wg-a after the cut
-- recovery: restore B, classes move back only after the hold time (demo step 4)
ok    no moves in the first minute after recovery
      moves since the brownout began: 8
      21:36:19 site-b voice hold: Kept voice on Carrier A: loss on Carrier A rising 0.9% a minute, forecast 1.3% in 60 s against a 1% SLA, but no other path is forecast within SLA.
      21:36:19 site-a voice hold: Kept voice on Carrier A: loss on Carrier A rising 1.6% a minute, forecast 2.1% in 60 s against a 1% SLA, but no other path is forecast within SLA.
      21:36:29 site-b voice hold: Kept voice on Carrier A: loss on Carrier A rising 1.0% a minute, forecast 1.4% in 60 s against a 1% SLA, but no other path is forecast within SLA.
      21:36:29 site-a voice hold: Kept voice on Carrier A: loss on Carrier A rising 1.2% a minute, forecast 1.9% in 60 s against a 1% SLA, but no other path is forecast within SLA.
      21:36:40 site-a voice hold: Kept voice on Carrier A: loss on Carrier A is 1.1% against a 1% SLA, but no other path is forecast within SLA.
      21:36:40 site-b voice hold: Kept voice on Carrier A: loss on Carrier A rising 0.8% a minute, forecast 1.4% in 60 s against a 1% SLA, but no other path is forecast within SLA.
      21:36:50 site-b voice move: Moved voice from Carrier A to Carrier B: loss on Carrier A rising 1.0% a minute, forecast 1.8% in 60 s against a 1% SLA.
      21:36:50 site-a voice move: Moved voice from Carrier A to Carrier B: loss on Carrier A is 1.1% against a 1% SLA.
      21:37:10 site-a business move: Moved business from Carrier A to Carrier B: loss on Carrier A rising 0.8% a minute, forecast 2.4% in 60 s against a 2% SLA.
      21:37:41 site-b business move: Moved business from Carrier A to Carrier B: loss on Carrier A rising 1.1% a minute, forecast 2.7% in 60 s against a 2% SLA.
      21:39:02 site-b business failover: Moved business from Carrier B to Carrier A: Carrier B is down (BFD reports it down).
      21:39:02 site-b voice failover: Moved voice from Carrier B to Carrier A: Carrier B is down (BFD reports it down).
      21:39:02 site-a business failover: Moved business from Carrier B to Carrier A: Carrier B is down (BFD reports it down).
      21:39:02 site-a voice failover: Moved voice from Carrier B to Carrier A: Carrier B is down (BFD reports it down).
      21:39:22 site-a business hold: Kept business on Carrier A: loss on Carrier A is 2.1% against a 2% SLA, but it moved here 20 s ago (hold time 120 s).
      21:39:22 site-a voice hold: Kept voice on Carrier A: loss on Carrier A is 2.1% against a 1% SLA, but it moved here 20 s ago (hold time 120 s).
      21:39:22 site-b voice hold: Kept voice on Carrier A: loss on Carrier A is 1.9% against a 1% SLA, but it moved here 20 s ago (hold time 120 s).
      21:39:33 site-a voice hold: Kept voice on Carrier A: loss on Carrier A is 2.0% against a 1% SLA, but it moved here 31 s ago (hold time 120 s).
      21:39:33 site-b voice hold: Kept voice on Carrier A: loss on Carrier A is 1.9% against a 1% SLA, but it moved here 31 s ago (hold time 120 s).
      21:39:43 site-a voice hold: Kept voice on Carrier A: loss on Carrier A is 1.8% against a 1% SLA, but it moved here 41 s ago (hold time 120 s).
      21:39:43 site-b voice hold: Kept voice on Carrier A: loss on Carrier A is 1.8% against a 1% SLA, but it moved here 41 s ago (hold time 120 s).
      21:39:53 site-a voice hold: Kept voice on Carrier A: loss on Carrier A is 1.8% against a 1% SLA, but it moved here 51 s ago (hold time 120 s).
      21:39:53 site-b voice hold: Kept voice on Carrier A: loss on Carrier A is 1.6% against a 1% SLA, but it moved here 51 s ago (hold time 120 s).
      21:40:03 site-a voice hold: Kept voice on Carrier A: loss on Carrier A is 1.6% against a 1% SLA, but it moved here 61 s ago (hold time 120 s).
      21:40:03 site-b voice hold: Kept voice on Carrier A: loss on Carrier A is 1.5% against a 1% SLA, but it moved here 61 s ago (hold time 120 s).
      21:40:14 site-a voice hold: Kept voice on Carrier A: loss on Carrier A is 1.5% against a 1% SLA, but it moved here 71 s ago (hold time 120 s).
      21:40:14 site-b voice hold: Kept voice on Carrier A: loss on Carrier A is 1.4% against a 1% SLA, but it moved here 71 s ago (hold time 120 s).
      21:40:24 site-b voice hold: Kept voice on Carrier A: loss on Carrier A is 1.2% against a 1% SLA, but it moved here 82 s ago (hold time 120 s).
      21:40:24 site-a voice hold: Kept voice on Carrier A: loss on Carrier A is 1.4% against a 1% SLA, but it moved here 82 s ago (hold time 120 s).
-- lab/ci/checks/m5-storm.sh
-- Storm Mode on at site-a only
ok    Storm Mode switched on for site-a through the API
ok    site-a agent has the Storm Mode steering map
ok    site-b is not in Storm Mode
ok    satellite warm: 43 probes per 10 s
ok    satellite BGP established
-- both terrestrial links cut
ok    voice continues on satellite
ok    business continues on satellite
ok    bulk paused (blackhole rule)
ok    voice stream lost 1520 ms across the double cut
-- restore and switch Storm Mode off
ok    Storm Mode switched off
ok    voice and business back on terrestrial paths, bulk resumed
      Storm Mode last switched by user:admin@exacarib.local
      21:41:49 storm_off
      21:40:30 storm_on
-- lab/ci/checks/m6-metering.sh
-- traffic: 20 Mbit/s bulk (CS1, TCP) from lan-a to lan-b for 11 minutes
      bulk leaves site-a on wg-a
ok    5-minute samples with traffic for site-a
      iperf: [  5] 490.00-491.00 sec  1.38 MBytes  11.5 Mbits/sec    0    127 KBytes        [  5] 491.00-492.00 sec  1.25 MBytes  10.5 Mbits/sec    7   89.5 KBytes        [  5] 492.00-493.00 sec  0.00 Bytes  0.00 bits/sec    0   97.5 KBytes        [  5] 493.00-494.00 sec  1.50 MBytes  12.6 Mbits/sec    1    107 
      site-a carrier-a: samples 11, 95th in 1.20496 out 17.885071, billable 17.885071, commit 100, burst 0.000, total 400.00
ok    billable rate 17.885071 Mbps matches the ~20 Mbit/s offered
-- CSV matches the screen
ok    CSV 95th percentile 17.885 equals the screen
ok    CSV settlement total equals the screen
-- carrier view
ok    carrier user sees only Carrier A links
ok    carrier user cannot open the customer overview
-- lab/ci/checks/m7-outage.sh
-- stop the controller and the agent proxy
ok    all three agents noticed after 59 s and hold the last good state
ok    site A still reaches site B through the PoP
-- BFD failover with the controller down
ok    voice moved from wg-a to wg-b in 3.4 s, without the controller
-- start the controller again
ok    all three agents reconciled 19 s after the restart
-- lab/ci/checks/m8-ai.sh
-- hurricane watch
ok    NHC feed read from the lab host: 2 active storms
ok    example hurricane raised a warning
ok    only site-a (Kingston) is warned
      Hurricane Example (90 kt) is moving at 23 km/h on a heading of 285°. Projecting that motion forward, it passes about 92 km from site-a in about 25 h. Consider switching Storm Mode on so the satellite path is warm before the terrestrial links suffer. This is a straight-line projection; check the NHC advisory for the official forecast track.
-- disaster watch
ok    all disaster feeds read from the lab host: ptwc=2 usgs=16 events=16 failed= 
ok    example earthquake from USGS, GDACS and tsunami.gov raised one alert, for site-b only
      Magnitude 6.4 earthquake, 38 km NE of Port of Spain, Trinidad and Tobago, reported by USGS and GDACS and tsunami.gov. Latest tsunami message: Tsunami Information Statement Number 2. Sites in range: site-b 47 km (critical). Consider switching Storm Mode on for the sites marked critical, so the satellite path is warm if terrestrial links fail. Distances are straight lines from the reported location; check the source's report.
-- insights from this run
      anomaly critical: Carrier B at site-a: loss 8.79%, usually 0.00%
      anomaly critical: Satellite at site-b: latency 79.2 ms, usually 56.1 ms
      anomaly critical: Carrier B at site-b: loss 8.50%, usually 0.00%
      anomaly critical: Carrier A at site-a: loss 5.27%, usually 0.00%
      anomaly critical: Satellite at site-b: jitter 46.5 ms, usually 18.0 ms
      anomaly critical: Carrier A at site-b: loss 5.09%, usually 0.00%
      anomaly warning: Carrier B at site-a: jitter 21.9 ms, usually 10.2 ms
      anomaly warning: Carrier A at site-a: jitter 21.2 ms, usually 9.1 ms
      anomaly warning: Satellite at site-a: jitter 35.3 ms, usually 19.6 ms
      anomaly warning: Carrier B at site-b: latency 61.3 ms, usually 45.6 ms
-- ask your network
ok    answered: Voice is on Carrier A at site-a now, and it last moved to Carrier A at 21:41:56Z because the controller moved it back from Carrier B after Carrier A recovered from a BFD-down event at 21:51:38Z.
-- lab/ci/checks/m9-fabric.sh
-- simulated cloud gateways
ok    AWS and Azure gateways configured
-- cloud circuits
ok    created circuits 67 (AWS) and 68 (Azure)
ok    both circuits up (IPsec and BGP) 22 s after they were created
      AWS: up, BGP Established, routes 10.100.0.0/16
ok    site-a learned the AWS VPC route from the PoP
ok    lan-a reaches the AWS VPC (10.100.0.1) through the PoP
ok    site-a puts traffic for AWS in business
-- cloud router
ok    AWS reaches Azure through the PoP
-- elastic bandwidth
ok    20 Mbps reached the PoP's shaper on vc67
      charges so far: [{"mbps":50,"hours":0.01},{"mbps":20,"hours":0.0}]
-- layer 2 circuit
ok    VLAN 100 at site A and VLAN 200 at site B are one segment (lan-a pings lan-b)
ok    layer 2 circuit up and monitored: round trip 97.7 ms, 0.0% loss over the last minute
-- clean up
ok    deleted circuits are torn down at the PoP
-- lab/ci/checks/m9-internet.sh
-- through the PoP (the default)
ok    lan-a reaches the internet through the PoP, translated to the PoP's address
      site-a exits by: wg-a
-- firewall at the PoP
ok    a deny rule stops lan-a's pings at the PoP
ok    the rule's hits reach the portal
ok    deleting the rule lets the pings through again
-- port forward on the PoP's address
      server on lan-a:8080 answers locally
ok    a connection to 100.64.0.2:8080 from the internet reaches lan-a
ok    the internet cannot reach lan-a directly through the PoP
-- straight out at the site
ok    lan-a reaches the internet over carrier A, translated to site-a's address
ok    with carrier A cut, it leaves by carrier B within 5 s
ok    site-a reports it exits by eth2
-- clean up
ok    back through the PoP
-- lab/ci/checks/m9-order.sh
-- a layer 2 circuit ordered in plain English
      draft: {"actions":["site_circuit"],"summary":["New layer 2 circuit joining site-a and site-b, VLAN 100 at site-a and VLAN 200 at site-b, 20 Mbps."],"problems":[],"monthly_estimate":40.0}
ok    the draft reads a VLAN 100 to VLAN 200 circuit between site-a and site-b
ok    drafting changed nothing
ok    confirmed: Created circuit lab order l2.
ok    the ordered circuit carries traffic (lan-a pings lan-b over VLAN 100/200)
-- two changes in one order
      draft: {"actions":["bandwidth","internet_mode"],"summary":["Change lab order l2 from 20 to 30 Mbps, billed by the hour from now.","Send site-a's internet straight out of its own links (now through ExaCarib's PoP)."],"monthly_estimate":20.0}
ok    the draft has a bandwidth change and an internet change
ok    the circuit is now 30 Mbps
ok    site-a's internet now goes straight out (local eth1)
-- a draft with a problem
ok    a draft with VLAN 5000 says why and can't be confirmed
      AI draft (not confirmed): engine ai, [{"action":"cloud_circuit","provider":"aws","region":"us-east-1","site":"site-a","bandwidth_mbps":50}]
-- clean up
ok    circuit deleted and site-a back through the PoP
-- lab/ci/checks/m9-protection.sh
-- a resilient pair to the simulated AWS
ok    both tunnels of the pair up (IPsec and BGP)
ok    lan-a reaches the AWS VPC over the pair
-- encryption report
      summary: {"encrypted":8,"total":8}
ok    both tunnels encrypted: IKE AES_CBC-256/HMAC_SHA2_256_128/PRF_HMAC_SHA2_256/MODP_2048, ESP AES_CBC-256/HMAC_SHA2_256_128
ok    every site path is WireGuard-encrypted (6 encrypted)
-- the first tunnel fails
ok    the portal shows the first tunnel down and the second up
ok    the circuit stays up on one tunnel
ok    lan-a kept reaching the VPC: 300 of 300 pings answered (about 0.0 s lost; the BGP hold time is 30 s)
ok    the first tunnel recovers
-- DDoS protection at the PoP
ok    the internet reaches the PoP's public address
ok    the flooding source was blocked automatically ({"blocked":0,"auto":349,"flood":1,"syn":0})
ok    the blocked source can't reach the public address
ok    lifting the block lets it back in
ok    customers see the drop counts, not the addresses
-- the block list
ok    a block list entry stops the source
ok    removing it lets the source back in
-- clean up
ok    both tunnels torn down at the PoP
-- lab/ci/checks/m9-public-e2e.sh
-- API through https://connect.exacarib.com
ok    admin signs in at https://connect.exacarib.com
ok    every portal screen's data answers 200 through the public site
      settlement CSV: 200 text/csv; charset=utf-8
-- browser
ok    signed in through the browser
ok    Overview renders without errors
ok    Sites renders without errors
ok    Traffic: seen on your network renders without errors
ok    Traffic: rules renders without errors
ok    Traffic: classes renders without errors
ok    Decisions renders without errors
ok    Fabric renders without errors
ok    Internet renders without errors
ok    Order renders without errors
ok    Encryption renders without errors
ok    Metering renders without errors
ok    Insights renders without errors
ok    Ask your network renders without errors
ok    Carrier view renders without errors
ok    Account renders without errors
ok    Admin: agents renders without errors
ok    Admin: sites renders without errors
ok    Admin: classes renders without errors
ok    Admin: users renders without errors
ok    Admin: settings renders without errors
ok    Admin: partners renders without errors
ok    Admin: protection renders without errors
ok    Admin: audit renders without errors
ok    example hurricane and earthquake alerts appear on Insights
-- lab/ci/checks/m9-public.sh
ok    https://connect.exacarib.com/healthz answers on this host
ok    certificate from Let's Encrypt (issuer=C = US, O = Let's Encrypt, CN = YE1)
ok    portal served
ok    agent endpoints not served publicly
ok    API answers and needs sign-in
ok    connect.exacarib.com reachable from this host over the internet
      web container: running restarts=0
      caddy: {"level":"error","ts":1791151151.308948,"logger":"http.log.error.log0","msg":"read tcp 172.18.0.5:47396->172.18.0.3:8000: read: connection reset by peer","request":{"remote_ip":"142.126.113.55","remote_port":"52272","client_ip":"142.126.113.55","proto":"HTTP/3.0","method":"GET","host":"connect.exaca
      caddy: 2026/10/04 21:59:11.333	[31mERROR[0m	http.log.access.log0	handled request	{"request": {"remote_ip": "142.126.113.55", "remote_port": "52272", "client_ip": "142.126.113.55", "proto": "HTTP/3.0", "method": "GET", "host": "connect.exacarib.com", "uri": "/api/v1/insights?customer_id=4d26813b-aaa6-4be7
      listening on public addresses: 22 80 443 
ok    controller, database and dev portal stay private
ok    an API key works through the public address
ok    a revoked key is refused at once
-- lab/ci/checks/m9-traffic.sh
-- priority queues
ok    site-a wg-a: qdisc cake 8090: root refcnt 2 bandwidth 190Mbit diffserv4 triple-isolate nonat nowash no-
ok    site-a wg-b: qdisc cake 8091: root refcnt 2 bandwidth 95Mbit diffserv4 triple-isolate nonat nowash no-a
-- application detection: Zoom-like traffic on UDP 8801 for 4 minutes
ok    site-a reported its flows to UDP 8801
ok    recognised: Zoom meetings seen at site-a: 1 flow(s) to UDP 8801, matches Zoom meetings (calls and meetings); currently unclassified. Suggest voice (real-time priority).
ok    suggests voice
ok    applied as rule 55
ok    site-a classifies UDP 8801-8810 as voice
ok    Zoom flows now report as voice
ok    site-b is unchanged (the rule is for site-a)
-- a customer rule: a subnet and port into business
ok    site-a classifies TCP 5201 to site B as business
ok    the PoP classifies the return direction

== Diagnostics (22:01:38)
pop-miami: running
site-a: running
site-b: running
-- agent log pop-miami
time=2026-10-04T22:00:51.426Z level=INFO msg="class moved" node=pop-miami class=voice dst=192.168.20.0/24 from=carrier-b to=carrier-a why=bfd
time=2026-10-04T22:00:51.426Z level=INFO msg="class moved" node=pop-miami class=business dst=192.168.20.0/24 from=carrier-b to=carrier-a why=bfd
time=2026-10-04T22:00:51.426Z level=INFO msg="class moved" node=pop-miami class=bulk dst=192.168.20.0/24 from=carrier-b to=carrier-a why=bfd
time=2026-10-04T22:00:51.501Z level=INFO msg="bfd change" node=pop-miami peer=100.64.2.11 tunnel=wg-b status=up
time=2026-10-04T22:01:09.089Z level=INFO msg="bfd change" node=pop-miami peer=100.64.2.12 tunnel=wg-b status=down
time=2026-10-04T22:01:09.100Z level=INFO msg="class moved" node=pop-miami class=voice dst=192.168.10.0/24 from=carrier-b to=carrier-a why=bfd
time=2026-10-04T22:01:09.100Z level=INFO msg="class moved" node=pop-miami class=business dst=192.168.10.0/24 from=carrier-b to=carrier-a why=bfd
time=2026-10-04T22:01:09.100Z level=INFO msg="class moved" node=pop-miami class=bulk dst=192.168.10.0/24 from=carrier-b to=carrier-a why=bfd
time=2026-10-04T22:01:09.139Z level=INFO msg="bfd change" node=pop-miami peer=100.64.2.12 tunnel=wg-b status=up
time=2026-10-04T22:01:09.155Z level=INFO msg="class moved" node=pop-miami class=voice dst=192.168.10.0/24 from=carrier-a to=carrier-b why=bfd
time=2026-10-04T22:01:09.155Z level=INFO msg="class moved" node=pop-miami class=business dst=192.168.10.0/24 from=carrier-a to=carrier-b why=bfd
time=2026-10-04T22:01:09.155Z level=INFO msg="class moved" node=pop-miami class=bulk dst=192.168.10.0/24 from=carrier-a to=carrier-b why=bfd
time=2026-10-04T22:01:27.880Z level=INFO msg="bfd change" node=pop-miami peer=100.64.2.12 tunnel=wg-b status=init
time=2026-10-04T22:01:27.880Z level=INFO msg="bfd change" node=pop-miami peer=100.64.1.12 tunnel=wg-a status=init
time=2026-10-04T22:01:27.880Z level=INFO msg="bfd change" node=pop-miami peer=100.64.1.11 tunnel=wg-a status=init
time=2026-10-04T22:01:28.293Z level=INFO msg="bfd change" node=pop-miami peer=100.64.2.11 tunnel=wg-b status=down
time=2026-10-04T22:01:28.322Z level=INFO msg="class moved" node=pop-miami class=bulk dst=192.168.10.0/24 from=carrier-b to=carrier-a why=bfd
time=2026-10-04T22:01:28.724Z level=INFO msg="bfd change" node=pop-miami peer=100.64.2.12 tunnel=wg-b status=up
time=2026-10-04T22:01:28.724Z level=INFO msg="bfd change" node=pop-miami peer=100.64.2.11 tunnel=wg-b status=up
time=2026-10-04T22:01:28.724Z level=INFO msg="bfd change" node=pop-miami peer=100.64.1.12 tunnel=wg-a status=up
time=2026-10-04T22:01:28.724Z level=INFO msg="bfd change" node=pop-miami peer=100.64.1.11 tunnel=wg-a status=up
time=2026-10-04T22:01:28.733Z level=INFO msg="class moved" node=pop-miami class=bulk dst=192.168.10.0/24 from=carrier-a to=carrier-b why=bfd
time=2026-10-04T22:01:33.278Z level=INFO msg="bfd change" node=pop-miami peer=100.64.2.12 tunnel=wg-b status=init
time=2026-10-04T22:01:34.158Z level=INFO msg="bfd change" node=pop-miami peer=100.64.2.12 tunnel=wg-b status=up
time=2026-10-04T22:01:37.211Z level=INFO msg="new steering map" node=pop-miami version=579 storm=false
-- agent log site-a
time=2026-10-04T22:00:50.934Z level=INFO msg="bfd change" node=site-a peer=100.64.2.1 tunnel=wg-b status=down
time=2026-10-04T22:00:50.934Z level=INFO msg="bfd change" node=site-a peer=100.64.1.1 tunnel=wg-a status=init
time=2026-10-04T22:00:50.939Z level=INFO msg="class moved" node=site-a class=voice dst="" from=carrier-b to=carrier-a why=bfd
time=2026-10-04T22:00:50.939Z level=INFO msg="class moved" node=site-a class=business dst="" from=carrier-b to=carrier-a why=bfd
time=2026-10-04T22:00:50.939Z level=INFO msg="class moved" node=site-a class=bulk dst="" from=carrier-b to=carrier-a why=bfd
time=2026-10-04T22:00:51.039Z level=INFO msg="bfd change" node=site-a peer=100.64.1.1 tunnel=wg-a status=up
time=2026-10-04T22:00:51.527Z level=INFO msg="bfd change" node=site-a peer=100.64.2.1 tunnel=wg-b status=up
time=2026-10-04T22:00:51.533Z level=INFO msg="class moved" node=site-a class=voice dst="" from=carrier-a to=carrier-b why=bfd
time=2026-10-04T22:00:51.533Z level=INFO msg="class moved" node=site-a class=business dst="" from=carrier-a to=carrier-b why=bfd
time=2026-10-04T22:00:51.533Z level=INFO msg="class moved" node=site-a class=bulk dst="" from=carrier-a to=carrier-b why=bfd
time=2026-10-04T22:01:16.783Z level=INFO msg="bfd change" node=site-a peer=100.64.2.1 tunnel=wg-b status=init
time=2026-10-04T22:01:16.783Z level=INFO msg="bfd change" node=site-a peer=100.64.1.1 tunnel=wg-a status=init
time=2026-10-04T22:01:16.906Z level=INFO msg="bfd change" node=site-a peer=100.64.2.1 tunnel=wg-b status=up
time=2026-10-04T22:01:16.906Z level=INFO msg="bfd change" node=site-a peer=100.64.1.1 tunnel=wg-a status=up
time=2026-10-04T22:01:27.879Z level=INFO msg="bfd change" node=site-a peer=100.64.2.1 tunnel=wg-b status=down
time=2026-10-04T22:01:27.880Z level=INFO msg="bfd change" node=site-a peer=100.64.1.1 tunnel=wg-a status=init
time=2026-10-04T22:01:27.906Z level=INFO msg="class moved" node=site-a class=voice dst="" from=carrier-b to=carrier-a why=bfd
time=2026-10-04T22:01:27.906Z level=INFO msg="class moved" node=site-a class=business dst="" from=carrier-b to=carrier-a why=bfd
time=2026-10-04T22:01:27.906Z level=INFO msg="class moved" node=site-a class=bulk dst="" from=carrier-b to=carrier-a why=bfd
time=2026-10-04T22:01:28.581Z level=INFO msg="bfd change" node=site-a peer=100.64.2.1 tunnel=wg-b status=up
time=2026-10-04T22:01:28.581Z level=INFO msg="bfd change" node=site-a peer=100.64.1.1 tunnel=wg-a status=up
time=2026-10-04T22:01:28.596Z level=INFO msg="class moved" node=site-a class=voice dst="" from=carrier-a to=carrier-b why=bfd
time=2026-10-04T22:01:28.596Z level=INFO msg="class moved" node=site-a class=business dst="" from=carrier-a to=carrier-b why=bfd
time=2026-10-04T22:01:28.596Z level=INFO msg="class moved" node=site-a class=bulk dst="" from=carrier-a to=carrier-b why=bfd
time=2026-10-04T22:01:36.986Z level=INFO msg="new steering map" node=site-a version=509 storm=false
-- agent log site-b
time=2026-10-04T22:00:50.763Z level=INFO msg="class moved" node=site-b class=business dst="" from=carrier-a to=carrier-b why=bfd
time=2026-10-04T22:00:50.763Z level=INFO msg="class moved" node=site-b class=bulk dst="" from=carrier-a to=carrier-b why=bfd
time=2026-10-04T22:00:50.914Z level=INFO msg="internet exit changed" node=site-b from=wg-a to=wg-b
time=2026-10-04T22:00:50.994Z level=INFO msg="bfd change" node=site-b peer=100.64.1.1 tunnel=wg-a status=up
time=2026-10-04T22:00:51.063Z level=INFO msg="class moved" node=site-b class=voice dst="" from=carrier-b to=carrier-a why=bfd
time=2026-10-04T22:00:51.063Z level=INFO msg="class moved" node=site-b class=business dst="" from=carrier-b to=carrier-a why=bfd
time=2026-10-04T22:00:51.063Z level=INFO msg="class moved" node=site-b class=bulk dst="" from=carrier-b to=carrier-a why=bfd
time=2026-10-04T22:00:51.071Z level=INFO msg="internet exit changed" node=site-b from=wg-b to=wg-a
time=2026-10-04T22:01:09.121Z level=INFO msg="bfd change" node=site-b peer=100.64.2.1 tunnel=wg-b status=init
time=2026-10-04T22:01:09.169Z level=INFO msg="bfd change" node=site-b peer=100.64.2.1 tunnel=wg-b status=up
time=2026-10-04T22:01:27.788Z level=INFO msg="bfd change" node=site-b peer=100.64.1.1 tunnel=wg-a status=down
time=2026-10-04T22:01:27.788Z level=INFO msg="bfd change" node=site-b peer=100.64.2.1 tunnel=wg-b status=down
time=2026-10-04T22:01:27.794Z level=INFO msg="class moved" node=site-b class=voice dst="" from=carrier-a to=bgp why=bfd
time=2026-10-04T22:01:27.794Z level=INFO msg="class moved" node=site-b class=business dst="" from=carrier-a to=bgp why=bfd
time=2026-10-04T22:01:27.794Z level=INFO msg="class moved" node=site-b class=bulk dst="" from=carrier-a to=paused why=bfd
time=2026-10-04T22:01:27.798Z level=INFO msg="internet exit changed" node=site-b from=wg-a to=wg-sat
time=2026-10-04T22:01:28.782Z level=INFO msg="bfd change" node=site-b peer=100.64.1.1 tunnel=wg-a status=up
time=2026-10-04T22:01:28.782Z level=INFO msg="bfd change" node=site-b peer=100.64.2.1 tunnel=wg-b status=up
time=2026-10-04T22:01:28.786Z level=INFO msg="class moved" node=site-b class=voice dst="" from=bgp to=carrier-a why=bfd
time=2026-10-04T22:01:28.786Z level=INFO msg="class moved" node=site-b class=business dst="" from=bgp to=carrier-a why=bfd
time=2026-10-04T22:01:28.786Z level=INFO msg="class moved" node=site-b class=bulk dst="" from=paused to=carrier-a why=bfd
time=2026-10-04T22:01:28.789Z level=INFO msg="internet exit changed" node=site-b from=wg-sat to=wg-a
time=2026-10-04T22:01:33.292Z level=INFO msg="bfd change" node=site-b peer=100.64.2.1 tunnel=wg-b status=down
time=2026-10-04T22:01:34.203Z level=INFO msg="bfd change" node=site-b peer=100.64.2.1 tunnel=wg-b status=up
time=2026-10-04T22:01:37.231Z level=INFO msg="new steering map" node=site-b version=290 storm=false
-- controller log
controller-1  | INFO:     172.18.0.5:57586 - "GET /api/v1/customers/mine HTTP/1.1" 200 OK
controller-1  | INFO:     127.0.0.1:42452 - "GET /healthz HTTP/1.1" 200 OK
controller-1  | INFO:     172.18.0.4:58192 - "GET /api/v1/agent/steering?have=507 HTTP/1.0" 204 No Content
controller-1  | INFO:     172.18.0.4:58218 - "GET /api/v1/agent/steering?have=289 HTTP/1.0" 204 No Content
controller-1  | INFO:     172.18.0.4:58202 - "GET /api/v1/agent/steering?have=577 HTTP/1.0" 204 No Content
controller-1  | INFO:     127.0.0.1:59534 - "GET /healthz HTTP/1.1" 200 OK
controller-1  | INFO:     172.18.0.5:36858 - "GET /api/v1/version HTTP/1.1" 200 OK
controller-1  | INFO:     172.18.0.5:36862 - "GET /api/v1/customers/mine HTTP/1.1" 200 OK
controller-1  | INFO:     172.18.0.5:36874 - "GET /api/v1/insights?customer_id=4d26813b-aaa6-4be7-9b73-1730be959882 HTTP/1.1" 200 OK
controller-1  | INFO:     172.18.0.5:36864 - "GET /api/v1/customers/4d26813b-aaa6-4be7-9b73-1730be959882/circuits HTTP/1.1" 200 OK
controller-1  | INFO:     172.18.0.5:36864 - "GET /api/v1/customers/mine HTTP/1.1" 200 OK
controller-1  | INFO:     172.18.0.5:36856 - "GET /api/v1/overview?customer_id=4d26813b-aaa6-4be7-9b73-1730be959882 HTTP/1.1" 200 OK
controller-1  | INFO:     172.18.0.4:58234 - "GET /api/v1/agent/desired-state?have=179 HTTP/1.0" 204 No Content
controller-1  | INFO:     172.18.0.4:58240 - "POST /api/v1/agent/telemetry HTTP/1.0" 204 No Content
controller-1  | INFO:     172.18.0.4:58260 - "GET /api/v1/agent/steering?have=507 HTTP/1.0" 204 No Content
controller-1  | INFO:     172.18.0.4:58244 - "GET /api/v1/agent/desired-state?have=75 HTTP/1.0" 204 No Content
controller-1  | INFO:     172.18.0.4:58264 - "GET /api/v1/agent/desired-state?have=230 HTTP/1.0" 204 No Content
controller-1  | INFO:     172.18.0.4:58274 - "GET /api/v1/agent/steering?have=289 HTTP/1.0" 204 No Content
controller-1  | INFO:     172.18.0.4:58294 - "POST /api/v1/agent/telemetry HTTP/1.0" 204 No Content
controller-1  | INFO:     172.18.0.4:58280 - "POST /api/v1/agent/telemetry HTTP/1.0" 204 No Content
controller-1  | INFO:     172.18.0.4:58308 - "GET /api/v1/agent/steering?have=577 HTTP/1.0" 204 No Content
controller-1  | INFO:     172.18.0.5:36856 - "GET /api/v1/customers/4d26813b-aaa6-4be7-9b73-1730be959882/encryption HTTP/1.1" 200 OK
controller-1  | INFO:     172.18.0.5:36856 - "GET /api/v1/customers/mine HTTP/1.1" 200 OK
controller-1  | INFO:     172.18.0.4:36694 - "GET /api/v1/agent/steering?have=507 HTTP/1.0" 204 No Content
controller-1  | INFO:     172.18.0.4:36704 - "GET /api/v1/agent/steering?have=577 HTTP/1.0" 204 No Content
controller-1  | INFO:     127.0.0.1:59014 - "GET /healthz HTTP/1.1" 200 OK
controller-1  | INFO:     172.18.0.4:36720 - "GET /api/v1/agent/steering?have=289 HTTP/1.0" 204 No Content
controller-1  | INFO:     172.18.0.4:36732 - "GET /api/v1/agent/desired-state?have=179 HTTP/1.0" 204 No Content
controller-1  | INFO:     172.18.0.4:36738 - "GET /api/v1/agent/steering?have=507 HTTP/1.0" 204 No Content
controller-1  | INFO:     172.18.0.4:36746 - "POST /api/v1/agent/telemetry HTTP/1.0" 204 No Content
controller-1  | INFO:     172.18.0.4:36750 - "GET /api/v1/agent/desired-state?have=230 HTTP/1.0" 204 No Content
controller-1  | INFO:     172.18.0.4:36756 - "GET /api/v1/agent/desired-state?have=75 HTTP/1.0" 204 No Content
controller-1  | INFO:     172.18.0.4:36762 - "GET /api/v1/agent/steering?have=577 HTTP/1.0" 204 No Content
controller-1  | INFO:     172.18.0.4:36772 - "POST /api/v1/agent/telemetry HTTP/1.0" 204 No Content
controller-1  | INFO:     172.18.0.4:36782 - "GET /api/v1/agent/steering?have=289 HTTP/1.0" 204 No Content
controller-1  | INFO:     172.18.0.4:36774 - "POST /api/v1/agent/telemetry HTTP/1.0" 204 No Content
controller-1  | INFO:     127.0.0.1:59024 - "GET /healthz HTTP/1.1" 200 OK
controller-1  | INFO:     172.18.0.4:35436 - "GET /api/v1/agent/steering?have=507 HTTP/1.0" 204 No Content
controller-1  | INFO:     172.18.0.4:35448 - "GET /api/v1/agent/steering?have=289 HTTP/1.0" 204 No Content
controller-1  | INFO:     127.0.0.1:41694 - "GET /healthz HTTP/1.1" 200 OK
controller-1  | INFO:     172.18.0.4:35468 - "GET /api/v1/agent/desired-state?have=179 HTTP/1.0" 204 No Content
controller-1  | INFO:     172.18.0.4:35480 - "POST /api/v1/agent/telemetry HTTP/1.0" 204 No Content
controller-1  | INFO:     172.18.0.4:35488 - "GET /api/v1/agent/steering?have=507 HTTP/1.0" 204 No Content
controller-1  | INFO:     172.18.0.4:35496 - "GET /api/v1/agent/desired-state?have=230 HTTP/1.0" 204 No Content
controller-1  | INFO:     172.18.0.4:35504 - "GET /api/v1/agent/desired-state?have=75 HTTP/1.0" 204 No Content
controller-1  | INFO:     172.18.0.4:35516 - "GET /api/v1/agent/steering?have=289 HTTP/1.0" 204 No Content
controller-1  | INFO:     172.18.0.4:35520 - "POST /api/v1/agent/telemetry HTTP/1.0" 204 No Content
controller-1  | INFO:     172.18.0.4:35530 - "POST /api/v1/agent/telemetry HTTP/1.0" 204 No Content
controller-1  | INFO:     172.18.0.4:35544 - "GET /api/v1/agent/steering?have=577 HTTP/1.0" 204 No Content
controller-1  | INFO:     127.0.0.1:41706 - "GET /healthz HTTP/1.1" 200 OK
controller-1  | INFO:     172.18.0.1:47872 - "POST /api/v1/auth/login HTTP/1.1" 200 OK
controller-1  | INFO:     172.18.0.1:47878 - "DELETE /api/v1/customers/4d26813b-aaa6-4be7-9b73-1730be959882/rules/55 HTTP/1.1" 204 No Content
controller-1  | INFO:     172.18.0.1:47894 - "POST /api/v1/auth/login HTTP/1.1" 200 OK
controller-1  | INFO:     172.18.0.1:47908 - "POST /api/v1/customers/4d26813b-aaa6-4be7-9b73-1730be959882/rules HTTP/1.1" 201 Created
controller-1  | INFO:     172.18.0.4:39692 - "GET /api/v1/agent/steering?have=507 HTTP/1.0" 200 OK
controller-1  | INFO:     172.18.0.4:39700 - "GET /api/v1/agent/steering?have=577 HTTP/1.0" 200 OK
controller-1  | INFO:     172.18.0.4:39714 - "GET /api/v1/agent/steering?have=289 HTTP/1.0" 200 OK
controller-1  | INFO:     172.18.0.1:46544 - "POST /api/v1/auth/login HTTP/1.1" 200 OK
controller-1  | INFO:     172.18.0.1:46558 - "DELETE /api/v1/customers/4d26813b-aaa6-4be7-9b73-1730be959882/rules/56 HTTP/1.1" 204 No Content
controller-1  | INFO:     127.0.0.1:48704 - "GET /healthz HTTP/1.1" 200 OK
-- controller containers
exaconnect-controller-1 Up 9 minutes (healthy)
exaconnect-db-1 Up 3 days (healthy)
exaconnect-proxy-1 Up 9 minutes
exaconnect-web-1 Up 28 minutes
/exaconnect-controller-1 restarts 0, started 2026-10-04T21:51:42.998642711Z, OOM killed false
/exaconnect-db-1 restarts 0, started 2026-10-01T05:06:52.589123103Z, OOM killed false
/exaconnect-proxy-1 restarts 0, started 2026-10-04T21:51:58.420265055Z, OOM killed false
/exaconnect-web-1 restarts 0, started 2026-10-04T21:32:59.282467713Z, OOM killed false
-- host
 00:01:42 up 3 days, 20:26,  0 user,  load average: 4.31, 5.75, 6.31
               total        used        free      shared  buff/cache   available
Mem:            7941        1895        4517         167        2002        6045
Swap:              0           0           0
procs -----------memory---------- ---swap-- -----io---- -system-- -------cpu-------
 r  b   swpd   free   buff  cache   si   so    bi    bo   in   cs us sy id wa st gu
17  0      0 4626044  22160 2028268    0    0    60   254 5146   20  6 21 72  0  0  0
 1  0      0 4640392  22160 2028368    0    0     0   216 3857 5709  8 30 62  0  0  0
 0  0      0 4660056  22160 2028368    0    0     0   212 4831 6820  9 28 62  0  0  0
make: *** [Makefile:102: lab-ci] Error 1
