commit 111ef7d: Portal: grouped sidebar navigation, top bar with user menu, phone drawer

== Lab already up; rebuilding the agent (15:49:04)

== Controller (15:49:37)
.env ready (admin: admin@exacarib.local)
time="2026-10-04T17:49:38+02:00" level=warning msg="Docker Compose is configured to build using Bake, but buildx isn't installed"
#0 building with "default" instance using docker driver

#1 [controller internal] load build definition from Dockerfile
#1 transferring dockerfile: 559B 0.0s done
#1 DONE 0.0s

#2 [controller internal] load metadata for docker.io/library/python:3.12-slim
#2 DONE 0.5s

#3 [controller internal] load .dockerignore
#3 transferring context: 2B done
#3 DONE 0.0s

#4 [controller internal] load build context
#4 DONE 0.0s

#5 [controller 1/5] FROM docker.io/library/python:3.12-slim@sha256:02108f5d322dd89f1c9e552442c25acb0543dfdbc455693a5599624f20d9155d
#5 resolve docker.io/library/python:3.12-slim@sha256:02108f5d322dd89f1c9e552442c25acb0543dfdbc455693a5599624f20d9155d 0.1s done
#5 DONE 0.1s

#5 [controller 1/5] FROM docker.io/library/python:3.12-slim@sha256:02108f5d322dd89f1c9e552442c25acb0543dfdbc455693a5599624f20d9155d
#5 DONE 0.1s

#4 [controller internal] load build context
#4 transferring context: 3.60kB 0.0s done
#4 DONE 0.0s

#6 [controller 4/5] COPY exaconnect_controller ./exaconnect_controller
#6 CACHED

#7 [controller 2/5] WORKDIR /app
#7 CACHED

#8 [controller 3/5] COPY pyproject.toml ./
#8 CACHED

#9 [controller 5/5] RUN pip install --no-cache-dir . && mkdir -p /data && chown nobody:nogroup /data
#9 CACHED

#10 [controller] exporting to image
#10 exporting layers 0.0s done
#10 exporting manifest sha256:ba725977e4748841e4aba114dba844c41edf3ae1dfc96d11daa70ee48535650b done
#10 exporting config sha256:bf9c163cc1401526f2d2f018dc3d8617068455c6e61f5e15d95519bd6eddc9ab done
#10 exporting attestation manifest sha256:e6e948bc5412c8f45ad7c015d3fdd78276ee91a8d1f8cce4916f89f194246c05
#10 exporting attestation manifest sha256:e6e948bc5412c8f45ad7c015d3fdd78276ee91a8d1f8cce4916f89f194246c05 0.2s done
#10 exporting manifest list sha256:5768b1b5fb5570fd35f8ddb0cafdc17029ffe75da84f68500b222c9335687851
#10 exporting manifest list sha256:5768b1b5fb5570fd35f8ddb0cafdc17029ffe75da84f68500b222c9335687851 0.0s done
#10 naming to docker.io/library/exaconnect-controller:latest done
#10 unpacking to docker.io/library/exaconnect-controller:latest 0.0s done
#10 DONE 0.5s

#11 [controller] resolving provenance for metadata file
#11 DONE 0.0s
 controller  Built
time="2026-10-04T17:49:40+02:00" level=warning msg="Found orphan containers ([exaconnect-web-1]) for this project. If you removed or renamed this service in your compose file, you can run this command with the --remove-orphans flag to clean it up."
 Container exaconnect-db-1  Running
 Container exaconnect-controller-1  Recreate
 Container exaconnect-controller-1  Recreated
 Container exaconnect-proxy-1  Running
 Container exaconnect-db-1  Waiting
 Container exaconnect-db-1  Healthy
 Container exaconnect-controller-1  Starting
 Container exaconnect-controller-1  Started
 Container exaconnect-controller-1  Waiting
 Container exaconnect-controller-1  Healthy
 Container exaconnect-db-1  Waiting
 Container exaconnect-controller-1  Waiting
 Container exaconnect-proxy-1  Waiting
 Container exaconnect-controller-1  Healthy
 Container exaconnect-proxy-1  Healthy
 Container exaconnect-db-1  Healthy
time="2026-10-04T17:49:51+02:00" level=warning msg="Found orphan containers ([exaconnect-web-1]) for this project. If you removed or renamed this service in your compose file, you can run this command with the --remove-orphans flag to clean it up."
 Container exaconnect-proxy-1  Recreate
 Container exaconnect-proxy-1  Recreated
 Container exaconnect-proxy-1  Starting
 Container exaconnect-proxy-1  Started
 Container exaconnect-proxy-1  Waiting
 Container exaconnect-proxy-1  Healthy

== Agents (15:49:54)
pop-miami: agent stopped
site-a: agent stopped
site-b: agent stopped
pop-miami: agent started
site-a: agent started
site-b: agent started

== Public portal (15:50:01)
time="2026-10-04T17:50:02+02:00" level=warning msg="Docker Compose is configured to build using Bake, but buildx isn't installed"
#0 building with "default" instance using docker driver

#1 [controller internal] load build definition from Dockerfile
#1 transferring dockerfile: 559B 0.0s done
#1 DONE 0.0s

#2 [controller internal] load metadata for docker.io/library/python:3.12-slim
#2 DONE 0.8s

#3 [controller internal] load .dockerignore
#3 transferring context: 2B done
#3 DONE 0.0s

#4 [controller internal] load build context
#4 DONE 0.0s

#5 [controller 1/5] FROM docker.io/library/python:3.12-slim@sha256:02108f5d322dd89f1c9e552442c25acb0543dfdbc455693a5599624f20d9155d
#5 resolve docker.io/library/python:3.12-slim@sha256:02108f5d322dd89f1c9e552442c25acb0543dfdbc455693a5599624f20d9155d
#5 resolve docker.io/library/python:3.12-slim@sha256:02108f5d322dd89f1c9e552442c25acb0543dfdbc455693a5599624f20d9155d 0.2s done
#5 DONE 0.2s

#4 [controller internal] load build context
#4 transferring context: 3.60kB 0.0s done
#4 DONE 0.0s

#6 [controller 3/5] COPY pyproject.toml ./
#6 CACHED

#7 [controller 4/5] COPY exaconnect_controller ./exaconnect_controller
#7 CACHED

#8 [controller 2/5] WORKDIR /app
#8 CACHED

#9 [controller 5/5] RUN pip install --no-cache-dir . && mkdir -p /data && chown nobody:nogroup /data
#9 CACHED

#10 [controller] exporting to image
#10 exporting layers 0.0s done
#10 exporting manifest sha256:ba725977e4748841e4aba114dba844c41edf3ae1dfc96d11daa70ee48535650b 0.0s done
#10 exporting config sha256:bf9c163cc1401526f2d2f018dc3d8617068455c6e61f5e15d95519bd6eddc9ab
#10 exporting config sha256:bf9c163cc1401526f2d2f018dc3d8617068455c6e61f5e15d95519bd6eddc9ab done
#10 exporting attestation manifest sha256:4a189a0e69f5ea561c6e453b8ee3a2191827ea8ce0643c2d2a59074c89467ddd 0.1s done
#10 exporting manifest list sha256:f36f366b2e7c433d02c8ab4318e48b81eae2a0e28392ca1e1f029dc8b3f52932
#10 exporting manifest list sha256:f36f366b2e7c433d02c8ab4318e48b81eae2a0e28392ca1e1f029dc8b3f52932 0.2s done
#10 naming to docker.io/library/exaconnect-controller:latest
#10 naming to docker.io/library/exaconnect-controller:latest done
#10 unpacking to docker.io/library/exaconnect-controller:latest 0.0s done
#10 DONE 0.5s

#11 [controller] resolving provenance for metadata file
#11 DONE 0.0s

#12 [web internal] load build definition from Dockerfile
#12 transferring dockerfile: 529B 0.0s done
#12 DONE 0.0s

#13 [web internal] load metadata for docker.io/library/node:22-alpine
#13 DONE 0.8s

#14 [web internal] load metadata for docker.io/library/caddy:2-alpine
#14 DONE 0.8s

#15 [web internal] load .dockerignore
#15 transferring context: 2B done
#15 DONE 0.0s

#16 [web portal 1/6] FROM docker.io/library/node:22-alpine@sha256:0a7108bf6c7bf5de370ffb1a3ed6be93d405b43ff159f681a8d18c0e2bc2e402
#16 resolve docker.io/library/node:22-alpine@sha256:0a7108bf6c7bf5de370ffb1a3ed6be93d405b43ff159f681a8d18c0e2bc2e402 0.0s done
#16 DONE 0.1s

#17 [web stage-1 1/3] FROM docker.io/library/caddy:2-alpine@sha256:881bbc60f9986d5ab8e7cfd6cf7e4ef3c9c0439fef2429d035d065577882f028
#17 resolve docker.io/library/caddy:2-alpine@sha256:881bbc60f9986d5ab8e7cfd6cf7e4ef3c9c0439fef2429d035d065577882f028 0.1s done
#17 DONE 0.1s

#18 [web internal] load build context
#18 transferring context: 134.01kB 0.2s done
#18 DONE 0.2s

#19 [web portal 2/6] WORKDIR /src/portal
#19 CACHED

#20 [web portal 3/6] COPY portal/package.json portal/package-lock.json ./
#20 CACHED

#21 [web portal 4/6] RUN npm ci --no-audit --no-fund
#21 CACHED

#22 [web portal 5/6] COPY portal/ ./
#22 DONE 4.9s

#23 [web portal 6/6] RUN npm run build
#23 2.564 
#23 2.564 > exaconnect-portal@0.0.1 build
#23 2.564 > tsc -b && vite build
#23 2.564 
#23 4.807 vite v8.3.1 building client environment for production...
#23 4.838 transforming...
#23 5.041 ✓ 48 modules transformed.
#23 5.219 rendering chunks...
#23 5.478 computing gzip size...
#23 5.491 dist/index.html                   0.82 kB │ gzip:   0.43 kB
#23 5.491 dist/assets/index-7r_5UkDg.css   25.60 kB │ gzip:   5.90 kB
#23 5.491 dist/assets/index-DmzNFKoP.js   445.74 kB │ gzip: 126.47 kB
#23 5.491 
#23 5.495 ✓ built in 684ms
#23 DONE 6.0s

#24 [web stage-1 2/3] COPY deploy/public/Caddyfile /etc/caddy/Caddyfile
#24 CACHED

#25 [web stage-1 3/3] COPY --from=portal /src/portal/dist /srv/portal
#25 DONE 0.1s

#26 [web] exporting to image
#26 exporting layers
#26 exporting layers 0.3s done
#26 exporting manifest sha256:4f714bde525b9f8f536b76846808e7db9a2875d09677a99ef497c614ad670f52
#26 exporting manifest sha256:4f714bde525b9f8f536b76846808e7db9a2875d09677a99ef497c614ad670f52 0.3s done
#26 exporting config sha256:9029e8c78e7dbc08643033ca1ba0e1d57a3558d2c0024a90508e0e339ca85ca2
#26 exporting config sha256:9029e8c78e7dbc08643033ca1ba0e1d57a3558d2c0024a90508e0e339ca85ca2 0.1s done
#26 exporting attestation manifest sha256:782e286cf2c84b3b11653faf065f0f804f38855439bff49032eabcb161743531
#26 exporting attestation manifest sha256:782e286cf2c84b3b11653faf065f0f804f38855439bff49032eabcb161743531 0.0s done
#26 exporting manifest list sha256:16627a23dcf1b561c17c3bb102c6cdeed724c5aaf3985c559698085d033326ed 0.0s done
#26 naming to docker.io/library/exaconnect-web:latest done
#26 unpacking to docker.io/library/exaconnect-web:latest 0.1s done
#26 DONE 0.9s

#27 [web] resolving provenance for metadata file
#27 DONE 0.0s
 controller  Built
 web  Built
 Container exaconnect-db-1  Running
 Container exaconnect-controller-1  Recreate
 Container exaconnect-controller-1  Recreated
 Container exaconnect-web-1  Recreate
 Container exaconnect-web-1  Recreated
 Container exaconnect-db-1  Waiting
 Container exaconnect-db-1  Healthy
 Container exaconnect-controller-1  Starting
 Container exaconnect-controller-1  Started
 Container exaconnect-controller-1  Waiting
 Container exaconnect-controller-1  Healthy
 Container exaconnect-web-1  Starting
 Container exaconnect-web-1  Started
 Container exaconnect-web-1  Waiting
 Container exaconnect-db-1  Waiting
 Container exaconnect-controller-1  Waiting
 Container exaconnect-web-1  Healthy
 Container exaconnect-db-1  Healthy
 Container exaconnect-controller-1  Healthy

== Waiting for tunnels, BGP and BFD (15:50:31)

== Checks (15:50:35)
-- lab/scripts/check-routing.sh
ok    site-a wg-a handshake 36s ago
ok    site-a wg-b handshake 36s ago
ok    site-a wg-sat handshake 36s ago
ok    site-b wg-a handshake 35s ago
ok    site-b wg-b handshake 35s ago
ok    site-b wg-sat handshake 36s ago
ok    pop-miami BGP 6/6 established
ok    pop-miami BFD 6/6 up
ok    site-a BGP 3/3 established
ok    site-a BFD 3/3 up
ok    site-b BGP 3/3 established
ok    site-b BFD 3/3 up
ok    lan-a -> lan-b (site-a to site-b via the PoP)
ok    lan-b -> lan-a
ok    lan-a -> lan-pop

  traceroute to 192.168.20.10 (192.168.20.10), 30 hops max, 46 byte packets
   1  192.168.10.1  0.009 ms
   2  100.64.1.1  31.008 ms
   3  100.64.1.12  120.782 ms
   4  192.168.20.10  54.804 ms
-- lab/ci/checks/m0-timing.sh
-- host timing
      clocksource kvm-clock, available: kvm-clock hpet acpi_pm 
      kernel 6.8.0-139-generic, timers: hres_active    : 1, resolution: 1 nsecs
      HZ 1000, 4 CPUs, load 6.13 5.54 6.05
      netem on carrier-a: qdisc netem 8084: root refcnt 5 limit 10000 delay 12.5ms  1ms seed 9717127554986641972
      cpuidle driver none, governor menu
      (netem asks for 25 ms on A and 35 ms on B round trip, with 2 and 4 ms jitter; min/avg/max/mdev)
      site-a to lan-a (no netem):              0.036/0.140/2.822/0.328 ms
      site-a to carrier-a router (one netem):  10.014/13.499/30.713/2.609 ms
      site-a to PoP underlay via carrier A:    22.293/26.962/65.022/5.245 ms, pipe 2
      site-a to PoP through wg-a:              24.418/36.143/79.378/10.348 ms, pipe 2
      site-a to PoP underlay via carrier B:    28.853/39.218/81.168/9.610 ms, pipe 2
-- busiest containers
      34.37% clab-exaconnect-site-a
      31.90% clab-exaconnect-site-b
      28.21% clab-exaconnect-pop-miami
      8.31% exaconnect-controller-1
      7.82% exaconnect-db-1
      1.05% clab-exaconnect-ix
      0.83% clab-exaconnect-carrier-b
      0.29% exaconnect-proxy-1
-- busiest processes
       400 ps
       9.7 exa-agent
       9.4 exa-agent
       8.9 uvicorn
       8.2 exa-agent
       3.8 bfdd
       3.5 rcu_preempt
       3.5 sshd
-- lab/ci/checks/m4-steering.sh
-- steering applied
ok    pop-miami nftables classifier
ok    pop-miami 6 steering rules
ok    site-a nftables classifier
ok    site-a 3 steering rules
ok    site-b nftables classifier
ok    site-b 3 steering rules
      voice state at start: site-a carrier-b since 2026-10-04 15:41:46.147355+00 return carrier-a 2026-10-04 15:49:58.543739+00; site-b carrier-b since 2026-10-04 15:26:37.168719+00 return carrier-a 2026-10-04 15:49:58.543739+00
      probe jitter, last 3 min, carrier-a avg 16.0 p95 37.7, carrier-b avg 16.5 p95 36.2, sat avg 23.4 p95 35.0
      host load 5.56 5.49 6.01 on 4 CPUs, CPU steal 0.0% over 5 s
ok    site-a voice on wg-a at start (moved back after 357 s; an earlier run left it on B)
      maps: pop-miami v514, site-a v443, site-b v259
-- brownout: carrier A loss 0 -> 3% over 180 s (demo step 2)
ok    voice moved 257 s into the ramp
      Moved voice from Carrier A to Carrier B: loss on Carrier A is 1.2% against a 1% SLA.
FAIL  moved at measured loss 1.22%, not before the 1% SLA
      
ok    site-a kernel sends voice on wg-b
FAIL  bulk moved during the brownout
-- hard cut of carrier B while voice is on it (demo step 3)
      voice probe stream: 1442 of 1500 received at 50 packets/s
ok    voice lost 1160 ms of packets (< 3 s)
ok    agent failover on BFD after 2 s
ok    voice on wg-a after the cut
-- recovery: restore B, classes move back only after the hold time (demo step 4)
ok    no moves in the first minute after recovery
      moves since the brownout began: 9
      15:57:24 site-b voice hold: Kept voice on Carrier B: jitter on Carrier B is 41 ms against a 30 ms SLA, but no other path is forecast within SLA.
      15:57:34 site-b voice hold: Kept voice on Carrier B: jitter on Carrier B is 39 ms against a 30 ms SLA, but no other path is forecast within SLA.
      15:57:44 site-a business failover: Moved business from Carrier B to Carrier A: Carrier B is down (BFD reports it down).
      15:57:44 site-a voice hold: Kept voice on Carrier A: jitter on Carrier A is 37 ms against a 30 ms SLA, but it moved here 30 s ago (hold time 120 s).
      15:57:44 site-a bulk failover: Moved bulk from Carrier B to Carrier A: Carrier B is down (BFD reports it down).
      15:57:44 site-b voice hold: Kept voice on Carrier B: jitter on Carrier B is 45 ms against a 30 ms SLA, but no other path is forecast within SLA.
      15:57:54 site-b voice hold: Kept voice on Carrier B: jitter on Carrier B is 44 ms against a 30 ms SLA, but no other path is forecast within SLA.
      15:57:54 site-a voice hold: Kept voice on Carrier A: jitter on Carrier A is 42 ms against a 30 ms SLA, but it moved here 40 s ago (hold time 120 s).
      15:58:04 site-a voice hold: Kept voice on Carrier A: jitter on Carrier A is 38 ms against a 30 ms SLA, but it moved here 50 s ago (hold time 120 s).
      15:58:04 site-b voice hold: Kept voice on Carrier B: jitter on Carrier B is 40 ms against a 30 ms SLA, but no other path is forecast within SLA.
      16:01:17 site-b business move: Moved business from Carrier A to Carrier B: loss on Carrier A rising 0.5% a minute, forecast 2.3% in 60 s against a 2% SLA.
      16:01:17 site-a voice hold: Kept voice on Carrier A: loss on Carrier A rising 1.0% a minute, forecast 1.6% in 60 s against a 1% SLA, but no other path is forecast within SLA.
      16:01:27 site-a voice hold: Kept voice on Carrier A: loss on Carrier A is 1.1% against a 1% SLA, but no other path is forecast within SLA.
      16:01:37 site-a voice move: Moved voice from Carrier A to Carrier B: loss on Carrier A is 1.2% against a 1% SLA.
      16:01:58 site-a business move: Moved business from Carrier A to Carrier B: loss on Carrier A rising 1.9% a minute, forecast 3.1% in 60 s against a 2% SLA.
      16:02:18 site-b voice failover: Moved voice from Carrier B to Carrier A: Carrier B is down (BFD reports it down).
      16:02:18 site-a voice failover: Moved voice from Carrier B to Carrier A: Carrier B is down (BFD reports it down).
      16:02:18 site-a business failover: Moved business from Carrier B to Carrier A: Carrier B is down (BFD reports it down).
      16:02:18 site-b business failover: Moved business from Carrier B to Carrier A: Carrier B is down (BFD reports it down).
      16:02:38 site-b voice hold: Kept voice on Carrier A: loss on Carrier A is 1.9% against a 1% SLA, but it moved here 20 s ago (hold time 120 s).
      16:02:38 site-a voice hold: Kept voice on Carrier A: loss on Carrier A is 1.8% against a 1% SLA, but it moved here 20 s ago (hold time 120 s).
      16:02:49 site-a voice hold: Kept voice on Carrier A: loss on Carrier A is 1.8% against a 1% SLA, but it moved here 30 s ago (hold time 120 s).
      16:02:49 site-b voice hold: Kept voice on Carrier A: loss on Carrier A is 1.8% against a 1% SLA, but it moved here 30 s ago (hold time 120 s).
      16:02:59 site-a voice hold: Kept voice on Carrier A: loss on Carrier A is 1.7% against a 1% SLA, but it moved here 40 s ago (hold time 120 s).
      16:02:59 site-b voice hold: Kept voice on Carrier A: loss on Carrier A is 1.8% against a 1% SLA, but it moved here 40 s ago (hold time 120 s).
      16:03:09 site-a voice hold: Kept voice on Carrier A: loss on Carrier A is 1.7% against a 1% SLA, but it moved here 51 s ago (hold time 120 s).
      16:03:09 site-b voice hold: Kept voice on Carrier A: loss on Carrier A is 1.7% against a 1% SLA, but it moved here 51 s ago (hold time 120 s).
      16:03:19 site-a voice hold: Kept voice on Carrier A: loss on Carrier A is 1.6% against a 1% SLA, but it moved here 61 s ago (hold time 120 s).
      16:03:19 site-b voice hold: Kept voice on Carrier A: loss on Carrier A is 1.6% against a 1% SLA, but it moved here 61 s ago (hold time 120 s).
      16:03:29 site-a voice hold: Kept voice on Carrier A: loss on Carrier A is 1.6% against a 1% SLA, but it moved here 71 s ago (hold time 120 s).
      16:03:29 site-b voice hold: Kept voice on Carrier A: loss on Carrier A is 1.5% against a 1% SLA, but it moved here 71 s ago (hold time 120 s).
      16:03:39 site-a voice hold: Kept voice on Carrier A: loss on Carrier A is 1.5% against a 1% SLA, but it moved here 81 s ago (hold time 120 s).
      16:03:39 site-b voice hold: Kept voice on Carrier A: loss on Carrier A is 1.2% against a 1% SLA, but it moved here 81 s ago (hold time 120 s).
-- lab/ci/checks/m5-storm.sh
-- Storm Mode on at site-a only
ok    Storm Mode switched on for site-a through the API
ok    site-a agent has the Storm Mode steering map
ok    site-b is not in Storm Mode
ok    satellite warm: 43 probes per 10 s
ok    satellite BGP established
-- both terrestrial links cut
ok    voice continues on satellite
ok    business continues on satellite
ok    bulk paused (blackhole rule)
ok    voice stream lost 1880 ms across the double cut
-- restore and switch Storm Mode off
ok    Storm Mode switched off
ok    voice and business back on terrestrial paths, bulk resumed
      Storm Mode last switched by user:admin@exacarib.local
      16:05:05 storm_off
      16:03:50 storm_on
-- lab/ci/checks/m6-metering.sh
-- traffic: 20 Mbit/s bulk (CS1, TCP) from lan-a to lan-b for 11 minutes
      bulk leaves site-a on wg-a
ok    5-minute samples with traffic for site-a
      iperf: [  5] 632.00-633.00 sec  1.38 MBytes  11.5 Mbits/sec    0    135 KBytes        [  5] 633.00-634.00 sec  2.75 MBytes  23.1 Mbits/sec    0    144 KBytes        [  5] 634.00-635.00 sec  1.38 MBytes  11.5 Mbits/sec    0    154 KBytes        [  5] 635.00-636.00 sec  1.50 MBytes  12.6 Mbits/sec   15   
      site-a carrier-a: samples 11, 95th in 1.456446 out 22.083313, billable 22.083313, commit 100, burst 0.000, total 400.00
ok    billable rate 22.083313 Mbps matches the ~20 Mbit/s offered
-- CSV matches the screen
ok    CSV 95th percentile 22.083 equals the screen
ok    CSV settlement total equals the screen
-- carrier view
ok    carrier user sees only Carrier A links
ok    carrier user cannot open the customer overview
-- lab/ci/checks/m7-outage.sh
-- stop the controller and the agent proxy
ok    all three agents noticed after 58 s and hold the last good state
ok    site A still reaches site B through the PoP
-- BFD failover with the controller down
ok    voice moved from wg-a to wg-b in 3.9 s, without the controller
-- start the controller again
ok    all three agents reconciled 25 s after the restart
-- lab/ci/checks/m8-ai.sh
-- hurricane watch
ok    NHC feed read from the lab host: 2 active storms
ok    example hurricane raised a warning
ok    only site-a (Kingston) is warned
      Hurricane Example (90 kt) is moving at 23 km/h on a heading of 285°. Projecting that motion forward, it passes about 92 km from site-a in about 25 h. Consider switching Storm Mode on so the satellite path is warm before the terrestrial links suffer. This is a straight-line projection; check the NHC advisory for the official forecast track.
-- disaster watch
ok    all disaster feeds read from the lab host: ptwc=2 usgs=19 events=19 failed= 
ok    example earthquake from USGS, GDACS and tsunami.gov raised one alert, for site-b only
      Magnitude 6.4 earthquake, 38 km NE of Port of Spain, Trinidad and Tobago, reported by USGS and GDACS and tsunami.gov. Latest tsunami message: Tsunami Information Statement Number 2. Sites in range: site-b 47 km (critical). Consider switching Storm Mode on for the sites marked critical, so the satellite path is warm if terrestrial links fail. Distances are straight lines from the reported location; check the source's report.
-- insights from this run
      anomaly critical: Carrier B at site-b: loss 7.92%, usually 0.00%
      anomaly critical: Carrier B at site-a: loss 8.23%, usually 0.00%
      anomaly critical: Carrier A at site-b: loss 4.53%, usually 0.00%
      anomaly critical: Carrier A at site-a: loss 4.50%, usually 0.00%
      hazard critical: Example data: Magnitude 6.4 earthquake, 38 km NE of Port of Spain, Trinidad and Tobago: 47 km from site-b
      storm_warning critical: Example data: Hurricane Example may pass 92 km from site-a in about 25 h
      storm_warning critical: Example data: Hurricane Example may pass 92 km from site-a in about 25 h
      anomaly critical: Carrier B at site-a: loss 3.69%, usually 0.00%
      anomaly critical: Carrier B at site-b: loss 3.89%, usually 0.00%
      anomaly critical: Carrier A at site-b: loss 4.22%, usually 0.24%
-- ask your network
ok    answered: Voice at site-a is on carrier-a, and it last moved to carrier-a from carrier-b at 16:17:24 UTC because BFD came up on the carrier-a tunnel after a brief outage.
-- lab/ci/checks/m9-fabric.sh
-- simulated cloud gateways
ok    AWS and Azure gateways configured
-- cloud circuits
ok    created circuits 57 (AWS) and 58 (Azure)
ok    both circuits up (IPsec and BGP) 28 s after they were created
      AWS: up, BGP Established, routes 10.100.0.0/16
ok    site-a learned the AWS VPC route from the PoP
ok    lan-a reaches the AWS VPC (10.100.0.1) through the PoP
ok    site-a puts traffic for AWS in business
-- cloud router
ok    AWS reaches Azure through the PoP
-- elastic bandwidth
ok    20 Mbps reached the PoP's shaper on vc57
      charges so far: [{"mbps":50,"hours":0.01},{"mbps":20,"hours":0.0}]
-- layer 2 circuit
ok    VLAN 100 at site A and VLAN 200 at site B are one segment (lan-a pings lan-b)
ok    layer 2 circuit up and monitored: round trip 78.8 ms, 0.0% loss over the last minute
-- clean up
ok    deleted circuits are torn down at the PoP
-- lab/ci/checks/m9-internet.sh
-- through the PoP (the default)
ok    lan-a reaches the internet through the PoP, translated to the PoP's address
      site-a exits by: wg-a
-- firewall at the PoP
ok    a deny rule stops lan-a's pings at the PoP
ok    the rule's hits reach the portal
ok    deleting the rule lets the pings through again
-- port forward on the PoP's address
      server on lan-a:8080 answers locally
ok    a connection to 100.64.0.2:8080 from the internet reaches lan-a
ok    the internet cannot reach lan-a directly through the PoP
-- straight out at the site
ok    lan-a reaches the internet over carrier A, translated to site-a's address
ok    with carrier A cut, it leaves by carrier B within 5 s
ok    site-a reports it exits by eth1
-- clean up
ok    back through the PoP
-- lab/ci/checks/m9-order.sh
-- a layer 2 circuit ordered in plain English
      draft: {"actions":["site_circuit"],"summary":["New layer 2 circuit joining site-a and site-b, VLAN 100 at site-a and VLAN 200 at site-b, 20 Mbps."],"problems":[],"monthly_estimate":40.0}
ok    the draft reads a VLAN 100 to VLAN 200 circuit between site-a and site-b
ok    drafting changed nothing
ok    confirmed: Created circuit lab order l2.
ok    the ordered circuit carries traffic (lan-a pings lan-b over VLAN 100/200)
-- two changes in one order
      draft: {"actions":["bandwidth","internet_mode"],"summary":["Change lab order l2 from 20 to 30 Mbps, billed by the hour from now.","Send site-a's internet straight out of its own links (now through ExaCarib's PoP)."],"monthly_estimate":20.0}
ok    the draft has a bandwidth change and an internet change
ok    the circuit is now 30 Mbps
ok    site-a's internet now goes straight out (local eth1)
-- a draft with a problem
ok    a draft with VLAN 5000 says why and can't be confirmed
      AI draft (not confirmed): engine ai, [{"action":"cloud_circuit","provider":"aws","region":"us-east-1","site":"site-a","bandwidth_mbps":50}]
-- clean up
ok    circuit deleted and site-a back through the PoP
-- lab/ci/checks/m9-protection.sh
-- a resilient pair to the simulated AWS
ok    both tunnels of the pair up (IPsec and BGP)
ok    lan-a reaches the AWS VPC over the pair
-- encryption report
      summary: {"encrypted":8,"total":8}
ok    both tunnels encrypted: IKE AES_CBC-256/HMAC_SHA2_256_128/PRF_HMAC_SHA2_256/MODP_2048, ESP AES_CBC-256/HMAC_SHA2_256_128
ok    every site path is WireGuard-encrypted (6 encrypted)
-- the first tunnel fails
ok    the portal shows the first tunnel down and the second up
ok    the circuit stays up on one tunnel
ok    lan-a kept reaching the VPC: 300 of 300 pings answered (about 0.0 s lost; the BGP hold time is 30 s)
ok    the first tunnel recovers
-- DDoS protection at the PoP
ok    the internet reaches the PoP's public address
ok    the flooding source was blocked automatically ({"blocked":0,"auto":422,"flood":1,"syn":0})
ok    the blocked source can't reach the public address
ok    lifting the block lets it back in
ok    customers see the drop counts, not the addresses
-- the block list
ok    a block list entry stops the source
ok    removing it lets the source back in
-- clean up
ok    both tunnels torn down at the PoP
-- lab/ci/checks/m9-public-e2e.sh
-- API through https://connect.exacarib.com
ok    admin signs in at https://connect.exacarib.com
ok    every portal screen's data answers 200 through the public site
      settlement CSV: 200 text/csv; charset=utf-8
-- browser
ok    signed in through the browser
ok    Overview renders without errors
ok    Sites renders without errors
ok    Traffic: seen on your network renders without errors
ok    Traffic: rules renders without errors
ok    Traffic: classes renders without errors
ok    Decisions renders without errors
ok    Fabric renders without errors
ok    Internet renders without errors
ok    Order renders without errors
ok    Encryption renders without errors
ok    Metering renders without errors
ok    Insights renders without errors
ok    Ask your network renders without errors
ok    Carrier view renders without errors
ok    Account renders without errors
ok    Admin: agents renders without errors
ok    Admin: sites renders without errors
ok    Admin: classes renders without errors
ok    Admin: users renders without errors
ok    Admin: settings renders without errors
ok    Admin: partners renders without errors
ok    Admin: protection renders without errors
ok    Admin: audit renders without errors
ok    example hurricane and earthquake alerts appear on Insights
-- lab/ci/checks/m9-public.sh
ok    https://connect.exacarib.com/healthz answers on this host
ok    certificate from Let's Encrypt (issuer=C = US, O = Let's Encrypt, CN = YE1)
ok    portal served
ok    agent endpoints not served publicly
ok    API answers and needs sign-in
ok    connect.exacarib.com reachable from this host over the internet
      web container: running restarts=0
      caddy: 2026/10/04 16:16:39.994	[31mERROR[0m	http.log.access.log0	handled request	{"request": {"remote_ip": "142.126.113.55", "remote_port": "50674", "client_ip": "142.126.113.55", "proto": "HTTP/3.0", "method": "GET", "host": "connect.exacarib.com", "uri": "/api/v1/customers/4d26813b-aaa6-4be7-9b73-1730b
      caddy: 2026/10/04 16:16:39.994	[31mERROR[0m	http.log.access.log0	handled request	{"request": {"remote_ip": "142.126.113.55", "remote_port": "50674", "client_ip": "142.126.113.55", "proto": "HTTP/3.0", "method": "GET", "host": "connect.exacarib.com", "uri": "/api/v1/customers/mine", "headers": {"Referer":
      caddy: {"level":"error","ts":1791130599.9940257,"logger":"http.log.error.log0","msg":"dial tcp: lookup controller-api on 127.0.0.11:53: server misbehaving","request":{"remote_ip":"142.126.113.55","remote_port":"50674","client_ip":"142.126.113.55","proto":"HTTP/3.0","method":"GET","host":"connect.exacarib.c
      caddy: {"level":"error","ts":1791130599.994376,"logger":"http.log.error.log0","msg":"dial tcp: lookup controller-api on 127.0.0.11:53: server misbehaving","request":{"remote_ip":"142.126.113.55","remote_port":"50674","client_ip":"142.126.113.55","proto":"HTTP/3.0","method":"GET","host":"connect.exacarib.co
      listening on public addresses: 22 80 443 
ok    controller, database and dev portal stay private
ok    an API key works through the public address
ok    a revoked key is refused at once
-- lab/ci/checks/m9-traffic.sh
-- priority queues
ok    site-a wg-a: qdisc cake 8090: root refcnt 2 bandwidth 190Mbit diffserv4 triple-isolate nonat nowash no-
ok    site-a wg-b: qdisc cake 8091: root refcnt 2 bandwidth 95Mbit diffserv4 triple-isolate nonat nowash no-a
-- application detection: Zoom-like traffic on UDP 8801 for 4 minutes
ok    site-a reported its flows to UDP 8801
ok    recognised: Zoom meetings seen at site-a: 1 flow(s) to UDP 8801, matches Zoom meetings (calls and meetings); currently unclassified. Suggest voice (real-time priority).
ok    suggests voice
ok    applied as rule 51
ok    site-a classifies UDP 8801-8810 as voice
ok    Zoom flows now report as voice
ok    site-b is unchanged (the rule is for site-a)
-- a customer rule: a subnet and port into business
ok    site-a classifies TCP 5201 to site B as business
ok    the PoP classifies the return direction

== Diagnostics (16:27:20)
pop-miami: running
site-a: running
site-b: running
-- agent log pop-miami
time=2026-10-04T16:24:14.103Z level=INFO msg="class moved" node=pop-miami class=voice dst=192.168.10.0/24 from=carrier-b to=bgp why=bfd
time=2026-10-04T16:24:14.103Z level=INFO msg="class moved" node=pop-miami class=business dst=192.168.10.0/24 from=carrier-b to=bgp why=bfd
time=2026-10-04T16:24:14.103Z level=INFO msg="class moved" node=pop-miami class=bulk dst=192.168.10.0/24 from=carrier-b to=paused why=bfd
time=2026-10-04T16:24:14.103Z level=INFO msg="class moved" node=pop-miami class=voice dst=192.168.20.0/24 from=carrier-b to=bgp why=bfd
time=2026-10-04T16:24:14.103Z level=INFO msg="class moved" node=pop-miami class=business dst=192.168.20.0/24 from=carrier-b to=bgp why=bfd
time=2026-10-04T16:24:14.103Z level=INFO msg="class moved" node=pop-miami class=bulk dst=192.168.20.0/24 from=carrier-b to=paused why=bfd
time=2026-10-04T16:24:14.434Z level=INFO msg="bfd change" node=pop-miami peer=100.64.2.12 tunnel=wg-b status=init
time=2026-10-04T16:24:14.434Z level=INFO msg="bfd change" node=pop-miami peer=100.64.2.11 tunnel=wg-b status=init
time=2026-10-04T16:24:14.439Z level=INFO msg="class moved" node=pop-miami class=voice dst=192.168.10.0/24 from=bgp to=carrier-b why=bfd
time=2026-10-04T16:24:14.439Z level=INFO msg="class moved" node=pop-miami class=business dst=192.168.10.0/24 from=bgp to=carrier-b why=bfd
time=2026-10-04T16:24:14.439Z level=INFO msg="class moved" node=pop-miami class=bulk dst=192.168.10.0/24 from=paused to=carrier-b why=bfd
time=2026-10-04T16:24:14.439Z level=INFO msg="class moved" node=pop-miami class=voice dst=192.168.20.0/24 from=bgp to=carrier-b why=bfd
time=2026-10-04T16:24:14.439Z level=INFO msg="class moved" node=pop-miami class=business dst=192.168.20.0/24 from=bgp to=carrier-b why=bfd
time=2026-10-04T16:24:14.439Z level=INFO msg="class moved" node=pop-miami class=bulk dst=192.168.20.0/24 from=paused to=carrier-b why=bfd
time=2026-10-04T16:24:14.899Z level=INFO msg="bfd change" node=pop-miami peer=100.64.1.12 tunnel=wg-a status=init
time=2026-10-04T16:24:14.899Z level=INFO msg="bfd change" node=pop-miami peer=100.64.3.11 tunnel=wg-sat status=init
time=2026-10-04T16:24:14.899Z level=INFO msg="bfd change" node=pop-miami peer=100.64.1.11 tunnel=wg-a status=init
time=2026-10-04T16:24:15.506Z level=INFO msg="bfd change" node=pop-miami peer=100.64.2.12 tunnel=wg-b status=up
time=2026-10-04T16:24:15.507Z level=INFO msg="bfd change" node=pop-miami peer=100.64.1.12 tunnel=wg-a status=up
time=2026-10-04T16:24:15.507Z level=INFO msg="bfd change" node=pop-miami peer=100.64.3.11 tunnel=wg-sat status=up
time=2026-10-04T16:24:15.507Z level=INFO msg="bfd change" node=pop-miami peer=100.64.2.11 tunnel=wg-b status=up
time=2026-10-04T16:24:15.507Z level=INFO msg="bfd change" node=pop-miami peer=100.64.1.11 tunnel=wg-a status=up
time=2026-10-04T16:24:15.507Z level=INFO msg="bfd change" node=pop-miami peer=100.64.3.12 tunnel=wg-sat status=up
time=2026-10-04T16:26:06.998Z level=INFO msg="new steering map" node=pop-miami version=529 storm=false
time=2026-10-04T16:27:16.870Z level=INFO msg="new steering map" node=pop-miami version=531 storm=false
-- agent log site-a
time=2026-10-04T16:24:03.374Z level=INFO msg="class moved" node=site-a class=business dst="" from=carrier-b to=bgp why=bfd
time=2026-10-04T16:24:03.374Z level=INFO msg="class moved" node=site-a class=bulk dst="" from=carrier-b to=paused why=bfd
time=2026-10-04T16:24:03.380Z level=INFO msg="internet exit changed" node=site-a from=wg-a to=wg-sat
time=2026-10-04T16:24:03.783Z level=INFO msg="bfd change" node=site-a peer=100.64.3.1 tunnel=wg-sat status=down
time=2026-10-04T16:24:03.805Z level=INFO msg="internet exit changed" node=site-a from=wg-sat to=wg-a
time=2026-10-04T16:24:05.359Z level=INFO msg="bfd change" node=site-a peer=100.64.3.1 tunnel=wg-sat status=up
time=2026-10-04T16:24:05.359Z level=INFO msg="bfd change" node=site-a peer=100.64.1.1 tunnel=wg-a status=up
time=2026-10-04T16:24:05.359Z level=INFO msg="bfd change" node=site-a peer=100.64.2.1 tunnel=wg-b status=up
time=2026-10-04T16:24:05.367Z level=INFO msg="class moved" node=site-a class=voice dst="" from=bgp to=carrier-b why=bfd
time=2026-10-04T16:24:05.367Z level=INFO msg="class moved" node=site-a class=business dst="" from=bgp to=carrier-b why=bfd
time=2026-10-04T16:24:05.367Z level=INFO msg="class moved" node=site-a class=bulk dst="" from=paused to=carrier-b why=bfd
time=2026-10-04T16:24:13.280Z level=INFO msg="bfd change" node=site-a peer=100.64.3.1 tunnel=wg-sat status=down
time=2026-10-04T16:24:13.281Z level=INFO msg="bfd change" node=site-a peer=100.64.1.1 tunnel=wg-a status=down
time=2026-10-04T16:24:13.281Z level=INFO msg="bfd change" node=site-a peer=100.64.2.1 tunnel=wg-b status=down
time=2026-10-04T16:24:13.284Z level=INFO msg="class moved" node=site-a class=voice dst="" from=carrier-b to=bgp why=bfd
time=2026-10-04T16:24:13.285Z level=INFO msg="class moved" node=site-a class=business dst="" from=carrier-b to=bgp why=bfd
time=2026-10-04T16:24:13.285Z level=INFO msg="class moved" node=site-a class=bulk dst="" from=carrier-b to=paused why=bfd
time=2026-10-04T16:24:15.304Z level=INFO msg="bfd change" node=site-a peer=100.64.3.1 tunnel=wg-sat status=up
time=2026-10-04T16:24:15.304Z level=INFO msg="bfd change" node=site-a peer=100.64.1.1 tunnel=wg-a status=up
time=2026-10-04T16:24:15.304Z level=INFO msg="bfd change" node=site-a peer=100.64.2.1 tunnel=wg-b status=up
time=2026-10-04T16:24:15.310Z level=INFO msg="class moved" node=site-a class=voice dst="" from=bgp to=carrier-b why=bfd
time=2026-10-04T16:24:15.311Z level=INFO msg="class moved" node=site-a class=business dst="" from=bgp to=carrier-b why=bfd
time=2026-10-04T16:24:15.311Z level=INFO msg="class moved" node=site-a class=bulk dst="" from=paused to=carrier-b why=bfd
time=2026-10-04T16:26:07.387Z level=INFO msg="new steering map" node=site-a version=459 storm=false
time=2026-10-04T16:27:17.199Z level=INFO msg="new steering map" node=site-a version=461 storm=false
-- agent log site-b
time=2026-10-04T16:24:03.647Z level=INFO msg="class moved" node=site-b class=voice dst="" from=carrier-b to=bgp why=bfd
time=2026-10-04T16:24:03.647Z level=INFO msg="class moved" node=site-b class=business dst="" from=carrier-b to=bgp why=bfd
time=2026-10-04T16:24:03.647Z level=INFO msg="class moved" node=site-b class=bulk dst="" from=carrier-b to=paused why=bfd
time=2026-10-04T16:24:03.662Z level=INFO msg="internet exit changed" node=site-b from=wg-b to=wg-a
time=2026-10-04T16:24:05.044Z level=INFO msg="bfd change" node=site-b peer=100.64.2.1 tunnel=wg-b status=up
time=2026-10-04T16:24:05.044Z level=INFO msg="bfd change" node=site-b peer=100.64.1.1 tunnel=wg-a status=up
time=2026-10-04T16:24:05.044Z level=INFO msg="bfd change" node=site-b peer=100.64.3.1 tunnel=wg-sat status=up
time=2026-10-04T16:24:05.057Z level=INFO msg="class moved" node=site-b class=voice dst="" from=bgp to=carrier-b why=bfd
time=2026-10-04T16:24:05.058Z level=INFO msg="class moved" node=site-b class=business dst="" from=bgp to=carrier-b why=bfd
time=2026-10-04T16:24:05.058Z level=INFO msg="class moved" node=site-b class=bulk dst="" from=paused to=carrier-b why=bfd
time=2026-10-04T16:24:13.072Z level=INFO msg="bfd change" node=site-b peer=100.64.1.1 tunnel=wg-a status=down
time=2026-10-04T16:24:13.081Z level=INFO msg="internet exit changed" node=site-b from=wg-a to=wg-b
time=2026-10-04T16:24:13.521Z level=INFO msg="bfd change" node=site-b peer=100.64.2.1 tunnel=wg-b status=down
time=2026-10-04T16:24:13.521Z level=INFO msg="bfd change" node=site-b peer=100.64.3.1 tunnel=wg-sat status=down
time=2026-10-04T16:24:13.529Z level=INFO msg="class moved" node=site-b class=voice dst="" from=carrier-b to=bgp why=bfd
time=2026-10-04T16:24:13.529Z level=INFO msg="class moved" node=site-b class=business dst="" from=carrier-b to=bgp why=bfd
time=2026-10-04T16:24:13.529Z level=INFO msg="class moved" node=site-b class=bulk dst="" from=carrier-b to=paused why=bfd
time=2026-10-04T16:24:13.536Z level=INFO msg="internet exit changed" node=site-b from=wg-b to=wg-a
time=2026-10-04T16:24:15.535Z level=INFO msg="bfd change" node=site-b peer=100.64.2.1 tunnel=wg-b status=up
time=2026-10-04T16:24:15.536Z level=INFO msg="bfd change" node=site-b peer=100.64.1.1 tunnel=wg-a status=up
time=2026-10-04T16:24:15.536Z level=INFO msg="bfd change" node=site-b peer=100.64.3.1 tunnel=wg-sat status=up
time=2026-10-04T16:24:15.542Z level=INFO msg="class moved" node=site-b class=voice dst="" from=bgp to=carrier-b why=bfd
time=2026-10-04T16:24:15.542Z level=INFO msg="class moved" node=site-b class=business dst="" from=bgp to=carrier-b why=bfd
time=2026-10-04T16:24:15.542Z level=INFO msg="class moved" node=site-b class=bulk dst="" from=paused to=carrier-b why=bfd
time=2026-10-04T16:27:17.974Z level=INFO msg="new steering map" node=site-b version=266 storm=false
-- controller log
controller-1  | INFO:     127.0.0.1:44964 - "GET /healthz HTTP/1.1" 200 OK
controller-1  | INFO:     172.18.0.4:41946 - "GET /api/v1/agent/steering?have=459 HTTP/1.0" 204 No Content
controller-1  | INFO:     172.18.0.4:41954 - "GET /api/v1/agent/steering?have=265 HTTP/1.0" 204 No Content
controller-1  | INFO:     172.18.0.4:41970 - "GET /api/v1/agent/desired-state?have=196 HTTP/1.0" 204 No Content
controller-1  | INFO:     172.18.0.4:41986 - "POST /api/v1/agent/telemetry HTTP/1.0" 204 No Content
controller-1  | INFO:     172.18.0.4:41990 - "GET /api/v1/agent/steering?have=529 HTTP/1.0" 204 No Content
controller-1  | INFO:     172.18.0.4:42006 - "GET /api/v1/agent/desired-state?have=155 HTTP/1.0" 204 No Content
controller-1  | INFO:     127.0.0.1:44966 - "GET /healthz HTTP/1.1" 200 OK
controller-1  | INFO:     172.18.0.4:42022 - "POST /api/v1/agent/telemetry HTTP/1.0" 204 No Content
controller-1  | INFO:     172.18.0.4:42028 - "GET /api/v1/agent/steering?have=459 HTTP/1.0" 204 No Content
controller-1  | INFO:     172.18.0.4:42036 - "GET /api/v1/agent/desired-state?have=65 HTTP/1.0" 204 No Content
controller-1  | INFO:     172.18.0.4:42048 - "GET /api/v1/agent/steering?have=265 HTTP/1.0" 204 No Content
controller-1  | INFO:     172.18.0.4:42060 - "POST /api/v1/agent/telemetry HTTP/1.0" 204 No Content
controller-1  | INFO:     172.18.0.5:59770 - "GET /api/v1/customers/mine HTTP/1.1" 200 OK
controller-1  | INFO:     172.18.0.5:59780 - "GET /api/v1/customers/4d26813b-aaa6-4be7-9b73-1730be959882/circuits HTTP/1.1" 200 OK
controller-1  | INFO:     172.18.0.4:38570 - "GET /api/v1/agent/steering?have=529 HTTP/1.0" 204 No Content
controller-1  | INFO:     172.18.0.4:38582 - "GET /api/v1/agent/steering?have=459 HTTP/1.0" 204 No Content
controller-1  | INFO:     127.0.0.1:52022 - "GET /healthz HTTP/1.1" 200 OK
controller-1  | INFO:     172.18.0.4:38592 - "GET /api/v1/agent/steering?have=265 HTTP/1.0" 204 No Content
controller-1  | INFO:     172.18.0.4:38606 - "GET /api/v1/agent/desired-state?have=196 HTTP/1.0" 204 No Content
controller-1  | INFO:     172.18.0.4:38600 - "GET /api/v1/agent/desired-state?have=155 HTTP/1.0" 204 No Content
controller-1  | INFO:     172.18.0.4:38622 - "GET /api/v1/agent/steering?have=529 HTTP/1.0" 204 No Content
controller-1  | INFO:     172.18.0.4:38632 - "POST /api/v1/agent/telemetry HTTP/1.0" 204 No Content
controller-1  | INFO:     172.18.0.4:38654 - "GET /api/v1/agent/steering?have=459 HTTP/1.0" 204 No Content
controller-1  | INFO:     172.18.0.4:38644 - "POST /api/v1/agent/telemetry HTTP/1.0" 204 No Content
controller-1  | INFO:     172.18.0.4:38662 - "GET /api/v1/agent/desired-state?have=65 HTTP/1.0" 204 No Content
controller-1  | INFO:     172.18.0.4:38670 - "GET /api/v1/agent/steering?have=265 HTTP/1.0" 204 No Content
controller-1  | INFO:     172.18.0.4:38672 - "POST /api/v1/agent/telemetry HTTP/1.0" 204 No Content
controller-1  | INFO:     127.0.0.1:52028 - "GET /healthz HTTP/1.1" 200 OK
controller-1  | INFO:     172.18.0.5:46492 - "GET /api/v1/customers/mine HTTP/1.1" 200 OK
controller-1  | INFO:     172.18.0.5:46494 - "GET /api/v1/customers/4d26813b-aaa6-4be7-9b73-1730be959882/circuits HTTP/1.1" 200 OK
controller-1  | INFO:     172.18.0.4:34868 - "GET /api/v1/agent/steering?have=529 HTTP/1.0" 204 No Content
controller-1  | INFO:     172.18.0.4:34878 - "GET /api/v1/agent/steering?have=459 HTTP/1.0" 204 No Content
controller-1  | INFO:     172.18.0.4:34892 - "GET /api/v1/agent/steering?have=265 HTTP/1.0" 204 No Content
controller-1  | INFO:     127.0.0.1:48786 - "GET /healthz HTTP/1.1" 200 OK
controller-1  | INFO:     172.18.0.4:34894 - "GET /api/v1/agent/desired-state?have=196 HTTP/1.0" 204 No Content
controller-1  | INFO:     172.18.0.4:34908 - "POST /api/v1/agent/telemetry HTTP/1.0" 204 No Content
controller-1  | INFO:     172.18.0.4:34914 - "GET /api/v1/agent/desired-state?have=155 HTTP/1.0" 204 No Content
controller-1  | INFO:     172.18.0.4:34930 - "GET /api/v1/agent/steering?have=459 HTTP/1.0" 204 No Content
controller-1  | INFO:     172.18.0.4:34922 - "GET /api/v1/agent/steering?have=529 HTTP/1.0" 204 No Content
controller-1  | INFO:     172.18.0.4:34936 - "POST /api/v1/agent/telemetry HTTP/1.0" 204 No Content
controller-1  | INFO:     172.18.0.4:34938 - "GET /api/v1/agent/desired-state?have=65 HTTP/1.0" 204 No Content
controller-1  | INFO:     172.18.0.4:34940 - "POST /api/v1/agent/telemetry HTTP/1.0" 204 No Content
controller-1  | INFO:     172.18.0.4:34944 - "GET /api/v1/agent/steering?have=265 HTTP/1.0" 204 No Content
controller-1  | INFO:     172.18.0.1:54890 - "POST /api/v1/auth/login HTTP/1.1" 200 OK
controller-1  | INFO:     172.18.0.1:54892 - "DELETE /api/v1/customers/4d26813b-aaa6-4be7-9b73-1730be959882/rules/51 HTTP/1.1" 204 No Content
controller-1  | INFO:     172.18.0.1:54902 - "POST /api/v1/auth/login HTTP/1.1" 200 OK
controller-1  | INFO:     172.18.0.1:54916 - "POST /api/v1/customers/4d26813b-aaa6-4be7-9b73-1730be959882/rules HTTP/1.1" 201 Created
controller-1  | INFO:     127.0.0.1:48818 - "GET /healthz HTTP/1.1" 200 OK
controller-1  | INFO:     172.18.0.5:39858 - "GET /api/v1/customers/mine HTTP/1.1" 200 OK
controller-1  | INFO:     172.18.0.5:39844 - "GET /api/v1/customers/4d26813b-aaa6-4be7-9b73-1730be959882/circuits HTTP/1.1" 200 OK
controller-1  | INFO:     172.18.0.4:44876 - "GET /api/v1/agent/steering?have=529 HTTP/1.0" 200 OK
controller-1  | INFO:     172.18.0.4:44882 - "GET /api/v1/agent/steering?have=459 HTTP/1.0" 200 OK
controller-1  | INFO:     172.18.0.4:44894 - "GET /api/v1/agent/steering?have=265 HTTP/1.0" 200 OK
controller-1  | INFO:     172.18.0.1:43828 - "POST /api/v1/auth/login HTTP/1.1" 200 OK
controller-1  | INFO:     172.18.0.1:43838 - "DELETE /api/v1/customers/4d26813b-aaa6-4be7-9b73-1730be959882/rules/52 HTTP/1.1" 204 No Content
controller-1  | INFO:     127.0.0.1:53052 - "GET /healthz HTTP/1.1" 200 OK
controller-1  | INFO:     172.18.0.4:44908 - "GET /api/v1/agent/desired-state?have=196 HTTP/1.0" 204 No Content
controller-1  | INFO:     172.18.0.4:44914 - "GET /api/v1/agent/steering?have=531 HTTP/1.0" 200 OK
controller-1  | INFO:     172.18.0.4:44924 - "POST /api/v1/agent/telemetry HTTP/1.0" 204 No Content
-- controller containers
exaconnect-controller-1 Up 9 minutes (healthy)
exaconnect-db-1 Up 3 days (healthy)
exaconnect-proxy-1 Up 9 minutes
exaconnect-web-1 Up 36 minutes
/exaconnect-controller-1 restarts 0, started 2026-10-04T16:17:27.295380547Z, OOM killed false
/exaconnect-db-1 restarts 0, started 2026-10-01T05:06:52.589123103Z, OOM killed false
/exaconnect-proxy-1 restarts 0, started 2026-10-04T16:17:44.783608685Z, OOM killed false
/exaconnect-web-1 restarts 0, started 2026-10-04T15:50:29.575964989Z, OOM killed false
-- host
 18:27:23 up 3 days, 14:51,  0 user,  load average: 3.31, 4.93, 5.96
               total        used        free      shared  buff/cache   available
Mem:            7941        1771        5078         161        1559        6169
Swap:              0           0           0
procs -----------memory---------- ---swap-- -----io---- -system-- -------cpu-------
 r  b   swpd   free   buff  cache   si   so    bi    bo   in   cs us sy id wa st gu
 1  0      0 5200124   9596 1587444    0    0    60   255 5146   19  6 21 73  0  0  0
 2  0      0 5193676   9604 1587492    0    0     0   296 5344 6152  5 19 76  1  0  0
 5  0      0 5225064   9604 1587496    0    0     0   168 5939 7861 13 25 62  0  0  0
make: *** [Makefile:102: lab-ci] Error 1
