commit 132517e: Tests: pause TimescaleDB workers and retry when resetting the test schema

== Lab already up; rebuilding the agent (15:13:52)

== Controller (15:14:23)
.env ready (admin: admin@exacarib.local)
time="2026-10-04T17:14:24+02:00" level=warning msg="Docker Compose is configured to build using Bake, but buildx isn't installed"
#0 building with "default" instance using docker driver

#1 [controller internal] load build definition from Dockerfile
#1 transferring dockerfile: 559B done
#1 DONE 0.0s

#2 [controller internal] load metadata for docker.io/library/python:3.12-slim
#2 DONE 0.5s

#3 [controller internal] load .dockerignore
#3 transferring context: 2B done
#3 DONE 0.0s

#4 [controller 1/5] FROM docker.io/library/python:3.12-slim@sha256:02108f5d322dd89f1c9e552442c25acb0543dfdbc455693a5599624f20d9155d
#4 resolve docker.io/library/python:3.12-slim@sha256:02108f5d322dd89f1c9e552442c25acb0543dfdbc455693a5599624f20d9155d 0.1s done
#4 DONE 0.1s

#5 [controller internal] load build context
#5 transferring context: 3.60kB done
#5 DONE 0.0s

#6 [controller 2/5] WORKDIR /app
#6 CACHED

#7 [controller 3/5] COPY pyproject.toml ./
#7 CACHED

#8 [controller 4/5] COPY exaconnect_controller ./exaconnect_controller
#8 CACHED

#9 [controller 5/5] RUN pip install --no-cache-dir . && mkdir -p /data && chown nobody:nogroup /data
#9 CACHED

#10 [controller] exporting to image
#10 exporting layers done
#10 exporting manifest sha256:ba725977e4748841e4aba114dba844c41edf3ae1dfc96d11daa70ee48535650b done
#10 exporting config sha256:bf9c163cc1401526f2d2f018dc3d8617068455c6e61f5e15d95519bd6eddc9ab done
#10 exporting attestation manifest sha256:db6334e3449cd7dbfaa5b7ef8e86fe9acb3cc4b43c1154396463d7bef85a67dd 0.1s done
#10 exporting manifest list sha256:95863b8cd12b1e9c73da4ac0a0897c57303f3060860eeb819a0b36d445a755bb
#10 exporting manifest list sha256:95863b8cd12b1e9c73da4ac0a0897c57303f3060860eeb819a0b36d445a755bb 0.1s done
#10 naming to docker.io/library/exaconnect-controller:latest done
#10 unpacking to docker.io/library/exaconnect-controller:latest 0.0s done
#10 DONE 0.3s

#11 [controller] resolving provenance for metadata file
#11 DONE 0.0s
 controller  Built
time="2026-10-04T17:14:25+02:00" level=warning msg="Found orphan containers ([exaconnect-web-1]) for this project. If you removed or renamed this service in your compose file, you can run this command with the --remove-orphans flag to clean it up."
 Container exaconnect-db-1  Running
 Container exaconnect-controller-1  Recreate
 Container exaconnect-controller-1  Recreated
 Container exaconnect-proxy-1  Running
 Container exaconnect-db-1  Waiting
 Container exaconnect-db-1  Healthy
 Container exaconnect-controller-1  Starting
 Container exaconnect-controller-1  Started
 Container exaconnect-controller-1  Waiting
 Container exaconnect-controller-1  Healthy
 Container exaconnect-proxy-1  Waiting
 Container exaconnect-db-1  Waiting
 Container exaconnect-controller-1  Waiting
 Container exaconnect-proxy-1  Healthy
 Container exaconnect-controller-1  Healthy
 Container exaconnect-db-1  Healthy
time="2026-10-04T17:14:35+02:00" level=warning msg="Found orphan containers ([exaconnect-web-1]) for this project. If you removed or renamed this service in your compose file, you can run this command with the --remove-orphans flag to clean it up."
 Container exaconnect-proxy-1  Recreate
 Container exaconnect-proxy-1  Recreated
 Container exaconnect-proxy-1  Starting
 Container exaconnect-proxy-1  Started
 Container exaconnect-proxy-1  Waiting
 Container exaconnect-proxy-1  Healthy

== Agents (15:14:38)
pop-miami: agent stopped
site-a: agent stopped
site-b: agent stopped
pop-miami: agent started
site-a: agent started
site-b: agent started

== Public portal (15:14:43)
time="2026-10-04T17:14:44+02:00" level=warning msg="Docker Compose is configured to build using Bake, but buildx isn't installed"
#0 building with "default" instance using docker driver

#1 [controller internal] load build definition from Dockerfile
#1 transferring dockerfile: 559B 0.0s done
#1 DONE 0.1s

#2 [controller internal] load metadata for docker.io/library/python:3.12-slim
#2 DONE 0.2s

#3 [controller internal] load .dockerignore
#3 transferring context: 2B done
#3 DONE 0.1s

#4 [controller internal] load build context
#4 DONE 0.0s

#5 [controller 1/5] FROM docker.io/library/python:3.12-slim@sha256:02108f5d322dd89f1c9e552442c25acb0543dfdbc455693a5599624f20d9155d
#5 resolve docker.io/library/python:3.12-slim@sha256:02108f5d322dd89f1c9e552442c25acb0543dfdbc455693a5599624f20d9155d
#5 resolve docker.io/library/python:3.12-slim@sha256:02108f5d322dd89f1c9e552442c25acb0543dfdbc455693a5599624f20d9155d 0.1s done
#5 DONE 0.1s

#4 [controller internal] load build context
#4 transferring context: 3.60kB done
#4 DONE 0.0s

#6 [controller 4/5] COPY exaconnect_controller ./exaconnect_controller
#6 CACHED

#7 [controller 2/5] WORKDIR /app
#7 CACHED

#8 [controller 3/5] COPY pyproject.toml ./
#8 CACHED

#9 [controller 5/5] RUN pip install --no-cache-dir . && mkdir -p /data && chown nobody:nogroup /data
#9 CACHED

#10 [controller] exporting to image
#10 exporting layers done
#10 exporting manifest sha256:ba725977e4748841e4aba114dba844c41edf3ae1dfc96d11daa70ee48535650b
#10 exporting manifest sha256:ba725977e4748841e4aba114dba844c41edf3ae1dfc96d11daa70ee48535650b done
#10 exporting config sha256:bf9c163cc1401526f2d2f018dc3d8617068455c6e61f5e15d95519bd6eddc9ab done
#10 exporting attestation manifest sha256:ca455a389d876513ea309d4c532058aaa33bfcc721e568bcb6dd7a3743e106ff 0.1s done
#10 exporting manifest list sha256:4c238c5474933891fe8a1ada78684670dd31827572cef0b6fbb2d7d5bbd50424
#10 exporting manifest list sha256:4c238c5474933891fe8a1ada78684670dd31827572cef0b6fbb2d7d5bbd50424 0.0s done
#10 naming to docker.io/library/exaconnect-controller:latest done
#10 unpacking to docker.io/library/exaconnect-controller:latest 0.1s done
#10 DONE 0.3s

#11 [controller] resolving provenance for metadata file
#11 DONE 0.0s

#12 [web internal] load build definition from Dockerfile
#12 transferring dockerfile: 529B 0.0s done
#12 DONE 0.0s

#13 [web internal] load metadata for docker.io/library/caddy:2-alpine
#13 DONE 0.4s

#14 [web internal] load metadata for docker.io/library/node:22-alpine
#14 DONE 0.4s

#15 [web internal] load .dockerignore
#15 transferring context: 2B 0.0s done
#15 DONE 0.0s

#16 [web internal] load build context
#16 DONE 0.0s

#17 [web portal 1/6] FROM docker.io/library/node:22-alpine@sha256:0a7108bf6c7bf5de370ffb1a3ed6be93d405b43ff159f681a8d18c0e2bc2e402
#17 resolve docker.io/library/node:22-alpine@sha256:0a7108bf6c7bf5de370ffb1a3ed6be93d405b43ff159f681a8d18c0e2bc2e402 0.0s done
#17 DONE 0.1s

#18 [web stage-1 1/3] FROM docker.io/library/caddy:2-alpine@sha256:881bbc60f9986d5ab8e7cfd6cf7e4ef3c9c0439fef2429d035d065577882f028
#18 resolve docker.io/library/caddy:2-alpine@sha256:881bbc60f9986d5ab8e7cfd6cf7e4ef3c9c0439fef2429d035d065577882f028
#18 resolve docker.io/library/caddy:2-alpine@sha256:881bbc60f9986d5ab8e7cfd6cf7e4ef3c9c0439fef2429d035d065577882f028 0.0s done
#18 DONE 0.1s

#16 [web internal] load build context
#16 transferring context: 97.75kB 0.1s done
#16 DONE 0.1s

#19 [web stage-1 2/3] COPY deploy/public/Caddyfile /etc/caddy/Caddyfile
#19 CACHED

#20 [web portal 2/6] WORKDIR /src/portal
#20 CACHED

#21 [web portal 4/6] RUN npm ci --no-audit --no-fund
#21 CACHED

#22 [web portal 6/6] RUN npm run build
#22 CACHED

#23 [web portal 3/6] COPY portal/package.json portal/package-lock.json ./
#23 CACHED

#24 [web portal 5/6] COPY portal/ ./
#24 CACHED

#25 [web stage-1 3/3] COPY --from=portal /src/portal/dist /srv/portal
#25 CACHED

#26 [web] exporting to image
#26 exporting layers 0.0s done
#26 exporting manifest sha256:5d7c2f33a7b63b6951a59e382c79cd4a8af7448e2531007ba06416fe60f4a421 done
#26 exporting config sha256:d5261d3ca35845833297787872ff158d4b710e306a34191689fd4e3dce9f2bf0 done
#26 exporting attestation manifest sha256:12aeea9050b6cda331ed229ca1ddcf06af791608e92f6ee6644c5913cab65d66 0.1s done
#26 exporting manifest list sha256:a5343aec66900a20a515d7b25f55dca1ac5428cf698d3add861b588dfaaa095f
#26 exporting manifest list sha256:a5343aec66900a20a515d7b25f55dca1ac5428cf698d3add861b588dfaaa095f 0.0s done
#26 naming to docker.io/library/exaconnect-web:latest done
#26 unpacking to docker.io/library/exaconnect-web:latest 0.0s done
#26 DONE 0.3s

#27 [web] resolving provenance for metadata file
#27 DONE 0.0s
 controller  Built
 web  Built
 Container exaconnect-db-1  Running
 Container exaconnect-controller-1  Recreate
 Container exaconnect-controller-1  Recreated
 Container exaconnect-web-1  Recreate
 Container exaconnect-web-1  Recreated
 Container exaconnect-db-1  Waiting
 Container exaconnect-db-1  Healthy
 Container exaconnect-controller-1  Starting
 Container exaconnect-controller-1  Started
 Container exaconnect-controller-1  Waiting
 Container exaconnect-controller-1  Healthy
 Container exaconnect-web-1  Starting
 Container exaconnect-web-1  Started
 Container exaconnect-db-1  Waiting
 Container exaconnect-controller-1  Waiting
 Container exaconnect-web-1  Waiting
 Container exaconnect-controller-1  Healthy
 Container exaconnect-db-1  Healthy
 Container exaconnect-web-1  Healthy

== Waiting for tunnels, BGP and BFD (15:15:10)

== Checks (15:15:16)
-- lab/scripts/check-routing.sh
ok    site-a wg-a handshake 33s ago
ok    site-a wg-b handshake 33s ago
ok    site-a wg-sat handshake 33s ago
ok    site-b wg-a handshake 32s ago
ok    site-b wg-b handshake 32s ago
ok    site-b wg-sat handshake 32s ago
ok    pop-miami BGP 6/6 established
ok    pop-miami BFD 6/6 up
ok    site-a BGP 3/3 established
ok    site-a BFD 3/3 up
ok    site-b BGP 3/3 established
ok    site-b BFD 3/3 up
ok    lan-a -> lan-b (site-a to site-b via the PoP)
ok    lan-b -> lan-a
ok    lan-a -> lan-pop

  traceroute to 192.168.20.10 (192.168.20.10), 30 hops max, 46 byte packets
   1  192.168.10.1  0.012 ms
   2  100.64.1.1  27.582 ms
   3  100.64.1.12  58.847 ms
   4  192.168.20.10  54.720 ms
-- lab/ci/checks/m0-timing.sh
-- host timing
      clocksource kvm-clock, available: kvm-clock hpet acpi_pm 
      kernel 6.8.0-139-generic, timers: hres_active    : 1, resolution: 1 nsecs
      HZ 1000, 4 CPUs, load 4.06 3.89 4.66
      netem on carrier-a: qdisc netem 8084: root refcnt 5 limit 10000 delay 12.5ms  1ms seed 9717127554986641972
      cpuidle driver none, governor menu
      (netem asks for 25 ms on A and 35 ms on B round trip, with 2 and 4 ms jitter; min/avg/max/mdev)
      site-a to lan-a (no netem):              0.037/0.135/4.443/0.445 ms
      site-a to carrier-a router (one netem):  10.640/13.761/37.567/3.287 ms
      site-a to PoP underlay via carrier A:    22.988/25.929/34.003/1.799 ms
      site-a to PoP through wg-a:              24.525/33.015/88.963/9.820 ms, pipe 2
      site-a to PoP underlay via carrier B:    29.733/39.157/138.342/13.726 ms, pipe 2
-- busiest containers
      44.71% clab-exaconnect-pop-miami
      29.65% clab-exaconnect-site-a
      21.58% exaconnect-controller-1
      19.89% clab-exaconnect-site-b
      1.46% clab-exaconnect-lan-b
      0.41% clab-exaconnect-cloud-azure
      0.30% clab-exaconnect-lan-a
      0.16% clab-exaconnect-carrier-a
-- busiest processes
       500 ps
      10.4 exa-agent
       9.5 exa-agent
       9.1 uvicorn
       8.5 exa-agent
       3.8 bfdd
       3.5 rcu_preempt
       2.7 sshd
-- lab/ci/checks/m4-steering.sh
-- steering applied
ok    pop-miami nftables classifier
ok    pop-miami 6 steering rules
ok    site-a nftables classifier
ok    site-a 3 steering rules
ok    site-b nftables classifier
ok    site-b 3 steering rules
      voice state at start: site-b carrier-b since 2026-10-04 15:02:52.16895+00 return - -; site-a carrier-b since 2026-10-04 15:06:47.05588+00 return - -
      probe jitter, last 3 min, carrier-a avg 12.6 p95 43.2, carrier-b avg 13.2 p95 36.6, sat avg 31.5 p95 44.1
      host load 4.40 3.97 4.66 on 4 CPUs, CPU steal 0.0% over 5 s
FAIL  site-a voice on 'wg-b' (controller: carrier-b) at start, want wg-a
      state: carrier-b since 2026-10-04 15:06:47.05588+00 return - - note - updated 2026-10-04 15:23:54.113107+00
      voice class: preferred none, priority realtime
      2026-10-04 15:07:27.575932+00|hold|Kept voice on Carrier B: it is down (BFD reports it down) and no other path is up.
      2026-10-04 15:06:57.150406+00|hold|Kept voice on Carrier B: it is down (BFD reports it down) and no other path is up.
      2026-10-04 15:06:47.056895+00|failover|Moved voice from Carrier A to Carrier B: Carrier A is down (BFD reports it down).
      2026-10-04 15:06:16.512732+00|failover|Moved voice from Carrier B to Carrier A: Carrier B is down (BFD reports it down).
      probe jitter, last 3 min, carrier-a avg 18.2 p95 41.1, carrier-b avg 19.0 p95 47.4, sat avg 34.2 p95 59.1
      host load 3.52 3.74 4.26, CPU steal 0.0% over 5 s
      probes carrier-a: sent 3513 lost 0 rtt 41.5 jitter 18.2
      probes carrier-b: sent 3508 lost 0 rtt 52.3 jitter 19.0
      probes sat: sent 180 lost 1 rtt 68.5 jitter 34.2
      maps: pop-miami v495, site-a v421, site-b v252
-- brownout: carrier A loss 0 -> 3% over 180 s (demo step 2)
SKIP  brownout: voice was not on carrier A to start with (see above)
-- hard cut of carrier B while voice is on it (demo step 3)
      voice probe stream: 1449 of 1500 received at 50 packets/s
ok    voice lost 1020 ms of packets (< 3 s)
ok    agent failover on BFD after 2 s
ok    voice on wg-a after the cut
-- recovery: restore B, classes move back only after the hold time (demo step 4)
ok    no moves in the first minute after recovery
lab/ci/checks/m4-steering.sh: line 146: t0: unbound variable
      moves since the brownout began: 
lab/ci/checks/m4-steering.sh: line 149: t0: unbound variable
-- lab/ci/checks/m5-storm.sh
-- Storm Mode on at site-a only
ok    Storm Mode switched on for site-a through the API
ok    site-a agent has the Storm Mode steering map
ok    site-b is not in Storm Mode
ok    satellite warm: 51 probes per 10 s
ok    satellite BGP established
-- both terrestrial links cut
ok    voice continues on satellite
ok    business continues on satellite
ok    bulk paused (blackhole rule)
ok    voice stream lost 2040 ms across the double cut
-- restore and switch Storm Mode off
ok    Storm Mode switched off
ok    voice and business back on terrestrial paths, bulk resumed
      Storm Mode last switched by user:admin@exacarib.local
      15:27:22 storm_off
      15:26:03 storm_on
-- lab/ci/checks/m6-metering.sh
-- traffic: 20 Mbit/s bulk (CS1, TCP) from lan-a to lan-b for 11 minutes
      bulk leaves site-a on wg-b
ok    5-minute samples with traffic for site-a
      iperf: [  5] 464.00-465.00 sec  1.38 MBytes  11.5 Mbits/sec    0    116 KBytes        [  5] 465.00-466.00 sec  1.38 MBytes  11.5 Mbits/sec    1    120 KBytes        [  5] 466.00-467.01 sec  1.38 MBytes  11.4 Mbits/sec    0    130 KBytes        [  5] 467.01-468.01 sec  1.25 MBytes  10.5 Mbits/sec   14   93.
      site-a carrier-a: samples 11, 95th in 1.410908 out 21.55776, billable 21.55776, commit 100, burst 0.000, total 400.00
ok    billable rate 21.55776 Mbps matches the ~20 Mbit/s offered
-- CSV matches the screen
ok    CSV 95th percentile 21.558 equals the screen
ok    CSV settlement total equals the screen
-- carrier view
ok    carrier user sees only Carrier A links
ok    carrier user cannot open the customer overview
-- lab/ci/checks/m7-outage.sh
-- stop the controller and the agent proxy
ok    all three agents noticed after 63 s and hold the last good state
ok    site A still reaches site B through the PoP
-- BFD failover with the controller down
ok    voice moved from wg-a to wg-b in 3.2 s, without the controller
-- start the controller again
ok    all three agents reconciled 24 s after the restart
-- lab/ci/checks/m8-ai.sh
-- hurricane watch
ok    NHC feed read from the lab host: 2 active storms
ok    example hurricane raised a warning
ok    only site-a (Kingston) is warned
      Hurricane Example (90 kt) is moving at 23 km/h on a heading of 285°. Projecting that motion forward, it passes about 92 km from site-a in about 25 h. Consider switching Storm Mode on so the satellite path is warm before the terrestrial links suffer. This is a straight-line projection; check the NHC advisory for the official forecast track.
-- disaster watch
ok    all disaster feeds read from the lab host: ptwc=2 usgs=19 events=19 failed= 
ok    example earthquake from USGS, GDACS and tsunami.gov raised one alert, for site-b only
      Magnitude 6.4 earthquake, 38 km NE of Port of Spain, Trinidad and Tobago, reported by USGS and GDACS and tsunami.gov. Latest tsunami message: Tsunami Information Statement Number 2. Sites in range: site-b 47 km (critical). Consider switching Storm Mode on for the sites marked critical, so the satellite path is warm if terrestrial links fail. Distances are straight lines from the reported location; check the source's report.
-- insights from this run
      anomaly critical: Carrier A at site-a: jitter 20.2 ms, usually 9.6 ms
      anomaly critical: Carrier A at site-a: loss 4.47%, usually 0.00%
      anomaly critical: Carrier A at site-b: loss 4.66%, usually 0.00%
      anomaly critical: Satellite at site-a: jitter 40.2 ms, usually 18.1 ms
      anomaly critical: Carrier B at site-b: loss 8.12%, usually 0.00%
      anomaly critical: Carrier B at site-a: loss 8.25%, usually 0.00%
      anomaly warning: Carrier B at site-a: jitter 20.4 ms, usually 10.3 ms
      anomaly warning: Carrier A at site-b: jitter 19.2 ms, usually 9.5 ms
      anomaly warning: Carrier B at site-b: latency 60.6 ms, usually 45.5 ms
      anomaly warning: Satellite at site-a: latency 70.2 ms, usually 56.2 ms
-- ask your network
ok    answered: Voice is on carrier-a at site-a now, and it last moved there at 15:27:27 UTC because the admin manually triggered Storm Mode at 15:27:22 UTC, which forced all classes onto carrier-a.
-- lab/ci/checks/m9-fabric.sh
-- simulated cloud gateways
ok    AWS and Azure gateways configured
-- cloud circuits
ok    created circuits 52 (AWS) and 53 (Azure)
ok    both circuits up (IPsec and BGP) 18 s after they were created
      AWS: up, BGP Established, routes 10.100.0.0/16
ok    site-a learned the AWS VPC route from the PoP
ok    lan-a reaches the AWS VPC (10.100.0.1) through the PoP
ok    site-a puts traffic for AWS in business
-- cloud router
ok    AWS reaches Azure through the PoP
-- elastic bandwidth
ok    20 Mbps reached the PoP's shaper on vc52
      charges so far: [{"mbps":50,"hours":0.01},{"mbps":20,"hours":0.0}]
-- layer 2 circuit
ok    VLAN 100 at site A and VLAN 200 at site B are one segment (lan-a pings lan-b)
ok    layer 2 circuit up and monitored: round trip 88.7 ms, 0.0% loss over the last minute
-- clean up
ok    deleted circuits are torn down at the PoP
-- lab/ci/checks/m9-internet.sh
-- through the PoP (the default)
ok    lan-a reaches the internet through the PoP, translated to the PoP's address
      site-a exits by: wg-a
-- firewall at the PoP
ok    a deny rule stops lan-a's pings at the PoP
ok    the rule's hits reach the portal
ok    deleting the rule lets the pings through again
-- port forward on the PoP's address
      server on lan-a:8080 answers locally
ok    a connection to 100.64.0.2:8080 from the internet reaches lan-a
ok    the internet cannot reach lan-a directly through the PoP
-- straight out at the site
ok    lan-a reaches the internet over carrier A, translated to site-a's address
ok    with carrier A cut, it leaves by carrier B within 4 s
ok    site-a reports it exits by eth1
-- clean up
ok    back through the PoP
-- lab/ci/checks/m9-order.sh
-- a layer 2 circuit ordered in plain English
      draft: {"actions":["site_circuit"],"summary":["New layer 2 circuit joining site-a and site-b, VLAN 100 at site-a and VLAN 200 at site-b, 20 Mbps."],"problems":[],"monthly_estimate":40.0}
ok    the draft reads a VLAN 100 to VLAN 200 circuit between site-a and site-b
ok    drafting changed nothing
ok    confirmed: Created circuit lab order l2.
ok    the ordered circuit carries traffic (lan-a pings lan-b over VLAN 100/200)
-- two changes in one order
      draft: {"actions":["bandwidth","internet_mode"],"summary":["Change lab order l2 from 20 to 30 Mbps, billed by the hour from now.","Send site-a's internet straight out of its own links (now through ExaCarib's PoP)."],"monthly_estimate":20.0}
ok    the draft has a bandwidth change and an internet change
ok    the circuit is now 30 Mbps
ok    site-a's internet now goes straight out (local eth1)
-- a draft with a problem
ok    a draft with VLAN 5000 says why and can't be confirmed
      AI draft (not confirmed): engine ai, [{"action":"cloud_circuit","provider":"aws","region":"us-east-1","site":"site-a","bandwidth_mbps":50}]
-- clean up
ok    circuit deleted and site-a back through the PoP
-- lab/ci/checks/m9-protection.sh
-- a resilient pair to the simulated AWS
ok    both tunnels of the pair up (IPsec and BGP)
ok    lan-a reaches the AWS VPC over the pair
-- encryption report
      summary: {"encrypted":8,"total":8}
ok    both tunnels encrypted: IKE AES_CBC-256/HMAC_SHA2_256_128/PRF_HMAC_SHA2_256/MODP_2048, ESP AES_CBC-256/HMAC_SHA2_256_128
ok    every site path is WireGuard-encrypted (6 encrypted)
-- the first tunnel fails
ok    the portal shows the first tunnel down and the second up
ok    the circuit stays up on one tunnel
ok    lan-a kept reaching the VPC: 300 of 300 pings answered (about 0.0 s lost; the BGP hold time is 30 s)
ok    the first tunnel recovers
-- DDoS protection at the PoP
ok    the internet reaches the PoP's public address
ok    the flooding source was blocked automatically ({"blocked":0,"auto":300,"flood":1,"syn":0})
ok    the blocked source can't reach the public address
ok    lifting the block lets it back in
ok    customers see the drop counts, not the addresses
-- the block list
ok    a block list entry stops the source
ok    removing it lets the source back in
-- clean up
ok    both tunnels torn down at the PoP
-- lab/ci/checks/m9-public-e2e.sh
-- API through https://connect.exacarib.com
ok    admin signs in at https://connect.exacarib.com
ok    every portal screen's data answers 200 through the public site
      settlement CSV: 200 text/csv; charset=utf-8
-- browser
ok    signed in through the browser
ok    Overview renders without errors
ok    Sites renders without errors
ok    Traffic: seen on your network renders without errors
ok    Traffic: rules renders without errors
ok    Traffic: classes renders without errors
ok    Decisions renders without errors
ok    Fabric renders without errors
ok    Internet renders without errors
ok    Order renders without errors
ok    Encryption renders without errors
ok    Metering renders without errors
ok    Insights renders without errors
ok    Ask your network renders without errors
ok    Carrier view renders without errors
ok    Account renders without errors
ok    Admin: agents renders without errors
ok    Admin: sites renders without errors
ok    Admin: classes renders without errors
ok    Admin: users renders without errors
ok    Admin: settings renders without errors
ok    Admin: partners renders without errors
ok    Admin: protection renders without errors
ok    Admin: audit renders without errors
ok    example hurricane and earthquake alerts appear on Insights
-- lab/ci/checks/m9-public.sh
ok    https://connect.exacarib.com/healthz answers on this host
ok    certificate from Let's Encrypt (issuer=C = US, O = Let's Encrypt, CN = YE1)
ok    portal served
ok    agent endpoints not served publicly
ok    API answers and needs sign-in
ok    connect.exacarib.com reachable from this host over the internet
      web container: running restarts=0
      caddy: {"level":"error","ts":1791128200.019761,"logger":"http.log.error.log0","msg":"dial tcp: lookup controller-api on 127.0.0.11:53: server misbehaving","request":{"remote_ip":"142.126.113.55","remote_port":"64992","client_ip":"142.126.113.55","proto":"HTTP/3.0","method":"GET","host":"connect.exacarib.co
      caddy: {"level":"error","ts":1791128200.0201852,"logger":"http.log.error.log0","msg":"dial tcp: lookup controller-api on 127.0.0.11:53: server misbehaving","request":{"remote_ip":"142.126.113.55","remote_port":"64992","client_ip":"142.126.113.55","proto":"HTTP/3.0","method":"GET","host":"connect.exacarib.c
      caddy: {"level":"error","ts":1791128200.0204818,"logger":"http.log.error.log0","msg":"dial tcp: lookup controller-api on 127.0.0.11:53: server misbehaving","request":{"remote_ip":"142.126.113.55","remote_port":"64992","client_ip":"142.126.113.55","proto":"HTTP/3.0","method":"GET","host":"connect.exacarib.c
      caddy: {"level":"error","ts":1791128200.0208127,"logger":"http.log.error.log0","msg":"dial tcp: lookup controller-api on 127.0.0.11:53: server misbehaving","request":{"remote_ip":"142.126.113.55","remote_port":"64992","client_ip":"142.126.113.55","proto":"HTTP/3.0","method":"GET","host":"connect.exacarib.c
      caddy: 2026/10/04 15:36:40.019	[31mERROR[0m	http.log.access.log0	handled request	{"request": {"remote_ip": "142.126.113.55", "remote_port": "64992", "client_ip": "142.126.113.55", "proto": "HTTP/3.0", "method": "GET", "host": "connect.exacarib.com", "uri": "/api/v1/customers/mine", "headers": {"Accept-La
      caddy: 2026/10/04 15:36:40.020	[31mERROR[0m	http.log.access.log0	handled request	{"request": {"remote_ip": "142.126.113.55", "remote_port": "64992", "client_ip": "142.126.113.55", "proto": "HTTP/3.0", "method": "GET", "host": "connect.exacarib.com", "uri": "/api/v1/overview", "headers": {"Sec-Fetch-Mode"
      caddy: 2026/10/04 15:36:40.020	[31mERROR[0m	http.log.access.log0	handled request	{"request": {"remote_ip": "142.126.113.55", "remote_port": "64992", "client_ip": "142.126.113.55", "proto": "HTTP/3.0", "method": "GET", "host": "connect.exacarib.com", "uri": "/api/v1/insights?customer_id=4d26813b-aaa6-4be7
      caddy: 2026/10/04 15:36:40.020	[31mERROR[0m	http.log.access.log0	handled request	{"request": {"remote_ip": "142.126.113.55", "remote_port": "64992", "client_ip": "142.126.113.55", "proto": "HTTP/3.0", "method": "GET", "host": "connect.exacarib.com", "uri": "/api/v1/version", "headers": {"Sec-Fetch-Dest":
      listening on public addresses: 22 80 443 
ok    controller, database and dev portal stay private
ok    an API key works through the public address
ok    a revoked key is refused at once
-- lab/ci/checks/m9-traffic.sh
-- priority queues
ok    site-a wg-a: qdisc cake 8090: root refcnt 2 bandwidth 190Mbit diffserv4 triple-isolate nonat nowash no-
ok    site-a wg-b: qdisc cake 8091: root refcnt 2 bandwidth 95Mbit diffserv4 triple-isolate nonat nowash no-a
-- application detection: Zoom-like traffic on UDP 8801 for 4 minutes
ok    site-a reported its flows to UDP 8801
ok    recognised: Zoom meetings seen at site-a: 1 flow(s) to UDP 8801, matches Zoom meetings (calls and meetings); currently unclassified. Suggest voice (real-time priority).
ok    suggests voice
ok    applied as rule 49
ok    site-a classifies UDP 8801-8810 as voice
ok    Zoom flows now report as voice
ok    site-b is unchanged (the rule is for site-a)
-- a customer rule: a subnet and port into business
ok    site-a classifies TCP 5201 to site B as business
ok    the PoP classifies the return direction

== Diagnostics (15:46:51)
pop-miami: running
site-a: running
site-b: running
-- agent log pop-miami
time=2026-10-04T15:46:31.321Z level=INFO msg="bfd change" node=pop-miami peer=100.64.2.11 tunnel=wg-b status=down
time=2026-10-04T15:46:31.321Z level=INFO msg="bfd change" node=pop-miami peer=100.64.1.12 tunnel=wg-a status=down
time=2026-10-04T15:46:31.321Z level=INFO msg="bfd change" node=pop-miami peer=100.64.2.12 tunnel=wg-b status=down
time=2026-10-04T15:46:31.321Z level=INFO msg="bfd change" node=pop-miami peer=100.64.1.11 tunnel=wg-a status=down
time=2026-10-04T15:46:31.357Z level=INFO msg="class moved" node=pop-miami class=voice dst=192.168.10.0/24 from=carrier-b to=bgp why=bfd
time=2026-10-04T15:46:31.375Z level=INFO msg="class moved" node=pop-miami class=business dst=192.168.10.0/24 from=carrier-b to=bgp why=bfd
time=2026-10-04T15:46:31.375Z level=INFO msg="class moved" node=pop-miami class=bulk dst=192.168.10.0/24 from=carrier-a to=paused why=bfd
time=2026-10-04T15:46:31.375Z level=INFO msg="class moved" node=pop-miami class=voice dst=192.168.20.0/24 from=carrier-b to=bgp why=bfd
time=2026-10-04T15:46:31.375Z level=INFO msg="class moved" node=pop-miami class=business dst=192.168.20.0/24 from=carrier-b to=bgp why=bfd
time=2026-10-04T15:46:31.375Z level=INFO msg="class moved" node=pop-miami class=bulk dst=192.168.20.0/24 from=carrier-b to=paused why=bfd
time=2026-10-04T15:46:31.443Z level=INFO msg="bfd change" node=pop-miami peer=100.64.1.12 tunnel=wg-a status=init
time=2026-10-04T15:46:31.443Z level=INFO msg="bfd change" node=pop-miami peer=100.64.2.12 tunnel=wg-b status=init
time=2026-10-04T15:46:31.448Z level=INFO msg="class moved" node=pop-miami class=voice dst=192.168.10.0/24 from=bgp to=carrier-b why=bfd
time=2026-10-04T15:46:31.449Z level=INFO msg="class moved" node=pop-miami class=business dst=192.168.10.0/24 from=bgp to=carrier-b why=bfd
time=2026-10-04T15:46:31.449Z level=INFO msg="class moved" node=pop-miami class=bulk dst=192.168.10.0/24 from=paused to=carrier-a why=bfd
time=2026-10-04T15:46:31.449Z level=INFO msg="class moved" node=pop-miami class=business dst=192.168.20.0/24 from=bgp to=carrier-a why=bfd
time=2026-10-04T15:46:31.449Z level=INFO msg="class moved" node=pop-miami class=bulk dst=192.168.20.0/24 from=paused to=carrier-a why=bfd
time=2026-10-04T15:46:32.188Z level=INFO msg="bfd change" node=pop-miami peer=100.64.2.11 tunnel=wg-b status=up
time=2026-10-04T15:46:32.189Z level=INFO msg="bfd change" node=pop-miami peer=100.64.1.11 tunnel=wg-a status=up
time=2026-10-04T15:46:32.195Z level=INFO msg="class moved" node=pop-miami class=voice dst=192.168.20.0/24 from=bgp to=carrier-b why=bfd
time=2026-10-04T15:46:32.195Z level=INFO msg="class moved" node=pop-miami class=business dst=192.168.20.0/24 from=carrier-a to=carrier-b why=bfd
time=2026-10-04T15:46:32.195Z level=INFO msg="class moved" node=pop-miami class=bulk dst=192.168.20.0/24 from=carrier-a to=carrier-b why=bfd
time=2026-10-04T15:46:32.660Z level=INFO msg="bfd change" node=pop-miami peer=100.64.1.12 tunnel=wg-a status=up
time=2026-10-04T15:46:32.660Z level=INFO msg="bfd change" node=pop-miami peer=100.64.2.12 tunnel=wg-b status=up
time=2026-10-04T15:46:49.654Z level=INFO msg="new steering map" node=pop-miami version=509 storm=false
-- agent log site-a
time=2026-10-04T15:43:27.310Z level=INFO msg="class moved" node=site-a class=voice dst="" from=bgp to=carrier-b why=bfd
time=2026-10-04T15:43:27.310Z level=INFO msg="class moved" node=site-a class=business dst="" from=bgp to=carrier-b why=bfd
time=2026-10-04T15:43:27.310Z level=INFO msg="class moved" node=site-a class=bulk dst="" from=paused to=carrier-a why=bfd
time=2026-10-04T15:43:35.965Z level=INFO msg="bfd change" node=site-a peer=100.64.2.1 tunnel=wg-b status=down
time=2026-10-04T15:43:35.965Z level=INFO msg="bfd change" node=site-a peer=100.64.1.1 tunnel=wg-a status=down
time=2026-10-04T15:43:35.972Z level=INFO msg="class moved" node=site-a class=voice dst="" from=carrier-b to=bgp why=bfd
time=2026-10-04T15:43:35.972Z level=INFO msg="class moved" node=site-a class=business dst="" from=carrier-b to=bgp why=bfd
time=2026-10-04T15:43:35.972Z level=INFO msg="class moved" node=site-a class=bulk dst="" from=carrier-a to=paused why=bfd
time=2026-10-04T15:43:35.982Z level=INFO msg="internet exit changed" node=site-a from=wg-a to=wg-sat
time=2026-10-04T15:43:36.522Z level=INFO msg="bfd change" node=site-a peer=100.64.3.1 tunnel=wg-sat status=down
time=2026-10-04T15:43:36.579Z level=INFO msg="internet exit changed" node=site-a from=wg-sat to=wg-a
time=2026-10-04T15:43:38.345Z level=INFO msg="bfd change" node=site-a peer=100.64.3.1 tunnel=wg-sat status=up
time=2026-10-04T15:43:38.345Z level=INFO msg="bfd change" node=site-a peer=100.64.2.1 tunnel=wg-b status=up
time=2026-10-04T15:43:38.345Z level=INFO msg="bfd change" node=site-a peer=100.64.1.1 tunnel=wg-a status=up
time=2026-10-04T15:43:38.351Z level=INFO msg="class moved" node=site-a class=voice dst="" from=bgp to=carrier-b why=bfd
time=2026-10-04T15:43:38.351Z level=INFO msg="class moved" node=site-a class=business dst="" from=bgp to=carrier-b why=bfd
time=2026-10-04T15:43:38.351Z level=INFO msg="class moved" node=site-a class=bulk dst="" from=paused to=carrier-a why=bfd
time=2026-10-04T15:45:59.811Z level=INFO msg="new steering map" node=site-a version=437 storm=false
time=2026-10-04T15:46:04.027Z level=INFO msg="bfd change" node=site-a peer=100.64.2.1 tunnel=wg-b status=init
time=2026-10-04T15:46:04.818Z level=INFO msg="bfd change" node=site-a peer=100.64.2.1 tunnel=wg-b status=up
time=2026-10-04T15:46:31.367Z level=INFO msg="bfd change" node=site-a peer=100.64.2.1 tunnel=wg-b status=init
time=2026-10-04T15:46:31.367Z level=INFO msg="bfd change" node=site-a peer=100.64.1.1 tunnel=wg-a status=init
time=2026-10-04T15:46:32.361Z level=INFO msg="bfd change" node=site-a peer=100.64.2.1 tunnel=wg-b status=up
time=2026-10-04T15:46:32.361Z level=INFO msg="bfd change" node=site-a peer=100.64.1.1 tunnel=wg-a status=up
time=2026-10-04T15:46:49.823Z level=INFO msg="new steering map" node=site-a version=439 storm=false
-- agent log site-b
time=2026-10-04T15:43:38.663Z level=INFO msg="bfd change" node=site-b peer=100.64.1.1 tunnel=wg-a status=up
time=2026-10-04T15:43:38.667Z level=INFO msg="class moved" node=site-b class=voice dst="" from=bgp to=carrier-b why=bfd
time=2026-10-04T15:43:38.667Z level=INFO msg="class moved" node=site-b class=business dst="" from=bgp to=carrier-b why=bfd
time=2026-10-04T15:43:38.667Z level=INFO msg="class moved" node=site-b class=bulk dst="" from=paused to=carrier-b why=bfd
time=2026-10-04T15:46:04.004Z level=INFO msg="bfd change" node=site-b peer=100.64.2.1 tunnel=wg-b status=down
time=2026-10-04T15:46:04.012Z level=INFO msg="class moved" node=site-b class=voice dst="" from=carrier-b to=carrier-a why=bfd
time=2026-10-04T15:46:04.013Z level=INFO msg="class moved" node=site-b class=business dst="" from=carrier-b to=carrier-a why=bfd
time=2026-10-04T15:46:04.013Z level=INFO msg="class moved" node=site-b class=bulk dst="" from=carrier-b to=carrier-a why=bfd
time=2026-10-04T15:46:04.647Z level=INFO msg="bfd change" node=site-b peer=100.64.2.1 tunnel=wg-b status=up
time=2026-10-04T15:46:04.657Z level=INFO msg="class moved" node=site-b class=voice dst="" from=carrier-a to=carrier-b why=bfd
time=2026-10-04T15:46:04.657Z level=INFO msg="class moved" node=site-b class=business dst="" from=carrier-a to=carrier-b why=bfd
time=2026-10-04T15:46:04.657Z level=INFO msg="class moved" node=site-b class=bulk dst="" from=carrier-a to=carrier-b why=bfd
time=2026-10-04T15:46:31.701Z level=INFO msg="bfd change" node=site-b peer=100.64.2.1 tunnel=wg-b status=down
time=2026-10-04T15:46:31.702Z level=INFO msg="bfd change" node=site-b peer=100.64.1.1 tunnel=wg-a status=down
time=2026-10-04T15:46:31.713Z level=INFO msg="class moved" node=site-b class=voice dst="" from=carrier-b to=bgp why=bfd
time=2026-10-04T15:46:31.713Z level=INFO msg="class moved" node=site-b class=business dst="" from=carrier-b to=bgp why=bfd
time=2026-10-04T15:46:31.713Z level=INFO msg="class moved" node=site-b class=bulk dst="" from=carrier-b to=paused why=bfd
time=2026-10-04T15:46:31.719Z level=INFO msg="internet exit changed" node=site-b from=wg-a to=wg-sat
time=2026-10-04T15:46:32.680Z level=INFO msg="bfd change" node=site-b peer=100.64.2.1 tunnel=wg-b status=up
time=2026-10-04T15:46:32.680Z level=INFO msg="bfd change" node=site-b peer=100.64.1.1 tunnel=wg-a status=up
time=2026-10-04T15:46:32.685Z level=INFO msg="class moved" node=site-b class=voice dst="" from=bgp to=carrier-b why=bfd
time=2026-10-04T15:46:32.685Z level=INFO msg="class moved" node=site-b class=business dst="" from=bgp to=carrier-b why=bfd
time=2026-10-04T15:46:32.685Z level=INFO msg="class moved" node=site-b class=bulk dst="" from=paused to=carrier-b why=bfd
time=2026-10-04T15:46:32.689Z level=INFO msg="internet exit changed" node=site-b from=wg-sat to=wg-a
time=2026-10-04T15:46:50.074Z level=INFO msg="new steering map" node=site-b version=256 storm=false
-- controller log
controller-1  | INFO:     172.18.0.4:60710 - "GET /api/v1/agent/steering?have=437 HTTP/1.0" 204 No Content
controller-1  | INFO:     172.18.0.4:60718 - "GET /api/v1/agent/desired-state?have=60 HTTP/1.0" 204 No Content
controller-1  | INFO:     172.18.0.4:60722 - "POST /api/v1/agent/telemetry HTTP/1.0" 204 No Content
controller-1  | INFO:     172.18.0.4:60736 - "GET /api/v1/agent/steering?have=255 HTTP/1.0" 204 No Content
controller-1  | INFO:     127.0.0.1:45692 - "GET /healthz HTTP/1.1" 200 OK
controller-1  | INFO:     172.18.0.4:43394 - "GET /api/v1/agent/steering?have=507 HTTP/1.0" 204 No Content
controller-1  | INFO:     172.18.0.4:43406 - "GET /api/v1/agent/steering?have=437 HTTP/1.0" 204 No Content
controller-1  | INFO:     172.18.0.4:43408 - "GET /api/v1/agent/steering?have=255 HTTP/1.0" 204 No Content
controller-1  | INFO:     127.0.0.1:38120 - "GET /healthz HTTP/1.1" 200 OK
controller-1  | INFO:     172.18.0.4:43416 - "GET /api/v1/agent/desired-state?have=179 HTTP/1.0" 204 No Content
controller-1  | INFO:     172.18.0.4:43428 - "GET /api/v1/agent/steering?have=507 HTTP/1.0" 204 No Content
controller-1  | INFO:     172.18.0.4:43432 - "GET /api/v1/agent/desired-state?have=144 HTTP/1.0" 204 No Content
controller-1  | INFO:     172.18.0.4:43448 - "POST /api/v1/agent/telemetry HTTP/1.0" 204 No Content
controller-1  | INFO:     172.18.0.4:43454 - "POST /api/v1/agent/telemetry HTTP/1.0" 204 No Content
controller-1  | INFO:     172.18.0.4:43468 - "GET /api/v1/agent/steering?have=437 HTTP/1.0" 204 No Content
controller-1  | INFO:     172.18.0.4:43476 - "GET /api/v1/agent/desired-state?have=60 HTTP/1.0" 204 No Content
controller-1  | INFO:     172.18.0.4:43482 - "POST /api/v1/agent/telemetry HTTP/1.0" 204 No Content
controller-1  | INFO:     172.18.0.4:43492 - "GET /api/v1/agent/steering?have=255 HTTP/1.0" 204 No Content
controller-1  | INFO:     127.0.0.1:45106 - "GET /healthz HTTP/1.1" 200 OK
controller-1  | INFO:     172.18.0.4:39832 - "GET /api/v1/agent/steering?have=507 HTTP/1.0" 204 No Content
controller-1  | INFO:     172.18.0.4:39838 - "GET /api/v1/agent/steering?have=437 HTTP/1.0" 204 No Content
controller-1  | INFO:     172.18.0.4:39840 - "GET /api/v1/agent/steering?have=255 HTTP/1.0" 204 No Content
controller-1  | INFO:     127.0.0.1:45118 - "GET /healthz HTTP/1.1" 200 OK
controller-1  | INFO:     172.18.0.4:39854 - "GET /api/v1/agent/desired-state?have=179 HTTP/1.0" 204 No Content
controller-1  | INFO:     172.18.0.4:39878 - "GET /api/v1/agent/desired-state?have=144 HTTP/1.0" 204 No Content
controller-1  | INFO:     172.18.0.4:39880 - "GET /api/v1/agent/steering?have=437 HTTP/1.0" 204 No Content
controller-1  | INFO:     172.18.0.4:39866 - "POST /api/v1/agent/telemetry HTTP/1.0" 204 No Content
controller-1  | INFO:     172.18.0.4:39882 - "POST /api/v1/agent/telemetry HTTP/1.0" 204 No Content
controller-1  | INFO:     172.18.0.4:39888 - "GET /api/v1/agent/steering?have=507 HTTP/1.0" 204 No Content
controller-1  | INFO:     172.18.0.4:39900 - "GET /api/v1/agent/desired-state?have=60 HTTP/1.0" 204 No Content
controller-1  | INFO:     172.18.0.4:39908 - "POST /api/v1/agent/telemetry HTTP/1.0" 204 No Content
controller-1  | INFO:     172.18.0.4:39920 - "GET /api/v1/agent/steering?have=255 HTTP/1.0" 204 No Content
controller-1  | INFO:     127.0.0.1:58062 - "GET /healthz HTTP/1.1" 200 OK
controller-1  | INFO:     172.18.0.4:45224 - "GET /api/v1/agent/steering?have=507 HTTP/1.0" 204 No Content
controller-1  | INFO:     172.18.0.4:45236 - "GET /api/v1/agent/steering?have=437 HTTP/1.0" 204 No Content
controller-1  | INFO:     172.18.0.5:47460 - "GET /api/v1/version HTTP/1.1" 200 OK
controller-1  | INFO:     172.18.0.5:47456 - "GET /api/v1/overview HTTP/1.1" 200 OK
controller-1  | INFO:     172.18.0.5:50434 - "GET /api/v1/customers/mine HTTP/1.1" 200 OK
controller-1  | INFO:     172.18.0.5:47462 - "GET /api/v1/insights?customer_id=4d26813b-aaa6-4be7-9b73-1730be959882 HTTP/1.1" 200 OK
controller-1  | INFO:     172.18.0.4:45246 - "GET /api/v1/agent/steering?have=255 HTTP/1.0" 204 No Content
controller-1  | INFO:     127.0.0.1:58066 - "GET /healthz HTTP/1.1" 200 OK
controller-1  | INFO:     172.18.0.4:45252 - "GET /api/v1/agent/desired-state?have=179 HTTP/1.0" 204 No Content
controller-1  | INFO:     172.18.0.4:45264 - "GET /api/v1/agent/steering?have=507 HTTP/1.0" 204 No Content
controller-1  | INFO:     172.18.0.4:45274 - "POST /api/v1/agent/telemetry HTTP/1.0" 204 No Content
controller-1  | INFO:     172.18.0.4:45286 - "GET /api/v1/agent/desired-state?have=144 HTTP/1.0" 204 No Content
controller-1  | INFO:     172.18.0.4:45300 - "GET /api/v1/agent/steering?have=437 HTTP/1.0" 204 No Content
controller-1  | INFO:     172.18.0.4:45304 - "POST /api/v1/agent/telemetry HTTP/1.0" 204 No Content
controller-1  | INFO:     172.18.0.4:45306 - "GET /api/v1/agent/desired-state?have=60 HTTP/1.0" 204 No Content
controller-1  | INFO:     172.18.0.4:45312 - "GET /api/v1/agent/steering?have=255 HTTP/1.0" 204 No Content
controller-1  | INFO:     172.18.0.4:45326 - "POST /api/v1/agent/telemetry HTTP/1.0" 204 No Content
controller-1  | INFO:     172.18.0.1:33922 - "POST /api/v1/auth/login HTTP/1.1" 200 OK
controller-1  | INFO:     172.18.0.1:33936 - "DELETE /api/v1/customers/4d26813b-aaa6-4be7-9b73-1730be959882/rules/49 HTTP/1.1" 204 No Content
controller-1  | INFO:     172.18.0.1:33938 - "POST /api/v1/auth/login HTTP/1.1" 200 OK
controller-1  | INFO:     172.18.0.1:33940 - "POST /api/v1/customers/4d26813b-aaa6-4be7-9b73-1730be959882/rules HTTP/1.1" 201 Created
controller-1  | INFO:     127.0.0.1:50248 - "GET /healthz HTTP/1.1" 200 OK
controller-1  | INFO:     172.18.0.4:48868 - "GET /api/v1/agent/steering?have=507 HTTP/1.0" 200 OK
controller-1  | INFO:     172.18.0.4:48882 - "GET /api/v1/agent/steering?have=437 HTTP/1.0" 200 OK
controller-1  | INFO:     172.18.0.4:48888 - "GET /api/v1/agent/steering?have=255 HTTP/1.0" 200 OK
controller-1  | INFO:     172.18.0.1:57128 - "POST /api/v1/auth/login HTTP/1.1" 200 OK
controller-1  | INFO:     172.18.0.1:57140 - "DELETE /api/v1/customers/4d26813b-aaa6-4be7-9b73-1730be959882/rules/50 HTTP/1.1" 204 No Content
-- controller containers
exaconnect-controller-1 Up 9 minutes (healthy)
exaconnect-db-1 Up 3 days (healthy)
exaconnect-proxy-1 Up 9 minutes
exaconnect-web-1 Up 31 minutes
/exaconnect-controller-1 restarts 0, started 2026-10-04T15:37:03.904701744Z, OOM killed false
/exaconnect-db-1 restarts 0, started 2026-10-01T05:06:52.589123103Z, OOM killed false
/exaconnect-proxy-1 restarts 0, started 2026-10-04T15:37:23.147921284Z, OOM killed false
/exaconnect-web-1 restarts 0, started 2026-10-04T15:15:09.368457104Z, OOM killed false
-- host
 17:46:54 up 3 days, 14:11,  0 user,  load average: 5.86, 6.24, 6.43
               total        used        free      shared  buff/cache   available
Mem:            7941        1851        4997         159        1559        6089
Swap:              0           0           0
procs -----------memory---------- ---swap-- -----io---- -system-- -------cpu-------
 r  b   swpd   free   buff  cache   si   so    bi    bo   in   cs us sy id wa st gu
14  0      0 5117204  10188 1586272    0    0    58   254 5128   19  6 21 73  0  0  0
 2  0      0 5152688  10188 1586496    0    0     0   312 6799 9341 10 30 60  0  0  0
10  0      0 5144624  10188 1586496    0    0     0   100 4205 5096  4 23 72  1  0  0
make: *** [Makefile:102: lab-ci] Error 1
