commit 35edd99: Routing: a hysteresis band for the move-back clock

== Lab already up; rebuilding the agent (18:32:50)

== Controller (18:33:23)
.env ready (admin: admin@exacarib.local)
time="2026-10-03T20:33:24+02:00" level=warning msg="Docker Compose is configured to build using Bake, but buildx isn't installed"
#0 building with "default" instance using docker driver

#1 [controller internal] load build definition from Dockerfile
#1 transferring dockerfile: 559B 0.0s done
#1 DONE 0.0s

#2 [controller internal] load metadata for docker.io/library/python:3.12-slim
#2 DONE 0.4s

#3 [controller internal] load .dockerignore
#3 transferring context: 2B done
#3 DONE 0.0s

#4 [controller 1/5] FROM docker.io/library/python:3.12-slim@sha256:dddfd7e07f9d15aeeca61529320492139d21cac7f0070c00609243e51e4e0016
#4 resolve docker.io/library/python:3.12-slim@sha256:dddfd7e07f9d15aeeca61529320492139d21cac7f0070c00609243e51e4e0016 0.1s done
#4 DONE 0.1s

#5 [controller internal] load build context
#5 transferring context: 17.44kB 0.0s done
#5 DONE 0.0s

#6 [controller 2/5] WORKDIR /app
#6 CACHED

#7 [controller 3/5] COPY pyproject.toml ./
#7 CACHED

#8 [controller 4/5] COPY exaconnect_controller ./exaconnect_controller
#8 DONE 0.4s

#9 [controller 5/5] RUN pip install --no-cache-dir . && mkdir -p /data && chown nobody:nogroup /data
#9 6.162 Processing /app
#9 6.183   Installing build dependencies: started
#9 8.567   Installing build dependencies: finished with status 'done'
#9 8.568   Getting requirements to build wheel: started
#9 9.217   Getting requirements to build wheel: finished with status 'done'
#9 9.221   Preparing metadata (pyproject.toml): started
#9 9.698   Preparing metadata (pyproject.toml): finished with status 'done'
#9 9.942 Collecting fastapi>=0.115 (from exaconnect-controller==0.2.0)
#9 10.13   Downloading fastapi-0.142.2-py3-none-any.whl.metadata (27 kB)
#9 10.32 Collecting uvicorn>=0.30 (from uvicorn[standard]>=0.30->exaconnect-controller==0.2.0)
#9 10.35   Downloading uvicorn-0.54.0-py3-none-any.whl.metadata (6.6 kB)
#9 10.68 Collecting pydantic>=2.7 (from exaconnect-controller==0.2.0)
#9 10.68   Downloading pydantic-2.13.5-py3-none-any.whl.metadata (110 kB)
#9 10.84 Collecting psycopg>=3.2 (from psycopg[binary]>=3.2->exaconnect-controller==0.2.0)
#9 10.84   Downloading psycopg-3.3.6-py3-none-any.whl.metadata (4.4 kB)
#9 10.90 Collecting psycopg-pool>=3.2 (from exaconnect-controller==0.2.0)
#9 10.91   Downloading psycopg_pool-3.3.3-py3-none-any.whl.metadata (2.8 kB)
#9 11.28 Collecting cryptography>=43 (from exaconnect-controller==0.2.0)
#9 11.28   Downloading cryptography-50.0.2-cp311-abi3-manylinux_2_34_x86_64.whl.metadata (4.4 kB)
#9 11.54 Collecting cffi>=2.0.0 (from cryptography>=43->exaconnect-controller==0.2.0)
#9 11.54   Downloading cffi-2.1.1-cp312-cp312-manylinux2014_x86_64.manylinux_2_17_x86_64.whl.metadata (2.5 kB)
#9 11.59 Collecting starlette>=0.46.0 (from fastapi>=0.115->exaconnect-controller==0.2.0)
#9 11.61   Downloading starlette-1.7.0-py3-none-any.whl.metadata (6.6 kB)
#9 11.72 Collecting typing-extensions>=4.8.0 (from fastapi>=0.115->exaconnect-controller==0.2.0)
#9 11.72   Downloading typing_extensions-4.16.0-py3-none-any.whl.metadata (3.3 kB)
#9 11.75 Collecting typing-inspection>=0.4.2 (from fastapi>=0.115->exaconnect-controller==0.2.0)
#9 11.75   Downloading typing_inspection-0.4.4-py3-none-any.whl.metadata (2.6 kB)
#9 11.78 Collecting annotated-doc>=0.0.2 (from fastapi>=0.115->exaconnect-controller==0.2.0)
#9 11.78   Downloading annotated_doc-0.0.5-py3-none-any.whl.metadata (6.5 kB)
#9 11.84 Collecting opentelemetry-api>=1.44.0 (from fastapi>=0.115->exaconnect-controller==0.2.0)
#9 11.84   Downloading opentelemetry_api-1.45.0-py3-none-any.whl.metadata (1.4 kB)
#9 12.13 Collecting psycopg-binary==3.3.6 (from psycopg[binary]>=3.2->exaconnect-controller==0.2.0)
#9 12.19   Downloading psycopg_binary-3.3.6-cp312-cp312-manylinux2014_x86_64.manylinux_2_17_x86_64.whl.metadata (2.7 kB)
#9 12.20 Collecting annotated-types>=0.6.0 (from pydantic>=2.7->exaconnect-controller==0.2.0)
#9 12.28   Downloading annotated_types-0.8.0-py3-none-any.whl.metadata (15 kB)
#9 13.59 Collecting pydantic-core==2.46.5 (from pydantic>=2.7->exaconnect-controller==0.2.0)
#9 13.59   Downloading pydantic_core-2.46.5-cp312-cp312-manylinux_2_17_x86_64.manylinux2014_x86_64.whl.metadata (6.6 kB)
#9 13.65 Collecting click>=7.0 (from uvicorn>=0.30->uvicorn[standard]>=0.30->exaconnect-controller==0.2.0)
#9 13.66   Downloading click-8.5.0-py3-none-any.whl.metadata (2.6 kB)
#9 13.69 Collecting h11>=0.8 (from uvicorn>=0.30->uvicorn[standard]>=0.30->exaconnect-controller==0.2.0)
#9 13.69   Downloading h11-0.16.0-py3-none-any.whl.metadata (8.3 kB)
#9 13.77 Collecting httptools>=0.8.0 (from uvicorn[standard]>=0.30->exaconnect-controller==0.2.0)
#9 13.82   Downloading httptools-0.8.0-cp312-cp312-manylinux1_x86_64.manylinux_2_28_x86_64.manylinux_2_5_x86_64.whl.metadata (3.5 kB)
#9 13.86 Collecting python-dotenv>=0.13 (from uvicorn[standard]>=0.30->exaconnect-controller==0.2.0)
#9 13.92   Downloading python_dotenv-1.2.4-py3-none-any.whl.metadata (29 kB)
#9 14.03 Collecting pyyaml>=5.1 (from uvicorn[standard]>=0.30->exaconnect-controller==0.2.0)
#9 14.04   Downloading pyyaml-6.0.3-cp312-cp312-manylinux2014_x86_64.manylinux_2_17_x86_64.manylinux_2_28_x86_64.whl.metadata (2.4 kB)
#9 14.12 Collecting uvloop>=0.15.1 (from uvicorn[standard]>=0.30->exaconnect-controller==0.2.0)
#9 14.13   Downloading uvloop-0.23.0-cp312-cp312-manylinux2014_x86_64.manylinux_2_17_x86_64.manylinux_2_28_x86_64.whl.metadata (5.1 kB)
#9 14.32 Collecting watchfiles>=0.20 (from uvicorn[standard]>=0.30->exaconnect-controller==0.2.0)
#9 14.34   Downloading watchfiles-1.3.0-cp310-abi3-manylinux_2_17_x86_64.manylinux2014_x86_64.whl.metadata (4.9 kB)
#9 14.69 Collecting websockets>=13.0 (from uvicorn[standard]>=0.30->exaconnect-controller==0.2.0)
#9 14.70   Downloading websockets-17.2-cp312-cp312-manylinux1_x86_64.manylinux_2_28_x86_64.manylinux_2_5_x86_64.whl.metadata (6.3 kB)
#9 14.73 Collecting pycparser (from cffi>=2.0.0->cryptography>=43->exaconnect-controller==0.2.0)
#9 14.76   Downloading pycparser-3.0-py3-none-any.whl.metadata (8.2 kB)
#9 14.84 Collecting anyio<5,>=4.0.0 (from starlette>=0.46.0->fastapi>=0.115->exaconnect-controller==0.2.0)
#9 14.84   Downloading anyio-4.15.1-py3-none-any.whl.metadata (4.7 kB)
#9 14.89 Collecting idna>=2.8 (from anyio<5,>=4.0.0->starlette>=0.46.0->fastapi>=0.115->exaconnect-controller==0.2.0)
#9 14.90   Downloading idna-3.20-py3-none-any.whl.metadata (7.2 kB)
#9 14.93 Downloading cryptography-50.0.2-cp311-abi3-manylinux_2_34_x86_64.whl (4.8 MB)
#9 15.36    ━━━━━━━━━━━━━━━━━━━━━━━━━━━━━━━━━━━━━━━━ 4.8/4.8 MB 11.0 MB/s eta 0:00:00
#9 15.39 Downloading fastapi-0.142.2-py3-none-any.whl (144 kB)
#9 15.54 Downloading psycopg-3.3.6-py3-none-any.whl (215 kB)
#9 15.54 Downloading psycopg_pool-3.3.3-py3-none-any.whl (40 kB)
#9 15.55 Downloading psycopg_binary-3.3.6-cp312-cp312-manylinux2014_x86_64.manylinux_2_17_x86_64.whl (5.2 MB)
#9 15.79    ━━━━━━━━━━━━━━━━━━━━━━━━━━━━━━━━━━━━━━━━ 5.2/5.2 MB 25.6 MB/s eta 0:00:00
#9 15.83 Downloading pydantic-2.13.5-py3-none-any.whl (472 kB)
#9 15.86 Downloading pydantic_core-2.46.5-cp312-cp312-manylinux_2_17_x86_64.manylinux2014_x86_64.whl (2.1 MB)
#9 15.96    ━━━━━━━━━━━━━━━━━━━━━━━━━━━━━━━━━━━━━━━━ 2.1/2.1 MB 25.6 MB/s eta 0:00:00
#9 16.00 Downloading uvicorn-0.54.0-py3-none-any.whl (87 kB)
#9 16.02 Downloading annotated_doc-0.0.5-py3-none-any.whl (5.3 kB)
#9 16.04 Downloading annotated_types-0.8.0-py3-none-any.whl (13 kB)
#9 16.05 Downloading cffi-2.1.1-cp312-cp312-manylinux2014_x86_64.manylinux_2_17_x86_64.whl (221 kB)
#9 16.18 Downloading click-8.5.0-py3-none-any.whl (125 kB)
#9 16.20 Downloading h11-0.16.0-py3-none-any.whl (37 kB)
#9 16.22 Downloading httptools-0.8.0-cp312-cp312-manylinux1_x86_64.manylinux_2_28_x86_64.manylinux_2_5_x86_64.whl (523 kB)
#9 16.25 Downloading opentelemetry_api-1.45.0-py3-none-any.whl (60 kB)
#9 16.26 Downloading python_dotenv-1.2.4-py3-none-any.whl (23 kB)
#9 16.26 Downloading pyyaml-6.0.3-cp312-cp312-manylinux2014_x86_64.manylinux_2_17_x86_64.manylinux_2_28_x86_64.whl (807 kB)
#9 16.32    ━━━━━━━━━━━━━━━━━━━━━━━━━━━━━━━━━━━━━━━━ 807.9/807.9 kB 16.7 MB/s eta 0:00:00
#9 16.35 Downloading starlette-1.7.0-py3-none-any.whl (78 kB)
#9 16.36 Downloading typing_extensions-4.16.0-py3-none-any.whl (45 kB)
#9 16.36 Downloading typing_inspection-0.4.4-py3-none-any.whl (14 kB)
#9 16.38 Downloading uvloop-0.23.0-cp312-cp312-manylinux2014_x86_64.manylinux_2_17_x86_64.manylinux_2_28_x86_64.whl (4.5 MB)
#9 16.66    ━━━━━━━━━━━━━━━━━━━━━━━━━━━━━━━━━━━━━━━━ 4.5/4.5 MB 22.3 MB/s eta 0:00:00
#9 16.73 Downloading watchfiles-1.3.0-cp310-abi3-manylinux_2_17_x86_64.manylinux2014_x86_64.whl (458 kB)
#9 16.87 Downloading websockets-17.2-cp312-cp312-manylinux1_x86_64.manylinux_2_28_x86_64.manylinux_2_5_x86_64.whl (225 kB)
#9 16.89 Downloading anyio-4.15.1-py3-none-any.whl (132 kB)
#9 16.93 Downloading pycparser-3.0-py3-none-any.whl (48 kB)
#9 16.96 Downloading idna-3.20-py3-none-any.whl (69 kB)
#9 17.15 Building wheels for collected packages: exaconnect-controller
#9 17.16   Building wheel for exaconnect-controller (pyproject.toml): started
#9 18.14   Building wheel for exaconnect-controller (pyproject.toml): finished with status 'done'
#9 18.14   Created wheel for exaconnect-controller: filename=exaconnect_controller-0.2.0-py3-none-any.whl size=100671 sha256=7874aaaad9e68f6d2bfd272d03e1ccd1492cd4d648a36b5a935f7245fca805d9
#9 18.14   Stored in directory: /tmp/pip-ephem-wheel-cache-lddqbsk4/wheels/54/1b/b7/aa63e25c8f14f4f2ae7b04e6097bdecb770e455c5c1ee0a600
#9 18.16 Successfully built exaconnect-controller
#9 18.24 Installing collected packages: websockets, uvloop, typing-extensions, pyyaml, python-dotenv, pycparser, psycopg-binary, idna, httptools, h11, click, annotated-types, annotated-doc, uvicorn, typing-inspection, pydantic-core, psycopg-pool, psycopg, opentelemetry-api, cffi, anyio, watchfiles, starlette, pydantic, cryptography, fastapi, exaconnect-controller
#9 22.66 Successfully installed annotated-doc-0.0.5 annotated-types-0.8.0 anyio-4.15.1 cffi-2.1.1 click-8.5.0 cryptography-50.0.2 exaconnect-controller-0.2.0 fastapi-0.142.2 h11-0.16.0 httptools-0.8.0 idna-3.20 opentelemetry-api-1.45.0 psycopg-3.3.6 psycopg-binary-3.3.6 psycopg-pool-3.3.3 pycparser-3.0 pydantic-2.13.5 pydantic-core-2.46.5 python-dotenv-1.2.4 pyyaml-6.0.3 starlette-1.7.0 typing-extensions-4.16.0 typing-inspection-0.4.4 uvicorn-0.54.0 uvloop-0.23.0 watchfiles-1.3.0 websockets-17.2
#9 22.66 WARNING: Running pip as the 'root' user can result in broken permissions and conflicting behaviour with the system package manager, possibly rendering your system unusable. It is recommended to use a virtual environment instead: https://pip.pypa.io/warnings/venv. Use the --root-user-action option if you know what you are doing and want to suppress this warning.
#9 22.87 
#9 22.87 [notice] A new release of pip is available: 25.0.1 -> 26.2.1
#9 22.87 [notice] To update, run: pip install --upgrade pip
#9 DONE 23.6s

#10 [controller] exporting to image
#10 exporting layers
#10 exporting layers 8.7s done
#10 exporting manifest sha256:f578799658238763a2b1b4ac2a0f9ea29434e1114f471dc13cd49448d98ac708 0.0s done
#10 exporting config sha256:107cbf6bb7f309dc7acaad37c1c160ec6708f206fa0efdc077b1bf8a1cc7f3cc 0.1s done
#10 exporting attestation manifest sha256:9f7a22c46ea5bcb83eed7425d54b742801806d9afe8e93a43db8dcea9609d5be 0.1s done
#10 exporting manifest list sha256:d3ef4c168f7462cbe4e86f8ce899048c9ee29b20087f2f8b61b7853d17ab87e6
#10 exporting manifest list sha256:d3ef4c168f7462cbe4e86f8ce899048c9ee29b20087f2f8b61b7853d17ab87e6 0.0s done
#10 naming to docker.io/library/exaconnect-controller:latest done
#10 unpacking to docker.io/library/exaconnect-controller:latest
#10 unpacking to docker.io/library/exaconnect-controller:latest 2.0s done
#10 DONE 11.1s

#11 [controller] resolving provenance for metadata file
#11 DONE 0.1s
 controller  Built
time="2026-10-03T20:34:02+02:00" level=warning msg="Found orphan containers ([exaconnect-web-1]) for this project. If you removed or renamed this service in your compose file, you can run this command with the --remove-orphans flag to clean it up."
 Container exaconnect-db-1  Running
 Container exaconnect-controller-1  Recreate
 Container exaconnect-controller-1  Recreated
 Container exaconnect-proxy-1  Running
 Container exaconnect-db-1  Waiting
 Container exaconnect-db-1  Healthy
 Container exaconnect-controller-1  Starting
 Container exaconnect-controller-1  Started
 Container exaconnect-controller-1  Waiting
 Container exaconnect-controller-1  Healthy
 Container exaconnect-proxy-1  Waiting
 Container exaconnect-db-1  Waiting
 Container exaconnect-controller-1  Waiting
 Container exaconnect-db-1  Healthy
 Container exaconnect-proxy-1  Healthy
 Container exaconnect-controller-1  Healthy
time="2026-10-03T20:34:13+02:00" level=warning msg="Found orphan containers ([exaconnect-web-1]) for this project. If you removed or renamed this service in your compose file, you can run this command with the --remove-orphans flag to clean it up."
 Container exaconnect-proxy-1  Recreate
 Container exaconnect-proxy-1  Recreated
 Container exaconnect-proxy-1  Starting
 Container exaconnect-proxy-1  Started
 Container exaconnect-proxy-1  Waiting
 Container exaconnect-proxy-1  Healthy

== Agents (18:34:16)
pop-miami: agent stopped
site-a: agent stopped
site-b: agent stopped
pop-miami: agent started
site-a: agent started
site-b: agent started

== Public portal (18:34:22)
time="2026-10-03T20:34:22+02:00" level=warning msg="Docker Compose is configured to build using Bake, but buildx isn't installed"
#0 building with "default" instance using docker driver

#1 [controller internal] load build definition from Dockerfile
#1 transferring dockerfile: 559B 0.0s done
#1 DONE 0.0s

#2 [controller internal] load metadata for docker.io/library/python:3.12-slim
#2 DONE 0.2s

#3 [controller internal] load .dockerignore
#3 transferring context: 2B done
#3 DONE 0.0s

#4 [controller internal] load build context
#4 DONE 0.0s

#5 [controller 1/5] FROM docker.io/library/python:3.12-slim@sha256:dddfd7e07f9d15aeeca61529320492139d21cac7f0070c00609243e51e4e0016
#5 resolve docker.io/library/python:3.12-slim@sha256:dddfd7e07f9d15aeeca61529320492139d21cac7f0070c00609243e51e4e0016 0.1s done
#5 DONE 0.1s

#4 [controller internal] load build context
#4 transferring context: 3.10kB 0.0s done
#4 DONE 0.1s

#6 [controller 2/5] WORKDIR /app
#6 CACHED

#7 [controller 3/5] COPY pyproject.toml ./
#7 CACHED

#8 [controller 4/5] COPY exaconnect_controller ./exaconnect_controller
#8 CACHED

#9 [controller 5/5] RUN pip install --no-cache-dir . && mkdir -p /data && chown nobody:nogroup /data
#9 CACHED

#10 [controller] exporting to image
#10 exporting layers 0.0s done
#10 exporting manifest sha256:f578799658238763a2b1b4ac2a0f9ea29434e1114f471dc13cd49448d98ac708 done
#10 exporting config sha256:107cbf6bb7f309dc7acaad37c1c160ec6708f206fa0efdc077b1bf8a1cc7f3cc done
#10 exporting attestation manifest sha256:8aa63ed533bbac051f3a6d3f27d89c05b2765d6a281be5cdcf29618f7435e9f7
#10 exporting attestation manifest sha256:8aa63ed533bbac051f3a6d3f27d89c05b2765d6a281be5cdcf29618f7435e9f7 0.1s done
#10 exporting manifest list sha256:dbfc2bce29a59fd6d3172216424ba67957c5d498b04888ef655b8319c9abe5b7
#10 exporting manifest list sha256:dbfc2bce29a59fd6d3172216424ba67957c5d498b04888ef655b8319c9abe5b7 0.0s done
#10 naming to docker.io/library/exaconnect-controller:latest done
#10 unpacking to docker.io/library/exaconnect-controller:latest 0.0s done
#10 DONE 0.4s

#11 [controller] resolving provenance for metadata file
#11 DONE 0.0s

#12 [web internal] load build definition from Dockerfile
#12 transferring dockerfile: 529B done
#12 DONE 0.0s

#13 [web internal] load metadata for docker.io/library/node:22-alpine
#13 DONE 0.3s

#14 [web internal] load metadata for docker.io/library/caddy:2-alpine
#14 DONE 0.3s

#15 [web internal] load .dockerignore
#15 transferring context: 2B done
#15 DONE 0.0s

#16 [web internal] load build context
#16 DONE 0.0s

#17 [web portal 1/6] FROM docker.io/library/node:22-alpine@sha256:0a7108bf6c7bf5de370ffb1a3ed6be93d405b43ff159f681a8d18c0e2bc2e402
#17 resolve docker.io/library/node:22-alpine@sha256:0a7108bf6c7bf5de370ffb1a3ed6be93d405b43ff159f681a8d18c0e2bc2e402 0.1s done
#17 DONE 0.1s

#18 [web stage-1 1/3] FROM docker.io/library/caddy:2-alpine@sha256:881bbc60f9986d5ab8e7cfd6cf7e4ef3c9c0439fef2429d035d065577882f028
#18 resolve docker.io/library/caddy:2-alpine@sha256:881bbc60f9986d5ab8e7cfd6cf7e4ef3c9c0439fef2429d035d065577882f028 0.1s done
#18 DONE 0.1s

#16 [web internal] load build context
#16 transferring context: 97.40kB 0.4s done
#16 DONE 0.4s

#19 [web portal 6/6] RUN npm run build
#19 CACHED

#20 [web stage-1 2/3] COPY deploy/public/Caddyfile /etc/caddy/Caddyfile
#20 CACHED

#21 [web portal 3/6] COPY portal/package.json portal/package-lock.json ./
#21 CACHED

#22 [web portal 4/6] RUN npm ci --no-audit --no-fund
#22 CACHED

#23 [web portal 2/6] WORKDIR /src/portal
#23 CACHED

#24 [web portal 5/6] COPY portal/ ./
#24 CACHED

#25 [web stage-1 3/3] COPY --from=portal /src/portal/dist /srv/portal
#25 CACHED

#26 [web] exporting to image
#26 exporting layers 0.0s done
#26 exporting manifest sha256:92aa0163a49c68060cc62861e5906252ca58921920ff5626dc4c1758928c7402 done
#26 exporting config sha256:3f622e4736515d517f7b7557fefeb20329d966937bd50e485d45fac514f79197 done
#26 exporting attestation manifest sha256:ace8e4fc2960bb48853bde8768e268c318c7ff1e04cd098d523127e7b56e05b6
#26 exporting attestation manifest sha256:ace8e4fc2960bb48853bde8768e268c318c7ff1e04cd098d523127e7b56e05b6 0.1s done
#26 exporting manifest list sha256:64b8a2553baf3bf6461fa02ae0bb0e1722b6e0e89625d5707ad61fa383ba2dbc
#26 exporting manifest list sha256:64b8a2553baf3bf6461fa02ae0bb0e1722b6e0e89625d5707ad61fa383ba2dbc 0.0s done
#26 naming to docker.io/library/exaconnect-web:latest done
#26 unpacking to docker.io/library/exaconnect-web:latest
#26 unpacking to docker.io/library/exaconnect-web:latest 0.2s done
#26 DONE 0.6s

#27 [web] resolving provenance for metadata file
#27 DONE 0.0s
 controller  Built
 web  Built
 Container exaconnect-db-1  Running
 Container exaconnect-controller-1  Recreate
 Container exaconnect-controller-1  Recreated
 Container exaconnect-web-1  Recreate
 Container exaconnect-web-1  Recreated
 Container exaconnect-db-1  Waiting
 Container exaconnect-db-1  Healthy
 Container exaconnect-controller-1  Starting
 Container exaconnect-controller-1  Started
 Container exaconnect-controller-1  Waiting
 Container exaconnect-controller-1  Healthy
 Container exaconnect-web-1  Starting
 Container exaconnect-web-1  Started
 Container exaconnect-web-1  Waiting
 Container exaconnect-db-1  Waiting
 Container exaconnect-controller-1  Waiting
 Container exaconnect-web-1  Healthy
 Container exaconnect-db-1  Healthy
 Container exaconnect-controller-1  Healthy

== Waiting for tunnels, BGP and BFD (18:34:39)

== Checks (18:34:44)
-- lab/scripts/check-routing.sh
ok    site-a wg-a handshake 22s ago
ok    site-a wg-b handshake 22s ago
ok    site-a wg-sat handshake 23s ago
ok    site-b wg-a handshake 23s ago
ok    site-b wg-b handshake 23s ago
ok    site-b wg-sat handshake 23s ago
ok    pop-miami BGP 6/6 established
ok    pop-miami BFD 6/6 up
ok    site-a BGP 3/3 established
ok    site-a BFD 3/3 up
ok    site-b BGP 3/3 established
ok    site-b BFD 3/3 up
ok    lan-a -> lan-b (site-a to site-b via the PoP)
ok    lan-b -> lan-a
ok    lan-a -> lan-pop

  traceroute to 192.168.20.10 (192.168.20.10), 30 hops max, 46 byte packets
   1  192.168.10.1  0.012 ms
   2  100.64.1.1  31.687 ms
   3  100.64.1.12  54.011 ms
   4  192.168.20.10  52.970 ms
-- lab/ci/checks/m4-steering.sh
-- steering applied
ok    pop-miami nftables classifier
ok    pop-miami 6 steering rules
ok    site-a nftables classifier
ok    site-a 3 steering rules
ok    site-b nftables classifier
ok    site-b 3 steering rules
      voice state at start: site-a carrier-b since 2026-10-03 18:27:39.908633+00 return carrier-a 2026-10-03 18:33:54.822957+00; site-b carrier-b since 2026-10-03 18:27:29.559684+00 return carrier-a 2026-10-03 18:33:24.614075+00
ok    site-a voice on wg-a at start (moved back after 248 s; an earlier run left it on B)
      maps: site-b v98, pop-miami v187, site-a v145
-- brownout: carrier A loss 0 -> 3% over 180 s (demo step 2)
ok    voice moved 210 s into the ramp
      Moved voice from Carrier A to Carrier B: loss on Carrier A rising 0.5% a minute, forecast 1.2% in 60 s against a 1% SLA.
ok    moved before the 1% SLA was breached (measured 0.62%)
ok    site-a kernel sends voice on wg-b
ok    bulk stayed on carrier A (3% is under its 5% threshold)
-- hard cut of carrier B while voice is on it (demo step 3)
      voice probe stream: 1443 of 1500 received at 50 packets/s
ok    voice lost 1140 ms of packets (< 3 s)
ok    agent failover on BFD after 1 s
ok    voice on wg-a after the cut
-- recovery: restore B, classes move back only after the hold time (demo step 4)
ok    no moves in the first minute after recovery
      moves since the brownout began: 8
      18:41:19 site-b voice move: Moved voice from Carrier A to Carrier B: loss on Carrier A rising 0.5% a minute, forecast 1.2% in 60 s against a 1% SLA.
      18:42:10 site-a voice hold: Kept voice on Carrier A: loss on Carrier A rising 1.3% a minute, forecast 2.0% in 60 s against a 1% SLA, but no other path is forecast within SLA.
      18:42:20 site-a voice hold: Kept voice on Carrier A: loss on Carrier A is 1.1% against a 1% SLA, but no other path is forecast within SLA.
      18:42:30 site-a voice move: Moved voice from Carrier A to Carrier B: loss on Carrier A is 1.2% against a 1% SLA.
      18:42:40 site-a business move: Moved business from Carrier A to Carrier B: loss on Carrier A rising 1.7% a minute, forecast 2.7% in 60 s against a 2% SLA.
      18:43:31 site-b business move: Moved business from Carrier A to Carrier B: loss on Carrier A rising 0.3% a minute, forecast 2.4% in 60 s against a 2% SLA.
      18:43:51 site-a business failover: Moved business from Carrier B to Carrier A: Carrier B is down (BFD reports it down).
      18:43:51 site-b business failover: Moved business from Carrier B to Carrier A: Carrier B is down (BFD reports it down).
      18:43:51 site-a voice failover: Moved voice from Carrier B to Carrier A: Carrier B is down (BFD reports it down).
      18:43:51 site-b voice failover: Moved voice from Carrier B to Carrier A: Carrier B is down (BFD reports it down).
      18:44:12 site-a voice hold: Kept voice on Carrier A: loss on Carrier A is 2.3% against a 1% SLA, but it moved here 20 s ago (hold time 120 s).
      18:44:12 site-b voice hold: Kept voice on Carrier A: loss on Carrier A is 1.9% against a 1% SLA, but it moved here 20 s ago (hold time 120 s).
      18:44:12 site-a business hold: Kept business on Carrier A: loss on Carrier A is 2.3% against a 2% SLA, but it moved here 20 s ago (hold time 120 s).
      18:44:22 site-b voice hold: Kept voice on Carrier A: loss on Carrier A is 1.7% against a 1% SLA, but it moved here 30 s ago (hold time 120 s).
      18:44:22 site-a business hold: Kept business on Carrier A: loss on Carrier A is 2.4% against a 2% SLA, but it moved here 30 s ago (hold time 120 s).
      18:44:22 site-a voice hold: Kept voice on Carrier A: loss on Carrier A is 2.4% against a 1% SLA, but it moved here 30 s ago (hold time 120 s).
      18:44:32 site-b voice hold: Kept voice on Carrier A: loss on Carrier A is 1.7% against a 1% SLA, but it moved here 40 s ago (hold time 120 s).
      18:44:32 site-a voice hold: Kept voice on Carrier A: loss on Carrier A is 2.3% against a 1% SLA, but it moved here 40 s ago (hold time 120 s).
      18:44:32 site-a business hold: Kept business on Carrier A: loss on Carrier A is 2.3% against a 2% SLA, but it moved here 40 s ago (hold time 120 s).
      18:44:42 site-a voice hold: Kept voice on Carrier A: loss on Carrier A is 2.1% against a 1% SLA, but it moved here 50 s ago (hold time 120 s).
      18:44:42 site-b voice hold: Kept voice on Carrier A: loss on Carrier A is 1.5% against a 1% SLA, but it moved here 50 s ago (hold time 120 s).
      18:44:42 site-a business hold: Kept business on Carrier A: loss on Carrier A is 2.1% against a 2% SLA, but it moved here 50 s ago (hold time 120 s).
      18:44:52 site-a voice hold: Kept voice on Carrier A: loss on Carrier A is 2.1% against a 1% SLA, but it moved here 60 s ago (hold time 120 s).
      18:44:52 site-a business hold: Kept business on Carrier A: loss on Carrier A is 2.1% against a 2% SLA, but it moved here 60 s ago (hold time 120 s).
      18:44:52 site-b voice hold: Kept voice on Carrier A: loss on Carrier A is 1.4% against a 1% SLA, but it moved here 60 s ago (hold time 120 s).
      18:45:02 site-b voice hold: Kept voice on Carrier A: loss on Carrier A is 1.4% against a 1% SLA, but it moved here 70 s ago (hold time 120 s).
      18:45:02 site-a voice hold: Kept voice on Carrier A: loss on Carrier A is 1.9% against a 1% SLA, but it moved here 70 s ago (hold time 120 s).
      18:45:12 site-b voice hold: Kept voice on Carrier A: loss on Carrier A is 1.3% against a 1% SLA, but it moved here 81 s ago (hold time 120 s).
      18:45:12 site-a voice hold: Kept voice on Carrier A: loss on Carrier A is 1.7% against a 1% SLA, but it moved here 81 s ago (hold time 120 s).
-- lab/ci/checks/m5-storm.sh
-- Storm Mode on at site-a only
ok    Storm Mode switched on for site-a through the API
ok    site-a agent has the Storm Mode steering map
ok    site-b is not in Storm Mode
ok    satellite warm: 50 probes per 10 s
ok    satellite BGP established
-- both terrestrial links cut
ok    voice continues on satellite
ok    business continues on satellite
ok    bulk paused (blackhole rule)
ok    voice stream lost 1800 ms across the double cut
-- restore and switch Storm Mode off
ok    Storm Mode switched off
ok    voice and business back on terrestrial paths, bulk resumed
      Storm Mode last switched by user:admin@exacarib.local
      18:46:38 storm_off
      18:45:18 storm_on
-- lab/ci/checks/m6-metering.sh
-- traffic: 20 Mbit/s bulk (CS1, TCP) from lan-a to lan-b for 11 minutes
      bulk leaves site-a on wg-a
ok    5-minute samples with traffic for site-a
      iperf: [  5] 541.00-542.00 sec  2.38 MBytes  19.9 Mbits/sec    0    659 KBytes        [  5] 542.00-543.00 sec  2.38 MBytes  20.0 Mbits/sec    0    911 KBytes        [  5] 543.00-544.00 sec  2.38 MBytes  19.9 Mbits/sec    0    911 KBytes        [  5] 544
      site-a carrier-a: samples 11, 95th in 1.409586 out 21.928277, billable 21.928277, commit 100, burst 0.000, total 400.00
ok    billable rate 21.928277 Mbps matches the ~20 Mbit/s offered
-- CSV matches the screen
ok    CSV 95th percentile 21.928 equals the screen
ok    CSV settlement total equals the screen
-- carrier view
ok    carrier user sees only Carrier A links
ok    carrier user cannot open the customer overview
-- lab/ci/checks/m7-outage.sh
-- stop the controller and the agent proxy
ok    all three agents noticed after 56 s and hold the last good state
ok    site A still reaches site B through the PoP
-- BFD failover with the controller down
ok    voice moved from wg-a to wg-b in 3.5 s, without the controller
-- start the controller again
ok    all three agents reconciled 16 s after the restart
-- lab/ci/checks/m8-ai.sh
-- hurricane watch
ok    NHC feed read from the lab host: 2 active storms
ok    example hurricane raised a warning
ok    only site-a (Kingston) is warned
      Hurricane Example (90 kt) is moving at 23 km/h on a heading of 285°. Projecting that motion forward, it passes about 92 km from site-a in about 25 h. Consider switching Storm Mode on so the satellite path is warm before the terrestrial links suffer. This is a straight-line projection; check the NHC advisory for the official forecast track.
-- disaster watch
ok    all disaster feeds read from the lab host: ptwc=2 usgs=16 events=16 failed= 
ok    example earthquake from USGS, GDACS and tsunami.gov raised one alert, for site-b only
      Magnitude 6.4 earthquake, 38 km NE of Port of Spain, Trinidad and Tobago, reported by USGS and GDACS and tsunami.gov. Latest tsunami message: Tsunami Information Statement Number 2. Sites in range: site-b 47 km (critical). Consider switching Storm Mode on for the sites marked critical, so the satellite path is warm if terrestrial links fail. Distances are straight lines from the reported location; check the source's report.
-- insights from this run
      anomaly critical: Carrier B at site-b: loss 8.00%, usually 0.00%
      anomaly critical: Carrier A at site-a: loss 4.50%, usually 0.00%
      anomaly critical: Carrier A at site-b: loss 4.55%, usually 0.00%
      anomaly critical: Carrier B at site-a: loss 8.33%, usually 0.00%
      storm_warning critical: Example data: Hurricane Example may pass 92 km from site-a in about 25 h
      hazard critical: Example data: Magnitude 6.4 earthquake, 38 km NE of Port of Spain, Trinidad and Tobago: 47 km from site-b
      storm_warning critical: Example data: Hurricane Example may pass 92 km from site-a in about 25 h
      anomaly critical: Carrier B at site-a: loss 3.69%, usually 0.00%
      anomaly critical: Carrier B at site-b: loss 3.89%, usually 0.00%
      anomaly critical: Carrier A at site-b: loss 4.22%, usually 0.24%
-- ask your network
ok    answered: Voice is on Carrier A at site-a now, and it last moved to Carrier A from Carrier B at 18:57:10 UTC because the BFD session to Carrier B came back up after a brief outage.
-- lab/ci/checks/m9-public.sh
ok    https://connect.exacarib.com/healthz answers on this host
ok    certificate from Let's Encrypt (issuer=C = US, O = Let's Encrypt, CN = YE1)
ok    portal served
ok    agent endpoints not served publicly
ok    API answers and needs sign-in
ok    connect.exacarib.com reachable from this host over the internet
      web container: running restarts=0
      caddy: {"level":"info","ts":1791052478.5367699,"msg":"using config from file","file":"/etc/caddy/Caddyfile"}
      caddy: {"level":"info","ts":1791052478.536774,"msg":"adapted config to JSON","adapter":"caddyfile"}
      caddy: {"level":"info","ts":1791053079.28173,"logger":"http.acme_client","msg":"got renewal info","names":["connect.exacarib.com"],"window_start":1795957913,"window_end":1796113363,"selected_time":1795969590,"recheck_after":1791073987.2816737,"explanation_url":""}
      caddy: {"level":"info","ts":1791053079.2878313,"logger":"tls.cache.maintenance","msg":"updated and stored ACME renewal information","identifiers":["connect.exacarib.com"],"cert_hash":"4a944e992781ef64a23e2a99585fc0d194635dfd189b5c16d2dc007b65a71927","ari_unique_id":"uyDKRwv-1-Wc-Y8JKqOMN0WxvNg.BcLngFVsXXF5
      listening on public addresses: 22 80 443 
ok    controller, database and dev portal stay private
-- lab/ci/checks/m9-traffic.sh
-- priority queues
ok    site-a wg-a: qdisc cake 803a: root refcnt 2 bandwidth 190Mbit diffserv4 triple-isolate nonat nowash no-
ok    site-a wg-b: qdisc cake 803b: root refcnt 2 bandwidth 95Mbit diffserv4 triple-isolate nonat nowash no-a
-- application detection: Zoom-like traffic on UDP 8801 for 4 minutes
ok    site-a reported its flows to UDP 8801
ok    recognised: Zoom meetings seen at site-a: 1 flow(s) to UDP 8801, matches Zoom meetings (calls and meetings); currently unclassified. Suggest voice (real-time priority).
ok    suggests voice
ok    applied as rule 17
ok    site-a classifies UDP 8801-8810 as voice
ok    Zoom flows now report as voice
ok    site-b is unchanged (the rule is for site-a)
-- a customer rule: a subnet and port into business
ok    site-a classifies TCP 5201 to site B as business
ok    the PoP classifies the return direction

== Diagnostics (18:59:40)
pop-miami: running
site-a: running
site-b: running
-- agent log pop-miami
time=2026-10-03T18:58:03.584Z level=INFO msg="bfd change" node=pop-miami peer=100.64.1.11 tunnel=wg-a status=up
time=2026-10-03T18:58:28.553Z level=INFO msg="new steering map" node=pop-miami version=197 storm=false
time=2026-10-03T18:59:19.741Z level=INFO msg="bfd change" node=pop-miami peer=100.64.1.12 tunnel=wg-a status=down
time=2026-10-03T18:59:19.741Z level=INFO msg="bfd change" node=pop-miami peer=100.64.2.11 tunnel=wg-b status=down
time=2026-10-03T18:59:19.741Z level=INFO msg="bfd change" node=pop-miami peer=100.64.1.11 tunnel=wg-a status=init
time=2026-10-03T18:59:19.741Z level=INFO msg="bfd change" node=pop-miami peer=100.64.2.12 tunnel=wg-b status=init
time=2026-10-03T18:59:19.764Z level=INFO msg="class moved" node=pop-miami class=voice dst=192.168.10.0/24 from=carrier-b to=bgp why=bfd
time=2026-10-03T18:59:19.764Z level=INFO msg="class moved" node=pop-miami class=business dst=192.168.10.0/24 from=carrier-b to=carrier-a why=bfd
time=2026-10-03T18:59:19.764Z level=INFO msg="class moved" node=pop-miami class=bulk dst=192.168.10.0/24 from=carrier-a to=carrier-b why=bfd
time=2026-10-03T18:59:19.764Z level=INFO msg="class moved" node=pop-miami class=business dst=192.168.20.0/24 from=carrier-b to=bgp why=bfd
time=2026-10-03T18:59:19.764Z level=INFO msg="class moved" node=pop-miami class=bulk dst=192.168.20.0/24 from=carrier-b to=paused why=bfd
time=2026-10-03T18:59:19.819Z level=INFO msg="bfd change" node=pop-miami peer=100.64.1.12 tunnel=wg-a status=init
time=2026-10-03T18:59:19.824Z level=INFO msg="class moved" node=pop-miami class=voice dst=192.168.10.0/24 from=bgp to=carrier-a why=bfd
time=2026-10-03T18:59:19.824Z level=INFO msg="class moved" node=pop-miami class=bulk dst=192.168.10.0/24 from=carrier-b to=carrier-a why=bfd
time=2026-10-03T18:59:19.824Z level=INFO msg="class moved" node=pop-miami class=business dst=192.168.20.0/24 from=bgp to=carrier-a why=bfd
time=2026-10-03T18:59:19.824Z level=INFO msg="class moved" node=pop-miami class=bulk dst=192.168.20.0/24 from=paused to=carrier-a why=bfd
time=2026-10-03T18:59:20.746Z level=INFO msg="bfd change" node=pop-miami peer=100.64.1.12 tunnel=wg-a status=up
time=2026-10-03T18:59:20.746Z level=INFO msg="bfd change" node=pop-miami peer=100.64.2.11 tunnel=wg-b status=up
time=2026-10-03T18:59:20.746Z level=INFO msg="bfd change" node=pop-miami peer=100.64.1.11 tunnel=wg-a status=up
time=2026-10-03T18:59:20.746Z level=INFO msg="bfd change" node=pop-miami peer=100.64.2.12 tunnel=wg-b status=up
time=2026-10-03T18:59:20.757Z level=INFO msg="class moved" node=pop-miami class=voice dst=192.168.10.0/24 from=carrier-a to=carrier-b why=bfd
time=2026-10-03T18:59:20.757Z level=INFO msg="class moved" node=pop-miami class=business dst=192.168.10.0/24 from=carrier-a to=carrier-b why=bfd
time=2026-10-03T18:59:20.757Z level=INFO msg="class moved" node=pop-miami class=business dst=192.168.20.0/24 from=carrier-a to=carrier-b why=bfd
time=2026-10-03T18:59:20.757Z level=INFO msg="class moved" node=pop-miami class=bulk dst=192.168.20.0/24 from=carrier-a to=carrier-b why=bfd
time=2026-10-03T18:59:38.539Z level=INFO msg="new steering map" node=pop-miami version=199 storm=false
-- agent log site-a
time=2026-10-03T18:57:10.512Z level=INFO msg="class moved" node=site-a class=voice dst="" from=carrier-b to=carrier-a why=bfd
time=2026-10-03T18:57:10.512Z level=INFO msg="class moved" node=site-a class=business dst="" from=carrier-b to=carrier-a why=bfd
time=2026-10-03T18:57:10.512Z level=INFO msg="class moved" node=site-a class=bulk dst="" from=carrier-b to=carrier-a why=bfd
time=2026-10-03T18:57:25.555Z level=INFO msg="controller reachable again; reconciling" node=site-a
time=2026-10-03T18:57:38.343Z level=INFO msg="new steering map" node=site-a version=152 storm=false
time=2026-10-03T18:57:38.349Z level=INFO msg="class moved" node=site-a class=voice dst="" from=carrier-a to=carrier-b why=controller
time=2026-10-03T18:57:38.349Z level=INFO msg="class moved" node=site-a class=business dst="" from=carrier-a to=carrier-b why=controller
time=2026-10-03T18:57:41.913Z level=INFO msg="bfd change" node=site-a peer=100.64.2.1 tunnel=wg-b status=down
time=2026-10-03T18:57:41.918Z level=INFO msg="class moved" node=site-a class=voice dst="" from=carrier-b to=carrier-a why=bfd
time=2026-10-03T18:57:41.918Z level=INFO msg="class moved" node=site-a class=business dst="" from=carrier-b to=carrier-a why=bfd
time=2026-10-03T18:57:42.947Z level=INFO msg="bfd change" node=site-a peer=100.64.2.1 tunnel=wg-b status=up
time=2026-10-03T18:57:42.959Z level=INFO msg="class moved" node=site-a class=voice dst="" from=carrier-a to=carrier-b why=bfd
time=2026-10-03T18:57:42.959Z level=INFO msg="class moved" node=site-a class=business dst="" from=carrier-a to=carrier-b why=bfd
time=2026-10-03T18:58:02.426Z level=INFO msg="bfd change" node=site-a peer=100.64.1.1 tunnel=wg-a status=down
time=2026-10-03T18:58:02.430Z level=INFO msg="class moved" node=site-a class=bulk dst="" from=carrier-a to=carrier-b why=bfd
time=2026-10-03T18:58:03.424Z level=INFO msg="bfd change" node=site-a peer=100.64.1.1 tunnel=wg-a status=up
time=2026-10-03T18:58:03.428Z level=INFO msg="class moved" node=site-a class=bulk dst="" from=carrier-b to=carrier-a why=bfd
time=2026-10-03T18:58:28.390Z level=INFO msg="new steering map" node=site-a version=153 storm=false
time=2026-10-03T18:59:19.708Z level=INFO msg="bfd change" node=site-a peer=100.64.1.1 tunnel=wg-a status=down
time=2026-10-03T18:59:19.708Z level=INFO msg="bfd change" node=site-a peer=100.64.2.1 tunnel=wg-b status=init
time=2026-10-03T18:59:19.761Z level=INFO msg="class moved" node=site-a class=bulk dst="" from=carrier-a to=carrier-b why=bfd
time=2026-10-03T18:59:20.883Z level=INFO msg="bfd change" node=site-a peer=100.64.1.1 tunnel=wg-a status=up
time=2026-10-03T18:59:20.883Z level=INFO msg="bfd change" node=site-a peer=100.64.2.1 tunnel=wg-b status=up
time=2026-10-03T18:59:20.887Z level=INFO msg="class moved" node=site-a class=bulk dst="" from=carrier-b to=carrier-a why=bfd
time=2026-10-03T18:59:38.349Z level=INFO msg="new steering map" node=site-a version=155 storm=false
-- agent log site-b
time=2026-10-03T18:57:38.390Z level=INFO msg="class moved" node=site-b class=voice dst="" from=carrier-a to=carrier-b why=controller
time=2026-10-03T18:57:38.390Z level=INFO msg="class moved" node=site-b class=business dst="" from=carrier-a to=carrier-b why=controller
time=2026-10-03T18:57:38.390Z level=INFO msg="class moved" node=site-b class=bulk dst="" from=carrier-a to=carrier-b why=controller
time=2026-10-03T18:57:41.415Z level=INFO msg="bfd change" node=site-b peer=100.64.1.1 tunnel=wg-a status=down
time=2026-10-03T18:57:41.634Z level=INFO msg="bfd change" node=site-b peer=100.64.2.1 tunnel=wg-b status=down
time=2026-10-03T18:57:41.634Z level=INFO msg="bfd change" node=site-b peer=100.64.1.1 tunnel=wg-a status=init
time=2026-10-03T18:57:41.649Z level=INFO msg="class moved" node=site-b class=voice dst="" from=carrier-b to=carrier-a why=bfd
time=2026-10-03T18:57:41.649Z level=INFO msg="class moved" node=site-b class=business dst="" from=carrier-b to=carrier-a why=bfd
time=2026-10-03T18:57:41.649Z level=INFO msg="class moved" node=site-b class=bulk dst="" from=carrier-b to=carrier-a why=bfd
time=2026-10-03T18:57:42.478Z level=INFO msg="bfd change" node=site-b peer=100.64.2.1 tunnel=wg-b status=up
time=2026-10-03T18:57:42.478Z level=INFO msg="bfd change" node=site-b peer=100.64.1.1 tunnel=wg-a status=up
time=2026-10-03T18:57:42.485Z level=INFO msg="class moved" node=site-b class=voice dst="" from=carrier-a to=carrier-b why=bfd
time=2026-10-03T18:57:42.485Z level=INFO msg="class moved" node=site-b class=business dst="" from=carrier-a to=carrier-b why=bfd
time=2026-10-03T18:57:42.485Z level=INFO msg="class moved" node=site-b class=bulk dst="" from=carrier-a to=carrier-b why=bfd
time=2026-10-03T18:59:19.746Z level=INFO msg="bfd change" node=site-b peer=100.64.2.1 tunnel=wg-b status=down
time=2026-10-03T18:59:19.746Z level=INFO msg="bfd change" node=site-b peer=100.64.1.1 tunnel=wg-a status=down
time=2026-10-03T18:59:19.756Z level=INFO msg="class moved" node=site-b class=voice dst="" from=carrier-b to=bgp why=bfd
time=2026-10-03T18:59:19.756Z level=INFO msg="class moved" node=site-b class=business dst="" from=carrier-b to=bgp why=bfd
time=2026-10-03T18:59:19.756Z level=INFO msg="class moved" node=site-b class=bulk dst="" from=carrier-b to=paused why=bfd
time=2026-10-03T18:59:20.913Z level=INFO msg="bfd change" node=site-b peer=100.64.2.1 tunnel=wg-b status=up
time=2026-10-03T18:59:20.913Z level=INFO msg="bfd change" node=site-b peer=100.64.1.1 tunnel=wg-a status=up
time=2026-10-03T18:59:20.917Z level=INFO msg="class moved" node=site-b class=voice dst="" from=bgp to=carrier-b why=bfd
time=2026-10-03T18:59:20.917Z level=INFO msg="class moved" node=site-b class=business dst="" from=bgp to=carrier-b why=bfd
time=2026-10-03T18:59:20.917Z level=INFO msg="class moved" node=site-b class=bulk dst="" from=paused to=carrier-b why=bfd
time=2026-10-03T18:59:38.370Z level=INFO msg="new steering map" node=site-b version=103 storm=false
-- controller log
controller-1  | INFO:     172.18.0.4:39734 - "GET /api/v1/agent/desired-state?have=7 HTTP/1.0" 204 No Content
controller-1  | INFO:     172.18.0.4:39736 - "POST /api/v1/agent/telemetry HTTP/1.0" 204 No Content
controller-1  | INFO:     172.18.0.4:39744 - "POST /api/v1/agent/telemetry HTTP/1.0" 204 No Content
controller-1  | INFO:     172.18.0.4:39746 - "GET /api/v1/agent/steering?have=153 HTTP/1.0" 204 No Content
controller-1  | INFO:     172.18.0.4:39762 - "GET /api/v1/agent/desired-state?have=9 HTTP/1.0" 204 No Content
controller-1  | INFO:     172.18.0.4:39766 - "GET /api/v1/agent/steering?have=102 HTTP/1.0" 204 No Content
controller-1  | INFO:     172.18.0.4:39774 - "POST /api/v1/agent/telemetry HTTP/1.0" 204 No Content
controller-1  | INFO:     172.18.0.4:39778 - "GET /api/v1/agent/steering?have=197 HTTP/1.0" 204 No Content
controller-1  | INFO:     127.0.0.1:60776 - "GET /healthz HTTP/1.1" 200 OK
controller-1  | INFO:     172.18.0.4:34058 - "GET /api/v1/agent/steering?have=153 HTTP/1.0" 204 No Content
controller-1  | INFO:     172.18.0.4:34064 - "GET /api/v1/agent/steering?have=102 HTTP/1.0" 204 No Content
controller-1  | INFO:     172.18.0.4:34076 - "GET /api/v1/agent/steering?have=197 HTTP/1.0" 204 No Content
controller-1  | INFO:     127.0.0.1:60786 - "GET /healthz HTTP/1.1" 200 OK
controller-1  | INFO:     172.18.0.4:34082 - "GET /api/v1/agent/desired-state?have=27 HTTP/1.0" 204 No Content
controller-1  | INFO:     172.18.0.4:34092 - "GET /api/v1/agent/desired-state?have=7 HTTP/1.0" 204 No Content
controller-1  | INFO:     172.18.0.4:34104 - "GET /api/v1/agent/steering?have=153 HTTP/1.0" 204 No Content
controller-1  | INFO:     172.18.0.4:34108 - "POST /api/v1/agent/telemetry HTTP/1.0" 204 No Content
controller-1  | INFO:     172.18.0.4:34120 - "GET /api/v1/agent/steering?have=102 HTTP/1.0" 204 No Content
controller-1  | INFO:     172.18.0.4:34134 - "POST /api/v1/agent/telemetry HTTP/1.0" 204 No Content
controller-1  | INFO:     172.18.0.4:34148 - "GET /api/v1/agent/desired-state?have=9 HTTP/1.0" 204 No Content
controller-1  | INFO:     172.18.0.4:34150 - "POST /api/v1/agent/telemetry HTTP/1.0" 204 No Content
controller-1  | INFO:     172.18.0.4:34164 - "GET /api/v1/agent/steering?have=197 HTTP/1.0" 204 No Content
controller-1  | INFO:     127.0.0.1:38472 - "GET /healthz HTTP/1.1" 200 OK
controller-1  | INFO:     172.18.0.4:57998 - "GET /api/v1/agent/steering?have=153 HTTP/1.0" 204 No Content
controller-1  | INFO:     172.18.0.4:58004 - "GET /api/v1/agent/steering?have=102 HTTP/1.0" 204 No Content
controller-1  | INFO:     172.18.0.4:58008 - "GET /api/v1/agent/steering?have=197 HTTP/1.0" 204 No Content
controller-1  | INFO:     127.0.0.1:38482 - "GET /healthz HTTP/1.1" 200 OK
controller-1  | INFO:     172.18.0.4:58024 - "GET /api/v1/agent/desired-state?have=27 HTTP/1.0" 204 No Content
controller-1  | INFO:     172.18.0.4:58028 - "GET /api/v1/agent/desired-state?have=7 HTTP/1.0" 204 No Content
controller-1  | INFO:     172.18.0.4:58026 - "POST /api/v1/agent/telemetry HTTP/1.0" 204 No Content
controller-1  | INFO:     172.18.0.4:58030 - "GET /api/v1/agent/steering?have=102 HTTP/1.0" 204 No Content
controller-1  | INFO:     172.18.0.4:58044 - "GET /api/v1/agent/steering?have=153 HTTP/1.0" 204 No Content
controller-1  | INFO:     172.18.0.4:58052 - "POST /api/v1/agent/telemetry HTTP/1.0" 204 No Content
controller-1  | INFO:     172.18.0.4:58060 - "GET /api/v1/agent/desired-state?have=9 HTTP/1.0" 204 No Content
controller-1  | INFO:     172.18.0.4:58062 - "GET /api/v1/agent/steering?have=197 HTTP/1.0" 204 No Content
controller-1  | INFO:     172.18.0.4:58074 - "POST /api/v1/agent/telemetry HTTP/1.0" 204 No Content
controller-1  | INFO:     172.18.0.4:42848 - "GET /api/v1/agent/steering?have=153 HTTP/1.0" 204 No Content
controller-1  | INFO:     172.18.0.4:42852 - "GET /api/v1/agent/steering?have=102 HTTP/1.0" 204 No Content
controller-1  | INFO:     172.18.0.4:42866 - "GET /api/v1/agent/steering?have=197 HTTP/1.0" 204 No Content
controller-1  | INFO:     127.0.0.1:37710 - "GET /healthz HTTP/1.1" 200 OK
controller-1  | INFO:     172.18.0.4:42868 - "GET /api/v1/agent/desired-state?have=27 HTTP/1.0" 204 No Content
controller-1  | INFO:     172.18.0.4:42884 - "GET /api/v1/agent/desired-state?have=7 HTTP/1.0" 204 No Content
controller-1  | INFO:     172.18.0.4:42896 - "POST /api/v1/agent/telemetry HTTP/1.0" 204 No Content
controller-1  | INFO:     172.18.0.4:42902 - "GET /api/v1/agent/steering?have=153 HTTP/1.0" 204 No Content
controller-1  | INFO:     172.18.0.4:42914 - "GET /api/v1/agent/steering?have=102 HTTP/1.0" 204 No Content
controller-1  | INFO:     172.18.0.4:42922 - "POST /api/v1/agent/telemetry HTTP/1.0" 204 No Content
controller-1  | INFO:     172.18.0.4:42932 - "GET /api/v1/agent/desired-state?have=9 HTTP/1.0" 204 No Content
controller-1  | INFO:     172.18.0.4:42940 - "POST /api/v1/agent/telemetry HTTP/1.0" 204 No Content
controller-1  | INFO:     172.18.0.4:42944 - "GET /api/v1/agent/steering?have=197 HTTP/1.0" 204 No Content
controller-1  | INFO:     127.0.0.1:37724 - "GET /healthz HTTP/1.1" 200 OK
controller-1  | INFO:     172.18.0.1:47466 - "POST /api/v1/auth/login HTTP/1.1" 200 OK
controller-1  | INFO:     172.18.0.1:47478 - "DELETE /api/v1/customers/4d26813b-aaa6-4be7-9b73-1730be959882/rules/17 HTTP/1.1" 204 No Content
controller-1  | INFO:     172.18.0.1:47482 - "POST /api/v1/auth/login HTTP/1.1" 200 OK
controller-1  | INFO:     172.18.0.1:47488 - "POST /api/v1/customers/4d26813b-aaa6-4be7-9b73-1730be959882/rules HTTP/1.1" 201 Created
controller-1  | INFO:     172.18.0.4:57456 - "GET /api/v1/agent/steering?have=153 HTTP/1.0" 200 OK
controller-1  | INFO:     172.18.0.4:57464 - "GET /api/v1/agent/steering?have=102 HTTP/1.0" 200 OK
controller-1  | INFO:     172.18.0.4:57474 - "GET /api/v1/agent/steering?have=197 HTTP/1.0" 200 OK
controller-1  | INFO:     127.0.0.1:37640 - "GET /healthz HTTP/1.1" 200 OK
controller-1  | INFO:     172.18.0.1:37512 - "POST /api/v1/auth/login HTTP/1.1" 200 OK
controller-1  | INFO:     172.18.0.1:37524 - "DELETE /api/v1/customers/4d26813b-aaa6-4be7-9b73-1730be959882/rules/18 HTTP/1.1" 204 No Content
-- host
 20:59:42 up 2 days, 17:24,  0 user,  load average: 4.03, 5.74, 5.46
procs -----------memory---------- ---swap-- -----io---- -system-- -------cpu-------
 r  b   swpd   free   buff  cache   si   so    bi    bo   in   cs us sy id wa st gu
 1  0      0 5500352  25252 1462080    0    0    35   234 4853   17  6 19 75  0  0  0
 2  1      0 5489492  25252 1462100    0    0     0   464 5415 7315  8 29 63  0  0  0
 4  0      0 5514468  25252 1462108    0    0     0   184 6018 8250 10 31 59  0  0  0
