commit 383aef7: Lab: timing diagnostics for the host; layer 2 check waits for clean loss

== Lab already up; rebuilding the agent (23:49:41)

== Controller (23:50:15)
.env ready (admin: admin@exacarib.local)
time="2026-10-04T01:50:17+02:00" level=warning msg="Docker Compose is configured to build using Bake, but buildx isn't installed"
#0 building with "default" instance using docker driver

#1 [controller internal] load build definition from Dockerfile
#1 transferring dockerfile: 559B 0.0s done
#1 DONE 0.0s

#2 [controller internal] load metadata for docker.io/library/python:3.12-slim
#2 DONE 0.3s

#3 [controller internal] load .dockerignore
#3 transferring context: 2B done
#3 DONE 0.0s

#4 [controller internal] load build context
#4 DONE 0.0s

#5 [controller 1/5] FROM docker.io/library/python:3.12-slim@sha256:dddfd7e07f9d15aeeca61529320492139d21cac7f0070c00609243e51e4e0016
#5 resolve docker.io/library/python:3.12-slim@sha256:dddfd7e07f9d15aeeca61529320492139d21cac7f0070c00609243e51e4e0016
#5 resolve docker.io/library/python:3.12-slim@sha256:dddfd7e07f9d15aeeca61529320492139d21cac7f0070c00609243e51e4e0016 0.2s done
#5 DONE 0.2s

#4 [controller internal] load build context
#4 transferring context: 3.21kB 0.0s done
#4 DONE 0.1s

#6 [controller 2/5] WORKDIR /app
#6 CACHED

#7 [controller 3/5] COPY pyproject.toml ./
#7 CACHED

#8 [controller 4/5] COPY exaconnect_controller ./exaconnect_controller
#8 CACHED

#9 [controller 5/5] RUN pip install --no-cache-dir . && mkdir -p /data && chown nobody:nogroup /data
#9 CACHED

#10 [controller] exporting to image
#10 exporting layers 0.0s done
#10 exporting manifest sha256:a75b141f77d746647eba5b49d73a9053d97e6bf67872954719235559ec84fd7c 0.0s done
#10 exporting config sha256:f925ee3666a84a5bc70f9b019df679405896aac2d5513879fb1cccab43457d3b done
#10 exporting attestation manifest sha256:0687bf8d4375a5caca5b6da0183d85dd495d5e58f095f91648be59a8f47cfbf3
#10 exporting attestation manifest sha256:0687bf8d4375a5caca5b6da0183d85dd495d5e58f095f91648be59a8f47cfbf3 0.1s done
#10 exporting manifest list sha256:9b6f81c5036e9838ca0811bbaa4e4fee32519cc7449674f315254e16fdd8e7f6 0.1s done
#10 naming to docker.io/library/exaconnect-controller:latest
#10 naming to docker.io/library/exaconnect-controller:latest done
#10 unpacking to docker.io/library/exaconnect-controller:latest 0.0s done
#10 DONE 0.4s

#11 [controller] resolving provenance for metadata file
#11 DONE 0.0s
 controller  Built
time="2026-10-04T01:50:18+02:00" level=warning msg="Found orphan containers ([exaconnect-web-1]) for this project. If you removed or renamed this service in your compose file, you can run this command with the --remove-orphans flag to clean it up."
 Container exaconnect-db-1  Running
 Container exaconnect-controller-1  Recreate
 Container exaconnect-controller-1  Recreated
 Container exaconnect-proxy-1  Running
 Container exaconnect-db-1  Waiting
 Container exaconnect-db-1  Healthy
 Container exaconnect-controller-1  Starting
 Container exaconnect-controller-1  Started
 Container exaconnect-controller-1  Waiting
 Container exaconnect-controller-1  Healthy
 Container exaconnect-controller-1  Waiting
 Container exaconnect-proxy-1  Waiting
 Container exaconnect-db-1  Waiting
 Container exaconnect-db-1  Healthy
 Container exaconnect-controller-1  Healthy
 Container exaconnect-proxy-1  Healthy
time="2026-10-04T01:50:28+02:00" level=warning msg="Found orphan containers ([exaconnect-web-1]) for this project. If you removed or renamed this service in your compose file, you can run this command with the --remove-orphans flag to clean it up."
 Container exaconnect-proxy-1  Recreate
 Container exaconnect-proxy-1  Recreated
 Container exaconnect-proxy-1  Starting
 Container exaconnect-proxy-1  Started
 Container exaconnect-proxy-1  Waiting
 Container exaconnect-proxy-1  Healthy

== Agents (23:50:30)
pop-miami: agent stopped
site-a: agent stopped
site-b: agent stopped
pop-miami: agent started
site-a: agent started
site-b: agent started

== Public portal (23:50:35)
time="2026-10-04T01:50:36+02:00" level=warning msg="Docker Compose is configured to build using Bake, but buildx isn't installed"
#0 building with "default" instance using docker driver

#1 [controller internal] load build definition from Dockerfile
#1 transferring dockerfile: 559B done
#1 DONE 0.0s

#2 [controller internal] load metadata for docker.io/library/python:3.12-slim
#2 DONE 0.2s

#3 [controller internal] load .dockerignore
#3 transferring context: 2B done
#3 DONE 0.0s

#4 [controller internal] load build context
#4 DONE 0.0s

#5 [controller 1/5] FROM docker.io/library/python:3.12-slim@sha256:dddfd7e07f9d15aeeca61529320492139d21cac7f0070c00609243e51e4e0016
#5 resolve docker.io/library/python:3.12-slim@sha256:dddfd7e07f9d15aeeca61529320492139d21cac7f0070c00609243e51e4e0016 0.1s done
#5 DONE 0.1s

#4 [controller internal] load build context
#4 transferring context: 3.21kB 0.0s done
#4 DONE 0.0s

#6 [controller 2/5] WORKDIR /app
#6 CACHED

#7 [controller 3/5] COPY pyproject.toml ./
#7 CACHED

#8 [controller 4/5] COPY exaconnect_controller ./exaconnect_controller
#8 CACHED

#9 [controller 5/5] RUN pip install --no-cache-dir . && mkdir -p /data && chown nobody:nogroup /data
#9 CACHED

#10 [controller] exporting to image
#10 exporting layers 0.0s done
#10 exporting manifest sha256:a75b141f77d746647eba5b49d73a9053d97e6bf67872954719235559ec84fd7c done
#10 exporting config sha256:f925ee3666a84a5bc70f9b019df679405896aac2d5513879fb1cccab43457d3b 0.0s done
#10 exporting attestation manifest sha256:e61d74cddd0fbd6db3a95134fad73337307a88b59d2a30c6b42f374d1cfae9ce
#10 exporting attestation manifest sha256:e61d74cddd0fbd6db3a95134fad73337307a88b59d2a30c6b42f374d1cfae9ce 0.1s done
#10 exporting manifest list sha256:1c1b40a96701fa77268fb67f4360e20268c54a552590e6ffccb03410a226f696 0.0s done
#10 naming to docker.io/library/exaconnect-controller:latest
#10 naming to docker.io/library/exaconnect-controller:latest done
#10 unpacking to docker.io/library/exaconnect-controller:latest 0.0s done
#10 DONE 0.5s

#11 [controller] resolving provenance for metadata file
#11 DONE 0.1s

#12 [web internal] load build definition from Dockerfile
#12 transferring dockerfile: 529B done
#12 DONE 0.0s

#13 [web internal] load metadata for docker.io/library/node:22-alpine
#13 ...

#14 [web internal] load metadata for docker.io/library/caddy:2-alpine
#14 DONE 0.8s

#13 [web internal] load metadata for docker.io/library/node:22-alpine
#13 DONE 0.9s

#15 [web internal] load .dockerignore
#15 transferring context: 2B done
#15 DONE 0.0s

#16 [web internal] load build context
#16 DONE 0.0s

#17 [web stage-1 1/3] FROM docker.io/library/caddy:2-alpine@sha256:881bbc60f9986d5ab8e7cfd6cf7e4ef3c9c0439fef2429d035d065577882f028
#17 resolve docker.io/library/caddy:2-alpine@sha256:881bbc60f9986d5ab8e7cfd6cf7e4ef3c9c0439fef2429d035d065577882f028
#17 resolve docker.io/library/caddy:2-alpine@sha256:881bbc60f9986d5ab8e7cfd6cf7e4ef3c9c0439fef2429d035d065577882f028 0.2s done
#17 DONE 0.2s

#18 [web portal 1/6] FROM docker.io/library/node:22-alpine@sha256:0a7108bf6c7bf5de370ffb1a3ed6be93d405b43ff159f681a8d18c0e2bc2e402
#18 resolve docker.io/library/node:22-alpine@sha256:0a7108bf6c7bf5de370ffb1a3ed6be93d405b43ff159f681a8d18c0e2bc2e402
#18 resolve docker.io/library/node:22-alpine@sha256:0a7108bf6c7bf5de370ffb1a3ed6be93d405b43ff159f681a8d18c0e2bc2e402 0.4s done
#18 DONE 0.4s

#16 [web internal] load build context
#16 transferring context: 97.45kB 0.4s done
#16 DONE 0.4s

#19 [web portal 2/6] WORKDIR /src/portal
#19 CACHED

#20 [web portal 3/6] COPY portal/package.json portal/package-lock.json ./
#20 CACHED

#21 [web portal 4/6] RUN npm ci --no-audit --no-fund
#21 CACHED

#22 [web portal 5/6] COPY portal/ ./
#22 CACHED

#23 [web portal 6/6] RUN npm run build
#23 CACHED

#24 [web stage-1 2/3] COPY deploy/public/Caddyfile /etc/caddy/Caddyfile
#24 CACHED

#25 [web stage-1 3/3] COPY --from=portal /src/portal/dist /srv/portal
#25 CACHED

#26 [web] exporting to image
#26 exporting layers 0.0s done
#26 exporting manifest sha256:39f643100491909d6b36c2cc901e6be54345e024a617ae855015c393b21bca38 done
#26 exporting config sha256:17c84f3a37b5bffc64ffccd74a6fb132a6bd6f81a4be050313b119f68e9e18c8 0.1s done
#26 exporting attestation manifest sha256:194f91d98544b6b93d0c98b1fd347dc41efb7093f6a968fb8d22f23723fc8fed 0.1s done
#26 exporting manifest list sha256:7ab1a4ce2ce126e2545130b1b66f6f2c36e3edbe188cbebe24307fabbdae9711
#26 exporting manifest list sha256:7ab1a4ce2ce126e2545130b1b66f6f2c36e3edbe188cbebe24307fabbdae9711 0.1s done
#26 naming to docker.io/library/exaconnect-web:latest 0.0s done
#26 unpacking to docker.io/library/exaconnect-web:latest 0.0s done
#26 DONE 0.6s

#27 [web] resolving provenance for metadata file
#27 DONE 0.1s
 controller  Built
 web  Built
 Container exaconnect-db-1  Running
 Container exaconnect-controller-1  Recreate
 Container exaconnect-controller-1  Recreated
 Container exaconnect-web-1  Recreate
 Container exaconnect-web-1  Recreated
 Container exaconnect-db-1  Waiting
 Container exaconnect-db-1  Healthy
 Container exaconnect-controller-1  Starting
 Container exaconnect-controller-1  Started
 Container exaconnect-controller-1  Waiting
 Container exaconnect-controller-1  Healthy
 Container exaconnect-web-1  Starting
 Container exaconnect-web-1  Started
 Container exaconnect-controller-1  Waiting
 Container exaconnect-web-1  Waiting
 Container exaconnect-db-1  Waiting
 Container exaconnect-controller-1  Healthy
 Container exaconnect-db-1  Healthy
 Container exaconnect-web-1  Healthy

== Waiting for tunnels, BGP and BFD (23:50:53)

== Checks (23:50:59)
-- lab/scripts/check-routing.sh
ok    site-a wg-a handshake 24s ago
ok    site-a wg-b handshake 25s ago
ok    site-a wg-sat handshake 25s ago
ok    site-b wg-a handshake 25s ago
ok    site-b wg-b handshake 25s ago
ok    site-b wg-sat handshake 26s ago
FAIL  pop-miami BGP 5/6 established
FAIL  pop-miami BFD 5/6 up
FAIL  site-a BGP 2/3 established
FAIL  site-a BFD 2/3 up
ok    site-b BGP 3/3 established
ok    site-b BFD 3/3 up
ok    lan-a -> lan-b (site-a to site-b via the PoP)
ok    lan-b -> lan-a
ok    lan-a -> lan-pop

  traceroute to 192.168.20.10 (192.168.20.10), 30 hops max, 46 byte packets
   1  192.168.10.1  0.026 ms
   2  100.64.1.1  28.127 ms
   3  100.64.1.12  57.491 ms
   4  192.168.20.10  52.696 ms
-- lab/ci/checks/m0-timing.sh
-- host timing
      clocksource kvm-clock, available: kvm-clock hpet acpi_pm 
      kernel 6.8.0-139-generic, timers: hres_active    : 1, resolution: 1 nsecs
      HZ 1000, 4 CPUs, load 4.75 6.91 7.15
      netem on carrier-a: qdisc netem 8040: root refcnt 5 limit 10000 delay 12.5ms  1ms seed 2563082753635852984
      site-a to lan-a (no netem):              0.052/0.177/4.547/0.549 ms
      site-a to carrier-a router (one netem):  10.728/15.201/93.599/11.211 ms
      site-a to PoP underlay via carrier A:    21.656/27.259/43.146/3.448 ms
      site-a to PoP through wg-a:              23.071/31.519/103.590/9.281 ms, pipe 2
      site-a to PoP underlay via carrier B:    29.396/36.667/59.393/4.938 ms, pipe 2
        (netem asks for 25 ms on A and 35 ms on B round trip, with 2 and 4 ms jitter)
-- busiest containers
      27.27% clab-exaconnect-pop-miami
      21.32% clab-exaconnect-site-a
      17.74% clab-exaconnect-site-b
      0.59% exaconnect-controller-1
      0.52% clab-exaconnect-ix
      0.44% clab-exaconnect-cloud-azure
      0.36% clab-exaconnect-lan-b
      0.30% clab-exaconnect-sat
-- busiest processes
       466 ps
       9.2 exa-agent
       8.5 uvicorn
       7.4 exa-agent
       6.8 exa-agent
       3.5 bfdd
       3.3 rcu_preempt
       2.9 kworker/1:2-events
-- lab/ci/checks/m4-steering.sh
-- steering applied
ok    pop-miami nftables classifier
ok    pop-miami 6 steering rules
ok    site-a nftables classifier
ok    site-a 3 steering rules
ok    site-b nftables classifier
ok    site-b 3 steering rules
      voice state at start: site-a carrier-b since 2026-10-03 23:42:08.952796+00 return carrier-a 2026-10-03 23:51:09.214123+00; site-b carrier-b since 2026-10-03 23:42:08.952796+00 return carrier-a 2026-10-03 23:51:09.214123+00
      probe jitter, last 3 min, carrier-a avg 15.9 p95 34.5, carrier-b avg 17.7 p95 43.4, sat avg 26.6 p95 57.1
      host load 3.69 6.41 6.98 on 4 CPUs, CPU steal 0.0% over 5 s
FAIL  site-a voice on 'wg-b' (controller: carrier-b) at start, want wg-a
      state: carrier-b since 2026-10-03 23:42:08.952796+00 return carrier-a 2026-10-03 23:56:34.531026+00 note - updated 2026-10-03 23:59:47.073649+00
      voice class: preferred none, priority realtime
      2026-10-03 23:42:08.953087+00|move|Moved voice from Carrier A to Carrier B: loss on Carrier A is 1.8% against a 1% SLA.
      2026-10-03 23:34:39.881732+00|hold|Kept voice on Carrier A: jitter on Carrier A is 32 ms against a 30 ms SLA, but no other path is forecast within SLA.
      2026-10-03 23:34:29.720337+00|hold|Kept voice on Carrier A: jitter on Carrier A is 34 ms against a 30 ms SLA, but no other path is forecast within SLA.
      2026-10-03 23:34:09.248179+00|hold|Kept voice on Carrier A: jitter on Carrier A is 36 ms against a 30 ms SLA, but no other path is forecast within SLA.
      probe jitter, last 3 min, carrier-a avg 9.9 p95 18.4, carrier-b avg 11.6 p95 21.4, sat avg 17.8 p95 24.8
      host load 5.29 4.46 5.60, CPU steal 0.0% over 5 s
      probes carrier-a: sent 3339 lost 0 rtt 35.7 jitter 9.8
      probes carrier-b: sent 3335 lost 0 rtt 46.2 jitter 11.6
      probes sat: sent 170 lost 0 rtt 57.4 jitter 17.9
      maps: site-b v129, pop-miami v253, site-a v201
-- brownout: carrier A loss 0 -> 3% over 180 s (demo step 2)
SKIP  brownout: voice was not on carrier A to start with (see above)
-- hard cut of carrier B while voice is on it (demo step 3)
      voice probe stream: 1445 of 1500 received at 50 packets/s
ok    voice lost 1100 ms of packets (< 3 s)
ok    agent failover on BFD after 1 s
ok    voice on wg-a after the cut
-- recovery: restore B, classes move back only after the hold time (demo step 4)
ok    no moves in the first minute after recovery
lab/ci/checks/m4-steering.sh: line 146: t0: unbound variable
      moves since the brownout began: 
lab/ci/checks/m4-steering.sh: line 149: t0: unbound variable
-- lab/ci/checks/m5-storm.sh
-- Storm Mode on at site-a only
ok    Storm Mode switched on for site-a through the API
ok    site-a agent has the Storm Mode steering map
ok    site-b is not in Storm Mode
ok    satellite warm: 50 probes per 10 s
ok    satellite BGP established
-- both terrestrial links cut
ok    voice continues on satellite
ok    business continues on satellite
ok    bulk paused (blackhole rule)
FAIL  voice stream received 1338/1500
-- restore and switch Storm Mode off
ok    Storm Mode switched off
ok    voice and business back on terrestrial paths, bulk resumed
      Storm Mode last switched by user:admin@exacarib.local
      00:03:17 storm_off
      00:01:56 storm_on
-- lab/ci/checks/m6-metering.sh
-- traffic: 20 Mbit/s bulk (CS1, TCP) from lan-a to lan-b for 11 minutes
      bulk leaves site-a on wg-a
ok    5-minute samples with traffic for site-a
      iperf: [  5]   0.00-660.00 sec  1.48 GBytes  19.3 Mbits/sec  2943             sender [  5]   0.00-660.07 sec  1.48 GBytes  19.2 Mbits/sec                  receiver  iperf Done. 
      site-a carrier-a: samples 11, 95th in 1.71642 out 26.465392, billable 26.465392, commit 100, burst 0.000, total 400.00
ok    billable rate 26.465392 Mbps matches the ~20 Mbit/s offered
-- CSV matches the screen
ok    CSV 95th percentile 26.465 equals the screen
ok    CSV settlement total equals the screen
-- carrier view
ok    carrier user sees only Carrier A links
ok    carrier user cannot open the customer overview
-- lab/ci/checks/m7-outage.sh
-- stop the controller and the agent proxy
ok    all three agents noticed after 57 s and hold the last good state
ok    site A still reaches site B through the PoP
-- BFD failover with the controller down
ok    voice moved from wg-a to wg-b in 2.9 s, without the controller
-- start the controller again
ok    all three agents reconciled 16 s after the restart
-- lab/ci/checks/m8-ai.sh
-- hurricane watch
ok    NHC feed read from the lab host: 2 active storms
ok    example hurricane raised a warning
ok    only site-a (Kingston) is warned
      Hurricane Example (90 kt) is moving at 23 km/h on a heading of 285°. Projecting that motion forward, it passes about 92 km from site-a in about 25 h. Consider switching Storm Mode on so the satellite path is warm before the terrestrial links suffer. This is a straight-line projection; check the NHC advisory for the official forecast track.
-- disaster watch
ok    all disaster feeds read from the lab host: ptwc=2 usgs=10 events=10 failed= 
ok    example earthquake from USGS, GDACS and tsunami.gov raised one alert, for site-b only
      Magnitude 6.4 earthquake, 38 km NE of Port of Spain, Trinidad and Tobago, reported by USGS and GDACS and tsunami.gov. Latest tsunami message: Tsunami Information Statement Number 2. Sites in range: site-b 47 km (critical). Consider switching Storm Mode on for the sites marked critical, so the satellite path is warm if terrestrial links fail. Distances are straight lines from the reported location; check the source's report.
-- insights from this run
      anomaly critical: Carrier B at site-a: loss 9.38%, usually 0.00%
      anomaly critical: Carrier A at site-b: loss 4.26%, usually 0.00%
      anomaly critical: Carrier A at site-a: loss 5.51%, usually 0.00%
      anomaly critical: Carrier B at site-b: loss 7.70%, usually 0.00%
      anomaly warning: Carrier B at site-a: latency 60.7 ms, usually 46.4 ms
      anomaly warning: Carrier A at site-b: latency 48.8 ms, usually 35.8 ms
      anomaly warning: Carrier B at site-a: jitter 23.7 ms, usually 11.2 ms
      anomaly warning: Carrier A at site-a: latency 51.4 ms, usually 35.9 ms
      anomaly warning: Carrier B at site-b: jitter 27.1 ms, usually 11.2 ms
      anomaly warning: Carrier B at site-b: latency 62.2 ms, usually 46.4 ms
-- ask your network
ok    answered: Voice at site-a is currently on carrier-a, and it last moved there from carrier-b at 00:16:30 UTC because the BFD session on carrier-a came back up after a brief outage.
-- lab/ci/checks/m9-fabric.sh
-- simulated cloud gateways
ok    AWS and Azure gateways configured
-- cloud circuits
ok    created circuits 7 (AWS) and 8 (Azure)
ok    both circuits up (IPsec and BGP) 14 s after they were created
      AWS: up, BGP Established, routes 10.100.0.0/16
ok    site-a learned the AWS VPC route from the PoP
ok    lan-a reaches the AWS VPC (10.100.0.1) through the PoP
ok    site-a puts traffic for AWS in business
-- cloud router
ok    AWS reaches Azure through the PoP
-- elastic bandwidth
ok    20 Mbps reached the PoP's shaper on vc7
      charges so far: [{"mbps":50,"hours":0.0},{"mbps":20,"hours":0.0}]
-- layer 2 circuit
ok    VLAN 100 at site A and VLAN 200 at site B are one segment (lan-a pings lan-b)
ok    layer 2 circuit up and monitored: round trip 78.0 ms, 0.0% loss over the last minute
-- clean up
ok    deleted circuits are torn down at the PoP
-- lab/ci/checks/m9-public-e2e.sh
-- API through https://connect.exacarib.com
ok    admin signs in at https://connect.exacarib.com
ok    every portal screen's data answers 200 through the public site
      settlement CSV: 200 text/csv; charset=utf-8
-- browser
ok    signed in through the browser
ok    Overview renders without errors
ok    Sites renders without errors
ok    Traffic: seen on your network renders without errors
ok    Traffic: rules renders without errors
ok    Traffic: classes renders without errors
ok    Decisions renders without errors
ok    Fabric renders without errors
ok    Metering renders without errors
ok    Insights renders without errors
ok    Ask your network renders without errors
ok    Carrier view renders without errors
ok    Account renders without errors
ok    Admin: agents renders without errors
ok    Admin: sites renders without errors
ok    Admin: classes renders without errors
ok    Admin: users renders without errors
ok    Admin: settings renders without errors
ok    Admin: audit renders without errors
ok    example hurricane and earthquake alerts appear on Insights
-- lab/ci/checks/m9-public.sh
ok    https://connect.exacarib.com/healthz answers on this host
ok    certificate from Let's Encrypt (issuer=C = US, O = Let's Encrypt, CN = YE1)
ok    portal served
ok    agent endpoints not served publicly
ok    API answers and needs sign-in
ok    connect.exacarib.com reachable from this host over the internet
      web container: running restarts=0
      caddy: {"level":"info","ts":1791071452.57167,"msg":"using config from file","file":"/etc/caddy/Caddyfile"}
      caddy: {"level":"info","ts":1791071452.5716736,"msg":"adapted config to JSON","adapter":"caddyfile"}
      listening on public addresses: 22 80 443 
ok    controller, database and dev portal stay private
-- lab/ci/checks/m9-traffic.sh
-- priority queues
ok    site-a wg-a: qdisc cake 804b: root refcnt 2 bandwidth 190Mbit diffserv4 triple-isolate nonat nowash no-
ok    site-a wg-b: qdisc cake 804c: root refcnt 2 bandwidth 95Mbit diffserv4 triple-isolate nonat nowash no-a
-- application detection: Zoom-like traffic on UDP 8801 for 4 minutes
ok    site-a reported its flows to UDP 8801
ok    recognised: Zoom meetings seen at site-a: 1 flow(s) to UDP 8801, matches Zoom meetings (calls and meetings); currently unclassified. Suggest voice (real-time priority).
ok    suggests voice
ok    applied as rule 25
ok    site-a classifies UDP 8801-8810 as voice
ok    Zoom flows now report as voice
ok    site-b is unchanged (the rule is for site-a)
-- a customer rule: a subnet and port into business
ok    site-a classifies TCP 5201 to site B as business
ok    the PoP classifies the return direction

== Diagnostics (00:21:44)
pop-miami: running
site-a: running
site-b: running
-- agent log pop-miami
time=2026-10-04T00:19:11.739Z level=INFO msg="bfd change" node=pop-miami peer=100.64.3.12 tunnel=wg-sat status=up
time=2026-10-04T00:20:09.788Z level=INFO msg="bfd change" node=pop-miami peer=100.64.2.12 tunnel=wg-b status=down
time=2026-10-04T00:20:09.793Z level=INFO msg="class moved" node=pop-miami class=voice dst=192.168.10.0/24 from=carrier-b to=carrier-a why=bfd
time=2026-10-04T00:20:09.794Z level=INFO msg="class moved" node=pop-miami class=business dst=192.168.10.0/24 from=carrier-b to=carrier-a why=bfd
time=2026-10-04T00:20:09.794Z level=INFO msg="class moved" node=pop-miami class=voice dst=192.168.20.0/24 from=carrier-b to=carrier-a why=bfd
time=2026-10-04T00:20:09.794Z level=INFO msg="class moved" node=pop-miami class=business dst=192.168.20.0/24 from=carrier-b to=carrier-a why=bfd
time=2026-10-04T00:20:10.242Z level=INFO msg="bfd change" node=pop-miami peer=100.64.1.12 tunnel=wg-a status=down
time=2026-10-04T00:20:10.242Z level=INFO msg="bfd change" node=pop-miami peer=100.64.2.11 tunnel=wg-b status=down
time=2026-10-04T00:20:10.251Z level=INFO msg="class moved" node=pop-miami class=voice dst=192.168.10.0/24 from=carrier-a to=bgp why=bfd
time=2026-10-04T00:20:10.251Z level=INFO msg="class moved" node=pop-miami class=business dst=192.168.10.0/24 from=carrier-a to=bgp why=bfd
time=2026-10-04T00:20:10.251Z level=INFO msg="class moved" node=pop-miami class=bulk dst=192.168.10.0/24 from=carrier-a to=paused why=bfd
time=2026-10-04T00:20:10.251Z level=INFO msg="class moved" node=pop-miami class=voice dst=192.168.20.0/24 from=carrier-a to=bgp why=bfd
time=2026-10-04T00:20:10.251Z level=INFO msg="class moved" node=pop-miami class=business dst=192.168.20.0/24 from=carrier-a to=bgp why=bfd
time=2026-10-04T00:20:10.251Z level=INFO msg="class moved" node=pop-miami class=bulk dst=192.168.20.0/24 from=carrier-a to=paused why=bfd
time=2026-10-04T00:20:10.775Z level=INFO msg="bfd change" node=pop-miami peer=100.64.1.12 tunnel=wg-a status=up
time=2026-10-04T00:20:10.775Z level=INFO msg="bfd change" node=pop-miami peer=100.64.2.12 tunnel=wg-b status=up
time=2026-10-04T00:20:10.775Z level=INFO msg="bfd change" node=pop-miami peer=100.64.2.11 tunnel=wg-b status=up
time=2026-10-04T00:20:10.783Z level=INFO msg="class moved" node=pop-miami class=voice dst=192.168.10.0/24 from=bgp to=carrier-b why=bfd
time=2026-10-04T00:20:10.783Z level=INFO msg="class moved" node=pop-miami class=business dst=192.168.10.0/24 from=bgp to=carrier-b why=bfd
time=2026-10-04T00:20:10.783Z level=INFO msg="class moved" node=pop-miami class=bulk dst=192.168.10.0/24 from=paused to=carrier-a why=bfd
time=2026-10-04T00:20:10.783Z level=INFO msg="class moved" node=pop-miami class=voice dst=192.168.20.0/24 from=bgp to=carrier-b why=bfd
time=2026-10-04T00:20:10.783Z level=INFO msg="class moved" node=pop-miami class=business dst=192.168.20.0/24 from=bgp to=carrier-b why=bfd
time=2026-10-04T00:20:10.783Z level=INFO msg="class moved" node=pop-miami class=bulk dst=192.168.20.0/24 from=paused to=carrier-a why=bfd
time=2026-10-04T00:20:51.704Z level=INFO msg="new steering map" node=pop-miami version=263 storm=false
time=2026-10-04T00:21:41.729Z level=INFO msg="new steering map" node=pop-miami version=265 storm=false
-- agent log site-a
time=2026-10-04T00:18:32.953Z level=INFO msg="bfd change" node=site-a peer=100.64.1.1 tunnel=wg-a status=up
time=2026-10-04T00:18:32.958Z level=INFO msg="class moved" node=site-a class=bulk dst="" from=carrier-b to=carrier-a why=bfd
time=2026-10-04T00:19:01.924Z level=INFO msg="new steering map" node=site-a version=208 storm=false
time=2026-10-04T00:19:06.934Z level=INFO msg="new desired state" node=site-a version=43
time=2026-10-04T00:19:08.945Z level=INFO msg="bfd change" node=site-a peer=100.64.1.1 tunnel=wg-a status=down
time=2026-10-04T00:19:08.945Z level=INFO msg="bfd change" node=site-a peer=100.64.2.1 tunnel=wg-b status=down
time=2026-10-04T00:19:08.945Z level=INFO msg="bfd change" node=site-a peer=100.64.3.1 tunnel=wg-sat status=down
time=2026-10-04T00:19:08.955Z level=INFO msg="class moved" node=site-a class=voice dst="" from=carrier-b to=bgp why=bfd
time=2026-10-04T00:19:08.955Z level=INFO msg="class moved" node=site-a class=business dst="" from=carrier-b to=bgp why=bfd
time=2026-10-04T00:19:08.955Z level=INFO msg="class moved" node=site-a class=bulk dst="" from=carrier-a to=paused why=bfd
time=2026-10-04T00:19:10.481Z level=INFO msg="bfd change" node=site-a peer=100.64.1.1 tunnel=wg-a status=up
time=2026-10-04T00:19:10.481Z level=INFO msg="bfd change" node=site-a peer=100.64.2.1 tunnel=wg-b status=up
time=2026-10-04T00:19:10.481Z level=INFO msg="bfd change" node=site-a peer=100.64.3.1 tunnel=wg-sat status=up
time=2026-10-04T00:19:10.488Z level=INFO msg="class moved" node=site-a class=voice dst="" from=bgp to=carrier-b why=bfd
time=2026-10-04T00:19:10.488Z level=INFO msg="class moved" node=site-a class=business dst="" from=bgp to=carrier-b why=bfd
time=2026-10-04T00:19:10.489Z level=INFO msg="class moved" node=site-a class=bulk dst="" from=paused to=carrier-a why=bfd
time=2026-10-04T00:20:09.780Z level=INFO msg="bfd change" node=site-a peer=100.64.2.1 tunnel=wg-b status=down
time=2026-10-04T00:20:09.788Z level=INFO msg="class moved" node=site-a class=voice dst="" from=carrier-b to=carrier-a why=bfd
time=2026-10-04T00:20:09.789Z level=INFO msg="class moved" node=site-a class=business dst="" from=carrier-b to=carrier-a why=bfd
time=2026-10-04T00:20:09.975Z level=INFO msg="bfd change" node=site-a peer=100.64.2.1 tunnel=wg-b status=init
time=2026-10-04T00:20:09.981Z level=INFO msg="class moved" node=site-a class=voice dst="" from=carrier-a to=carrier-b why=bfd
time=2026-10-04T00:20:09.981Z level=INFO msg="class moved" node=site-a class=business dst="" from=carrier-a to=carrier-b why=bfd
time=2026-10-04T00:20:10.958Z level=INFO msg="bfd change" node=site-a peer=100.64.2.1 tunnel=wg-b status=up
time=2026-10-04T00:20:51.968Z level=INFO msg="new steering map" node=site-a version=209 storm=false
time=2026-10-04T00:21:41.962Z level=INFO msg="new steering map" node=site-a version=211 storm=false
-- agent log site-b
time=2026-10-04T00:17:49.232Z level=INFO msg="class moved" node=site-b class=business dst="" from=bgp to=carrier-b why=bfd
time=2026-10-04T00:17:49.232Z level=INFO msg="class moved" node=site-b class=bulk dst="" from=paused to=carrier-a why=bfd
time=2026-10-04T00:17:49.284Z level=INFO msg="bfd change" node=site-b peer=100.64.1.1 tunnel=wg-a status=up
time=2026-10-04T00:17:49.284Z level=INFO msg="bfd change" node=site-b peer=100.64.2.1 tunnel=wg-b status=up
time=2026-10-04T00:17:49.676Z level=INFO msg="bfd change" node=site-b peer=100.64.3.1 tunnel=wg-sat status=up
time=2026-10-04T00:19:02.121Z level=INFO msg="new steering map" node=site-b version=134 storm=false
time=2026-10-04T00:19:07.134Z level=INFO msg="new desired state" node=site-b version=15
time=2026-10-04T00:19:09.535Z level=INFO msg="bfd change" node=site-b peer=100.64.1.1 tunnel=wg-a status=down
time=2026-10-04T00:19:09.536Z level=INFO msg="bfd change" node=site-b peer=100.64.3.1 tunnel=wg-sat status=down
time=2026-10-04T00:19:09.536Z level=INFO msg="bfd change" node=site-b peer=100.64.2.1 tunnel=wg-b status=down
time=2026-10-04T00:19:09.539Z level=INFO msg="class moved" node=site-b class=voice dst="" from=carrier-b to=bgp why=bfd
time=2026-10-04T00:19:09.539Z level=INFO msg="class moved" node=site-b class=business dst="" from=carrier-b to=bgp why=bfd
time=2026-10-04T00:19:09.539Z level=INFO msg="class moved" node=site-b class=bulk dst="" from=carrier-a to=paused why=bfd
time=2026-10-04T00:19:10.703Z level=INFO msg="bfd change" node=site-b peer=100.64.1.1 tunnel=wg-a status=up
time=2026-10-04T00:19:10.703Z level=INFO msg="bfd change" node=site-b peer=100.64.3.1 tunnel=wg-sat status=up
time=2026-10-04T00:19:10.703Z level=INFO msg="bfd change" node=site-b peer=100.64.2.1 tunnel=wg-b status=up
time=2026-10-04T00:19:10.709Z level=INFO msg="class moved" node=site-b class=voice dst="" from=bgp to=carrier-b why=bfd
time=2026-10-04T00:19:10.709Z level=INFO msg="class moved" node=site-b class=business dst="" from=bgp to=carrier-b why=bfd
time=2026-10-04T00:19:10.709Z level=INFO msg="class moved" node=site-b class=bulk dst="" from=paused to=carrier-a why=bfd
time=2026-10-04T00:20:09.734Z level=INFO msg="bfd change" node=site-b peer=100.64.1.1 tunnel=wg-a status=down
time=2026-10-04T00:20:09.758Z level=INFO msg="class moved" node=site-b class=bulk dst="" from=carrier-a to=carrier-b why=bfd
time=2026-10-04T00:20:10.771Z level=INFO msg="bfd change" node=site-b peer=100.64.1.1 tunnel=wg-a status=up
time=2026-10-04T00:20:10.776Z level=INFO msg="class moved" node=site-b class=bulk dst="" from=carrier-b to=carrier-a why=bfd
time=2026-10-04T00:21:42.125Z level=INFO msg="new steering map" node=site-b version=135 storm=false
time=2026-10-04T00:21:47.727Z level=INFO msg="new steering map" node=site-b version=136 storm=false
-- controller log
controller-1  | INFO:     172.18.0.4:57892 - "GET /api/v1/agent/steering?have=263 HTTP/1.0" 204 No Content
controller-1  | INFO:     172.18.0.4:57900 - "GET /api/v1/agent/steering?have=209 HTTP/1.0" 204 No Content
controller-1  | INFO:     172.18.0.4:57906 - "GET /api/v1/agent/steering?have=134 HTTP/1.0" 204 No Content
controller-1  | INFO:     127.0.0.1:43420 - "GET /healthz HTTP/1.1" 200 OK
controller-1  | INFO:     172.18.0.4:52008 - "GET /api/v1/agent/desired-state?have=27 HTTP/1.0" 204 No Content
controller-1  | INFO:     172.18.0.4:52018 - "GET /api/v1/agent/steering?have=263 HTTP/1.0" 204 No Content
controller-1  | INFO:     172.18.0.4:52022 - "POST /api/v1/agent/telemetry HTTP/1.0" 204 No Content
controller-1  | INFO:     172.18.0.4:52026 - "GET /api/v1/agent/desired-state?have=43 HTTP/1.0" 204 No Content
controller-1  | INFO:     172.18.0.4:52032 - "GET /api/v1/agent/steering?have=209 HTTP/1.0" 204 No Content
controller-1  | INFO:     172.18.0.4:52042 - "POST /api/v1/agent/telemetry HTTP/1.0" 204 No Content
controller-1  | INFO:     172.18.0.4:52048 - "GET /api/v1/agent/desired-state?have=15 HTTP/1.0" 204 No Content
controller-1  | INFO:     172.18.0.4:52054 - "POST /api/v1/agent/telemetry HTTP/1.0" 204 No Content
controller-1  | INFO:     172.18.0.4:52066 - "GET /api/v1/agent/steering?have=134 HTTP/1.0" 204 No Content
controller-1  | INFO:     127.0.0.1:49856 - "GET /healthz HTTP/1.1" 200 OK
controller-1  | INFO:     172.18.0.4:52082 - "GET /api/v1/agent/steering?have=263 HTTP/1.0" 204 No Content
controller-1  | INFO:     172.18.0.4:52090 - "GET /api/v1/agent/steering?have=209 HTTP/1.0" 204 No Content
controller-1  | INFO:     172.18.0.4:52104 - "GET /api/v1/agent/steering?have=134 HTTP/1.0" 204 No Content
controller-1  | INFO:     172.18.0.4:50698 - "GET /api/v1/agent/desired-state?have=27 HTTP/1.0" 204 No Content
controller-1  | INFO:     127.0.0.1:39776 - "GET /healthz HTTP/1.1" 200 OK
controller-1  | INFO:     172.18.0.4:50702 - "GET /api/v1/agent/steering?have=263 HTTP/1.0" 204 No Content
controller-1  | INFO:     172.18.0.4:50716 - "POST /api/v1/agent/telemetry HTTP/1.0" 204 No Content
controller-1  | INFO:     172.18.0.4:50718 - "GET /api/v1/agent/desired-state?have=43 HTTP/1.0" 204 No Content
controller-1  | INFO:     172.18.0.4:50722 - "GET /api/v1/agent/steering?have=209 HTTP/1.0" 204 No Content
controller-1  | INFO:     172.18.0.4:50734 - "POST /api/v1/agent/telemetry HTTP/1.0" 204 No Content
controller-1  | INFO:     172.18.0.4:50744 - "GET /api/v1/agent/desired-state?have=15 HTTP/1.0" 204 No Content
controller-1  | INFO:     172.18.0.4:50756 - "GET /api/v1/agent/steering?have=134 HTTP/1.0" 204 No Content
controller-1  | INFO:     172.18.0.4:50768 - "POST /api/v1/agent/telemetry HTTP/1.0" 204 No Content
controller-1  | INFO:     172.18.0.4:50782 - "GET /api/v1/agent/steering?have=263 HTTP/1.0" 204 No Content
controller-1  | INFO:     172.18.0.4:50798 - "GET /api/v1/agent/steering?have=209 HTTP/1.0" 204 No Content
controller-1  | INFO:     127.0.0.1:39778 - "GET /healthz HTTP/1.1" 200 OK
controller-1  | INFO:     172.18.0.4:50808 - "GET /api/v1/agent/steering?have=134 HTTP/1.0" 204 No Content
controller-1  | INFO:     172.18.0.4:57252 - "GET /api/v1/agent/desired-state?have=27 HTTP/1.0" 204 No Content
controller-1  | INFO:     172.18.0.4:57258 - "POST /api/v1/agent/telemetry HTTP/1.0" 204 No Content
controller-1  | INFO:     172.18.0.4:57270 - "GET /api/v1/agent/steering?have=263 HTTP/1.0" 204 No Content
controller-1  | INFO:     172.18.0.4:57280 - "GET /api/v1/agent/desired-state?have=43 HTTP/1.0" 204 No Content
controller-1  | INFO:     172.18.0.4:57296 - "GET /api/v1/agent/steering?have=209 HTTP/1.0" 204 No Content
controller-1  | INFO:     172.18.0.4:57312 - "GET /api/v1/agent/desired-state?have=15 HTTP/1.0" 204 No Content
controller-1  | INFO:     172.18.0.4:57328 - "GET /api/v1/agent/steering?have=134 HTTP/1.0" 204 No Content
controller-1  | INFO:     172.18.0.4:57336 - "POST /api/v1/agent/telemetry HTTP/1.0" 204 No Content
controller-1  | INFO:     172.18.0.4:57338 - "POST /api/v1/agent/telemetry HTTP/1.0" 204 No Content
controller-1  | INFO:     127.0.0.1:55838 - "GET /healthz HTTP/1.1" 200 OK
controller-1  | INFO:     172.18.0.1:42756 - "POST /api/v1/auth/login HTTP/1.1" 200 OK
controller-1  | INFO:     172.18.0.1:42758 - "DELETE /api/v1/customers/4d26813b-aaa6-4be7-9b73-1730be959882/rules/25 HTTP/1.1" 204 No Content
controller-1  | INFO:     172.18.0.1:42766 - "POST /api/v1/auth/login HTTP/1.1" 200 OK
controller-1  | INFO:     172.18.0.1:42770 - "POST /api/v1/customers/4d26813b-aaa6-4be7-9b73-1730be959882/rules HTTP/1.1" 201 Created
controller-1  | INFO:     172.18.0.4:57340 - "GET /api/v1/agent/steering?have=263 HTTP/1.0" 200 OK
controller-1  | INFO:     172.18.0.4:57346 - "GET /api/v1/agent/steering?have=209 HTTP/1.0" 200 OK
controller-1  | INFO:     172.18.0.4:57360 - "GET /api/v1/agent/steering?have=134 HTTP/1.0" 200 OK
controller-1  | INFO:     127.0.0.1:55872 - "GET /healthz HTTP/1.1" 200 OK
controller-1  | INFO:     172.18.0.1:42778 - "POST /api/v1/auth/login HTTP/1.1" 200 OK
controller-1  | INFO:     172.18.0.1:42794 - "DELETE /api/v1/customers/4d26813b-aaa6-4be7-9b73-1730be959882/rules/26 HTTP/1.1" 204 No Content
controller-1  | INFO:     172.18.0.4:39766 - "GET /api/v1/agent/desired-state?have=15 HTTP/1.0" 204 No Content
controller-1  | INFO:     172.18.0.4:39754 - "GET /api/v1/agent/desired-state?have=43 HTTP/1.0" 204 No Content
controller-1  | INFO:     172.18.0.4:39780 - "POST /api/v1/agent/telemetry HTTP/1.0" 204 No Content
controller-1  | INFO:     172.18.0.4:39752 - "GET /api/v1/agent/desired-state?have=27 HTTP/1.0" 204 No Content
controller-1  | INFO:     172.18.0.4:39786 - "GET /api/v1/agent/steering?have=211 HTTP/1.0" 200 OK
controller-1  | INFO:     172.18.0.4:39802 - "GET /api/v1/agent/steering?have=135 HTTP/1.0" 200 OK
controller-1  | INFO:     172.18.0.4:39810 - "POST /api/v1/agent/telemetry HTTP/1.0" 204 No Content
controller-1  | INFO:     172.18.0.4:39822 - "GET /api/v1/agent/steering?have=265 HTTP/1.0" 200 OK
controller-1  | INFO:     172.18.0.4:39826 - "POST /api/v1/agent/telemetry HTTP/1.0" 204 No Content
-- controller containers
exaconnect-controller-1 Up 5 minutes (healthy)
exaconnect-db-1 Up 2 days (healthy)
exaconnect-proxy-1 Up 5 minutes
exaconnect-web-1 Up 30 minutes
/exaconnect-controller-1 restarts 0, started 2026-10-04T00:16:32.422455573Z, OOM killed false
/exaconnect-db-1 restarts 0, started 2026-10-01T05:06:52.589123103Z, OOM killed false
/exaconnect-proxy-1 restarts 0, started 2026-10-04T00:16:42.293111483Z, OOM killed false
/exaconnect-web-1 restarts 0, started 2026-10-03T23:50:51.628471002Z, OOM killed false
-- host
 02:21:48 up 2 days, 22:46,  0 user,  load average: 5.67, 6.48, 6.73
               total        used        free      shared  buff/cache   available
Mem:            7941        1765        5144         138        1476        6175
Swap:              0           0           0
procs -----------memory---------- ---swap-- -----io---- -system-- -------cpu-------
 r  b   swpd   free   buff  cache   si   so    bi    bo   in   cs us sy id wa st gu
 0  0      0 5267944   6468 1505780    0    0    47   249 4904   18  6 19 75  0  0  0
 2  0      0 5248496   6468 1505888    0    0     0   148 4879 6005  4 29 67  0  0  0
 2  0      0 5258096   6468 1505888    0    0     0   192 5629 6684  5 25 70  0  0  0
make: *** [Makefile:102: lab-ci] Error 1
