commit 3b28677: Lab: test whether idle vCPUs cause the netem latency spikes

== Lab already up; rebuilding the agent (00:23:58)

== Controller (00:24:32)
.env ready (admin: admin@exacarib.local)
time="2026-10-04T02:24:33+02:00" level=warning msg="Docker Compose is configured to build using Bake, but buildx isn't installed"
#0 building with "default" instance using docker driver

#1 [controller internal] load build definition from Dockerfile
#1 transferring dockerfile: 559B done
#1 DONE 0.0s

#2 [controller internal] load metadata for docker.io/library/python:3.12-slim
#2 DONE 0.3s

#3 [controller internal] load .dockerignore
#3 transferring context: 2B done
#3 DONE 0.0s

#4 [controller 1/5] FROM docker.io/library/python:3.12-slim@sha256:dddfd7e07f9d15aeeca61529320492139d21cac7f0070c00609243e51e4e0016
#4 resolve docker.io/library/python:3.12-slim@sha256:dddfd7e07f9d15aeeca61529320492139d21cac7f0070c00609243e51e4e0016 0.0s done
#4 DONE 0.1s

#5 [controller internal] load build context
#5 transferring context: 3.21kB 0.0s done
#5 DONE 0.0s

#6 [controller 2/5] WORKDIR /app
#6 CACHED

#7 [controller 3/5] COPY pyproject.toml ./
#7 CACHED

#8 [controller 4/5] COPY exaconnect_controller ./exaconnect_controller
#8 CACHED

#9 [controller 5/5] RUN pip install --no-cache-dir . && mkdir -p /data && chown nobody:nogroup /data
#9 CACHED

#10 [controller] exporting to image
#10 exporting layers done
#10 exporting manifest sha256:a75b141f77d746647eba5b49d73a9053d97e6bf67872954719235559ec84fd7c done
#10 exporting config sha256:f925ee3666a84a5bc70f9b019df679405896aac2d5513879fb1cccab43457d3b done
#10 exporting attestation manifest sha256:76a0299a55f6acf15e3a33584c9e83b2c48913ea250c543d125887a346bf3130 0.1s done
#10 exporting manifest list sha256:1ee8ce1e6aab7fa0ba2c6a56a3aba50ef2e71a96a856f60b8b9c8f8dcb69b9cd 0.0s done
#10 naming to docker.io/library/exaconnect-controller:latest done
#10 unpacking to docker.io/library/exaconnect-controller:latest 0.0s done
#10 DONE 0.2s

#11 [controller] resolving provenance for metadata file
#11 DONE 0.0s
 controller  Built
time="2026-10-04T02:24:34+02:00" level=warning msg="Found orphan containers ([exaconnect-web-1]) for this project. If you removed or renamed this service in your compose file, you can run this command with the --remove-orphans flag to clean it up."
 Container exaconnect-db-1  Running
 Container exaconnect-controller-1  Recreate
 Container exaconnect-controller-1  Recreated
 Container exaconnect-proxy-1  Running
 Container exaconnect-db-1  Waiting
 Container exaconnect-db-1  Healthy
 Container exaconnect-controller-1  Starting
 Container exaconnect-controller-1  Started
 Container exaconnect-controller-1  Waiting
 Container exaconnect-controller-1  Healthy
 Container exaconnect-controller-1  Waiting
 Container exaconnect-proxy-1  Waiting
 Container exaconnect-db-1  Waiting
 Container exaconnect-db-1  Healthy
 Container exaconnect-proxy-1  Healthy
 Container exaconnect-controller-1  Healthy
time="2026-10-04T02:24:44+02:00" level=warning msg="Found orphan containers ([exaconnect-web-1]) for this project. If you removed or renamed this service in your compose file, you can run this command with the --remove-orphans flag to clean it up."
 Container exaconnect-proxy-1  Recreate
 Container exaconnect-proxy-1  Recreated
 Container exaconnect-proxy-1  Starting
 Container exaconnect-proxy-1  Started
 Container exaconnect-proxy-1  Waiting
 Container exaconnect-proxy-1  Healthy

== Agents (00:24:47)
pop-miami: agent stopped
site-a: agent stopped
site-b: agent stopped
pop-miami: agent started
site-a: agent started
site-b: agent started

== Public portal (00:24:53)
time="2026-10-04T02:24:53+02:00" level=warning msg="Docker Compose is configured to build using Bake, but buildx isn't installed"
#0 building with "default" instance using docker driver

#1 [controller internal] load build definition from Dockerfile
#1 transferring dockerfile: 559B done
#1 DONE 0.0s

#2 [controller internal] load metadata for docker.io/library/python:3.12-slim
#2 DONE 0.1s

#3 [controller internal] load .dockerignore
#3 transferring context: 2B done
#3 DONE 0.0s

#4 [controller 1/5] FROM docker.io/library/python:3.12-slim@sha256:dddfd7e07f9d15aeeca61529320492139d21cac7f0070c00609243e51e4e0016
#4 resolve docker.io/library/python:3.12-slim@sha256:dddfd7e07f9d15aeeca61529320492139d21cac7f0070c00609243e51e4e0016 0.1s done
#4 DONE 0.1s

#5 [controller internal] load build context
#5 transferring context: 3.21kB done
#5 DONE 0.0s

#6 [controller 2/5] WORKDIR /app
#6 CACHED

#7 [controller 3/5] COPY pyproject.toml ./
#7 CACHED

#8 [controller 4/5] COPY exaconnect_controller ./exaconnect_controller
#8 CACHED

#9 [controller 5/5] RUN pip install --no-cache-dir . && mkdir -p /data && chown nobody:nogroup /data
#9 CACHED

#10 [controller] exporting to image
#10 exporting layers 0.0s done
#10 exporting manifest sha256:a75b141f77d746647eba5b49d73a9053d97e6bf67872954719235559ec84fd7c done
#10 exporting config sha256:f925ee3666a84a5bc70f9b019df679405896aac2d5513879fb1cccab43457d3b done
#10 exporting attestation manifest sha256:fdbe40f3e6d3a75d7227c3a25d32792bf6aa234b4c1be5f47f3d640c126a7afa
#10 exporting attestation manifest sha256:fdbe40f3e6d3a75d7227c3a25d32792bf6aa234b4c1be5f47f3d640c126a7afa 0.1s done
#10 exporting manifest list sha256:32e56cb95987a71c1e02256783bb8851c29dd9090e86c1eca8baab5e185f02af 0.0s done
#10 naming to docker.io/library/exaconnect-controller:latest done
#10 unpacking to docker.io/library/exaconnect-controller:latest 0.0s done
#10 DONE 0.3s

#11 [controller] resolving provenance for metadata file
#11 DONE 0.0s

#12 [web internal] load build definition from Dockerfile
#12 transferring dockerfile: 529B done
#12 DONE 0.0s

#13 [web internal] load metadata for docker.io/library/node:22-alpine
#13 ...

#14 [web internal] load metadata for docker.io/library/caddy:2-alpine
#14 DONE 0.3s

#13 [web internal] load metadata for docker.io/library/node:22-alpine
#13 DONE 0.3s

#15 [web internal] load .dockerignore
#15 transferring context: 2B done
#15 DONE 0.0s

#16 [web internal] load build context
#16 DONE 0.0s

#17 [web stage-1 1/3] FROM docker.io/library/caddy:2-alpine@sha256:881bbc60f9986d5ab8e7cfd6cf7e4ef3c9c0439fef2429d035d065577882f028
#17 resolve docker.io/library/caddy:2-alpine@sha256:881bbc60f9986d5ab8e7cfd6cf7e4ef3c9c0439fef2429d035d065577882f028 0.1s done
#17 DONE 0.1s

#18 [web portal 1/6] FROM docker.io/library/node:22-alpine@sha256:0a7108bf6c7bf5de370ffb1a3ed6be93d405b43ff159f681a8d18c0e2bc2e402
#18 resolve docker.io/library/node:22-alpine@sha256:0a7108bf6c7bf5de370ffb1a3ed6be93d405b43ff159f681a8d18c0e2bc2e402
#18 resolve docker.io/library/node:22-alpine@sha256:0a7108bf6c7bf5de370ffb1a3ed6be93d405b43ff159f681a8d18c0e2bc2e402 0.1s done
#18 DONE 0.1s

#16 [web internal] load build context
#16 transferring context: 97.45kB 0.2s done
#16 DONE 0.3s

#19 [web portal 4/6] RUN npm ci --no-audit --no-fund
#19 CACHED

#20 [web portal 5/6] COPY portal/ ./
#20 CACHED

#21 [web portal 3/6] COPY portal/package.json portal/package-lock.json ./
#21 CACHED

#22 [web portal 6/6] RUN npm run build
#22 CACHED

#23 [web stage-1 2/3] COPY deploy/public/Caddyfile /etc/caddy/Caddyfile
#23 CACHED

#24 [web portal 2/6] WORKDIR /src/portal
#24 CACHED

#25 [web stage-1 3/3] COPY --from=portal /src/portal/dist /srv/portal
#25 CACHED

#26 [web] exporting to image
#26 exporting layers 0.0s done
#26 exporting manifest sha256:39f643100491909d6b36c2cc901e6be54345e024a617ae855015c393b21bca38 0.0s done
#26 exporting config sha256:17c84f3a37b5bffc64ffccd74a6fb132a6bd6f81a4be050313b119f68e9e18c8 0.0s done
#26 exporting attestation manifest sha256:a5a35d11f00f9db9b50d4515059b7d34fcd7caf18e721ee8d56c5f8272cde467
#26 exporting attestation manifest sha256:a5a35d11f00f9db9b50d4515059b7d34fcd7caf18e721ee8d56c5f8272cde467 0.2s done
#26 exporting manifest list sha256:afb9cb3a232641476cd4f811badf6148c3bf53f5b4d01426d15b46f6ec2acd6e
#26 exporting manifest list sha256:afb9cb3a232641476cd4f811badf6148c3bf53f5b4d01426d15b46f6ec2acd6e 0.1s done
#26 naming to docker.io/library/exaconnect-web:latest 0.0s done
#26 unpacking to docker.io/library/exaconnect-web:latest 0.0s done
#26 DONE 0.6s

#27 [web] resolving provenance for metadata file
#27 DONE 0.0s
 controller  Built
 web  Built
 Container exaconnect-db-1  Running
 Container exaconnect-controller-1  Recreate
 Container exaconnect-controller-1  Recreated
 Container exaconnect-web-1  Recreate
 Container exaconnect-web-1  Recreated
 Container exaconnect-db-1  Waiting
 Container exaconnect-db-1  Healthy
 Container exaconnect-controller-1  Starting
 Container exaconnect-controller-1  Started
 Container exaconnect-controller-1  Waiting
 Container exaconnect-controller-1  Healthy
 Container exaconnect-web-1  Starting
 Container exaconnect-web-1  Started
 Container exaconnect-controller-1  Waiting
 Container exaconnect-web-1  Waiting
 Container exaconnect-db-1  Waiting
 Container exaconnect-db-1  Healthy
 Container exaconnect-controller-1  Healthy
 Container exaconnect-web-1  Healthy

== Waiting for tunnels, BGP and BFD (00:25:10)

== Checks (00:25:15)
-- lab/scripts/check-routing.sh
ok    site-a wg-a handshake 23s ago
ok    site-a wg-b handshake 23s ago
ok    site-a wg-sat handshake 23s ago
ok    site-b wg-a handshake 23s ago
ok    site-b wg-b handshake 24s ago
ok    site-b wg-sat handshake 24s ago
ok    pop-miami BGP 6/6 established
ok    pop-miami BFD 6/6 up
ok    site-a BGP 3/3 established
ok    site-a BFD 3/3 up
FAIL  site-b BGP 2/3 established
ok    site-b BFD 3/3 up
ok    lan-a -> lan-b (site-a to site-b via the PoP)
ok    lan-b -> lan-a
ok    lan-a -> lan-pop

  traceroute to 192.168.20.10 (192.168.20.10), 30 hops max, 46 byte packets
   1  192.168.10.1  0.009 ms
   2  100.64.1.1  26.813 ms
   3  100.64.1.12  54.673 ms
   4  192.168.20.10  57.171 ms
-- lab/ci/checks/m0-timing.sh
-- host timing
      clocksource kvm-clock, available: kvm-clock hpet acpi_pm 
      kernel 6.8.0-139-generic, timers: hres_active    : 1, resolution: 1 nsecs
      HZ 1000, 4 CPUs, load 7.44 5.99 6.42
      netem on carrier-a: qdisc netem 8040: root refcnt 5 limit 10000 delay 12.5ms  1ms seed 2563082753635852984
      cpuidle driver none, governor menu
      (netem asks for 25 ms on A and 35 ms on B round trip, with 2 and 4 ms jitter; min/avg/max/mdev)
      site-a to lan-a (no netem):              0.031/0.428/33.290/3.305 ms
      site-a to carrier-a router (one netem):  9.950/13.773/38.860/3.517 ms, pipe 2
      site-a to PoP underlay via carrier A:    21.877/32.409/239.594/27.996 ms, pipe 2
      site-a to PoP through wg-a:              23.686/36.795/129.911/14.977 ms, pipe 2
      site-a to PoP underlay via carrier B:    27.596/38.635/101.875/10.063 ms, pipe 2
-- the same with CPUs kept out of idle states
      site-a to lan-a (no netem):              0.050/0.105/0.597/0.098 ms
      site-a to carrier-a router (one netem):  10.956/14.323/67.694/6.068 ms
      site-a to PoP underlay via carrier A:    22.256/29.555/138.843/16.437 ms, pipe 2
      site-a to PoP through wg-a:              23.176/36.744/254.295/28.316 ms, pipe 2
      site-a to PoP underlay via carrier B:    28.065/43.581/316.649/31.592 ms, pipe 2
-- busiest containers
      27.14% clab-exaconnect-pop-miami
      20.78% clab-exaconnect-site-a
      19.74% clab-exaconnect-site-b
      4.42% exaconnect-db-1
      0.49% clab-exaconnect-ix
      0.48% clab-exaconnect-lan-a
      0.26% clab-exaconnect-cloud-azure
      0.25% exaconnect-controller-1
-- busiest processes
       400 ps
       9.8 exa-agent
       8.3 exa-agent
       7.8 exa-agent
       6.5 uvicorn
       3.5 bfdd
       3.3 rcu_preempt
       2.7 kworker/3:1-wg-crypt-wg-a
-- lab/ci/checks/m4-steering.sh
-- steering applied
ok    pop-miami nftables classifier
ok    pop-miami 6 steering rules
ok    site-a nftables classifier
ok    site-a 3 steering rules
ok    site-b nftables classifier
ok    site-b 3 steering rules
      voice state at start: site-a carrier-b since 2026-10-04 00:17:06.293489+00 return - -; site-b carrier-b since 2026-10-04 00:02:29.286401+00 return - -
      probe jitter, last 3 min, carrier-a avg 13.0 p95 40.6, carrier-b avg 14.4 p95 38.2, sat avg 32.5 p95 51.6
      host load 4.89 5.51 6.22 on 4 CPUs, CPU steal 0.0% over 5 s
FAIL  site-a voice on 'wg-b' (controller: carrier-b) at start, want wg-a
      state: carrier-b since 2026-10-04 00:17:06.293489+00 return - - note - updated 2026-10-04 00:34:33.947041+00
      voice class: preferred none, priority realtime
      2026-10-04 00:17:57.029191+00|hold|Kept voice on Carrier B: it is down (BFD reports it down) and no other path is up.
      2026-10-04 00:17:06.293771+00|move|Moved voice from Carrier A to Carrier B: loss on Carrier A is 1.7% against a 1% SLA.
      2026-10-04 00:06:13.374832+00|hold|Kept voice on Carrier A: loss on Carrier A is 9.7% against a 1% SLA, but no other path is forecast within SLA.
      2026-10-04 00:06:03.135941+00|hold|Kept voice on Carrier A: loss on Carrier A is 10.2% against a 1% SLA, but no other path is forecast within SLA.
      probe jitter, last 3 min, carrier-a avg 15.0 p95 32.6, carrier-b avg 14.8 p95 27.4, sat avg 23.8 p95 43.1
      host load 2.84 3.14 4.73, CPU steal 0.0% over 5 s
      probes carrier-a: sent 3501 lost 0 rtt 39.3 jitter 15.0
      probes carrier-b: sent 3497 lost 0 rtt 49.8 jitter 14.8
      probes sat: sent 180 lost 0 rtt 60.9 jitter 23.8
      maps: pop-miami v267, site-a v213, site-b v137
-- brownout: carrier A loss 0 -> 3% over 180 s (demo step 2)
SKIP  brownout: voice was not on carrier A to start with (see above)
-- hard cut of carrier B while voice is on it (demo step 3)
      voice probe stream: 1442 of 1500 received at 50 packets/s
ok    voice lost 1160 ms of packets (< 3 s)
ok    agent failover on BFD after 3 s
ok    voice on wg-a after the cut
-- recovery: restore B, classes move back only after the hold time (demo step 4)
ok    no moves in the first minute after recovery
lab/ci/checks/m4-steering.sh: line 146: t0: unbound variable
      moves since the brownout began: 
lab/ci/checks/m4-steering.sh: line 149: t0: unbound variable
-- lab/ci/checks/m5-storm.sh
-- Storm Mode on at site-a only
ok    Storm Mode switched on for site-a through the API
ok    site-a agent has the Storm Mode steering map
ok    site-b is not in Storm Mode
ok    satellite warm: 51 probes per 10 s
ok    satellite BGP established
-- both terrestrial links cut
ok    voice continues on satellite
ok    business continues on satellite
ok    bulk paused (blackhole rule)
ok    voice stream lost 1700 ms across the double cut
-- restore and switch Storm Mode off
ok    Storm Mode switched off
ok    voice and business back on terrestrial paths, bulk resumed
      Storm Mode last switched by user:admin@exacarib.local
      00:37:54 storm_off
      00:36:30 storm_on
-- lab/ci/checks/m6-metering.sh
-- traffic: 20 Mbit/s bulk (CS1, TCP) from lan-a to lan-b for 11 minutes
      bulk leaves site-a on wg-a
ok    5-minute samples with traffic for site-a
      iperf: [  5] 424.01-425.00 sec  2.62 MBytes  22.2 Mbits/sec    2    108 KBytes        [  5] 425.00-426.00 sec  1.38 MBytes  11.6 Mbits/sec    0    127 KBytes        [  5] 426.00-427.00 sec  1.38 MBytes  11.5 Mbits/sec    1    138 KBytes        [  5] 427.00-428.00 sec  1.38 MBytes  
      site-a carrier-a: samples 11, 95th in 1.587724 out 24.4438, billable 24.4438, commit 100, burst 0.000, total 400.00
ok    billable rate 24.4438 Mbps matches the ~20 Mbit/s offered
-- CSV matches the screen
ok    CSV 95th percentile 24.444 equals the screen
ok    CSV settlement total equals the screen
-- carrier view
ok    carrier user sees only Carrier A links
ok    carrier user cannot open the customer overview
-- lab/ci/checks/m7-outage.sh
-- stop the controller and the agent proxy
ok    all three agents noticed after 60 s and hold the last good state
ok    site A still reaches site B through the PoP
-- BFD failover with the controller down
ok    voice moved from wg-a to wg-b in 1.8 s, without the controller
-- start the controller again
ok    all three agents reconciled 17 s after the restart
-- lab/ci/checks/m8-ai.sh
-- hurricane watch
ok    NHC feed read from the lab host: 2 active storms
ok    example hurricane raised a warning
ok    only site-a (Kingston) is warned
      Hurricane Example (90 kt) is moving at 23 km/h on a heading of 285°. Projecting that motion forward, it passes about 92 km from site-a in about 25 h. Consider switching Storm Mode on so the satellite path is warm before the terrestrial links suffer. This is a straight-line projection; check the NHC advisory for the official forecast track.
-- disaster watch
ok    all disaster feeds read from the lab host: ptwc=2 usgs=10 events=10 failed= 
ok    example earthquake from USGS, GDACS and tsunami.gov raised one alert, for site-b only
      Magnitude 6.4 earthquake, 38 km NE of Port of Spain, Trinidad and Tobago, reported by USGS and GDACS and tsunami.gov. Latest tsunami message: Tsunami Information Statement Number 2. Sites in range: site-b 47 km (critical). Consider switching Storm Mode on for the sites marked critical, so the satellite path is warm if terrestrial links fail. Distances are straight lines from the reported location; check the source's report.
-- insights from this run
      anomaly critical: Carrier A at site-b: loss 4.20%, usually 0.00%
      anomaly critical: Carrier B at site-b: loss 8.12%, usually 0.00%
      anomaly critical: Carrier B at site-a: loss 8.12%, usually 0.00%
      anomaly critical: Carrier A at site-a: loss 4.14%, usually 0.00%
      hazard critical: Example data: Magnitude 6.4 earthquake, 38 km NE of Port of Spain, Trinidad and Tobago: 47 km from site-b
      storm_warning critical: Example data: Hurricane Example may pass 92 km from site-a in about 25 h
      storm_warning critical: Example data: Hurricane Example may pass 92 km from site-a in about 25 h
      anomaly critical: Carrier B at site-a: loss 3.69%, usually 0.00%
      anomaly critical: Carrier B at site-b: loss 3.89%, usually 0.00%
      anomaly critical: Carrier A at site-b: loss 4.22%, usually 0.24%
-- ask your network
ok    answered: Voice is on carrier-a at site-a now, and it last moved to carrier-a at 00:46:47 UTC because BFD came back up after a brief outage, not because of SLA performance.
-- lab/ci/checks/m9-fabric.sh
-- simulated cloud gateways
ok    AWS and Azure gateways configured
-- cloud circuits
ok    created circuits 10 (AWS) and 11 (Azure)
ok    both circuits up (IPsec and BGP) 18 s after they were created
      AWS: up, BGP Established, routes 10.100.0.0/16
ok    site-a learned the AWS VPC route from the PoP
ok    lan-a reaches the AWS VPC (10.100.0.1) through the PoP
ok    site-a puts traffic for AWS in business
-- cloud router
ok    AWS reaches Azure through the PoP
-- elastic bandwidth
ok    20 Mbps reached the PoP's shaper on vc10
      charges so far: [{"mbps":50,"hours":0.01},{"mbps":20,"hours":0.0}]
-- layer 2 circuit
ok    VLAN 100 at site A and VLAN 200 at site B are one segment (lan-a pings lan-b)
ok    layer 2 circuit up and monitored: round trip 94.7 ms, 0.0% loss over the last minute
-- clean up
ok    deleted circuits are torn down at the PoP
-- lab/ci/checks/m9-public-e2e.sh
-- API through https://connect.exacarib.com
ok    admin signs in at https://connect.exacarib.com
ok    every portal screen's data answers 200 through the public site
      settlement CSV: 200 text/csv; charset=utf-8
-- browser
ok    signed in through the browser
ok    Overview renders without errors
ok    Sites renders without errors
ok    Traffic: seen on your network renders without errors
ok    Traffic: rules renders without errors
ok    Traffic: classes renders without errors
ok    Decisions renders without errors
ok    Fabric renders without errors
ok    Metering renders without errors
ok    Insights renders without errors
ok    Ask your network renders without errors
ok    Carrier view renders without errors
ok    Account renders without errors
ok    Admin: agents renders without errors
ok    Admin: sites renders without errors
ok    Admin: classes renders without errors
ok    Admin: users renders without errors
ok    Admin: settings renders without errors
ok    Admin: audit renders without errors
ok    example hurricane and earthquake alerts appear on Insights
-- lab/ci/checks/m9-public.sh
ok    https://connect.exacarib.com/healthz answers on this host
ok    certificate from Let's Encrypt (issuer=C = US, O = Let's Encrypt, CN = YE1)
ok    portal served
ok    agent endpoints not served publicly
ok    API answers and needs sign-in
ok    connect.exacarib.com reachable from this host over the internet
      web container: running restarts=0
      caddy: {"level":"info","ts":1791073509.7735903,"msg":"using config from file","file":"/etc/caddy/Caddyfile"}
      caddy: {"level":"info","ts":1791073509.7735949,"msg":"adapted config to JSON","adapter":"caddyfile"}
      caddy: {"level":"info","ts":1791074110.3267906,"logger":"http.acme_client","msg":"got renewal info","names":["connect.exacarib.com"],"window_start":1795957913,"window_end":1796113363,"selected_time":1796059209,"recheck_after":1791099507.3267422,"explanation_url":""}
      caddy: {"level":"info","ts":1791074110.3356566,"logger":"tls.cache.maintenance","msg":"updated and stored ACME renewal information","identifiers":["connect.exacarib.com"],"cert_hash":"4a944e992781ef64a23e2a99585fc0d194635dfd189b5c16d2dc007b65a71927","ari_unique_id":"uyDKRwv-1-Wc-Y8JKqOMN0WxvNg.BcLngFVsXXF5
      listening on public addresses: 22 80 443 
ok    controller, database and dev portal stay private
-- lab/ci/checks/m9-traffic.sh
-- priority queues
ok    site-a wg-a: qdisc cake 804b: root refcnt 2 bandwidth 190Mbit diffserv4 triple-isolate nonat nowash no-
ok    site-a wg-b: qdisc cake 804c: root refcnt 2 bandwidth 95Mbit diffserv4 triple-isolate nonat nowash no-a
-- application detection: Zoom-like traffic on UDP 8801 for 4 minutes
ok    site-a reported its flows to UDP 8801
ok    recognised: Zoom meetings seen at site-a: 1 flow(s) to UDP 8801, matches Zoom meetings (calls and meetings); currently unclassified. Suggest voice (real-time priority).
ok    suggests voice
ok    applied as rule 27
ok    site-a classifies UDP 8801-8810 as voice
ok    Zoom flows now report as voice
ok    site-b is unchanged (the rule is for site-a)
-- a customer rule: a subnet and port into business
ok    site-a classifies TCP 5201 to site B as business
ok    the PoP classifies the return direction

== Diagnostics (00:52:10)
pop-miami: running
site-a: running
site-b: running
-- agent log pop-miami
time=2026-10-04T00:49:27.052Z level=INFO msg="class moved" node=pop-miami class=voice dst=192.168.10.0/24 from=bgp to=carrier-a why=bfd
time=2026-10-04T00:49:27.052Z level=INFO msg="class moved" node=pop-miami class=business dst=192.168.10.0/24 from=bgp to=carrier-a why=bfd
time=2026-10-04T00:49:27.052Z level=INFO msg="class moved" node=pop-miami class=bulk dst=192.168.10.0/24 from=paused to=carrier-a why=bfd
time=2026-10-04T00:49:27.052Z level=INFO msg="class moved" node=pop-miami class=voice dst=192.168.20.0/24 from=bgp to=carrier-a why=bfd
time=2026-10-04T00:49:27.052Z level=INFO msg="class moved" node=pop-miami class=bulk dst=192.168.20.0/24 from=paused to=carrier-a why=bfd
time=2026-10-04T00:49:27.452Z level=INFO msg="bfd change" node=pop-miami peer=100.64.1.11 tunnel=wg-a status=up
time=2026-10-04T00:49:27.452Z level=INFO msg="bfd change" node=pop-miami peer=100.64.1.12 tunnel=wg-a status=up
time=2026-10-04T00:49:27.452Z level=INFO msg="bfd change" node=pop-miami peer=100.64.2.12 tunnel=wg-b status=up
time=2026-10-04T00:49:27.452Z level=INFO msg="bfd change" node=pop-miami peer=100.64.3.12 tunnel=wg-sat status=up
time=2026-10-04T00:49:28.514Z level=INFO msg="bfd change" node=pop-miami peer=100.64.2.11 tunnel=wg-b status=init
time=2026-10-04T00:49:28.514Z level=INFO msg="bfd change" node=pop-miami peer=100.64.3.11 tunnel=wg-sat status=init
time=2026-10-04T00:49:28.530Z level=INFO msg="class moved" node=pop-miami class=voice dst=192.168.10.0/24 from=carrier-a to=carrier-b why=bfd
time=2026-10-04T00:49:28.530Z level=INFO msg="class moved" node=pop-miami class=business dst=192.168.10.0/24 from=carrier-a to=carrier-b why=bfd
time=2026-10-04T00:49:28.530Z level=INFO msg="class moved" node=pop-miami class=voice dst=192.168.20.0/24 from=carrier-a to=carrier-b why=bfd
time=2026-10-04T00:49:28.530Z level=INFO msg="class moved" node=pop-miami class=business dst=192.168.20.0/24 from=carrier-a to=carrier-b why=bfd
time=2026-10-04T00:49:29.235Z level=INFO msg="bfd change" node=pop-miami peer=100.64.3.11 tunnel=wg-sat status=up
time=2026-10-04T00:49:29.485Z level=INFO msg="bfd change" node=pop-miami peer=100.64.2.11 tunnel=wg-b status=up
time=2026-10-04T00:49:33.981Z level=INFO msg="new steering map" node=pop-miami version=277 storm=false
time=2026-10-04T00:49:33.996Z level=INFO msg="class moved" node=pop-miami class=bulk dst=192.168.10.0/24 from=carrier-a to=carrier-b why=controller
time=2026-10-04T00:51:08.909Z level=INFO msg="new steering map" node=pop-miami version=278 storm=false
time=2026-10-04T00:51:10.511Z level=INFO msg="bfd change" node=pop-miami peer=100.64.1.11 tunnel=wg-a status=down
time=2026-10-04T00:51:10.531Z level=INFO msg="class moved" node=pop-miami class=bulk dst=192.168.20.0/24 from=carrier-a to=carrier-b why=bfd
time=2026-10-04T00:51:11.475Z level=INFO msg="bfd change" node=pop-miami peer=100.64.1.11 tunnel=wg-a status=up
time=2026-10-04T00:51:11.489Z level=INFO msg="class moved" node=pop-miami class=bulk dst=192.168.20.0/24 from=carrier-b to=carrier-a why=bfd
time=2026-10-04T00:52:08.901Z level=INFO msg="new steering map" node=pop-miami version=280 storm=false
-- agent log site-a
time=2026-10-04T00:49:04.427Z level=INFO msg="class moved" node=site-a class=bulk dst="" from=carrier-b to=carrier-a why=bfd
time=2026-10-04T00:49:19.047Z level=INFO msg="new steering map" node=site-a version=221 storm=false
time=2026-10-04T00:49:24.085Z level=INFO msg="new desired state" node=site-a version=47
time=2026-10-04T00:49:25.427Z level=INFO msg="bfd change" node=site-a peer=100.64.2.1 tunnel=wg-b status=init
time=2026-10-04T00:49:25.427Z level=INFO msg="bfd change" node=site-a peer=100.64.1.1 tunnel=wg-a status=down
time=2026-10-04T00:49:25.427Z level=INFO msg="bfd change" node=site-a peer=100.64.3.1 tunnel=wg-sat status=down
time=2026-10-04T00:49:25.445Z level=INFO msg="class moved" node=site-a class=bulk dst="" from=carrier-a to=carrier-b why=bfd
time=2026-10-04T00:49:25.473Z level=INFO msg="bfd change" node=site-a peer=100.64.3.1 tunnel=wg-sat status=init
time=2026-10-04T00:49:27.602Z level=INFO msg="bfd change" node=site-a peer=100.64.1.1 tunnel=wg-a status=up
time=2026-10-04T00:49:27.609Z level=INFO msg="class moved" node=site-a class=bulk dst="" from=carrier-b to=carrier-a why=bfd
time=2026-10-04T00:49:28.782Z level=INFO msg="bfd change" node=site-a peer=100.64.2.1 tunnel=wg-b status=down
time=2026-10-04T00:49:28.782Z level=INFO msg="bfd change" node=site-a peer=100.64.3.1 tunnel=wg-sat status=down
time=2026-10-04T00:49:28.800Z level=INFO msg="class moved" node=site-a class=voice dst="" from=carrier-b to=carrier-a why=bfd
time=2026-10-04T00:49:28.800Z level=INFO msg="class moved" node=site-a class=business dst="" from=carrier-b to=carrier-a why=bfd
time=2026-10-04T00:49:29.463Z level=INFO msg="bfd change" node=site-a peer=100.64.2.1 tunnel=wg-b status=up
time=2026-10-04T00:49:29.463Z level=INFO msg="bfd change" node=site-a peer=100.64.3.1 tunnel=wg-sat status=up
time=2026-10-04T00:49:29.469Z level=INFO msg="class moved" node=site-a class=voice dst="" from=carrier-a to=carrier-b why=bfd
time=2026-10-04T00:49:29.469Z level=INFO msg="class moved" node=site-a class=business dst="" from=carrier-a to=carrier-b why=bfd
time=2026-10-04T00:49:34.585Z level=INFO msg="new steering map" node=site-a version=222 storm=false
time=2026-10-04T00:49:34.592Z level=INFO msg="class moved" node=site-a class=bulk dst="" from=carrier-a to=carrier-b why=controller
time=2026-10-04T00:51:09.059Z level=INFO msg="new steering map" node=site-a version=223 storm=false
time=2026-10-04T00:51:10.306Z level=INFO msg="bfd change" node=site-a peer=100.64.1.1 tunnel=wg-a status=down
time=2026-10-04T00:51:10.658Z level=INFO msg="bfd change" node=site-a peer=100.64.1.1 tunnel=wg-a status=init
time=2026-10-04T00:51:11.618Z level=INFO msg="bfd change" node=site-a peer=100.64.1.1 tunnel=wg-a status=up
time=2026-10-04T00:52:09.069Z level=INFO msg="new steering map" node=site-a version=225 storm=false
-- agent log site-b
time=2026-10-04T00:48:06.221Z level=INFO msg="class moved" node=site-b class=bulk dst="" from=carrier-a to=paused why=bfd
time=2026-10-04T00:48:06.945Z level=INFO msg="bfd change" node=site-b peer=100.64.1.1 tunnel=wg-a status=init
time=2026-10-04T00:48:06.945Z level=INFO msg="bfd change" node=site-b peer=100.64.3.1 tunnel=wg-sat status=init
time=2026-10-04T00:48:06.945Z level=INFO msg="bfd change" node=site-b peer=100.64.2.1 tunnel=wg-b status=init
time=2026-10-04T00:48:06.956Z level=INFO msg="class moved" node=site-b class=voice dst="" from=bgp to=carrier-b why=bfd
time=2026-10-04T00:48:06.956Z level=INFO msg="class moved" node=site-b class=business dst="" from=bgp to=carrier-b why=bfd
time=2026-10-04T00:48:06.956Z level=INFO msg="class moved" node=site-b class=bulk dst="" from=paused to=carrier-a why=bfd
time=2026-10-04T00:48:07.372Z level=INFO msg="bfd change" node=site-b peer=100.64.1.1 tunnel=wg-a status=up
time=2026-10-04T00:48:07.372Z level=INFO msg="bfd change" node=site-b peer=100.64.3.1 tunnel=wg-sat status=up
time=2026-10-04T00:48:07.372Z level=INFO msg="bfd change" node=site-b peer=100.64.2.1 tunnel=wg-b status=up
time=2026-10-04T00:49:19.247Z level=INFO msg="new steering map" node=site-b version=142 storm=false
time=2026-10-04T00:49:24.248Z level=INFO msg="new desired state" node=site-b version=17
time=2026-10-04T00:49:25.910Z level=INFO msg="bfd change" node=site-b peer=100.64.1.1 tunnel=wg-a status=down
time=2026-10-04T00:49:25.910Z level=INFO msg="bfd change" node=site-b peer=100.64.2.1 tunnel=wg-b status=down
time=2026-10-04T00:49:25.910Z level=INFO msg="bfd change" node=site-b peer=100.64.3.1 tunnel=wg-sat status=down
time=2026-10-04T00:49:25.914Z level=INFO msg="class moved" node=site-b class=voice dst="" from=carrier-b to=bgp why=bfd
time=2026-10-04T00:49:25.914Z level=INFO msg="class moved" node=site-b class=business dst="" from=carrier-b to=bgp why=bfd
time=2026-10-04T00:49:25.914Z level=INFO msg="class moved" node=site-b class=bulk dst="" from=carrier-a to=paused why=bfd
time=2026-10-04T00:49:27.305Z level=INFO msg="bfd change" node=site-b peer=100.64.1.1 tunnel=wg-a status=up
time=2026-10-04T00:49:27.305Z level=INFO msg="bfd change" node=site-b peer=100.64.2.1 tunnel=wg-b status=up
time=2026-10-04T00:49:27.305Z level=INFO msg="bfd change" node=site-b peer=100.64.3.1 tunnel=wg-sat status=up
time=2026-10-04T00:49:27.315Z level=INFO msg="class moved" node=site-b class=voice dst="" from=bgp to=carrier-b why=bfd
time=2026-10-04T00:49:27.315Z level=INFO msg="class moved" node=site-b class=business dst="" from=bgp to=carrier-b why=bfd
time=2026-10-04T00:49:27.315Z level=INFO msg="class moved" node=site-b class=bulk dst="" from=paused to=carrier-a why=bfd
time=2026-10-04T00:52:09.265Z level=INFO msg="new steering map" node=site-b version=143 storm=false
-- controller log
controller-1  | INFO:     172.18.0.4:53484 - "GET /api/v1/agent/steering?have=278 HTTP/1.0" 204 No Content
controller-1  | INFO:     172.18.0.4:53490 - "POST /api/v1/agent/telemetry HTTP/1.0" 204 No Content
controller-1  | INFO:     172.18.0.4:53494 - "GET /api/v1/agent/desired-state?have=47 HTTP/1.0" 204 No Content
controller-1  | INFO:     172.18.0.4:53498 - "GET /api/v1/agent/steering?have=223 HTTP/1.0" 204 No Content
controller-1  | INFO:     172.18.0.4:53508 - "POST /api/v1/agent/telemetry HTTP/1.0" 204 No Content
controller-1  | INFO:     172.18.0.4:53512 - "GET /api/v1/agent/desired-state?have=17 HTTP/1.0" 204 No Content
controller-1  | INFO:     172.18.0.4:53526 - "GET /api/v1/agent/steering?have=142 HTTP/1.0" 204 No Content
controller-1  | INFO:     172.18.0.4:53530 - "POST /api/v1/agent/telemetry HTTP/1.0" 204 No Content
controller-1  | INFO:     127.0.0.1:35920 - "GET /healthz HTTP/1.1" 200 OK
controller-1  | INFO:     172.18.0.4:48592 - "GET /api/v1/agent/steering?have=278 HTTP/1.0" 204 No Content
controller-1  | INFO:     172.18.0.4:48596 - "GET /api/v1/agent/steering?have=223 HTTP/1.0" 204 No Content
controller-1  | INFO:     172.18.0.4:48608 - "GET /api/v1/agent/steering?have=142 HTTP/1.0" 204 No Content
controller-1  | INFO:     127.0.0.1:35924 - "GET /healthz HTTP/1.1" 200 OK
controller-1  | INFO:     172.18.0.4:48612 - "GET /api/v1/agent/desired-state?have=32 HTTP/1.0" 204 No Content
controller-1  | INFO:     172.18.0.4:48620 - "POST /api/v1/agent/telemetry HTTP/1.0" 204 No Content
controller-1  | INFO:     172.18.0.4:48632 - "GET /api/v1/agent/steering?have=278 HTTP/1.0" 204 No Content
controller-1  | INFO:     172.18.0.4:48636 - "GET /api/v1/agent/desired-state?have=47 HTTP/1.0" 204 No Content
controller-1  | INFO:     172.18.0.4:48640 - "POST /api/v1/agent/telemetry HTTP/1.0" 204 No Content
controller-1  | INFO:     172.18.0.4:48644 - "GET /api/v1/agent/steering?have=223 HTTP/1.0" 204 No Content
controller-1  | INFO:     172.18.0.4:48658 - "GET /api/v1/agent/desired-state?have=17 HTTP/1.0" 204 No Content
controller-1  | INFO:     172.18.0.4:48674 - "POST /api/v1/agent/telemetry HTTP/1.0" 204 No Content
controller-1  | INFO:     172.18.0.4:48688 - "GET /api/v1/agent/steering?have=142 HTTP/1.0" 204 No Content
controller-1  | INFO:     172.18.0.4:57882 - "GET /api/v1/agent/steering?have=278 HTTP/1.0" 204 No Content
controller-1  | INFO:     172.18.0.4:57898 - "GET /api/v1/agent/steering?have=223 HTTP/1.0" 204 No Content
controller-1  | INFO:     172.18.0.4:57900 - "GET /api/v1/agent/steering?have=142 HTTP/1.0" 204 No Content
controller-1  | INFO:     127.0.0.1:54790 - "GET /healthz HTTP/1.1" 200 OK
controller-1  | INFO:     172.18.0.4:57912 - "GET /api/v1/agent/desired-state?have=32 HTTP/1.0" 204 No Content
controller-1  | INFO:     172.18.0.4:57918 - "GET /api/v1/agent/steering?have=278 HTTP/1.0" 204 No Content
controller-1  | INFO:     172.18.0.4:57934 - "POST /api/v1/agent/telemetry HTTP/1.0" 204 No Content
controller-1  | INFO:     172.18.0.4:57946 - "GET /api/v1/agent/desired-state?have=47 HTTP/1.0" 204 No Content
controller-1  | INFO:     172.18.0.4:57968 - "GET /api/v1/agent/desired-state?have=17 HTTP/1.0" 204 No Content
controller-1  | INFO:     172.18.0.4:57956 - "POST /api/v1/agent/telemetry HTTP/1.0" 204 No Content
controller-1  | INFO:     172.18.0.4:57976 - "POST /api/v1/agent/telemetry HTTP/1.0" 204 No Content
controller-1  | INFO:     172.18.0.4:57984 - "GET /api/v1/agent/steering?have=223 HTTP/1.0" 204 No Content
controller-1  | INFO:     172.18.0.4:57994 - "GET /api/v1/agent/steering?have=142 HTTP/1.0" 204 No Content
controller-1  | INFO:     127.0.0.1:54800 - "GET /healthz HTTP/1.1" 200 OK
controller-1  | INFO:     172.18.0.4:54876 - "GET /api/v1/agent/steering?have=278 HTTP/1.0" 204 No Content
controller-1  | INFO:     172.18.0.4:54888 - "GET /api/v1/agent/steering?have=223 HTTP/1.0" 204 No Content
controller-1  | INFO:     172.18.0.4:54900 - "GET /api/v1/agent/steering?have=142 HTTP/1.0" 204 No Content
controller-1  | INFO:     127.0.0.1:42072 - "GET /healthz HTTP/1.1" 200 OK
controller-1  | INFO:     172.18.0.4:54916 - "GET /api/v1/agent/desired-state?have=32 HTTP/1.0" 204 No Content
controller-1  | INFO:     172.18.0.4:54924 - "GET /api/v1/agent/steering?have=278 HTTP/1.0" 204 No Content
controller-1  | INFO:     172.18.0.4:54940 - "GET /api/v1/agent/desired-state?have=47 HTTP/1.0" 204 No Content
controller-1  | INFO:     172.18.0.4:54946 - "GET /api/v1/agent/desired-state?have=17 HTTP/1.0" 204 No Content
controller-1  | INFO:     172.18.0.4:54942 - "POST /api/v1/agent/telemetry HTTP/1.0" 204 No Content
controller-1  | INFO:     172.18.0.4:54950 - "POST /api/v1/agent/telemetry HTTP/1.0" 204 No Content
controller-1  | INFO:     172.18.0.4:54962 - "GET /api/v1/agent/steering?have=223 HTTP/1.0" 204 No Content
controller-1  | INFO:     172.18.0.4:54972 - "GET /api/v1/agent/steering?have=142 HTTP/1.0" 204 No Content
controller-1  | INFO:     172.18.0.4:54988 - "POST /api/v1/agent/telemetry HTTP/1.0" 204 No Content
controller-1  | INFO:     127.0.0.1:42086 - "GET /healthz HTTP/1.1" 200 OK
controller-1  | INFO:     172.18.0.1:56868 - "POST /api/v1/auth/login HTTP/1.1" 200 OK
controller-1  | INFO:     172.18.0.1:56878 - "DELETE /api/v1/customers/4d26813b-aaa6-4be7-9b73-1730be959882/rules/27 HTTP/1.1" 204 No Content
controller-1  | INFO:     172.18.0.1:56884 - "POST /api/v1/auth/login HTTP/1.1" 200 OK
controller-1  | INFO:     172.18.0.1:56900 - "POST /api/v1/customers/4d26813b-aaa6-4be7-9b73-1730be959882/rules HTTP/1.1" 201 Created
controller-1  | INFO:     172.18.0.4:37712 - "GET /api/v1/agent/steering?have=278 HTTP/1.0" 200 OK
controller-1  | INFO:     172.18.0.4:37722 - "GET /api/v1/agent/steering?have=223 HTTP/1.0" 200 OK
controller-1  | INFO:     172.18.0.4:37736 - "GET /api/v1/agent/steering?have=142 HTTP/1.0" 200 OK
controller-1  | INFO:     172.18.0.1:56906 - "POST /api/v1/auth/login HTTP/1.1" 200 OK
controller-1  | INFO:     172.18.0.1:56914 - "DELETE /api/v1/customers/4d26813b-aaa6-4be7-9b73-1730be959882/rules/28 HTTP/1.1" 204 No Content
controller-1  | INFO:     127.0.0.1:54230 - "GET /healthz HTTP/1.1" 200 OK
-- controller containers
exaconnect-controller-1 Up 5 minutes (healthy)
exaconnect-db-1 Up 2 days (healthy)
exaconnect-proxy-1 Up 5 minutes
exaconnect-web-1 Up 27 minutes
/exaconnect-controller-1 restarts 0, started 2026-10-04T00:46:49.052325505Z, OOM killed false
/exaconnect-db-1 restarts 0, started 2026-10-01T05:06:52.589123103Z, OOM killed false
/exaconnect-proxy-1 restarts 0, started 2026-10-04T00:47:02.100489027Z, OOM killed false
/exaconnect-web-1 restarts 0, started 2026-10-04T00:25:08.904518284Z, OOM killed false
-- host
 02:52:13 up 2 days, 23:16,  0 user,  load average: 6.74, 8.13, 7.31
               total        used        free      shared  buff/cache   available
Mem:            7941        1774        4995         138        1616        6166
Swap:              0           0           0
procs -----------memory---------- ---swap-- -----io---- -system-- -------cpu-------
 r  b   swpd   free   buff  cache   si   so    bi    bo   in   cs us sy id wa st gu
 0  0      0 5115324  18896 1636024    0    0    48   250 4923   18  6 20 74  0  0  0
 0  0      0 5149824  18896 1636032    0    0     0   268 6516 8831  8 29 63  1  0  0
 8  0      0 5145820  18896 1636032    0    0     0   152 3411 5032  5 32 63  0  0  0
make: *** [Makefile:102: lab-ci] Error 1
