commit 3de8ccd: Lab: public portal build context, TCP bulk for metering, plain UDP for detection

== Lab already up; rebuilding the agent (06:04:03)

== Controller (06:04:35)
.env ready (admin: admin@exacarib.local)
time="2026-10-01T08:04:35+02:00" level=warning msg="Docker Compose is configured to build using Bake, but buildx isn't installed"
#0 building with "default" instance using docker driver

#1 [controller internal] load build definition from Dockerfile
#1 transferring dockerfile: 559B 0.0s done
#1 DONE 0.0s

#2 [controller internal] load metadata for docker.io/library/python:3.12-slim
#2 DONE 0.3s

#3 [controller internal] load .dockerignore
#3 transferring context: 2B done
#3 DONE 0.0s

#4 [controller internal] load build context
#4 DONE 0.0s

#5 [controller 1/5] FROM docker.io/library/python:3.12-slim@sha256:f77ac9e44ae96ef2c90b8053ea08c31f8be030f824196b0ae4db6d462c84e51f
#5 resolve docker.io/library/python:3.12-slim@sha256:f77ac9e44ae96ef2c90b8053ea08c31f8be030f824196b0ae4db6d462c84e51f 0.1s done
#5 DONE 0.1s

#4 [controller internal] load build context
#4 transferring context: 2.83kB done
#4 DONE 0.0s

#6 [controller 2/5] WORKDIR /app
#6 CACHED

#7 [controller 3/5] COPY pyproject.toml ./
#7 CACHED

#8 [controller 4/5] COPY exaconnect_controller ./exaconnect_controller
#8 CACHED

#9 [controller 5/5] RUN pip install --no-cache-dir . && mkdir -p /data && chown nobody:nogroup /data
#9 CACHED

#10 [controller] exporting to image
#10 exporting layers done
#10 exporting manifest sha256:cc38b9452a338cb721c6db834ba1239a44a1066024b17e7bf1a4e9798878b37a done
#10 exporting config sha256:faf92f4ac27e0a3c01345475c056cd089a0c63547b08e1553238d3bec550e51d done
#10 exporting attestation manifest sha256:5cc6bb285b26e6614cbbe913c8a02c92e65159a1d7ec19244f0630fb22f8244a
#10 exporting attestation manifest sha256:5cc6bb285b26e6614cbbe913c8a02c92e65159a1d7ec19244f0630fb22f8244a 0.0s done
#10 exporting manifest list sha256:230c515363ba15aa24ed0a2afc21003ef4667e5078b7fc061367606b67ced74f 0.0s done
#10 naming to docker.io/library/exaconnect-controller:latest done
#10 unpacking to docker.io/library/exaconnect-controller:latest 0.0s done
#10 DONE 0.2s

#11 [controller] resolving provenance for metadata file
#11 DONE 0.0s
 controller  Built
 Container exaconnect-db-1  Running
 Container exaconnect-controller-1  Recreate
 Container exaconnect-controller-1  Recreated
 Container exaconnect-proxy-1  Running
 Container exaconnect-db-1  Waiting
 Container exaconnect-db-1  Healthy
 Container exaconnect-controller-1  Starting
 Container exaconnect-controller-1  Started
 Container exaconnect-controller-1  Waiting
 Container exaconnect-controller-1  Healthy
 Container exaconnect-proxy-1  Waiting
 Container exaconnect-db-1  Waiting
 Container exaconnect-controller-1  Waiting
 Container exaconnect-proxy-1  Healthy
 Container exaconnect-controller-1  Healthy
 Container exaconnect-db-1  Healthy
 Container exaconnect-proxy-1  Recreate
 Container exaconnect-proxy-1  Recreated
 Container exaconnect-proxy-1  Starting
 Container exaconnect-proxy-1  Started
 Container exaconnect-proxy-1  Waiting
 Container exaconnect-proxy-1  Healthy

== Agents (06:04:49)
pop-miami: agent stopped
site-a: agent stopped
site-b: agent stopped
pop-miami: agent started
site-a: agent started
site-b: agent started

== Public portal (06:04:53)
time="2026-10-01T08:04:53+02:00" level=warning msg="Docker Compose is configured to build using Bake, but buildx isn't installed"
#0 building with "default" instance using docker driver

#1 [controller internal] load build definition from Dockerfile
#1 transferring dockerfile: 559B done
#1 DONE 0.0s

#2 [controller internal] load metadata for docker.io/library/python:3.12-slim
#2 DONE 0.2s

#3 [controller internal] load .dockerignore
#3 transferring context: 2B done
#3 DONE 0.1s

#4 [controller internal] load build context
#4 DONE 0.0s

#5 [controller 1/5] FROM docker.io/library/python:3.12-slim@sha256:f77ac9e44ae96ef2c90b8053ea08c31f8be030f824196b0ae4db6d462c84e51f
#5 resolve docker.io/library/python:3.12-slim@sha256:f77ac9e44ae96ef2c90b8053ea08c31f8be030f824196b0ae4db6d462c84e51f
#5 resolve docker.io/library/python:3.12-slim@sha256:f77ac9e44ae96ef2c90b8053ea08c31f8be030f824196b0ae4db6d462c84e51f 0.1s done
#5 DONE 0.1s

#4 [controller internal] load build context
#4 transferring context: 2.83kB done
#4 DONE 0.0s

#6 [controller 3/5] COPY pyproject.toml ./
#6 CACHED

#7 [controller 4/5] COPY exaconnect_controller ./exaconnect_controller
#7 CACHED

#8 [controller 2/5] WORKDIR /app
#8 CACHED

#9 [controller 5/5] RUN pip install --no-cache-dir . && mkdir -p /data && chown nobody:nogroup /data
#9 CACHED

#10 [controller] exporting to image
#10 exporting layers done
#10 exporting manifest sha256:cc38b9452a338cb721c6db834ba1239a44a1066024b17e7bf1a4e9798878b37a done
#10 exporting config sha256:faf92f4ac27e0a3c01345475c056cd089a0c63547b08e1553238d3bec550e51d 0.0s done
#10 exporting attestation manifest sha256:eee897082b7506768951d72600733b072b0bbc80858f3b429ae7ef9698765aac
#10 exporting attestation manifest sha256:eee897082b7506768951d72600733b072b0bbc80858f3b429ae7ef9698765aac 0.1s done
#10 exporting manifest list sha256:bda3466ca42225dbe33e06e28bbeb3b9830aa3c75f825c4b9e1adddd1ee17127 0.0s done
#10 naming to docker.io/library/exaconnect-controller:latest
#10 naming to docker.io/library/exaconnect-controller:latest done
#10 unpacking to docker.io/library/exaconnect-controller:latest 0.1s done
#10 DONE 0.4s

#11 [controller] resolving provenance for metadata file
#11 DONE 0.0s

#12 [web internal] load build definition from Dockerfile
#12 transferring dockerfile: 529B done
#12 DONE 0.0s

#13 [web internal] load metadata for docker.io/library/node:22-alpine
#13 DONE 0.6s

#14 [web internal] load metadata for docker.io/library/caddy:2-alpine
#14 DONE 0.7s

#15 [web internal] load .dockerignore
#15 transferring context: 2B done
#15 DONE 0.0s

#16 [web internal] load build context
#16 DONE 0.0s

#17 [web stage-1 1/3] FROM docker.io/library/caddy:2-alpine@sha256:6aeddd44c3078b0f9a35206472a11420648a79c184603ef95957d0a20044cb2b
#17 resolve docker.io/library/caddy:2-alpine@sha256:6aeddd44c3078b0f9a35206472a11420648a79c184603ef95957d0a20044cb2b
#17 resolve docker.io/library/caddy:2-alpine@sha256:6aeddd44c3078b0f9a35206472a11420648a79c184603ef95957d0a20044cb2b 0.1s done
#17 DONE 0.1s

#18 [web portal 1/6] FROM docker.io/library/node:22-alpine@sha256:0a7108bf6c7bf5de370ffb1a3ed6be93d405b43ff159f681a8d18c0e2bc2e402
#18 resolve docker.io/library/node:22-alpine@sha256:0a7108bf6c7bf5de370ffb1a3ed6be93d405b43ff159f681a8d18c0e2bc2e402
#18 resolve docker.io/library/node:22-alpine@sha256:0a7108bf6c7bf5de370ffb1a3ed6be93d405b43ff159f681a8d18c0e2bc2e402 0.1s done
#18 DONE 0.5s

#16 [web internal] load build context
#16 transferring context: 113.28MB 2.7s done
#16 DONE 2.8s

#17 [web stage-1 1/3] FROM docker.io/library/caddy:2-alpine@sha256:6aeddd44c3078b0f9a35206472a11420648a79c184603ef95957d0a20044cb2b
#17 sha256:19256a879b169c9b874124feca8f6b14901eccee5cfd8cf46f6bdc41702fd57f 14.68MB / 17.29MB 2.4s
#17 sha256:4fd423e26735a997f656fe5b52c94e903e839f6e938e91a58d55f5e1c63b54d4 7.50kB / 7.50kB 0.2s done
#17 sha256:e4e203c1a0f8766395e3dec00d4b0d6c3b6231db590a91a3d276df6aebc84512 2.78MB / 2.78MB 1.0s done
#17 extracting sha256:e4e203c1a0f8766395e3dec00d4b0d6c3b6231db590a91a3d276df6aebc84512 0.3s done
#17 extracting sha256:4fd423e26735a997f656fe5b52c94e903e839f6e938e91a58d55f5e1c63b54d4 0.0s done
#17 sha256:19256a879b169c9b874124feca8f6b14901eccee5cfd8cf46f6bdc41702fd57f 15.73MB / 17.29MB 2.6s
#17 sha256:19256a879b169c9b874124feca8f6b14901eccee5cfd8cf46f6bdc41702fd57f 17.29MB / 17.29MB 2.7s
#17 sha256:19256a879b169c9b874124feca8f6b14901eccee5cfd8cf46f6bdc41702fd57f 17.29MB / 17.29MB 2.7s done
#17 extracting sha256:19256a879b169c9b874124feca8f6b14901eccee5cfd8cf46f6bdc41702fd57f
#17 extracting sha256:19256a879b169c9b874124feca8f6b14901eccee5cfd8cf46f6bdc41702fd57f 0.9s done
#17 DONE 4.4s

#18 [web portal 1/6] FROM docker.io/library/node:22-alpine@sha256:0a7108bf6c7bf5de370ffb1a3ed6be93d405b43ff159f681a8d18c0e2bc2e402
#18 sha256:d39db1cf9caa4f49c5a2e67111fbe6e0d5eea8ede550cb82f3dc2b79712688d6 447B / 447B 0.1s done
#18 sha256:e554276b05e6306c5ad33cd85bfa7f0693083e21f6114db5abf60a20fb413039 1.26MB / 1.26MB 0.2s done
#18 sha256:f7f2d304681aaa935c9cfd180850cf616ae843efce7682873d6521ded7268937 55.59MB / 55.59MB 3.6s done
#18 sha256:e2de96513ba9eb53b431787ec8a65cdde380ac4772a3e4c4b714dcfde2a102b5 3.85MB / 3.85MB 0.8s done
#18 extracting sha256:e2de96513ba9eb53b431787ec8a65cdde380ac4772a3e4c4b714dcfde2a102b5 0.2s done
#18 extracting sha256:f7f2d304681aaa935c9cfd180850cf616ae843efce7682873d6521ded7268937
#18 ...

#17 [web stage-1 1/3] FROM docker.io/library/caddy:2-alpine@sha256:6aeddd44c3078b0f9a35206472a11420648a79c184603ef95957d0a20044cb2b
#17 extracting sha256:4f4fb700ef54461cfa02571ae0db9a0dc1e0cdb5577484a6d75e68dc38e8acc1 0.0s done
#17 DONE 4.4s

#19 [web stage-1 2/3] COPY deploy/public/Caddyfile /etc/caddy/Caddyfile
#19 DONE 0.5s

#18 [web portal 1/6] FROM docker.io/library/node:22-alpine@sha256:0a7108bf6c7bf5de370ffb1a3ed6be93d405b43ff159f681a8d18c0e2bc2e402
#18 extracting sha256:f7f2d304681aaa935c9cfd180850cf616ae843efce7682873d6521ded7268937 3.6s done
#18 DONE 7.8s

#18 [web portal 1/6] FROM docker.io/library/node:22-alpine@sha256:0a7108bf6c7bf5de370ffb1a3ed6be93d405b43ff159f681a8d18c0e2bc2e402
#18 extracting sha256:e554276b05e6306c5ad33cd85bfa7f0693083e21f6114db5abf60a20fb413039 0.1s done
#18 DONE 7.9s

#18 [web portal 1/6] FROM docker.io/library/node:22-alpine@sha256:0a7108bf6c7bf5de370ffb1a3ed6be93d405b43ff159f681a8d18c0e2bc2e402
#18 extracting sha256:d39db1cf9caa4f49c5a2e67111fbe6e0d5eea8ede550cb82f3dc2b79712688d6 0.1s done
#18 DONE 8.0s

#20 [web portal 2/6] WORKDIR /src/portal
#20 DONE 0.3s

#21 [web portal 3/6] COPY portal/package.json portal/package-lock.json ./
#21 DONE 0.2s

#22 [web portal 4/6] RUN npm ci --no-audit --no-fund
#22 7.187 
#22 7.187 added 30 packages in 7s
#22 7.189 npm notice
#22 7.189 npm notice New major version of npm available! 10.9.9 -> 12.2.0
#22 7.189 npm notice Changelog: https://github.com/npm/cli/releases/tag/v12.2.0
#22 7.189 npm notice To update run: npm install -g npm@12.2.0
#22 7.189 npm notice
#22 DONE 7.5s

#23 [web portal 5/6] COPY portal/ ./
#23 DONE 1.2s

#24 [web portal 6/6] RUN npm run build
#24 0.764 
#24 0.764 > exaconnect-portal@0.0.1 build
#24 0.764 > tsc -b && vite build
#24 0.764 
#24 2.740 vite v8.3.1 building client environment for production...
#24 2.769 transforming...
#24 2.966 ✓ 39 modules transformed.
#24 3.074 rendering chunks...
#24 3.243 computing gzip size...
#24 3.252 dist/index.html                   0.82 kB │ gzip:   0.43 kB
#24 3.252 dist/assets/index-DknC99qj.css   13.25 kB │ gzip:   3.55 kB
#24 3.252 dist/assets/index-DBtOr5cN.js   340.96 kB │ gzip: 102.12 kB
#24 3.252 
#24 3.258 ✓ built in 514ms
#24 DONE 3.4s

#25 [web stage-1 3/3] COPY --from=portal /src/portal/dist /srv/portal
#25 DONE 0.1s

#26 [web] exporting to image
#26 exporting layers
#26 exporting layers 0.2s done
#26 exporting manifest sha256:6b0c58a0bf7184585b621ad0d447e277577a51f057fb907d8f1f05a1f43a8569
#26 exporting manifest sha256:6b0c58a0bf7184585b621ad0d447e277577a51f057fb907d8f1f05a1f43a8569 0.0s done
#26 exporting config sha256:9a80502a63baecd83df6964a8251accc067084603b9c57af96394d7761bbd30d 0.0s done
#26 exporting attestation manifest sha256:41d25b581b1a56faac67df0e2d82fdee3dfd6765c525380c54b1617301b86600
#26 exporting attestation manifest sha256:41d25b581b1a56faac67df0e2d82fdee3dfd6765c525380c54b1617301b86600 0.1s done
#26 exporting manifest list sha256:e6fcdad1985b93345cb35abea223747194fe06fc0368be37dd4810d2f5566ae2 0.0s done
#26 naming to docker.io/library/exaconnect-web:latest
#26 naming to docker.io/library/exaconnect-web:latest done
#26 unpacking to docker.io/library/exaconnect-web:latest 0.1s done
#26 DONE 0.6s

#27 [web] resolving provenance for metadata file
#27 DONE 0.0s
 controller  Built
 web  Built
 Volume exaconnect_caddy-config  Creating
 Volume exaconnect_caddy-config  Created
 Volume exaconnect_caddy-data  Creating
 Volume exaconnect_caddy-data  Created
 Container exaconnect-db-1  Running
 Container exaconnect-controller-1  Recreate
 Container exaconnect-controller-1  Recreated
 Container exaconnect-web-1  Creating
 Container exaconnect-web-1  Created
 Container exaconnect-db-1  Waiting
 Container exaconnect-db-1  Healthy
 Container exaconnect-controller-1  Starting
 Container exaconnect-controller-1  Started
 Container exaconnect-controller-1  Waiting
 Container exaconnect-controller-1  Healthy
 Container exaconnect-web-1  Starting
 Container exaconnect-web-1  Started
 Container exaconnect-db-1  Waiting
 Container exaconnect-controller-1  Waiting
 Container exaconnect-web-1  Waiting
 Container exaconnect-db-1  Healthy
 Container exaconnect-controller-1  Healthy
 Container exaconnect-web-1  Healthy

== Waiting for tunnels, BGP and BFD (06:05:28)

== Checks (06:05:33)
-- lab/scripts/check-routing.sh
ok    site-a wg-a handshake 40s ago
ok    site-a wg-b handshake 40s ago
ok    site-a wg-sat handshake 40s ago
ok    site-b wg-a handshake 40s ago
ok    site-b wg-b handshake 40s ago
ok    site-b wg-sat handshake 41s ago
ok    pop-miami BGP 6/6 established
ok    pop-miami BFD 6/6 up
ok    site-a BGP 3/3 established
ok    site-a BFD 3/3 up
ok    site-b BGP 3/3 established
ok    site-b BFD 3/3 up
ok    lan-a -> lan-b (site-a to site-b via the PoP)
ok    lan-b -> lan-a
ok    lan-a -> lan-pop

  traceroute to 192.168.20.10 (192.168.20.10), 30 hops max, 46 byte packets
   1  192.168.10.1  0.008 ms
   2  100.64.1.1  25.862 ms
   3  100.64.1.12  57.158 ms
   4  192.168.20.10  58.229 ms
-- lab/ci/checks/m4-steering.sh
-- steering applied
ok    pop-miami nftables classifier
ok    pop-miami 6 steering rules
ok    site-a nftables classifier
ok    site-a 3 steering rules
ok    site-b nftables classifier
ok    site-b 3 steering rules
FAIL  site-a voice on 'wg-b' at start, want wg-a
      maps: pop-miami v42, site-a v33, site-b v24
-- brownout: carrier A loss 0 -> 3% over 180 s (demo step 2)
FAIL  voice did not move within 330 s of the brownout
FAIL  bulk moved during the brownout
-- hard cut of carrier B while voice is on it (demo step 3)
      voice probe stream: 1455 of 1500 received at 50 packets/s
ok    voice lost 900 ms of packets (< 3 s)
ok    agent failover on BFD after 1 s
ok    voice on wg-a after the cut
-- recovery: restore B, classes move back only after the hold time (demo step 4)
ok    no moves in the first minute after recovery
      moves since the brownout began: 6
      06:08:44 site-b bulk move_back: Moved bulk back from Carrier B to Carrier A: Carrier A has scored well for 5 minutes (1.3% loss).
      06:11:46 site-a bulk failover: Moved bulk from Carrier B to Carrier A: Carrier B is down (BFD reports it down).
      06:11:46 site-b business failover: Moved business from Carrier B to Carrier A: Carrier B is down (BFD reports it down).
      06:11:46 site-b voice failover: Moved voice from Carrier B to Carrier A: Carrier B is down (BFD reports it down).
      06:11:46 site-a voice failover: Moved voice from Carrier B to Carrier A: Carrier B is down (BFD reports it down).
      06:11:46 site-a business failover: Moved business from Carrier B to Carrier A: Carrier B is down (BFD reports it down).
      06:12:06 site-a business hold: Kept business on Carrier A: loss on Carrier A is 2.2% against a 2% SLA, but it moved here 20 s ago (hold time 120 s).
      06:12:06 site-b business hold: Kept business on Carrier A: loss on Carrier A is 2.4% against a 2% SLA, but it moved here 20 s ago (hold time 120 s).
      06:12:06 site-b voice hold: Kept voice on Carrier A: loss on Carrier A is 2.4% against a 1% SLA, but it moved here 20 s ago (hold time 120 s).
      06:12:06 site-a voice hold: Kept voice on Carrier A: loss on Carrier A is 2.2% against a 1% SLA, but it moved here 20 s ago (hold time 120 s).
      06:12:16 site-a voice hold: Kept voice on Carrier A: loss on Carrier A is 2.1% against a 1% SLA, but it moved here 30 s ago (hold time 120 s).
      06:12:16 site-a business hold: Kept business on Carrier A: loss on Carrier A is 2.1% against a 2% SLA, but it moved here 30 s ago (hold time 120 s).
      06:12:16 site-b voice hold: Kept voice on Carrier A: loss on Carrier A is 2.3% against a 1% SLA, but it moved here 30 s ago (hold time 120 s).
      06:12:16 site-b business hold: Kept business on Carrier A: loss on Carrier A is 2.3% against a 2% SLA, but it moved here 30 s ago (hold time 120 s).
      06:12:26 site-a business hold: Kept business on Carrier A: loss on Carrier A is 2.0% against a 2% SLA, but it moved here 40 s ago (hold time 120 s).
      06:12:26 site-b voice hold: Kept voice on Carrier A: loss on Carrier A is 2.2% against a 1% SLA, but it moved here 40 s ago (hold time 120 s).
      06:12:26 site-b business hold: Kept business on Carrier A: loss on Carrier A is 2.2% against a 2% SLA, but it moved here 40 s ago (hold time 120 s).
      06:12:26 site-a voice hold: Kept voice on Carrier A: loss on Carrier A is 2.0% against a 1% SLA, but it moved here 40 s ago (hold time 120 s).
      06:12:36 site-b voice hold: Kept voice on Carrier A: loss on Carrier A is 2.1% against a 1% SLA, but it moved here 50 s ago (hold time 120 s).
      06:12:36 site-b business hold: Kept business on Carrier A: loss on Carrier A is 2.1% against a 2% SLA, but it moved here 50 s ago (hold time 120 s).
      06:12:36 site-a voice hold: Kept voice on Carrier A: loss on Carrier A is 1.9% against a 1% SLA, but it moved here 50 s ago (hold time 120 s).
      06:12:46 site-b voice hold: Kept voice on Carrier A: loss on Carrier A is 2.0% against a 1% SLA, but it moved here 60 s ago (hold time 120 s).
      06:12:46 site-a voice hold: Kept voice on Carrier A: loss on Carrier A is 1.6% against a 1% SLA, but it moved here 60 s ago (hold time 120 s).
      06:12:56 site-b voice hold: Kept voice on Carrier A: loss on Carrier A is 1.8% against a 1% SLA, but it moved here 70 s ago (hold time 120 s).
      06:12:56 site-a voice hold: Kept voice on Carrier A: loss on Carrier A is 1.5% against a 1% SLA, but it moved here 70 s ago (hold time 120 s).
      06:13:07 site-b voice hold: Kept voice on Carrier A: loss on Carrier A is 1.7% against a 1% SLA, but it moved here 80 s ago (hold time 120 s).
      06:13:07 site-a voice hold: Kept voice on Carrier A: loss on Carrier A is 1.3% against a 1% SLA, but it moved here 80 s ago (hold time 120 s).
-- lab/ci/checks/m5-storm.sh
-- Storm Mode on at site-a only
ok    Storm Mode switched on for site-a through the API
ok    site-a agent has the Storm Mode steering map
ok    site-b is not in Storm Mode
ok    satellite warm: 36 probes per 10 s
ok    satellite BGP established
-- both terrestrial links cut
ok    voice continues on satellite
ok    business continues on satellite
ok    bulk paused (blackhole rule)
ok    voice stream lost 1660 ms across the double cut
-- restore and switch Storm Mode off
ok    Storm Mode switched off
ok    voice and business back on terrestrial paths, bulk resumed
      Storm Mode last switched by user:admin@exacarib.local
      06:14:30 storm_off
      06:13:16 storm_on
-- lab/ci/checks/m6-metering.sh
-- traffic: 20 Mbit/s bulk (CS1, TCP) from lan-a to lan-b for 11 minutes
      bulk leaves site-a on wg-a
ok    5-minute samples with traffic for site-a
      iperf: [  5] 645.00-646.00 sec  2.38 MBytes  19.9 Mbits/sec    0    358 KBytes        [  5] 646.00-647.00 sec  2.38 MBytes  19.9 Mbits/sec    0    358 KBytes        [  5] 647.00-648.00 sec  2.38 MBytes  19.9 Mbits/sec    1    251 KBytes        [  5] 648
      site-a carrier-a: samples 11, 95th in 1.413054 out 21.919532, billable 21.919532, commit 100, burst 0.000, total 400.00
ok    billable rate 21.919532 Mbps matches the ~20 Mbit/s offered
-- CSV matches the screen
ok    CSV 95th percentile 21.920 equals the screen
ok    CSV settlement total equals the screen
-- carrier view
ok    carrier user sees only Carrier A links
ok    carrier user cannot open the customer overview
-- lab/ci/checks/m7-outage.sh
-- stop the controller and the agent proxy
ok    all three agents noticed after 58 s and hold the last good state
ok    site A still reaches site B through the PoP
-- BFD failover with the controller down
lab/faults/../netem/netem.sh: line 29: echo: write error: Broken pipe
ok    voice moved from wg-a to wg-b in 4.9 s, without the controller
-- start the controller again
ok    all three agents reconciled 12 s after the restart
-- lab/ci/checks/m8-ai.sh
-- hurricane watch
ok    NHC feed read from the lab host: 3 active storms
ok    example hurricane raised a warning
ok    only site-a (Kingston) is warned
      Hurricane Example (90 kt) is moving at 23 km/h on a heading of 285°. Projecting that motion forward, it passes about 92 km from site-a in about 25 h. Consider switching Storm Mode on so the satellite path is warm before the terrestrial links suffer. This is a straight-line projection; check the NHC advisory for the official forecast track.
-- insights from this run
      anomaly critical: Carrier B at site-a: loss 7.49%, usually 0.00%
      anomaly critical: Carrier B at site-b: loss 7.62%, usually 0.00%
      anomaly critical: Carrier A at site-b: loss 3.87%, usually 0.24%
      anomaly critical: Carrier A at site-a: loss 4.16%, usually 0.08%
      storm_warning critical: Example data: Hurricane Example may pass 92 km from site-a in about 25 h
      storm_warning critical: Example data: Hurricane Example may pass 92 km from site-a in about 25 h
      anomaly critical: Carrier B at site-b: loss 3.71%, usually 0.00%
      anomaly critical: Carrier A at site-b: loss 3.92%, usually 0.24%
      anomaly critical: Carrier A at site-a: loss 4.00%, usually 0.08%
      storm_warning critical: Example data: Hurricane Example may pass 92 km from site-a in about 25 h
-- ask your network
ok    answered: Voice at site-a is currently on carrier-a, having last moved there from carrier-b at 06:26:59 UTC due to a BFD (Bidirectional Forwarding Detection) event—carrier-b's BFD session came back up, triggering a return to the primary path.
-- lab/ci/checks/m9-public.sh
curl: (7) Failed to connect to connect.exacarib.com port 443 after 0 ms: Couldn't connect to server
FAIL  no HTTPS answer for connect.exacarib.com
FAIL  no Let's Encrypt certificate yet (issuer: none). Inbound 80 and 443 must be open in the cloud firewall.
curl: (7) Failed to connect to connect.exacarib.com port 443 after 0 ms: Couldn't connect to server
FAIL  portal not served
FAIL  enrol answered 000 publicly
FAIL  API through the public proxy
      connect.exacarib.com not reachable via its public address from this host (some clouds don't hairpin; check from outside)
      listening on public addresses: 22 
ok    controller, database and dev portal stay private
-- lab/ci/checks/m9-traffic.sh
-- priority queues
ok    site-a wg-a: qdisc cake 803a: root refcnt 2 bandwidth 190Mbit diffserv4 triple-isolate nonat nowash no-
ok    site-a wg-b: qdisc cake 803b: root refcnt 2 bandwidth 95Mbit diffserv4 triple-isolate nonat nowash no-a
-- application detection: Zoom-like traffic on UDP 8801 for 4 minutes
ok    site-a reported its flows to UDP 8801
ok    recognised: Zoom meetings seen at site-a: 2 flow(s) to TCP 8801, matches Zoom meetings (calls and meetings); currently unclassified. Suggest voice (real-time priority).
ok    suggests voice
ok    applied as rule 3
ok    site-a classifies UDP 8801-8810 as voice
ok    Zoom flows now report as voice
ok    site-b is unchanged (the rule is for site-a)
-- a customer rule: a subnet and port into business
ok    site-a classifies TCP 5201 to site B as business
ok    the PoP classifies the return direction

== Diagnostics (06:29:01)
pop-miami: running
site-a: running
site-b: running
-- agent log pop-miami
time=2026-10-01T06:17:22.962Z level=INFO msg="bfd change" node=pop-miami peer=100.64.2.12 tunnel=wg-b status=init
time=2026-10-01T06:17:22.995Z level=INFO msg="class moved" node=pop-miami class=voice dst=192.168.10.0/24 from=bgp to=carrier-a why=bfd
time=2026-10-01T06:17:22.995Z level=INFO msg="class moved" node=pop-miami class=business dst=192.168.10.0/24 from=bgp to=carrier-a why=bfd
time=2026-10-01T06:17:22.995Z level=INFO msg="class moved" node=pop-miami class=bulk dst=192.168.10.0/24 from=paused to=carrier-a why=bfd
time=2026-10-01T06:17:22.995Z level=INFO msg="class moved" node=pop-miami class=voice dst=192.168.20.0/24 from=bgp to=carrier-a why=bfd
time=2026-10-01T06:17:22.995Z level=INFO msg="class moved" node=pop-miami class=business dst=192.168.20.0/24 from=bgp to=carrier-a why=bfd
time=2026-10-01T06:17:22.995Z level=INFO msg="class moved" node=pop-miami class=bulk dst=192.168.20.0/24 from=paused to=carrier-a why=bfd
time=2026-10-01T06:17:24.750Z level=INFO msg="bfd change" node=pop-miami peer=100.64.2.12 tunnel=wg-b status=up
time=2026-10-01T06:25:58.931Z level=WARN msg="controller unreachable" node=pop-miami err="Get \"https://172.30.0.5:8443/api/v1/agent/desired-state?have=9\": context deadline exceeded (Client.Timeout exceeded while awaiting headers)"
time=2026-10-01T06:26:13.932Z level=WARN msg="controller unreachable" node=pop-miami err="Get \"https://172.30.0.5:8443/api/v1/agent/steering?have=47\": context deadline exceeded (Client.Timeout exceeded while awaiting headers)"
time=2026-10-01T06:26:28.933Z level=WARN msg="controller unreachable" node=pop-miami err="Get \"https://172.30.0.5:8443/api/v1/agent/steering?have=47\": context deadline exceeded (Client.Timeout exceeded while awaiting headers)"
time=2026-10-01T06:26:37.135Z level=WARN msg="controller unreachable" node=pop-miami err="Get \"https://172.30.0.5:8443/api/v1/agent/steering?have=47\": dial tcp 172.30.0.5:8443: connect: no route to host"
time=2026-10-01T06:26:40.206Z level=WARN msg="controller silent; holding the last good state and current paths" node=pop-miami since=2026-10-01T06:25:38Z err="Post \"https://172.30.0.5:8443/api/v1/agent/telemetry\": dial tcp 172.30.0.5:8443: connect: no route to host"
time=2026-10-01T06:26:52.521Z level=INFO msg="bfd change" node=pop-miami peer=100.64.1.12 tunnel=wg-a status=init
time=2026-10-01T06:26:59.845Z level=INFO msg="bfd change" node=pop-miami peer=100.64.1.12 tunnel=wg-a status=up
time=2026-10-01T06:27:04.040Z level=INFO msg="controller reachable again; reconciling" node=pop-miami
time=2026-10-01T06:27:18.984Z level=INFO msg="new steering map" node=pop-miami version=48 storm=false
time=2026-10-01T06:27:18.991Z level=INFO msg="class moved" node=pop-miami class=voice dst=192.168.10.0/24 from=carrier-a to=carrier-b why=controller
time=2026-10-01T06:27:18.991Z level=INFO msg="class moved" node=pop-miami class=business dst=192.168.10.0/24 from=carrier-a to=carrier-b why=controller
time=2026-10-01T06:27:18.991Z level=INFO msg="class moved" node=pop-miami class=bulk dst=192.168.10.0/24 from=carrier-a to=carrier-b why=controller
time=2026-10-01T06:27:18.991Z level=INFO msg="class moved" node=pop-miami class=voice dst=192.168.20.0/24 from=carrier-a to=carrier-b why=controller
time=2026-10-01T06:27:18.991Z level=INFO msg="class moved" node=pop-miami class=business dst=192.168.20.0/24 from=carrier-a to=carrier-b why=controller
time=2026-10-01T06:27:18.991Z level=INFO msg="class moved" node=pop-miami class=bulk dst=192.168.20.0/24 from=carrier-a to=carrier-b why=controller
time=2026-10-01T06:28:08.981Z level=INFO msg="new steering map" node=pop-miami version=49 storm=false
time=2026-10-01T06:28:58.991Z level=INFO msg="new steering map" node=pop-miami version=51 storm=false
-- agent log site-a
time=2026-10-01T06:14:36.149Z level=INFO msg="class moved" node=site-a class=voice dst="" from=bgp to=carrier-a why=bfd
time=2026-10-01T06:14:36.149Z level=INFO msg="class moved" node=site-a class=business dst="" from=bgp to=carrier-a why=bfd
time=2026-10-01T06:14:36.149Z level=INFO msg="class moved" node=site-a class=bulk dst="" from=paused to=carrier-a why=bfd
time=2026-10-01T06:25:59.105Z level=WARN msg="controller unreachable" node=site-a err="Get \"https://172.30.0.5:8443/api/v1/agent/desired-state?have=13\": context deadline exceeded (Client.Timeout exceeded while awaiting headers)"
time=2026-10-01T06:26:14.109Z level=WARN msg="controller unreachable" node=site-a err="Get \"https://172.30.0.5:8443/api/v1/agent/steering?have=37\": context deadline exceeded (Client.Timeout exceeded while awaiting headers)"
time=2026-10-01T06:26:28.368Z level=WARN msg="controller unreachable" node=site-a err="Get \"https://172.30.0.5:8443/api/v1/agent/steering?have=37\": dial tcp 172.30.0.5:8443: connect: no route to host"
time=2026-10-01T06:26:31.504Z level=WARN msg="controller unreachable" node=site-a err="Get \"https://172.30.0.5:8443/api/v1/agent/desired-state?have=13\": dial tcp 172.30.0.5:8443: connect: no route to host"
time=2026-10-01T06:26:34.575Z level=WARN msg="controller unreachable" node=site-a err="Get \"https://172.30.0.5:8443/api/v1/agent/steering?have=37\": dial tcp 172.30.0.5:8443: connect: no route to host"
time=2026-10-01T06:26:37.647Z level=WARN msg="controller unreachable" node=site-a err="Get \"https://172.30.0.5:8443/api/v1/agent/steering?have=37\": dial tcp 172.30.0.5:8443: connect: no route to host"
time=2026-10-01T06:26:40.732Z level=WARN msg="controller silent; holding the last good state and current paths" node=site-a since=2026-10-01T06:25:39Z err="Get \"https://172.30.0.5:8443/api/v1/agent/desired-state?have=13\": dial tcp 172.30.0.5:8443: connect: no route to host"
time=2026-10-01T06:26:50.098Z level=INFO msg="bfd change" node=site-a peer=100.64.1.1 tunnel=wg-a status=down
time=2026-10-01T06:26:50.106Z level=INFO msg="class moved" node=site-a class=voice dst="" from=carrier-a to=carrier-b why=bfd
time=2026-10-01T06:26:50.106Z level=INFO msg="class moved" node=site-a class=business dst="" from=carrier-a to=carrier-b why=bfd
time=2026-10-01T06:26:50.106Z level=INFO msg="class moved" node=site-a class=bulk dst="" from=carrier-a to=carrier-b why=bfd
time=2026-10-01T06:26:59.866Z level=INFO msg="bfd change" node=site-a peer=100.64.1.1 tunnel=wg-a status=up
time=2026-10-01T06:26:59.871Z level=INFO msg="class moved" node=site-a class=voice dst="" from=carrier-b to=carrier-a why=bfd
time=2026-10-01T06:26:59.871Z level=INFO msg="class moved" node=site-a class=business dst="" from=carrier-b to=carrier-a why=bfd
time=2026-10-01T06:26:59.871Z level=INFO msg="class moved" node=site-a class=bulk dst="" from=carrier-b to=carrier-a why=bfd
time=2026-10-01T06:27:04.136Z level=INFO msg="controller reachable again; reconciling" node=site-a
time=2026-10-01T06:27:19.192Z level=INFO msg="new steering map" node=site-a version=38 storm=false
time=2026-10-01T06:27:19.205Z level=INFO msg="class moved" node=site-a class=voice dst="" from=carrier-a to=carrier-b why=controller
time=2026-10-01T06:27:19.205Z level=INFO msg="class moved" node=site-a class=business dst="" from=carrier-a to=carrier-b why=controller
time=2026-10-01T06:27:19.205Z level=INFO msg="class moved" node=site-a class=bulk dst="" from=carrier-a to=carrier-b why=controller
time=2026-10-01T06:28:09.146Z level=INFO msg="new steering map" node=site-a version=39 storm=false
time=2026-10-01T06:28:59.149Z level=INFO msg="new steering map" node=site-a version=41 storm=false
-- agent log site-b
time=2026-10-01T06:13:46.899Z level=INFO msg="class moved" node=site-b class=bulk dst="" from=carrier-b to=paused why=bfd
time=2026-10-01T06:14:19.895Z level=INFO msg="bfd change" node=site-b peer=100.64.1.1 tunnel=wg-a status=init
time=2026-10-01T06:14:19.900Z level=INFO msg="class moved" node=site-b class=voice dst="" from=bgp to=carrier-a why=bfd
time=2026-10-01T06:14:19.900Z level=INFO msg="class moved" node=site-b class=business dst="" from=bgp to=carrier-a why=bfd
time=2026-10-01T06:14:19.900Z level=INFO msg="class moved" node=site-b class=bulk dst="" from=paused to=carrier-a why=bfd
time=2026-10-01T06:14:20.392Z level=INFO msg="bfd change" node=site-b peer=100.64.1.1 tunnel=wg-a status=up
time=2026-10-01T06:14:20.392Z level=INFO msg="bfd change" node=site-b peer=100.64.2.1 tunnel=wg-b status=init
time=2026-10-01T06:14:21.443Z level=INFO msg="bfd change" node=site-b peer=100.64.2.1 tunnel=wg-b status=up
time=2026-10-01T06:17:22.905Z level=INFO msg="bfd change" node=site-b peer=100.64.2.1 tunnel=wg-b status=down
time=2026-10-01T06:17:24.400Z level=INFO msg="bfd change" node=site-b peer=100.64.2.1 tunnel=wg-b status=up
time=2026-10-01T06:25:59.361Z level=WARN msg="controller unreachable" node=site-b err="Get \"https://172.30.0.5:8443/api/v1/agent/desired-state?have=7\": context deadline exceeded (Client.Timeout exceeded while awaiting headers)"
time=2026-10-01T06:26:14.425Z level=WARN msg="controller unreachable" node=site-b err="Post \"https://172.30.0.5:8443/api/v1/agent/telemetry\": context deadline exceeded (Client.Timeout exceeded while awaiting headers)"
time=2026-10-01T06:26:22.735Z level=WARN msg="controller unreachable" node=site-b err="Get \"https://172.30.0.5:8443/api/v1/agent/desired-state?have=7\": dial tcp 172.30.0.5:8443: connect: no route to host"
time=2026-10-01T06:26:25.806Z level=WARN msg="controller unreachable" node=site-b err="Post \"https://172.30.0.5:8443/api/v1/agent/telemetry\": dial tcp 172.30.0.5:8443: connect: no route to host"
time=2026-10-01T06:26:28.879Z level=WARN msg="controller unreachable" node=site-b err="Post \"https://172.30.0.5:8443/api/v1/agent/telemetry\": dial tcp 172.30.0.5:8443: connect: no route to host"
time=2026-10-01T06:26:32.015Z level=WARN msg="controller unreachable" node=site-b err="Get \"https://172.30.0.5:8443/api/v1/agent/steering?have=26\": dial tcp 172.30.0.5:8443: connect: no route to host"
time=2026-10-01T06:26:35.086Z level=WARN msg="controller unreachable" node=site-b err="Get \"https://172.30.0.5:8443/api/v1/agent/steering?have=26\": dial tcp 172.30.0.5:8443: connect: no route to host"
time=2026-10-01T06:26:38.158Z level=WARN msg="controller unreachable" node=site-b err="Get \"https://172.30.0.5:8443/api/v1/agent/desired-state?have=7\": dial tcp 172.30.0.5:8443: connect: no route to host"
time=2026-10-01T06:26:41.231Z level=WARN msg="controller silent; holding the last good state and current paths" node=site-b since=2026-10-01T06:25:39Z err="Post \"https://172.30.0.5:8443/api/v1/agent/telemetry\": dial tcp 172.30.0.5:8443: connect: no route to host"
time=2026-10-01T06:27:04.427Z level=INFO msg="controller reachable again; reconciling" node=site-b
time=2026-10-01T06:27:19.440Z level=INFO msg="new steering map" node=site-b version=27 storm=false
time=2026-10-01T06:27:19.454Z level=INFO msg="class moved" node=site-b class=voice dst="" from=carrier-a to=carrier-b why=controller
time=2026-10-01T06:27:19.454Z level=INFO msg="class moved" node=site-b class=business dst="" from=carrier-a to=carrier-b why=controller
time=2026-10-01T06:27:19.454Z level=INFO msg="class moved" node=site-b class=bulk dst="" from=carrier-a to=carrier-b why=controller
time=2026-10-01T06:28:59.415Z level=INFO msg="new steering map" node=site-b version=28 storm=false
-- controller log
controller-1  | INFO:     172.18.0.4:40026 - "GET /api/v1/agent/steering?have=49 HTTP/1.0" 204 No Content
controller-1  | INFO:     172.18.0.4:40040 - "GET /api/v1/agent/desired-state?have=13 HTTP/1.0" 204 No Content
controller-1  | INFO:     172.18.0.4:40032 - "POST /api/v1/agent/telemetry HTTP/1.0" 204 No Content
controller-1  | INFO:     172.18.0.4:40046 - "POST /api/v1/agent/telemetry HTTP/1.0" 204 No Content
controller-1  | INFO:     172.18.0.4:40050 - "GET /api/v1/agent/steering?have=39 HTTP/1.0" 204 No Content
controller-1  | INFO:     172.18.0.4:40062 - "GET /api/v1/agent/desired-state?have=7 HTTP/1.0" 204 No Content
controller-1  | INFO:     172.18.0.4:40064 - "POST /api/v1/agent/telemetry HTTP/1.0" 204 No Content
controller-1  | INFO:     172.18.0.4:40080 - "GET /api/v1/agent/steering?have=27 HTTP/1.0" 204 No Content
controller-1  | INFO:     127.0.0.1:51478 - "GET /healthz HTTP/1.1" 200 OK
controller-1  | INFO:     172.18.0.4:57798 - "GET /api/v1/agent/steering?have=49 HTTP/1.0" 204 No Content
controller-1  | INFO:     172.18.0.4:57804 - "GET /api/v1/agent/steering?have=39 HTTP/1.0" 204 No Content
controller-1  | INFO:     172.18.0.4:57814 - "GET /api/v1/agent/steering?have=27 HTTP/1.0" 204 No Content
controller-1  | INFO:     172.18.0.4:57826 - "GET /api/v1/agent/desired-state?have=9 HTTP/1.0" 204 No Content
controller-1  | INFO:     172.18.0.4:57836 - "GET /api/v1/agent/steering?have=49 HTTP/1.0" 204 No Content
controller-1  | INFO:     172.18.0.4:57840 - "POST /api/v1/agent/telemetry HTTP/1.0" 204 No Content
controller-1  | INFO:     172.18.0.4:57850 - "GET /api/v1/agent/desired-state?have=13 HTTP/1.0" 204 No Content
controller-1  | INFO:     172.18.0.4:57864 - "GET /api/v1/agent/steering?have=39 HTTP/1.0" 204 No Content
controller-1  | INFO:     172.18.0.4:57870 - "POST /api/v1/agent/telemetry HTTP/1.0" 204 No Content
controller-1  | INFO:     127.0.0.1:51480 - "GET /healthz HTTP/1.1" 200 OK
controller-1  | INFO:     172.18.0.4:57882 - "GET /api/v1/agent/desired-state?have=7 HTTP/1.0" 204 No Content
controller-1  | INFO:     172.18.0.4:57888 - "GET /api/v1/agent/steering?have=27 HTTP/1.0" 204 No Content
controller-1  | INFO:     172.18.0.4:57900 - "POST /api/v1/agent/telemetry HTTP/1.0" 204 No Content
controller-1  | INFO:     172.18.0.4:45528 - "GET /api/v1/agent/steering?have=49 HTTP/1.0" 204 No Content
controller-1  | INFO:     172.18.0.4:45536 - "GET /api/v1/agent/steering?have=39 HTTP/1.0" 204 No Content
controller-1  | INFO:     172.18.0.4:45546 - "GET /api/v1/agent/steering?have=27 HTTP/1.0" 204 No Content
controller-1  | INFO:     127.0.0.1:37572 - "GET /healthz HTTP/1.1" 200 OK
controller-1  | INFO:     172.18.0.4:45548 - "GET /api/v1/agent/desired-state?have=9 HTTP/1.0" 204 No Content
controller-1  | INFO:     172.18.0.4:45558 - "POST /api/v1/agent/telemetry HTTP/1.0" 204 No Content
controller-1  | INFO:     172.18.0.4:45574 - "GET /api/v1/agent/steering?have=49 HTTP/1.0" 204 No Content
controller-1  | INFO:     172.18.0.4:45578 - "GET /api/v1/agent/desired-state?have=13 HTTP/1.0" 204 No Content
controller-1  | INFO:     172.18.0.4:45594 - "GET /api/v1/agent/steering?have=39 HTTP/1.0" 204 No Content
controller-1  | INFO:     172.18.0.4:45602 - "POST /api/v1/agent/telemetry HTTP/1.0" 204 No Content
controller-1  | INFO:     172.18.0.4:45610 - "GET /api/v1/agent/desired-state?have=7 HTTP/1.0" 204 No Content
controller-1  | INFO:     172.18.0.4:45618 - "GET /api/v1/agent/steering?have=27 HTTP/1.0" 204 No Content
controller-1  | INFO:     172.18.0.4:45622 - "POST /api/v1/agent/telemetry HTTP/1.0" 204 No Content
controller-1  | INFO:     127.0.0.1:37588 - "GET /healthz HTTP/1.1" 200 OK
controller-1  | INFO:     172.18.0.4:37478 - "GET /api/v1/agent/steering?have=49 HTTP/1.0" 204 No Content
controller-1  | INFO:     172.18.0.4:37486 - "GET /api/v1/agent/steering?have=39 HTTP/1.0" 204 No Content
controller-1  | INFO:     172.18.0.4:37502 - "GET /api/v1/agent/steering?have=27 HTTP/1.0" 204 No Content
controller-1  | INFO:     127.0.0.1:34962 - "GET /healthz HTTP/1.1" 200 OK
controller-1  | INFO:     172.18.0.4:37506 - "GET /api/v1/agent/desired-state?have=9 HTTP/1.0" 204 No Content
controller-1  | INFO:     172.18.0.4:37514 - "GET /api/v1/agent/steering?have=49 HTTP/1.0" 204 No Content
controller-1  | INFO:     172.18.0.4:37528 - "POST /api/v1/agent/telemetry HTTP/1.0" 204 No Content
controller-1  | INFO:     172.18.0.4:37536 - "GET /api/v1/agent/desired-state?have=13 HTTP/1.0" 204 No Content
controller-1  | INFO:     172.18.0.4:37544 - "GET /api/v1/agent/steering?have=39 HTTP/1.0" 204 No Content
controller-1  | INFO:     172.18.0.4:37550 - "POST /api/v1/agent/telemetry HTTP/1.0" 204 No Content
controller-1  | INFO:     172.18.0.4:37560 - "GET /api/v1/agent/desired-state?have=7 HTTP/1.0" 204 No Content
controller-1  | INFO:     172.18.0.4:37576 - "POST /api/v1/agent/telemetry HTTP/1.0" 204 No Content
controller-1  | INFO:     172.18.0.4:37588 - "GET /api/v1/agent/steering?have=27 HTTP/1.0" 204 No Content
controller-1  | INFO:     127.0.0.1:34972 - "GET /healthz HTTP/1.1" 200 OK
controller-1  | INFO:     172.18.0.1:39534 - "POST /api/v1/auth/login HTTP/1.1" 200 OK
controller-1  | INFO:     172.18.0.1:39540 - "DELETE /api/v1/customers/4d26813b-aaa6-4be7-9b73-1730be959882/rules/3 HTTP/1.1" 204 No Content
controller-1  | INFO:     172.18.0.1:57834 - "POST /api/v1/auth/login HTTP/1.1" 200 OK
controller-1  | INFO:     172.18.0.1:57838 - "POST /api/v1/customers/4d26813b-aaa6-4be7-9b73-1730be959882/rules HTTP/1.1" 201 Created
controller-1  | INFO:     172.18.0.4:59296 - "GET /api/v1/agent/steering?have=49 HTTP/1.0" 200 OK
controller-1  | INFO:     172.18.0.4:59310 - "GET /api/v1/agent/steering?have=39 HTTP/1.0" 200 OK
controller-1  | INFO:     172.18.0.4:59314 - "GET /api/v1/agent/steering?have=27 HTTP/1.0" 200 OK
controller-1  | INFO:     127.0.0.1:58866 - "GET /healthz HTTP/1.1" 200 OK
controller-1  | INFO:     172.18.0.1:57844 - "POST /api/v1/auth/login HTTP/1.1" 200 OK
controller-1  | INFO:     172.18.0.1:57854 - "DELETE /api/v1/customers/4d26813b-aaa6-4be7-9b73-1730be959882/rules/4 HTTP/1.1" 204 No Content
-- host
 08:29:03 up  4:53,  3 users,  load average: 2.67, 4.77, 5.05
procs -----------memory---------- ---swap-- -----io---- -system-- -------cpu-------
 r  b   swpd   free   buff  cache   si   so    bi    bo   in   cs us sy id wa st gu
 3  0      0 6042952   8272 963132    0    0   147   791 3703   13  6 13 81  0  0  0
 2  0      0 6042728   8272 963188    0    0     0   224 6514 7798  5 23 70  2  0  0
 2  0      0 6044380   8272 963196    0    0     0   176 5920 7202  4 21 75  0  0  0
make: *** [Makefile:102: lab-ci] Error 1
