commit 3fe8876: Fabric: virtual circuits to clouds and between sites, a cloud router and elastic bandwidth

== Redeploying the lab (22:46:46)
DEPRECATED: The legacy builder is deprecated and will be removed in a future release.
            Install the buildx component to build images with BuildKit:
            https://docs.docker.com/go/buildx/

Sending build context to Docker daemon   2.56kB
Step 1/5 : FROM quay.io/frrouting/frr:10.2.1
 ---> e47e67bd6120
Step 2/5 : RUN apk add --no-cache       bash iproute2 iproute2-tc nftables wireguard-tools       iperf3 tcpdump iputils curl jq ethtool conntrack-tools strongswan
 ---> Running in 5a172e88d17f
fetch https://dl-cdn.alpinelinux.org/alpine/v3.20/main/x86_64/APKINDEX.tar.gz
fetch https://dl-cdn.alpinelinux.org/alpine/v3.20/community/x86_64/APKINDEX.tar.gz
(1/34) Installing libnfnetlink (1.0.2-r3)
(2/34) Installing libnetfilter_conntrack (1.0.9-r3)
(3/34) Installing libnetfilter_cthelper (1.0.1-r2)
(4/34) Installing libnetfilter_cttimeout (1.0.1-r2)
(5/34) Installing libnetfilter_queue (1.0.5-r2)
(6/34) Installing conntrack-tools (1.4.8-r0)
(7/34) Installing ca-certificates (20260413-r0)
(8/34) Installing brotli-libs (1.1.0-r2)
(9/34) Installing libunistring (1.2-r0)
(10/34) Installing libidn2 (2.3.7-r0)
(11/34) Installing nghttp2-libs (1.62.1-r0)
(12/34) Installing libpsl (0.21.5-r1)
(13/34) Installing libcurl (8.14.1-r2)
(14/34) Installing curl (8.14.1-r2)
(15/34) Installing ethtool (6.7-r0)
(16/34) Installing iperf3 (3.17.1-r0)
(17/34) Installing iputils-arping (20240117-r0)
(18/34) Installing iputils-clockdiff (20240117-r0)
(19/34) Installing iputils-ping (20240117-r0)
(20/34) Installing iputils-tracepath (20240117-r0)
(21/34) Installing iputils (20240117-r0)
(22/34) Installing oniguruma (6.9.9-r0)
(23/34) Installing jq (1.7.1-r0)
(24/34) Installing gmp (6.3.0-r1)
(25/34) Installing jansson (2.14-r4)
(26/34) Installing libnftnl (1.2.6-r0)
(27/34) Installing nftables (1.0.9-r2)
(28/34) Installing strongswan (5.9.13-r2)
Executing strongswan-5.9.13-r2.pre-install
(29/34) Installing libpcap (1.10.4-r1)
(30/34) Installing tcpdump (4.99.4-r1)
(31/34) Installing wireguard-tools-wg (1.0.20210914-r4)
(32/34) Installing openresolv (3.13.2-r0)
(33/34) Installing wireguard-tools-wg-quick (1.0.20210914-r4)
(34/34) Installing wireguard-tools (1.0.20210914-r4)
Executing busybox-1.36.1-r29.trigger
Executing ca-certificates-20260413-r0.trigger
OK: 167 MiB in 102 packages
 ---> Removed intermediate container 5a172e88d17f
 ---> 7a437e8c8c8c
Step 3/5 : RUN sed -i -e 's/^bgpd=no/bgpd=yes/' -e 's/^bfdd=no/bfdd=yes/' /etc/frr/daemons
 ---> Running in 402300c60f1b
 ---> Removed intermediate container 402300c60f1b
 ---> 4b76442afc62
Step 4/5 : RUN touch /etc/frr/vtysh.conf
 ---> Running in 76c38084aaae
 ---> Removed intermediate container 76c38084aaae
 ---> f26a5f558c80
Step 5/5 : RUN ln -s /opt/exaconnect/bin/exa-agent /usr/local/bin/exa-agent
 ---> Running in 8dfc4ec00443
 ---> Removed intermediate container 8dfc4ec00443
 ---> 988f106f45d9
Successfully built 988f106f45d9
Successfully tagged exaconnect/node:dev
00:47:46 INFO Containerlab started version=0.79.0
00:47:46 INFO Parsing & checking topology file=exaconnect.clab.yml
00:47:46 INFO Removing directory path=/root/exaconnect/lab/clab-exaconnect
00:47:46 INFO Creating lab directory path=/root/exaconnect/lab/clab-exaconnect
00:47:47 INFO Creating container name=site-a
00:47:47 INFO Creating container name=site-b
00:47:47 INFO Creating container name=ix
00:47:47 INFO Creating container name=lan-b
00:47:48 INFO Created link: site-b:eth4 ▪┄┄▪ lan-b:eth1
00:47:49 INFO Creating container name=pop-miami
00:47:50 INFO Creating container name=cloud-aws
00:47:50 INFO Creating container name=lan-pop
00:47:50 INFO Creating container name=carrier-a
00:47:50 INFO Created link: pop-miami:eth5 ▪┄┄▪ ix:eth1
00:47:51 INFO Created link: ix:eth2 ▪┄┄▪ cloud-aws:eth1
00:47:51 INFO Created link: carrier-a:eth1 ▪┄┄▪ pop-miami:eth1
00:47:52 INFO Created link: carrier-a:eth2 ▪┄┄▪ site-a:eth1
00:47:52 INFO Created link: carrier-a:eth3 ▪┄┄▪ site-b:eth1
00:47:52 INFO Created link: pop-miami:eth4 ▪┄┄▪ lan-pop:eth1
00:47:52 INFO Creating container name=carrier-b
00:47:52 INFO Creating container name=cloud-azure
00:47:52 INFO Creating container name=lan-a
00:47:53 INFO Creating container name=sat
00:47:53 INFO Created link: carrier-b:eth1 ▪┄┄▪ pop-miami:eth2
00:47:53 INFO Created link: carrier-b:eth2 ▪┄┄▪ site-a:eth2
00:47:53 INFO Created link: carrier-b:eth3 ▪┄┄▪ site-b:eth2
00:47:53 INFO Created link: ix:eth3 ▪┄┄▪ cloud-azure:eth1
00:47:54 INFO Created link: site-a:eth4 ▪┄┄▪ lan-a:eth1
00:47:54 INFO Created link: sat:eth1 ▪┄┄▪ pop-miami:eth3
00:47:54 INFO Created link: sat:eth2 ▪┄┄▪ site-a:eth3
00:47:54 INFO Created link: sat:eth3 ▪┄┄▪ site-b:eth3
00:47:55 INFO Executed command node=ix command="sysctl -w net.ipv4.ip_forward=1"
  stdout=
  │ net.ipv4.ip_forward = 1

00:47:55 INFO Executed command node=lan-b command="ip addr add 192.168.20.10/24 dev eth1" stdout=""
00:47:55 INFO Executed command node=site-a command="sysctl -w net.ipv4.ip_forward=1"
  stdout=
  │ net.ipv4.ip_forward = 1

00:47:55 INFO Executed command node=ix command="ip addr add 100.64.0.1/24 dev eth1" stdout=""
00:47:55 INFO Executed command node=site-b command="sysctl -w net.ipv4.ip_forward=1"
  stdout=
  │ net.ipv4.ip_forward = 1

00:47:55 INFO Executed command node=site-a command="sysctl -w net.ipv4.conf.all.rp_filter=2"
  stdout=
  │ net.ipv4.conf.all.rp_filter = 2

00:47:55 INFO Executed command node=lan-b command="ip route replace 192.168.0.0/16 via 192.168.20.1" stdout=""
00:47:55 INFO Executed command node=ix command="ip addr add 100.64.10.1/24 dev eth2" stdout=""
00:47:55 INFO Executed command node=site-b command="sysctl -w net.ipv4.conf.all.rp_filter=2"
  stdout=
  │ net.ipv4.conf.all.rp_filter = 2

00:47:55 INFO Executed command node=site-a command="ip addr add 10.11.1.2/24 dev eth1" stdout=""
00:47:55 INFO Executed command node=site-b command="ip addr add 10.11.2.2/24 dev eth1" stdout=""
00:47:55 INFO Executed command node=lan-b command="ip route replace 10.200.0.0/24 via 192.168.20.1" stdout=""
00:47:55 INFO Executed command node=ix command="ip addr add 100.64.11.1/24 dev eth3" stdout=""
00:47:55 INFO Executed command node=site-a command="ip addr add 10.12.1.2/24 dev eth2" stdout=""
00:47:55 INFO Executed command node=site-b command="ip addr add 10.12.2.2/24 dev eth2" stdout=""
00:47:55 INFO Executed command node=lan-b command="ip route replace 10.100.0.0/15 via 192.168.20.1" stdout=""
00:47:55 INFO Executed command node=site-a command="ip addr add 10.13.1.2/24 dev eth3" stdout=""
00:47:55 INFO Executed command node=site-b command="ip addr add 10.13.2.2/24 dev eth3" stdout=""
00:47:55 INFO Executed command node=site-a command="ip addr add 192.168.10.1/24 dev eth4" stdout=""
00:47:55 INFO Executed command node=lan-b command="ip link add link eth1 name eth1.200 type vlan id 200" stdout=""
00:47:55 INFO Executed command node=site-b command="ip addr add 192.168.20.1/24 dev eth4" stdout=""
00:47:55 INFO Executed command node=site-b command="ip route add 10.11.0.0/24 via 10.11.2.1" stdout=""
00:47:55 INFO Executed command node=lan-b command="ip addr add 172.16.100.20/24 dev eth1.200" stdout=""
00:47:55 INFO Executed command node=site-a command="ip route add 10.11.0.0/24 via 10.11.1.1" stdout=""
00:47:55 INFO Executed command node=site-b command="ip route add 10.12.0.0/24 via 10.12.2.1" stdout=""
00:47:55 INFO Executed command node=lan-b command="ip link set eth1.200 mtu 1370 up" stdout=""
00:47:55 INFO Executed command node=site-a command="ip route add 10.12.0.0/24 via 10.12.1.1" stdout=""
00:47:55 INFO Executed command node=site-b command="ip route add 10.13.0.0/24 via 10.13.2.1" stdout=""
00:47:55 INFO Executed command node=site-a command="ip route add 10.13.0.0/24 via 10.13.1.1" stdout=""
00:47:55 INFO Executed command node=pop-miami command="sysctl -w net.ipv4.ip_forward=1"
  stdout=
  │ net.ipv4.ip_forward = 1

00:47:55 INFO Executed command node=pop-miami command="sysctl -w net.ipv4.conf.all.rp_filter=2"
  stdout=
  │ net.ipv4.conf.all.rp_filter = 2

00:47:55 INFO Executed command node=pop-miami command="ip addr add 10.11.0.2/24 dev eth1" stdout=""
00:47:55 INFO Executed command node=pop-miami command="ip addr add 10.12.0.2/24 dev eth2" stdout=""
00:47:55 INFO Executed command node=cloud-aws command="sysctl -w net.ipv4.ip_forward=1"
  stdout=
  │ net.ipv4.ip_forward = 1

00:47:55 INFO Executed command node=pop-miami command="ip addr add 10.13.0.2/24 dev eth3" stdout=""
00:47:55 INFO Executed command node=cloud-aws command="ip addr add 100.64.10.2/24 dev eth1" stdout=""
00:47:55 INFO Executed command node=pop-miami command="ip addr add 10.200.0.1/24 dev eth4" stdout=""
00:47:55 INFO Executed command node=carrier-a command="sysctl -w net.ipv4.ip_forward=1"
  stdout=
  │ net.ipv4.ip_forward = 1

00:47:55 INFO Executed command node=lan-pop command="ip addr add 10.200.0.10/24 dev eth1" stdout=""
00:47:55 INFO Executed command node=cloud-aws command="ip route add 100.64.0.0/24 via 100.64.10.1" stdout=""
00:47:55 INFO Executed command node=pop-miami command="ip addr add 100.64.0.2/24 dev eth5" stdout=""
00:47:55 INFO Executed command node=carrier-a command="ip addr add 10.11.0.1/24 dev eth1" stdout=""
00:47:55 INFO Executed command node=lan-pop command="ip route replace 192.168.0.0/16 via 10.200.0.1" stdout=""
00:47:55 INFO Executed command node=carrier-a command="ip addr add 10.11.1.1/24 dev eth2" stdout=""
00:47:55 INFO Executed command node=cloud-aws command="ip link add vpc type dummy" stdout=""
00:47:55 INFO Executed command node=pop-miami command="ip route add 100.64.10.0/24 via 100.64.0.1" stdout=""
00:47:55 INFO Executed command node=carrier-a command="ip addr add 10.11.2.1/24 dev eth3" stdout=""
00:47:55 INFO Executed command node=cloud-aws command="ip addr add 10.100.0.1/16 dev vpc" stdout=""
00:47:55 INFO Executed command node=pop-miami command="ip route add 100.64.11.0/24 via 100.64.0.1" stdout=""
00:47:55 INFO Executed command node=cloud-aws command="ip link set vpc up" stdout=""
00:47:55 INFO Executed command node=pop-miami command="ip route add 10.11.0.0/16 via 10.11.0.1" stdout=""
00:47:55 INFO Executed command node=pop-miami command="ip route add 10.12.0.0/16 via 10.12.0.1" stdout=""
00:47:55 INFO Executed command node=pop-miami command="ip route add 10.13.0.0/16 via 10.13.0.1" stdout=""
00:47:55 INFO Executed command node=carrier-b command="sysctl -w net.ipv4.ip_forward=1"
  stdout=
  │ net.ipv4.ip_forward = 1

00:47:55 INFO Executed command node=cloud-azure command="sysctl -w net.ipv4.ip_forward=1"
  stdout=
  │ net.ipv4.ip_forward = 1

00:47:55 INFO Executed command node=cloud-azure command="ip addr add 100.64.11.2/24 dev eth1" stdout=""
00:47:55 INFO Executed command node=carrier-b command="ip addr add 10.12.0.1/24 dev eth1" stdout=""
00:47:55 INFO Executed command node=cloud-azure command="ip route add 100.64.0.0/24 via 100.64.11.1" stdout=""
00:47:55 INFO Executed command node=carrier-b command="ip addr add 10.12.1.1/24 dev eth2" stdout=""
00:47:55 INFO Executed command node=lan-a command="ip addr add 192.168.10.10/24 dev eth1" stdout=""
00:47:55 INFO Executed command node=cloud-azure command="ip link add vpc type dummy" stdout=""
00:47:55 INFO Executed command node=sat command="sysctl -w net.ipv4.ip_forward=1"
  stdout=
  │ net.ipv4.ip_forward = 1

00:47:55 INFO Executed command node=carrier-b command="ip addr add 10.12.2.1/24 dev eth3" stdout=""
00:47:55 INFO Executed command node=cloud-azure command="ip addr add 10.101.0.1/16 dev vpc" stdout=""
00:47:55 INFO Executed command node=lan-a command="ip route replace 192.168.0.0/16 via 192.168.10.1" stdout=""
00:47:55 INFO Executed command node=sat command="ip addr add 10.13.0.1/24 dev eth1" stdout=""
00:47:55 INFO Executed command node=cloud-azure command="ip link set vpc up" stdout=""
00:47:55 INFO Executed command node=sat command="ip addr add 10.13.1.1/24 dev eth2" stdout=""
00:47:55 INFO Executed command node=lan-a command="ip route replace 10.200.0.0/24 via 192.168.10.1" stdout=""
00:47:55 INFO Executed command node=sat command="ip addr add 10.13.2.1/24 dev eth3" stdout=""
00:47:55 INFO Executed command node=lan-a command="ip route replace 10.100.0.0/15 via 192.168.10.1" stdout=""
00:47:55 INFO Executed command node=lan-a command="ip link add link eth1 name eth1.100 type vlan id 100" stdout=""
00:47:55 INFO Executed command node=lan-a command="ip addr add 172.16.100.10/24 dev eth1.100" stdout=""
00:47:55 INFO Executed command node=lan-a command="ip link set eth1.100 mtu 1370 up" stdout=""
00:47:55 INFO Adding host entries path=/etc/hosts
00:47:55 INFO Adding SSH config for nodes path=/etc/ssh/ssh_config.d/clab-exaconnect.conf
[1m╭[0m[1m─────────────────────────────[0m[1m┬[0m[1m─────────────────────[0m[1m┬[0m[1m─────────[0m[1m┬[0m[1m────────────────[0m[1m╮[0m
[1m│[0m[1m             Name            [0m[1m│[0m[1m      Kind/Image     [0m[1m│[0m[1m  State  [0m[1m│[0m[1m IPv4/6 Address [0m[1m│[0m
[1m├[0m[1m─────────────────────────────[0m[1m┼[0m[1m─────────────────────[0m[1m┼[0m[1m─────────[0m[1m┼[0m[1m────────────────[0m[1m┤[0m
│ clab-exaconnect-carrier-a   │ linux               │ running │ 172.30.0.11    │
│                             │ exaconnect/node:dev │         │ N/A            │
├─────────────────────────────┼─────────────────────┼─────────┼────────────────┤
│ clab-exaconnect-carrier-b   │ linux               │ running │ 172.30.0.12    │
│                             │ exaconnect/node:dev │         │ N/A            │
├─────────────────────────────┼─────────────────────┼─────────┼────────────────┤
│ clab-exaconnect-cloud-aws   │ linux               │ running │ 172.30.0.51    │
│                             │ exaconnect/node:dev │         │ N/A            │
├─────────────────────────────┼─────────────────────┼─────────┼────────────────┤
│ clab-exaconnect-cloud-azure │ linux               │ running │ 172.30.0.52    │
│                             │ exaconnect/node:dev │         │ N/A            │
├─────────────────────────────┼─────────────────────┼─────────┼────────────────┤
│ clab-exaconnect-ix          │ linux               │ running │ 172.30.0.14    │
│                             │ exaconnect/node:dev │         │ N/A            │
├─────────────────────────────┼─────────────────────┼─────────┼────────────────┤
│ clab-exaconnect-lan-a       │ linux               │ running │ 172.30.0.41    │
│                             │ exaconnect/node:dev │         │ N/A            │
├─────────────────────────────┼─────────────────────┼─────────┼────────────────┤
│ clab-exaconnect-lan-b       │ linux               │ running │ 172.30.0.42    │
│                             │ exaconnect/node:dev │         │ N/A            │
├─────────────────────────────┼─────────────────────┼─────────┼────────────────┤
│ clab-exaconnect-lan-pop     │ linux               │ running │ 172.30.0.43    │
│                             │ exaconnect/node:dev │         │ N/A            │
├─────────────────────────────┼─────────────────────┼─────────┼────────────────┤
│ clab-exaconnect-pop-miami   │ linux               │ running │ 172.30.0.20    │
│                             │ exaconnect/node:dev │         │ N/A            │
├─────────────────────────────┼─────────────────────┼─────────┼────────────────┤
│ clab-exaconnect-sat         │ linux               │ running │ 172.30.0.13    │
│                             │ exaconnect/node:dev │         │ N/A            │
├─────────────────────────────┼─────────────────────┼─────────┼────────────────┤
│ clab-exaconnect-site-a      │ linux               │ running │ 172.30.0.31    │
│                             │ exaconnect/node:dev │         │ N/A            │
├─────────────────────────────┼─────────────────────┼─────────┼────────────────┤
│ clab-exaconnect-site-b      │ linux               │ running │ 172.30.0.32    │
│                             │ exaconnect/node:dev │         │ N/A            │
╰─────────────────────────────┴─────────────────────┴─────────┴────────────────╯
carrier-a  rtt     25ms  jitter     2ms  loss     0%
carrier-b  rtt     35ms  jitter     4ms  loss     0%
sat        rtt     45ms  jitter    10ms  loss   0.5%
ok    site-a  -> PoP via carrier-a avg rtt 30.440ms
ok    site-a  -> PoP via carrier-b avg rtt 42.495ms
ok    site-a  -> PoP via sat       avg rtt 707.115ms
ok    site-b  -> PoP via carrier-a avg rtt 30.736ms
ok    site-b  -> PoP via carrier-b avg rtt 38.509ms
ok    site-b  -> PoP via sat       avg rtt 57.064ms

== Controller (22:48:04)
.env ready (admin: admin@exacarib.local)
time="2026-10-04T00:48:05+02:00" level=warning msg="Docker Compose is configured to build using Bake, but buildx isn't installed"
#0 building with "default" instance using docker driver

#1 [controller internal] load build definition from Dockerfile
#1 transferring dockerfile: 559B done
#1 DONE 0.1s

#2 [controller internal] load metadata for docker.io/library/python:3.12-slim
#2 DONE 0.5s

#3 [controller internal] load .dockerignore
#3 transferring context: 2B 0.0s done
#3 DONE 0.1s

#4 [controller internal] load build context
#4 DONE 0.0s

#5 [controller 1/5] FROM docker.io/library/python:3.12-slim@sha256:dddfd7e07f9d15aeeca61529320492139d21cac7f0070c00609243e51e4e0016
#5 resolve docker.io/library/python:3.12-slim@sha256:dddfd7e07f9d15aeeca61529320492139d21cac7f0070c00609243e51e4e0016
#5 resolve docker.io/library/python:3.12-slim@sha256:dddfd7e07f9d15aeeca61529320492139d21cac7f0070c00609243e51e4e0016 0.2s done
#5 DONE 0.2s

#4 [controller internal] load build context
#4 transferring context: 116.13kB 0.5s done
#4 DONE 0.5s

#6 [controller 2/5] WORKDIR /app
#6 CACHED

#7 [controller 3/5] COPY pyproject.toml ./
#7 CACHED

#8 [controller 4/5] COPY exaconnect_controller ./exaconnect_controller
#8 DONE 0.5s

#9 [controller 5/5] RUN pip install --no-cache-dir . && mkdir -p /data && chown nobody:nogroup /data
#9 5.592 Processing /app
#9 5.607   Installing build dependencies: started
#9 7.939   Installing build dependencies: finished with status 'done'
#9 7.946   Getting requirements to build wheel: started
#9 8.446   Getting requirements to build wheel: finished with status 'done'
#9 8.450   Preparing metadata (pyproject.toml): started
#9 9.039   Preparing metadata (pyproject.toml): finished with status 'done'
#9 9.223 Collecting fastapi>=0.115 (from exaconnect-controller==0.2.0)
#9 9.264   Downloading fastapi-0.142.2-py3-none-any.whl.metadata (27 kB)
#9 9.342 Collecting uvicorn>=0.30 (from uvicorn[standard]>=0.30->exaconnect-controller==0.2.0)
#9 9.346   Downloading uvicorn-0.54.0-py3-none-any.whl.metadata (6.6 kB)
#9 9.594 Collecting pydantic>=2.7 (from exaconnect-controller==0.2.0)
#9 9.600   Downloading pydantic-2.13.5-py3-none-any.whl.metadata (110 kB)
#9 9.807 Collecting psycopg>=3.2 (from psycopg[binary]>=3.2->exaconnect-controller==0.2.0)
#9 9.896   Downloading psycopg-3.3.6-py3-none-any.whl.metadata (4.4 kB)
#9 10.03 Collecting psycopg-pool>=3.2 (from exaconnect-controller==0.2.0)
#9 10.04   Downloading psycopg_pool-3.3.3-py3-none-any.whl.metadata (2.8 kB)
#9 10.42 Collecting cryptography>=43 (from exaconnect-controller==0.2.0)
#9 10.43   Downloading cryptography-50.0.2-cp311-abi3-manylinux_2_34_x86_64.whl.metadata (4.4 kB)
#9 10.61 Collecting cffi>=2.0.0 (from cryptography>=43->exaconnect-controller==0.2.0)
#9 10.62   Downloading cffi-2.1.1-cp312-cp312-manylinux2014_x86_64.manylinux_2_17_x86_64.whl.metadata (2.5 kB)
#9 10.67 Collecting starlette>=0.46.0 (from fastapi>=0.115->exaconnect-controller==0.2.0)
#9 10.68   Downloading starlette-1.7.0-py3-none-any.whl.metadata (6.6 kB)
#9 10.75 Collecting typing-extensions>=4.8.0 (from fastapi>=0.115->exaconnect-controller==0.2.0)
#9 10.75   Downloading typing_extensions-4.16.0-py3-none-any.whl.metadata (3.3 kB)
#9 10.78 Collecting typing-inspection>=0.4.2 (from fastapi>=0.115->exaconnect-controller==0.2.0)
#9 10.79   Downloading typing_inspection-0.4.4-py3-none-any.whl.metadata (2.6 kB)
#9 10.80 Collecting annotated-doc>=0.0.2 (from fastapi>=0.115->exaconnect-controller==0.2.0)
#9 10.89   Downloading annotated_doc-0.0.5-py3-none-any.whl.metadata (6.5 kB)
#9 10.94 Collecting opentelemetry-api>=1.44.0 (from fastapi>=0.115->exaconnect-controller==0.2.0)
#9 10.99   Downloading opentelemetry_api-1.45.0-py3-none-any.whl.metadata (1.4 kB)
#9 11.37 Collecting psycopg-binary==3.3.6 (from psycopg[binary]>=3.2->exaconnect-controller==0.2.0)
#9 11.39   Downloading psycopg_binary-3.3.6-cp312-cp312-manylinux2014_x86_64.manylinux_2_17_x86_64.whl.metadata (2.7 kB)
#9 11.40 Collecting annotated-types>=0.6.0 (from pydantic>=2.7->exaconnect-controller==0.2.0)
#9 11.41   Downloading annotated_types-0.8.0-py3-none-any.whl.metadata (15 kB)
#9 12.96 Collecting pydantic-core==2.46.5 (from pydantic>=2.7->exaconnect-controller==0.2.0)
#9 12.97   Downloading pydantic_core-2.46.5-cp312-cp312-manylinux_2_17_x86_64.manylinux2014_x86_64.whl.metadata (6.6 kB)
#9 13.02 Collecting click>=7.0 (from uvicorn>=0.30->uvicorn[standard]>=0.30->exaconnect-controller==0.2.0)
#9 13.02   Downloading click-8.5.0-py3-none-any.whl.metadata (2.6 kB)
#9 13.04 Collecting h11>=0.8 (from uvicorn>=0.30->uvicorn[standard]>=0.30->exaconnect-controller==0.2.0)
#9 13.06   Downloading h11-0.16.0-py3-none-any.whl.metadata (8.3 kB)
#9 13.13 Collecting httptools>=0.8.0 (from uvicorn[standard]>=0.30->exaconnect-controller==0.2.0)
#9 13.14   Downloading httptools-0.8.0-cp312-cp312-manylinux1_x86_64.manylinux_2_28_x86_64.manylinux_2_5_x86_64.whl.metadata (3.5 kB)
#9 13.24 Collecting python-dotenv>=0.13 (from uvicorn[standard]>=0.30->exaconnect-controller==0.2.0)
#9 13.28   Downloading python_dotenv-1.2.4-py3-none-any.whl.metadata (29 kB)
#9 13.34 Collecting pyyaml>=5.1 (from uvicorn[standard]>=0.30->exaconnect-controller==0.2.0)
#9 13.37   Downloading pyyaml-6.0.3-cp312-cp312-manylinux2014_x86_64.manylinux_2_17_x86_64.manylinux_2_28_x86_64.whl.metadata (2.4 kB)
#9 13.43 Collecting uvloop>=0.15.1 (from uvicorn[standard]>=0.30->exaconnect-controller==0.2.0)
#9 13.45   Downloading uvloop-0.23.0-cp312-cp312-manylinux2014_x86_64.manylinux_2_17_x86_64.manylinux_2_28_x86_64.whl.metadata (5.1 kB)
#9 13.96 Collecting watchfiles>=0.20 (from uvicorn[standard]>=0.30->exaconnect-controller==0.2.0)
#9 13.97   Downloading watchfiles-1.3.0-cp310-abi3-manylinux_2_17_x86_64.manylinux2014_x86_64.whl.metadata (4.9 kB)
#9 14.37 Collecting websockets>=13.0 (from uvicorn[standard]>=0.30->exaconnect-controller==0.2.0)
#9 14.39   Downloading websockets-17.2-cp312-cp312-manylinux1_x86_64.manylinux_2_28_x86_64.manylinux_2_5_x86_64.whl.metadata (6.3 kB)
#9 14.41 Collecting pycparser (from cffi>=2.0.0->cryptography>=43->exaconnect-controller==0.2.0)
#9 14.42   Downloading pycparser-3.0-py3-none-any.whl.metadata (8.2 kB)
#9 14.48 Collecting anyio<5,>=4.0.0 (from starlette>=0.46.0->fastapi>=0.115->exaconnect-controller==0.2.0)
#9 14.49   Downloading anyio-4.15.1-py3-none-any.whl.metadata (4.7 kB)
#9 14.57 Collecting idna>=2.8 (from anyio<5,>=4.0.0->starlette>=0.46.0->fastapi>=0.115->exaconnect-controller==0.2.0)
#9 14.58   Downloading idna-3.20-py3-none-any.whl.metadata (7.2 kB)
#9 14.61 Downloading cryptography-50.0.2-cp311-abi3-manylinux_2_34_x86_64.whl (4.8 MB)
#9 14.81    ━━━━━━━━━━━━━━━━━━━━━━━━━━━━━━━━━━━━━━━━ 4.8/4.8 MB 25.5 MB/s eta 0:00:00
#9 14.82 Downloading fastapi-0.142.2-py3-none-any.whl (144 kB)
#9 14.84 Downloading psycopg-3.3.6-py3-none-any.whl (215 kB)
#9 14.85 Downloading psycopg_pool-3.3.3-py3-none-any.whl (40 kB)
#9 14.86 Downloading psycopg_binary-3.3.6-cp312-cp312-manylinux2014_x86_64.manylinux_2_17_x86_64.whl (5.2 MB)
#9 15.08    ━━━━━━━━━━━━━━━━━━━━━━━━━━━━━━━━━━━━━━━━ 5.2/5.2 MB 24.9 MB/s eta 0:00:00
#9 15.10 Downloading pydantic-2.13.5-py3-none-any.whl (472 kB)
#9 15.12 Downloading pydantic_core-2.46.5-cp312-cp312-manylinux_2_17_x86_64.manylinux2014_x86_64.whl (2.1 MB)
#9 15.20    ━━━━━━━━━━━━━━━━━━━━━━━━━━━━━━━━━━━━━━━━ 2.1/2.1 MB 26.8 MB/s eta 0:00:00
#9 15.23 Downloading uvicorn-0.54.0-py3-none-any.whl (87 kB)
#9 15.31 Downloading annotated_doc-0.0.5-py3-none-any.whl (5.3 kB)
#9 15.32 Downloading annotated_types-0.8.0-py3-none-any.whl (13 kB)
#9 15.34 Downloading cffi-2.1.1-cp312-cp312-manylinux2014_x86_64.manylinux_2_17_x86_64.whl (221 kB)
#9 15.36 Downloading click-8.5.0-py3-none-any.whl (125 kB)
#9 15.36 Downloading h11-0.16.0-py3-none-any.whl (37 kB)
#9 15.37 Downloading httptools-0.8.0-cp312-cp312-manylinux1_x86_64.manylinux_2_28_x86_64.manylinux_2_5_x86_64.whl (523 kB)
#9 15.45 Downloading opentelemetry_api-1.45.0-py3-none-any.whl (60 kB)
#9 15.46 Downloading python_dotenv-1.2.4-py3-none-any.whl (23 kB)
#9 15.46 Downloading pyyaml-6.0.3-cp312-cp312-manylinux2014_x86_64.manylinux_2_17_x86_64.manylinux_2_28_x86_64.whl (807 kB)
#9 15.50    ━━━━━━━━━━━━━━━━━━━━━━━━━━━━━━━━━━━━━━━━ 807.9/807.9 kB 25.4 MB/s eta 0:00:00
#9 15.51 Downloading starlette-1.7.0-py3-none-any.whl (78 kB)
#9 15.51 Downloading typing_extensions-4.16.0-py3-none-any.whl (45 kB)
#9 15.52 Downloading typing_inspection-0.4.4-py3-none-any.whl (14 kB)
#9 15.53 Downloading uvloop-0.23.0-cp312-cp312-manylinux2014_x86_64.manylinux_2_17_x86_64.manylinux_2_28_x86_64.whl (4.5 MB)
#9 15.72    ━━━━━━━━━━━━━━━━━━━━━━━━━━━━━━━━━━━━━━━━ 4.5/4.5 MB 25.1 MB/s eta 0:00:00
#9 15.73 Downloading watchfiles-1.3.0-cp310-abi3-manylinux_2_17_x86_64.manylinux2014_x86_64.whl (458 kB)
#9 15.75 Downloading websockets-17.2-cp312-cp312-manylinux1_x86_64.manylinux_2_28_x86_64.manylinux_2_5_x86_64.whl (225 kB)
#9 15.77 Downloading anyio-4.15.1-py3-none-any.whl (132 kB)
#9 15.78 Downloading pycparser-3.0-py3-none-any.whl (48 kB)
#9 15.80 Downloading idna-3.20-py3-none-any.whl (69 kB)
#9 15.87 Building wheels for collected packages: exaconnect-controller
#9 15.88   Building wheel for exaconnect-controller (pyproject.toml): started
#9 16.36   Building wheel for exaconnect-controller (pyproject.toml): finished with status 'done'
#9 16.36   Created wheel for exaconnect-controller: filename=exaconnect_controller-0.2.0-py3-none-any.whl size=111941 sha256=5bdeb2811a1f78163a1cb8d9cfdcce8007919baeadceda7251681eca08be6e7b
#9 16.36   Stored in directory: /tmp/pip-ephem-wheel-cache-cve37ut2/wheels/54/1b/b7/aa63e25c8f14f4f2ae7b04e6097bdecb770e455c5c1ee0a600
#9 16.38 Successfully built exaconnect-controller
#9 16.47 Installing collected packages: websockets, uvloop, typing-extensions, pyyaml, python-dotenv, pycparser, psycopg-binary, idna, httptools, h11, click, annotated-types, annotated-doc, uvicorn, typing-inspection, pydantic-core, psycopg-pool, psycopg, opentelemetry-api, cffi, anyio, watchfiles, starlette, pydantic, cryptography, fastapi, exaconnect-controller
#9 21.14 Successfully installed annotated-doc-0.0.5 annotated-types-0.8.0 anyio-4.15.1 cffi-2.1.1 click-8.5.0 cryptography-50.0.2 exaconnect-controller-0.2.0 fastapi-0.142.2 h11-0.16.0 httptools-0.8.0 idna-3.20 opentelemetry-api-1.45.0 psycopg-3.3.6 psycopg-binary-3.3.6 psycopg-pool-3.3.3 pycparser-3.0 pydantic-2.13.5 pydantic-core-2.46.5 python-dotenv-1.2.4 pyyaml-6.0.3 starlette-1.7.0 typing-extensions-4.16.0 typing-inspection-0.4.4 uvicorn-0.54.0 uvloop-0.23.0 watchfiles-1.3.0 websockets-17.2
#9 21.14 WARNING: Running pip as the 'root' user can result in broken permissions and conflicting behaviour with the system package manager, possibly rendering your system unusable. It is recommended to use a virtual environment instead: https://pip.pypa.io/warnings/venv. Use the --root-user-action option if you know what you are doing and want to suppress this warning.
#9 21.29 
#9 21.29 [notice] A new release of pip is available: 25.0.1 -> 26.2.1
#9 21.29 [notice] To update, run: pip install --upgrade pip
#9 DONE 22.5s

#10 [controller] exporting to image
#10 exporting layers
#10 exporting layers 9.1s done
#10 exporting manifest sha256:a75b141f77d746647eba5b49d73a9053d97e6bf67872954719235559ec84fd7c 0.0s done
#10 exporting config sha256:f925ee3666a84a5bc70f9b019df679405896aac2d5513879fb1cccab43457d3b 0.0s done
#10 exporting attestation manifest sha256:4e4eaeda0640b8bd89c83dfbe2dc85c428c47bab29a2bd9c192edf72bd381b42 0.1s done
#10 exporting manifest list sha256:af19170b05c716e3c3af915e77beae44d33ec1e10aba23dac8e0f8170834298e
#10 exporting manifest list sha256:af19170b05c716e3c3af915e77beae44d33ec1e10aba23dac8e0f8170834298e 0.0s done
#10 naming to docker.io/library/exaconnect-controller:latest done
#10 unpacking to docker.io/library/exaconnect-controller:latest
#10 unpacking to docker.io/library/exaconnect-controller:latest 2.1s done
#10 DONE 11.6s

#11 [controller] resolving provenance for metadata file
#11 DONE 0.0s
 controller  Built
time="2026-10-04T00:48:43+02:00" level=warning msg="Found orphan containers ([exaconnect-web-1]) for this project. If you removed or renamed this service in your compose file, you can run this command with the --remove-orphans flag to clean it up."
 Container exaconnect-db-1  Running
 Container exaconnect-controller-1  Recreate
 Container exaconnect-controller-1  Recreated
 Container exaconnect-proxy-1  Running
 Container exaconnect-db-1  Waiting
 Container exaconnect-db-1  Healthy
 Container exaconnect-controller-1  Starting
 Container exaconnect-controller-1  Started
 Container exaconnect-controller-1  Waiting
 Container exaconnect-controller-1  Healthy
 Container exaconnect-proxy-1  Waiting
 Container exaconnect-db-1  Waiting
 Container exaconnect-controller-1  Waiting
 Container exaconnect-proxy-1  Healthy
 Container exaconnect-db-1  Healthy
 Container exaconnect-controller-1  Healthy
time="2026-10-04T00:48:55+02:00" level=warning msg="Found orphan containers ([exaconnect-web-1]) for this project. If you removed or renamed this service in your compose file, you can run this command with the --remove-orphans flag to clean it up."
 Container exaconnect-proxy-1  Recreate
 Container exaconnect-proxy-1  Recreated
 Container exaconnect-proxy-1  Starting
 Container exaconnect-proxy-1  Started
 Container exaconnect-proxy-1  Waiting
 Container exaconnect-proxy-1  Healthy

== Agents (22:48:58)
time=2026-10-03T22:49:01.994Z level=INFO msg=enrolled node=pop-miami node_id=dec75881-7217-446d-832c-429602f9c0df wg_public_key="[key]"
time=2026-10-03T22:49:02.615Z level=INFO msg=enrolled node=site-a node_id=55cd6032-22e4-451d-8e47-90746e013ee6 wg_public_key="[key]"
time=2026-10-03T22:49:03.056Z level=INFO msg=enrolled node=site-b node_id=2ff0d83d-5c32-45f9-bf78-6510a4394233 wg_public_key="[key]"
pop-miami: agent started
site-a: agent started
site-b: agent started

== Public portal (22:49:04)
time="2026-10-04T00:49:05+02:00" level=warning msg="Docker Compose is configured to build using Bake, but buildx isn't installed"
#0 building with "default" instance using docker driver

#1 [controller internal] load build definition from Dockerfile
#1 transferring dockerfile: 559B 0.0s done
#1 DONE 0.1s

#2 [controller internal] load metadata for docker.io/library/python:3.12-slim
#2 DONE 0.7s

#3 [controller internal] load .dockerignore
#3 transferring context: 2B done
#3 DONE 0.2s

#4 [controller internal] load build context
#4 DONE 0.0s

#5 [controller 1/5] FROM docker.io/library/python:3.12-slim@sha256:dddfd7e07f9d15aeeca61529320492139d21cac7f0070c00609243e51e4e0016
#5 resolve docker.io/library/python:3.12-slim@sha256:dddfd7e07f9d15aeeca61529320492139d21cac7f0070c00609243e51e4e0016 0.1s done
#5 DONE 0.1s

#4 [controller internal] load build context
#4 transferring context: 3.21kB 0.0s done
#4 DONE 0.0s

#6 [controller 4/5] COPY exaconnect_controller ./exaconnect_controller
#6 CACHED

#7 [controller 2/5] WORKDIR /app
#7 CACHED

#8 [controller 3/5] COPY pyproject.toml ./
#8 CACHED

#9 [controller 5/5] RUN pip install --no-cache-dir . && mkdir -p /data && chown nobody:nogroup /data
#9 CACHED

#10 [controller] exporting to image
#10 exporting layers 0.0s done
#10 exporting manifest sha256:a75b141f77d746647eba5b49d73a9053d97e6bf67872954719235559ec84fd7c 0.0s done
#10 exporting config sha256:f925ee3666a84a5bc70f9b019df679405896aac2d5513879fb1cccab43457d3b done
#10 exporting attestation manifest sha256:10b47b1240b16705ccca1c45eee72b3b2ffde3199a3cf964ec2211bdabe9c987 0.1s done
#10 exporting manifest list sha256:db0d13867ae6e9cdab2bace021385f69241e7d83993469e8e6a5f4ad8de273a2
#10 exporting manifest list sha256:db0d13867ae6e9cdab2bace021385f69241e7d83993469e8e6a5f4ad8de273a2 0.1s done
#10 naming to docker.io/library/exaconnect-controller:latest 0.0s done
#10 unpacking to docker.io/library/exaconnect-controller:latest 0.1s done
#10 DONE 0.5s

#11 [controller] resolving provenance for metadata file
#11 DONE 0.0s

#12 [web internal] load build definition from Dockerfile
#12 transferring dockerfile: 529B done
#12 DONE 0.0s

#13 [web internal] load metadata for docker.io/library/node:22-alpine
#13 DONE 0.5s

#14 [web internal] load metadata for docker.io/library/caddy:2-alpine
#14 DONE 0.5s

#15 [web internal] load .dockerignore
#15 transferring context: 2B 0.0s done
#15 DONE 0.1s

#16 [web internal] load build context
#16 DONE 0.0s

#17 [web stage-1 1/3] FROM docker.io/library/caddy:2-alpine@sha256:881bbc60f9986d5ab8e7cfd6cf7e4ef3c9c0439fef2429d035d065577882f028
#17 resolve docker.io/library/caddy:2-alpine@sha256:881bbc60f9986d5ab8e7cfd6cf7e4ef3c9c0439fef2429d035d065577882f028
#17 ...

#18 [web portal 1/6] FROM docker.io/library/node:22-alpine@sha256:0a7108bf6c7bf5de370ffb1a3ed6be93d405b43ff159f681a8d18c0e2bc2e402
#18 resolve docker.io/library/node:22-alpine@sha256:0a7108bf6c7bf5de370ffb1a3ed6be93d405b43ff159f681a8d18c0e2bc2e402 0.3s done
#18 DONE 0.3s

#17 [web stage-1 1/3] FROM docker.io/library/caddy:2-alpine@sha256:881bbc60f9986d5ab8e7cfd6cf7e4ef3c9c0439fef2429d035d065577882f028
#17 resolve docker.io/library/caddy:2-alpine@sha256:881bbc60f9986d5ab8e7cfd6cf7e4ef3c9c0439fef2429d035d065577882f028 0.3s done
#17 DONE 0.3s

#16 [web internal] load build context
#16 transferring context: 141.52kB 0.5s done
#16 DONE 0.6s

#19 [web portal 2/6] WORKDIR /src/portal
#19 CACHED

#20 [web portal 3/6] COPY portal/package.json portal/package-lock.json ./
#20 CACHED

#21 [web portal 4/6] RUN npm ci --no-audit --no-fund
#21 CACHED

#22 [web portal 5/6] COPY portal/ ./
#22 DONE 4.8s

#23 [web portal 6/6] RUN npm run build
#23 3.266 
#23 3.266 > exaconnect-portal@0.0.1 build
#23 3.266 > tsc -b && vite build
#23 3.266 
#23 5.853 vite v8.3.1 building client environment for production...
#23 5.875 transforming...
#23 6.036 ✓ 40 modules transformed.
#23 6.122 rendering chunks...
#23 6.300 computing gzip size...
#23 6.311 dist/index.html                   0.82 kB │ gzip:   0.43 kB
#23 6.311 dist/assets/index-DknC99qj.css   13.25 kB │ gzip:   3.55 kB
#23 6.311 dist/assets/index-B8HeCBMb.js   361.31 kB │ gzip: 106.77 kB
#23 6.311 
#23 6.315 ✓ built in 460ms
#23 DONE 6.6s

#24 [web stage-1 2/3] COPY deploy/public/Caddyfile /etc/caddy/Caddyfile
#24 CACHED

#25 [web stage-1 3/3] COPY --from=portal /src/portal/dist /srv/portal
#25 DONE 0.1s

#26 [web] exporting to image
#26 exporting layers
#26 exporting layers 0.2s done
#26 exporting manifest sha256:39f643100491909d6b36c2cc901e6be54345e024a617ae855015c393b21bca38 0.0s done
#26 exporting config sha256:17c84f3a37b5bffc64ffccd74a6fb132a6bd6f81a4be050313b119f68e9e18c8 0.0s done
#26 exporting attestation manifest sha256:432a3aa882e9f2427a80f4186c045fbaef6ba00fb2b56d5927d9f5502617697c
#26 exporting attestation manifest sha256:432a3aa882e9f2427a80f4186c045fbaef6ba00fb2b56d5927d9f5502617697c 0.1s done
#26 exporting manifest list sha256:f37f0cd3c0d1bf451192b392170c787991aa10c03aa3dfe89559b3ccfb0b5c91 0.0s done
#26 naming to docker.io/library/exaconnect-web:latest
#26 naming to docker.io/library/exaconnect-web:latest done
#26 unpacking to docker.io/library/exaconnect-web:latest 0.1s done
#26 DONE 0.8s

#27 [web] resolving provenance for metadata file
#27 DONE 0.2s
 controller  Built
 web  Built
 Container exaconnect-db-1  Running
 Container exaconnect-controller-1  Recreate
 Container exaconnect-controller-1  Recreated
 Container exaconnect-web-1  Recreate
 Container exaconnect-web-1  Recreated
 Container exaconnect-db-1  Waiting
 Container exaconnect-db-1  Healthy
 Container exaconnect-controller-1  Starting
 Container exaconnect-controller-1  Started
 Container exaconnect-controller-1  Waiting
 Container exaconnect-controller-1  Healthy
 Container exaconnect-web-1  Starting
 Container exaconnect-web-1  Started
 Container exaconnect-controller-1  Waiting
 Container exaconnect-web-1  Waiting
 Container exaconnect-db-1  Waiting
 Container exaconnect-web-1  Healthy
 Container exaconnect-controller-1  Healthy
 Container exaconnect-db-1  Healthy

== Waiting for tunnels, BGP and BFD (22:49:39)

== Checks (22:49:45)
-- lab/scripts/check-routing.sh
ok    site-a wg-a handshake 42s ago
ok    site-a wg-b handshake 42s ago
ok    site-a wg-sat handshake 42s ago
ok    site-b wg-a handshake 42s ago
ok    site-b wg-b handshake 42s ago
ok    site-b wg-sat handshake 42s ago
ok    pop-miami BGP 6/6 established
ok    pop-miami BFD 6/6 up
ok    site-a BGP 3/3 established
ok    site-a BFD 3/3 up
ok    site-b BGP 3/3 established
ok    site-b BFD 3/3 up
ok    lan-a -> lan-b (site-a to site-b via the PoP)
ok    lan-b -> lan-a
ok    lan-a -> lan-pop

  traceroute to 192.168.20.10 (192.168.20.10), 30 hops max, 46 byte packets
   1  192.168.10.1  0.017 ms
   2  100.64.1.1  33.713 ms
   3  100.64.1.12  55.370 ms
   4  192.168.20.10  56.302 ms
-- lab/ci/checks/m4-steering.sh
-- steering applied
ok    pop-miami nftables classifier
ok    pop-miami 6 steering rules
ok    site-a nftables classifier
ok    site-a 3 steering rules
ok    site-b nftables classifier
ok    site-b 3 steering rules
      voice state at start: site-b carrier-a since 2026-10-03 22:27:05.998328+00 return - -; site-a carrier-a since 2026-10-03 22:40:15.109716+00 return - -
ok    site-a voice on wg-a at start
      maps: site-a v175, site-b v112, pop-miami v223
-- brownout: carrier A loss 0 -> 3% over 180 s (demo step 2)
FAIL  voice did not move within 330 s of the brownout
ok    bulk stayed on carrier A (3% is under its 5% threshold)
-- hard cut of carrier B while voice is on it (demo step 3)
lab/faults/../netem/netem.sh: line 30: echo: write error: Broken pipe
      voice probe stream: 1438 of 1500 received at 50 packets/s
ok    voice lost 1240 ms of packets (< 3 s)
ok    agent failover on BFD after 0 s
ok    voice on wg-a after the cut
-- recovery: restore B, classes move back only after the hold time (demo step 4)
ok    no moves in the first minute after recovery
      moves since the brownout began: 8
      22:51:34 site-a voice hold: Kept voice on Carrier A: jitter on Carrier A is 32 ms against a 30 ms SLA, but no other path is forecast within SLA.
      22:52:15 site-b voice move: Moved voice from Carrier A to Carrier B: loss on Carrier A rising 0.9% a minute, forecast 1.3% in 60 s against a 1% SLA.
      22:53:56 site-a voice hold: Kept voice on Carrier A: loss on Carrier A rising 0.8% a minute, forecast 1.5% in 60 s against a 1% SLA, but no other path is forecast within SLA.
      22:54:06 site-a voice hold: Kept voice on Carrier A: loss on Carrier A is 1.0% against a 1% SLA, but no other path is forecast within SLA.
      22:54:06 site-b business move: Moved business from Carrier A to Carrier B: loss on Carrier A rising 1.0% a minute, forecast 2.7% in 60 s against a 2% SLA.
      22:54:17 site-a voice hold: Kept voice on Carrier A: loss on Carrier A is 1.1% against a 1% SLA, but no other path is forecast within SLA.
      22:54:27 site-a voice hold: Kept voice on Carrier A: loss on Carrier A is 1.2% against a 1% SLA, but no other path is forecast within SLA.
      22:54:37 site-a voice hold: Kept voice on Carrier A: jitter on Carrier A is 30 ms against a 30 ms SLA, but no other path is forecast within SLA.
      22:54:48 site-a business move: Moved business from Carrier A to Carrier B: loss on Carrier A rising 1.0% a minute, forecast 2.4% in 60 s against a 2% SLA.
      22:54:48 site-a voice hold: Kept voice on Carrier A: jitter on Carrier A is 31 ms against a 30 ms SLA, but no other path is forecast within SLA.
      22:54:58 site-a voice hold: Kept voice on Carrier A: loss on Carrier A is 1.5% against a 1% SLA, but no other path is forecast within SLA.
      22:55:08 site-a voice hold: Kept voice on Carrier A: loss on Carrier A is 1.6% against a 1% SLA, but no other path is forecast within SLA.
      22:55:18 site-a voice hold: Kept voice on Carrier A: loss on Carrier A is 1.8% against a 1% SLA, but no other path is forecast within SLA.
      22:55:28 site-a voice hold: Kept voice on Carrier A: jitter on Carrier A is 33 ms against a 30 ms SLA, but no other path is forecast within SLA.
      22:55:49 site-a voice hold: Kept voice on Carrier A: loss on Carrier A is 2.3% against a 1% SLA, but no other path is forecast within SLA.
      22:55:59 site-a voice move: Moved voice from Carrier A to Carrier B: loss on Carrier A is 2.4% against a 1% SLA.
      22:56:10 site-a voice failover: Moved voice from Carrier B to Carrier A: Carrier B is down (BFD reports it down).
      22:56:10 site-a business failover: Moved business from Carrier B to Carrier A: Carrier B is down (BFD reports it down).
      22:56:10 site-b voice failover: Moved voice from Carrier B to Carrier A: Carrier B is down (BFD reports it down).
      22:56:10 site-b business failover: Moved business from Carrier B to Carrier A: Carrier B is down (BFD reports it down).
      22:56:30 site-b business hold: Kept business on Carrier A: loss on Carrier A is 2.1% against a 2% SLA, but it moved here 20 s ago (hold time 120 s).
      22:56:30 site-b voice hold: Kept voice on Carrier A: loss on Carrier A is 2.1% against a 1% SLA, but it moved here 20 s ago (hold time 120 s).
      22:56:30 site-a voice hold: Kept voice on Carrier A: loss on Carrier A is 2.2% against a 1% SLA, but it moved here 20 s ago (hold time 120 s).
      22:56:30 site-a business hold: Kept business on Carrier A: loss on Carrier A is 2.2% against a 2% SLA, but it moved here 20 s ago (hold time 120 s).
      22:56:40 site-a voice hold: Kept voice on Carrier A: loss on Carrier A is 2.1% against a 1% SLA, but it moved here 30 s ago (hold time 120 s).
      22:56:40 site-b voice hold: Kept voice on Carrier A: loss on Carrier A is 1.9% against a 1% SLA, but it moved here 30 s ago (hold time 120 s).
      22:56:40 site-a business hold: Kept business on Carrier A: loss on Carrier A is 2.1% against a 2% SLA, but it moved here 30 s ago (hold time 120 s).
      22:56:51 site-b voice hold: Kept voice on Carrier A: loss on Carrier A is 1.8% against a 1% SLA, but it moved here 41 s ago (hold time 120 s).
      22:56:51 site-a business hold: Kept business on Carrier A: loss on Carrier A is 2.0% against a 2% SLA, but it moved here 41 s ago (hold time 120 s).
      22:56:51 site-a voice hold: Kept voice on Carrier A: loss on Carrier A is 2.0% against a 1% SLA, but it moved here 41 s ago (hold time 120 s).
      22:57:01 site-b voice hold: Kept voice on Carrier A: loss on Carrier A is 1.6% against a 1% SLA, but it moved here 51 s ago (hold time 120 s).
      22:57:01 site-a voice hold: Kept voice on Carrier A: loss on Carrier A is 2.0% against a 1% SLA, but it moved here 51 s ago (hold time 120 s).
      22:57:11 site-a voice hold: Kept voice on Carrier A: loss on Carrier A is 1.9% against a 1% SLA, but it moved here 61 s ago (hold time 120 s).
      22:57:11 site-b voice hold: Kept voice on Carrier A: loss on Carrier A is 1.4% against a 1% SLA, but it moved here 61 s ago (hold time 120 s).
      22:57:21 site-a voice hold: Kept voice on Carrier A: loss on Carrier A is 1.7% against a 1% SLA, but it moved here 71 s ago (hold time 120 s).
      22:57:21 site-b voice hold: Kept voice on Carrier A: loss on Carrier A is 1.3% against a 1% SLA, but it moved here 71 s ago (hold time 120 s).
      22:57:31 site-b voice hold: Kept voice on Carrier A: loss on Carrier A is 1.2% against a 1% SLA, but it moved here 81 s ago (hold time 120 s).
      22:57:31 site-a voice hold: Kept voice on Carrier A: loss on Carrier A is 1.6% against a 1% SLA, but it moved here 81 s ago (hold time 120 s).
      22:57:41 site-a voice hold: Kept voice on Carrier A: loss on Carrier A is 1.5% against a 1% SLA, but it moved here 91 s ago (hold time 120 s).
      22:57:41 site-b voice hold: Kept voice on Carrier A: loss on Carrier A is 1.1% against a 1% SLA, but it moved here 91 s ago (hold time 120 s).
-- lab/ci/checks/m5-storm.sh
-- Storm Mode on at site-a only
ok    Storm Mode switched on for site-a through the API
ok    site-a agent has the Storm Mode steering map
ok    site-b is not in Storm Mode
ok    satellite warm: 31 probes per 10 s
ok    satellite BGP established
-- both terrestrial links cut
ok    voice continues on satellite
ok    business continues on satellite
ok    bulk paused (blackhole rule)
ok    voice stream lost 2120 ms across the double cut
-- restore and switch Storm Mode off
ok    Storm Mode switched off
ok    voice and business back on terrestrial paths, bulk resumed
      Storm Mode last switched by user:admin@exacarib.local
      22:59:06 storm_off
      22:57:48 storm_on
-- lab/ci/checks/m6-metering.sh
-- traffic: 20 Mbit/s bulk (CS1, TCP) from lan-a to lan-b for 11 minutes
      bulk leaves site-a on wg-a
ok    5-minute samples with traffic for site-a
      iperf: [  5]   0.00-660.01 sec  1.12 GBytes  14.5 Mbits/sec  2674             sender [  5]   0.00-660.09 sec  1.11 GBytes  14.5 Mbits/sec                  receiver  iperf Done. 
      site-a carrier-a: samples 11, 95th in 1.318363 out 19.985769, billable 19.985769, commit 100, burst 0.000, total 400.00
ok    billable rate 19.985769 Mbps matches the ~20 Mbit/s offered
-- CSV matches the screen
ok    CSV 95th percentile 19.986 equals the screen
ok    CSV settlement total equals the screen
-- carrier view
ok    carrier user sees only Carrier A links
ok    carrier user cannot open the customer overview
-- lab/ci/checks/m7-outage.sh
-- stop the controller and the agent proxy
ok    all three agents noticed after 62 s and hold the last good state
ok    site A still reaches site B through the PoP
-- BFD failover with the controller down
ok    voice moved from wg-a to wg-b in 3.0 s, without the controller
-- start the controller again
ok    all three agents reconciled 14 s after the restart
-- lab/ci/checks/m8-ai.sh
-- hurricane watch
ok    NHC feed read from the lab host: 2 active storms
ok    example hurricane raised a warning
ok    only site-a (Kingston) is warned
      Hurricane Example (90 kt) is moving at 23 km/h on a heading of 285°. Projecting that motion forward, it passes about 92 km from site-a in about 25 h. Consider switching Storm Mode on so the satellite path is warm before the terrestrial links suffer. This is a straight-line projection; check the NHC advisory for the official forecast track.
-- disaster watch
ok    all disaster feeds read from the lab host: ptwc=2 usgs=11 events=11 failed= 
ok    example earthquake from USGS, GDACS and tsunami.gov raised one alert, for site-b only
      Magnitude 6.4 earthquake, 38 km NE of Port of Spain, Trinidad and Tobago, reported by USGS and GDACS and tsunami.gov. Latest tsunami message: Tsunami Information Statement Number 2. Sites in range: site-b 47 km (critical). Consider switching Storm Mode on for the sites marked critical, so the satellite path is warm if terrestrial links fail. Distances are straight lines from the reported location; check the source's report.
-- insights from this run
      anomaly critical: Carrier B at site-b: loss 8.55%, usually 0.00%
      anomaly critical: Carrier A at site-a: loss 4.53%, usually 0.00%
      anomaly critical: Carrier B at site-a: loss 8.94%, usually 0.00%
      anomaly critical: Carrier A at site-b: loss 4.22%, usually 0.00%
      anomaly critical: Satellite at site-b: jitter 54.6 ms, usually 18.8 ms
      anomaly critical: Satellite at site-b: latency 84.6 ms, usually 57.0 ms
      anomaly warning: Carrier A at site-a: jitter 21.4 ms, usually 10.1 ms
      anomaly warning: Carrier A at site-b: latency 53.7 ms, usually 35.7 ms
      anomaly warning: Carrier B at site-a: jitter 24.8 ms, usually 11.1 ms
      anomaly warning: Carrier A at site-b: jitter 23.5 ms, usually 10.0 ms
-- ask your network
ok    answered: Voice at site-a is currently on carrier-a, and it last moved there from carrier-b at 23:12:20 UTC because carrier-a's BFD session came back up after a brief outage.
-- lab/ci/checks/m9-fabric.sh
-- simulated cloud gateways
ok    AWS and Azure gateways configured
-- cloud circuits
ok    created circuits 1 (AWS) and 2 (Azure)
ok    both circuits up (IPsec and BGP) 15 s after they were created
      AWS: up, BGP Established, routes 10.100.0.0/16
ok    site-a learned the AWS VPC route from the PoP
ok    lan-a reaches the AWS VPC (10.100.0.1) through the PoP
ok    site-a puts traffic for AWS in business
-- cloud router
ok    AWS reaches Azure through the PoP
-- elastic bandwidth
ok    20 Mbps reached the PoP's shaper on vc1
      charges so far: [{"mbps":50,"hours":0.01},{"mbps":20,"hours":0.0}]
-- layer 2 circuit
ok    VLAN 100 at site A and VLAN 200 at site B are one segment (lan-a pings lan-b)
ok    layer 2 circuit reports up: 104.4 ms, 92.31% loss
-- clean up
ok    deleted circuits are torn down at the PoP
-- lab/ci/checks/m9-public-e2e.sh
-- API through https://connect.exacarib.com
ok    admin signs in at https://connect.exacarib.com
ok    every portal screen's data answers 200 through the public site
      settlement CSV: 200 text/csv; charset=utf-8
-- browser
FAIL  browser run did not start:   File "/e2e/portal.py", line 12, in <module>     from playwright.sync_api import sync_playwright ModuleNotFoundError: No module named 'playwright' 
-- lab/ci/checks/m9-public.sh
ok    https://connect.exacarib.com/healthz answers on this host
ok    certificate from Let's Encrypt (issuer=C = US, O = Let's Encrypt, CN = YE1)
ok    portal served
ok    agent endpoints not served publicly
ok    API answers and needs sign-in
ok    connect.exacarib.com reachable from this host over the internet
      web container: running restarts=0
      caddy: {"level":"info","ts":1791067778.8981323,"msg":"using config from file","file":"/etc/caddy/Caddyfile"}
      caddy: {"level":"info","ts":1791067778.8981898,"msg":"adapted config to JSON","adapter":"caddyfile"}
      listening on public addresses: 22 80 443 
ok    controller, database and dev portal stay private
-- lab/ci/checks/m9-traffic.sh
-- priority queues
ok    site-a wg-a: qdisc cake 804b: root refcnt 2 bandwidth 190Mbit diffserv4 triple-isolate nonat nowash no-
ok    site-a wg-b: qdisc cake 804c: root refcnt 2 bandwidth 95Mbit diffserv4 triple-isolate nonat nowash no-a
-- application detection: Zoom-like traffic on UDP 8801 for 4 minutes
ok    site-a reported its flows to UDP 8801
ok    recognised: Zoom meetings seen at site-a: 1 flow(s) to UDP 8801, matches Zoom meetings (calls and meetings); currently unclassified. Suggest voice (real-time priority).
ok    suggests voice
ok    applied as rule 21
ok    site-a classifies UDP 8801-8810 as voice
ok    Zoom flows now report as voice
ok    site-b is unchanged (the rule is for site-a)
-- a customer rule: a subnet and port into business
ok    site-a classifies TCP 5201 to site B as business
ok    the PoP classifies the return direction

== Diagnostics (23:15:21)
pop-miami: running
site-a: running
site-b: running
-- agent log pop-miami
time=2026-10-03T23:13:46.574Z level=INFO msg="bfd change" node=pop-miami peer=100.64.2.12 tunnel=wg-b status=down
time=2026-10-03T23:13:46.574Z level=INFO msg="bfd change" node=pop-miami peer=100.64.1.12 tunnel=wg-a status=down
time=2026-10-03T23:13:46.574Z level=INFO msg="bfd change" node=pop-miami peer=100.64.3.12 tunnel=wg-sat status=down
time=2026-10-03T23:13:46.574Z level=INFO msg="bfd change" node=pop-miami peer=100.64.1.11 tunnel=wg-a status=down
time=2026-10-03T23:13:46.574Z level=INFO msg="bfd change" node=pop-miami peer=100.64.3.11 tunnel=wg-sat status=down
time=2026-10-03T23:13:46.582Z level=INFO msg="class moved" node=pop-miami class=voice dst=192.168.10.0/24 from=carrier-b to=bgp why=bfd
time=2026-10-03T23:13:46.583Z level=INFO msg="class moved" node=pop-miami class=business dst=192.168.10.0/24 from=carrier-b to=bgp why=bfd
time=2026-10-03T23:13:46.583Z level=INFO msg="class moved" node=pop-miami class=bulk dst=192.168.10.0/24 from=carrier-a to=paused why=bfd
time=2026-10-03T23:13:46.583Z level=INFO msg="class moved" node=pop-miami class=voice dst=192.168.20.0/24 from=carrier-b to=bgp why=bfd
time=2026-10-03T23:13:46.583Z level=INFO msg="class moved" node=pop-miami class=business dst=192.168.20.0/24 from=carrier-b to=bgp why=bfd
time=2026-10-03T23:13:46.583Z level=INFO msg="class moved" node=pop-miami class=bulk dst=192.168.20.0/24 from=carrier-a to=paused why=bfd
time=2026-10-03T23:13:47.616Z level=INFO msg="bfd change" node=pop-miami peer=100.64.2.11 tunnel=wg-b status=up
time=2026-10-03T23:13:47.616Z level=INFO msg="bfd change" node=pop-miami peer=100.64.2.12 tunnel=wg-b status=up
time=2026-10-03T23:13:47.616Z level=INFO msg="bfd change" node=pop-miami peer=100.64.1.12 tunnel=wg-a status=up
time=2026-10-03T23:13:47.616Z level=INFO msg="bfd change" node=pop-miami peer=100.64.1.11 tunnel=wg-a status=up
time=2026-10-03T23:13:47.616Z level=INFO msg="bfd change" node=pop-miami peer=100.64.3.11 tunnel=wg-sat status=up
time=2026-10-03T23:13:47.620Z level=INFO msg="class moved" node=pop-miami class=voice dst=192.168.10.0/24 from=bgp to=carrier-b why=bfd
time=2026-10-03T23:13:47.621Z level=INFO msg="class moved" node=pop-miami class=business dst=192.168.10.0/24 from=bgp to=carrier-b why=bfd
time=2026-10-03T23:13:47.621Z level=INFO msg="class moved" node=pop-miami class=bulk dst=192.168.10.0/24 from=paused to=carrier-a why=bfd
time=2026-10-03T23:13:47.621Z level=INFO msg="class moved" node=pop-miami class=voice dst=192.168.20.0/24 from=bgp to=carrier-b why=bfd
time=2026-10-03T23:13:47.621Z level=INFO msg="class moved" node=pop-miami class=business dst=192.168.20.0/24 from=bgp to=carrier-b why=bfd
time=2026-10-03T23:13:47.621Z level=INFO msg="class moved" node=pop-miami class=bulk dst=192.168.20.0/24 from=paused to=carrier-a why=bfd
time=2026-10-03T23:13:47.669Z level=INFO msg="bfd change" node=pop-miami peer=100.64.3.12 tunnel=wg-sat status=up
time=2026-10-03T23:14:18.512Z level=INFO msg="new steering map" node=pop-miami version=235 storm=false
time=2026-10-03T23:15:18.505Z level=INFO msg="new steering map" node=pop-miami version=237 storm=false
-- agent log site-a
time=2026-10-03T23:13:26.333Z level=INFO msg="class moved" node=site-a class=bulk dst="" from=paused to=carrier-a why=bfd
time=2026-10-03T23:13:26.835Z level=INFO msg="bfd change" node=site-a peer=100.64.3.1 tunnel=wg-sat status=init
time=2026-10-03T23:13:27.657Z level=INFO msg="bfd change" node=site-a peer=100.64.3.1 tunnel=wg-sat status=up
time=2026-10-03T23:13:27.657Z level=INFO msg="bfd change" node=site-a peer=100.64.2.1 tunnel=wg-b status=up
time=2026-10-03T23:13:27.657Z level=INFO msg="bfd change" node=site-a peer=100.64.1.1 tunnel=wg-a status=up
time=2026-10-03T23:13:31.932Z level=INFO msg="bfd change" node=site-a peer=100.64.1.1 tunnel=wg-a status=down
time=2026-10-03T23:13:31.948Z level=INFO msg="class moved" node=site-a class=bulk dst="" from=carrier-a to=carrier-b why=bfd
time=2026-10-03T23:13:33.867Z level=INFO msg="bfd change" node=site-a peer=100.64.1.1 tunnel=wg-a status=up
time=2026-10-03T23:13:33.881Z level=INFO msg="class moved" node=site-a class=bulk dst="" from=carrier-b to=carrier-a why=bfd
time=2026-10-03T23:13:38.812Z level=INFO msg="new steering map" node=site-a version=184 storm=false
time=2026-10-03T23:13:43.806Z level=INFO msg="new desired state" node=site-a version=35
time=2026-10-03T23:13:46.206Z level=INFO msg="bfd change" node=site-a peer=100.64.2.1 tunnel=wg-b status=down
time=2026-10-03T23:13:46.206Z level=INFO msg="bfd change" node=site-a peer=100.64.3.1 tunnel=wg-sat status=down
time=2026-10-03T23:13:46.206Z level=INFO msg="bfd change" node=site-a peer=100.64.1.1 tunnel=wg-a status=down
time=2026-10-03T23:13:46.213Z level=INFO msg="class moved" node=site-a class=voice dst="" from=carrier-b to=bgp why=bfd
time=2026-10-03T23:13:46.213Z level=INFO msg="class moved" node=site-a class=business dst="" from=carrier-b to=bgp why=bfd
time=2026-10-03T23:13:46.213Z level=INFO msg="class moved" node=site-a class=bulk dst="" from=carrier-a to=paused why=bfd
time=2026-10-03T23:13:47.394Z level=INFO msg="bfd change" node=site-a peer=100.64.2.1 tunnel=wg-b status=up
time=2026-10-03T23:13:47.398Z level=INFO msg="bfd change" node=site-a peer=100.64.3.1 tunnel=wg-sat status=up
time=2026-10-03T23:13:47.398Z level=INFO msg="bfd change" node=site-a peer=100.64.1.1 tunnel=wg-a status=up
time=2026-10-03T23:13:47.425Z level=INFO msg="class moved" node=site-a class=voice dst="" from=bgp to=carrier-b why=bfd
time=2026-10-03T23:13:47.425Z level=INFO msg="class moved" node=site-a class=business dst="" from=bgp to=carrier-b why=bfd
time=2026-10-03T23:13:47.425Z level=INFO msg="class moved" node=site-a class=bulk dst="" from=paused to=carrier-a why=bfd
time=2026-10-03T23:14:18.787Z level=INFO msg="new steering map" node=site-a version=185 storm=false
time=2026-10-03T23:15:18.830Z level=INFO msg="new steering map" node=site-a version=187 storm=false
-- agent log site-b
time=2026-10-03T23:13:27.505Z level=INFO msg="bfd change" node=site-b peer=100.64.1.1 tunnel=wg-a status=up
time=2026-10-03T23:13:27.554Z level=INFO msg="class moved" node=site-b class=voice dst="" from=bgp to=carrier-b why=bfd
time=2026-10-03T23:13:27.554Z level=INFO msg="class moved" node=site-b class=business dst="" from=bgp to=carrier-b why=bfd
time=2026-10-03T23:13:27.554Z level=INFO msg="class moved" node=site-b class=bulk dst="" from=paused to=carrier-a why=bfd
time=2026-10-03T23:13:31.677Z level=INFO msg="bfd change" node=site-b peer=100.64.2.1 tunnel=wg-b status=down
time=2026-10-03T23:13:31.684Z level=INFO msg="class moved" node=site-b class=voice dst="" from=carrier-b to=carrier-a why=bfd
time=2026-10-03T23:13:31.684Z level=INFO msg="class moved" node=site-b class=business dst="" from=carrier-b to=carrier-a why=bfd
time=2026-10-03T23:13:32.420Z level=INFO msg="bfd change" node=site-b peer=100.64.2.1 tunnel=wg-b status=up
time=2026-10-03T23:13:32.431Z level=INFO msg="class moved" node=site-b class=voice dst="" from=carrier-a to=carrier-b why=bfd
time=2026-10-03T23:13:32.431Z level=INFO msg="class moved" node=site-b class=business dst="" from=carrier-a to=carrier-b why=bfd
time=2026-10-03T23:13:39.567Z level=INFO msg="new steering map" node=site-b version=118 storm=false
time=2026-10-03T23:13:44.407Z level=INFO msg="new desired state" node=site-b version=11
time=2026-10-03T23:13:46.752Z level=INFO msg="bfd change" node=site-b peer=100.64.1.1 tunnel=wg-a status=down
time=2026-10-03T23:13:46.753Z level=INFO msg="bfd change" node=site-b peer=100.64.3.1 tunnel=wg-sat status=down
time=2026-10-03T23:13:46.753Z level=INFO msg="bfd change" node=site-b peer=100.64.2.1 tunnel=wg-b status=down
time=2026-10-03T23:13:46.761Z level=INFO msg="class moved" node=site-b class=voice dst="" from=carrier-b to=bgp why=bfd
time=2026-10-03T23:13:46.761Z level=INFO msg="class moved" node=site-b class=business dst="" from=carrier-b to=bgp why=bfd
time=2026-10-03T23:13:46.761Z level=INFO msg="class moved" node=site-b class=bulk dst="" from=carrier-a to=paused why=bfd
time=2026-10-03T23:13:47.688Z level=INFO msg="bfd change" node=site-b peer=100.64.1.1 tunnel=wg-a status=up
time=2026-10-03T23:13:47.688Z level=INFO msg="bfd change" node=site-b peer=100.64.3.1 tunnel=wg-sat status=up
time=2026-10-03T23:13:47.688Z level=INFO msg="bfd change" node=site-b peer=100.64.2.1 tunnel=wg-b status=up
time=2026-10-03T23:13:47.697Z level=INFO msg="class moved" node=site-b class=voice dst="" from=bgp to=carrier-b why=bfd
time=2026-10-03T23:13:47.697Z level=INFO msg="class moved" node=site-b class=business dst="" from=bgp to=carrier-b why=bfd
time=2026-10-03T23:13:47.697Z level=INFO msg="class moved" node=site-b class=bulk dst="" from=paused to=carrier-a why=bfd
time=2026-10-03T23:15:19.570Z level=INFO msg="new steering map" node=site-b version=119 storm=false
-- controller log
controller-1  | INFO:     172.18.0.4:59834 - "POST /api/v1/agent/telemetry HTTP/1.0" 204 No Content
controller-1  | INFO:     172.18.0.4:59830 - "GET /api/v1/agent/desired-state?have=35 HTTP/1.0" 204 No Content
controller-1  | INFO:     172.18.0.4:59840 - "GET /api/v1/agent/steering?have=235 HTTP/1.0" 204 No Content
controller-1  | INFO:     172.18.0.4:59844 - "GET /api/v1/agent/steering?have=185 HTTP/1.0" 204 No Content
controller-1  | INFO:     172.18.0.4:59852 - "POST /api/v1/agent/telemetry HTTP/1.0" 204 No Content
controller-1  | INFO:     172.18.0.4:59866 - "GET /api/v1/agent/desired-state?have=11 HTTP/1.0" 204 No Content
controller-1  | INFO:     172.18.0.4:59870 - "POST /api/v1/agent/telemetry HTTP/1.0" 204 No Content
controller-1  | INFO:     172.18.0.4:59874 - "GET /api/v1/agent/steering?have=118 HTTP/1.0" 204 No Content
controller-1  | INFO:     127.0.0.1:43690 - "GET /healthz HTTP/1.1" 200 OK
controller-1  | INFO:     172.18.0.4:37336 - "GET /api/v1/agent/steering?have=235 HTTP/1.0" 204 No Content
controller-1  | INFO:     172.18.0.4:37346 - "GET /api/v1/agent/steering?have=185 HTTP/1.0" 204 No Content
controller-1  | INFO:     172.18.0.4:37362 - "GET /api/v1/agent/steering?have=118 HTTP/1.0" 204 No Content
controller-1  | INFO:     127.0.0.1:40704 - "GET /healthz HTTP/1.1" 200 OK
controller-1  | INFO:     172.18.0.4:37368 - "GET /api/v1/agent/desired-state?have=17 HTTP/1.0" 204 No Content
controller-1  | INFO:     172.18.0.4:37378 - "GET /api/v1/agent/steering?have=235 HTTP/1.0" 204 No Content
controller-1  | INFO:     172.18.0.4:37390 - "POST /api/v1/agent/telemetry HTTP/1.0" 204 No Content
controller-1  | INFO:     172.18.0.4:37404 - "GET /api/v1/agent/desired-state?have=35 HTTP/1.0" 204 No Content
controller-1  | INFO:     172.18.0.4:37414 - "GET /api/v1/agent/steering?have=185 HTTP/1.0" 204 No Content
controller-1  | INFO:     172.18.0.4:37418 - "POST /api/v1/agent/telemetry HTTP/1.0" 204 No Content
controller-1  | INFO:     172.18.0.4:37422 - "GET /api/v1/agent/desired-state?have=11 HTTP/1.0" 204 No Content
controller-1  | INFO:     172.18.0.4:37426 - "POST /api/v1/agent/telemetry HTTP/1.0" 204 No Content
controller-1  | INFO:     172.18.0.4:37432 - "GET /api/v1/agent/steering?have=118 HTTP/1.0" 204 No Content
controller-1  | INFO:     127.0.0.1:40716 - "GET /healthz HTTP/1.1" 200 OK
controller-1  | INFO:     172.18.0.4:60662 - "GET /api/v1/agent/steering?have=235 HTTP/1.0" 204 No Content
controller-1  | INFO:     172.18.0.4:60672 - "GET /api/v1/agent/steering?have=185 HTTP/1.0" 204 No Content
controller-1  | INFO:     172.18.0.4:60674 - "GET /api/v1/agent/steering?have=118 HTTP/1.0" 204 No Content
controller-1  | INFO:     127.0.0.1:38528 - "GET /healthz HTTP/1.1" 200 OK
controller-1  | INFO:     172.18.0.4:60684 - "GET /api/v1/agent/desired-state?have=17 HTTP/1.0" 204 No Content
controller-1  | INFO:     172.18.0.4:60690 - "GET /api/v1/agent/steering?have=235 HTTP/1.0" 204 No Content
controller-1  | INFO:     172.18.0.4:60694 - "POST /api/v1/agent/telemetry HTTP/1.0" 204 No Content
controller-1  | INFO:     172.18.0.4:60704 - "GET /api/v1/agent/desired-state?have=35 HTTP/1.0" 204 No Content
controller-1  | INFO:     172.18.0.4:60716 - "POST /api/v1/agent/telemetry HTTP/1.0" 204 No Content
controller-1  | INFO:     172.18.0.4:60722 - "GET /api/v1/agent/steering?have=185 HTTP/1.0" 204 No Content
controller-1  | INFO:     172.18.0.4:60730 - "GET /api/v1/agent/desired-state?have=11 HTTP/1.0" 204 No Content
controller-1  | INFO:     172.18.0.4:60732 - "GET /api/v1/agent/steering?have=118 HTTP/1.0" 204 No Content
controller-1  | INFO:     172.18.0.4:60738 - "POST /api/v1/agent/telemetry HTTP/1.0" 204 No Content
controller-1  | INFO:     127.0.0.1:35770 - "GET /healthz HTTP/1.1" 200 OK
controller-1  | INFO:     172.18.0.4:50060 - "GET /api/v1/agent/steering?have=235 HTTP/1.0" 204 No Content
controller-1  | INFO:     172.18.0.4:50064 - "GET /api/v1/agent/steering?have=185 HTTP/1.0" 204 No Content
controller-1  | INFO:     172.18.0.4:50068 - "GET /api/v1/agent/steering?have=118 HTTP/1.0" 204 No Content
controller-1  | INFO:     127.0.0.1:35772 - "GET /healthz HTTP/1.1" 200 OK
controller-1  | INFO:     172.18.0.4:50072 - "GET /api/v1/agent/desired-state?have=17 HTTP/1.0" 204 No Content
controller-1  | INFO:     172.18.0.4:50084 - "GET /api/v1/agent/steering?have=235 HTTP/1.0" 204 No Content
controller-1  | INFO:     172.18.0.4:50088 - "POST /api/v1/agent/telemetry HTTP/1.0" 204 No Content
controller-1  | INFO:     172.18.0.4:50096 - "GET /api/v1/agent/desired-state?have=35 HTTP/1.0" 204 No Content
controller-1  | INFO:     172.18.0.4:50102 - "POST /api/v1/agent/telemetry HTTP/1.0" 204 No Content
controller-1  | INFO:     172.18.0.4:50106 - "GET /api/v1/agent/steering?have=185 HTTP/1.0" 204 No Content
controller-1  | INFO:     172.18.0.4:50112 - "GET /api/v1/agent/desired-state?have=11 HTTP/1.0" 204 No Content
controller-1  | INFO:     172.18.0.4:50124 - "POST /api/v1/agent/telemetry HTTP/1.0" 204 No Content
controller-1  | INFO:     172.18.0.4:50138 - "GET /api/v1/agent/steering?have=118 HTTP/1.0" 204 No Content
controller-1  | INFO:     172.18.0.1:41596 - "POST /api/v1/auth/login HTTP/1.1" 200 OK
controller-1  | INFO:     172.18.0.1:41610 - "DELETE /api/v1/customers/4d26813b-aaa6-4be7-9b73-1730be959882/rules/21 HTTP/1.1" 204 No Content
controller-1  | INFO:     172.18.0.1:41618 - "POST /api/v1/auth/login HTTP/1.1" 200 OK
controller-1  | INFO:     172.18.0.1:41632 - "POST /api/v1/customers/4d26813b-aaa6-4be7-9b73-1730be959882/rules HTTP/1.1" 201 Created
controller-1  | INFO:     172.18.0.4:55348 - "GET /api/v1/agent/steering?have=235 HTTP/1.0" 200 OK
controller-1  | INFO:     172.18.0.4:55360 - "GET /api/v1/agent/steering?have=185 HTTP/1.0" 200 OK
controller-1  | INFO:     127.0.0.1:33222 - "GET /healthz HTTP/1.1" 200 OK
controller-1  | INFO:     172.18.0.4:55364 - "GET /api/v1/agent/steering?have=118 HTTP/1.0" 200 OK
controller-1  | INFO:     172.18.0.1:38498 - "POST /api/v1/auth/login HTTP/1.1" 200 OK
controller-1  | INFO:     172.18.0.1:38504 - "DELETE /api/v1/customers/4d26813b-aaa6-4be7-9b73-1730be959882/rules/22 HTTP/1.1" 204 No Content
-- host
 01:15:22 up 2 days, 21:39,  0 user,  load average: 7.41, 7.26, 7.28
procs -----------memory---------- ---swap-- -----io---- -system-- -------cpu-------
 r  b   swpd   free   buff  cache   si   so    bi    bo   in   cs us sy id wa st gu
 2  0      0 1789520  59780 4982068    0    0    38   247 4867   18  6 19 75  0  0  0
 9  1      0 1778272  59780 4982076    0    0     0   200 5320 7013  6 29 63  2  0  0
 8  0      0 1786624  59780 4982084    0    0     0   220 5193 7797 12 33 50  5  0  0
make: *** [Makefile:102: lab-ci] Error 1
