commit 44193b5: Traffic rules, priority queues and application detection

== Redeploying the lab (05:32:55)
DEPRECATED: The legacy builder is deprecated and will be removed in a future release.
            Install the buildx component to build images with BuildKit:
            https://docs.docker.com/go/buildx/

Sending build context to Docker daemon   2.56kB
Step 1/5 : FROM quay.io/frrouting/frr:10.2.1
 ---> e47e67bd6120
Step 2/5 : RUN apk add --no-cache       bash iproute2 iproute2-tc nftables wireguard-tools       iperf3 tcpdump iputils curl jq ethtool conntrack-tools
 ---> Running in 143e0168a3d4
fetch https://dl-cdn.alpinelinux.org/alpine/v3.20/main/x86_64/APKINDEX.tar.gz
fetch https://dl-cdn.alpinelinux.org/alpine/v3.20/community/x86_64/APKINDEX.tar.gz
(1/33) Installing libnfnetlink (1.0.2-r3)
(2/33) Installing libnetfilter_conntrack (1.0.9-r3)
(3/33) Installing libnetfilter_cthelper (1.0.1-r2)
(4/33) Installing libnetfilter_cttimeout (1.0.1-r2)
(5/33) Installing libnetfilter_queue (1.0.5-r2)
(6/33) Installing conntrack-tools (1.4.8-r0)
(7/33) Installing ca-certificates (20260413-r0)
(8/33) Installing brotli-libs (1.1.0-r2)
(9/33) Installing libunistring (1.2-r0)
(10/33) Installing libidn2 (2.3.7-r0)
(11/33) Installing nghttp2-libs (1.62.1-r0)
(12/33) Installing libpsl (0.21.5-r1)
(13/33) Installing libcurl (8.14.1-r2)
(14/33) Installing curl (8.14.1-r2)
(15/33) Installing ethtool (6.7-r0)
(16/33) Installing iperf3 (3.17.1-r0)
(17/33) Installing iputils-arping (20240117-r0)
(18/33) Installing iputils-clockdiff (20240117-r0)
(19/33) Installing iputils-ping (20240117-r0)
(20/33) Installing iputils-tracepath (20240117-r0)
(21/33) Installing iputils (20240117-r0)
(22/33) Installing oniguruma (6.9.9-r0)
(23/33) Installing jq (1.7.1-r0)
(24/33) Installing gmp (6.3.0-r1)
(25/33) Installing jansson (2.14-r4)
(26/33) Installing libnftnl (1.2.6-r0)
(27/33) Installing nftables (1.0.9-r2)
(28/33) Installing libpcap (1.10.4-r1)
(29/33) Installing tcpdump (4.99.4-r1)
(30/33) Installing wireguard-tools-wg (1.0.20210914-r4)
(31/33) Installing openresolv (3.13.2-r0)
(32/33) Installing wireguard-tools-wg-quick (1.0.20210914-r4)
(33/33) Installing wireguard-tools (1.0.20210914-r4)
Executing busybox-1.36.1-r29.trigger
Executing ca-certificates-20260413-r0.trigger
OK: 163 MiB in 101 packages
 ---> Removed intermediate container 143e0168a3d4
 ---> 577ceb2fcc0a
Step 3/5 : RUN sed -i -e 's/^bgpd=no/bgpd=yes/' -e 's/^bfdd=no/bfdd=yes/' /etc/frr/daemons
 ---> Running in 7cdc10190c11
 ---> Removed intermediate container 7cdc10190c11
 ---> 16593b24ddd5
Step 4/5 : RUN touch /etc/frr/vtysh.conf
 ---> Running in e9fb1443372a
 ---> Removed intermediate container e9fb1443372a
 ---> 6a7c42e7e713
Step 5/5 : RUN ln -s /opt/exaconnect/bin/exa-agent /usr/local/bin/exa-agent
 ---> Running in 89d2e84fe865
 ---> Removed intermediate container 89d2e84fe865
 ---> 4f8ed935794c
Successfully built 4f8ed935794c
Successfully tagged exaconnect/node:dev
07:33:39 INFO Containerlab started version=0.79.0
07:33:39 INFO Parsing & checking topology file=exaconnect.clab.yml
07:33:39 INFO Removing directory path=/root/exaconnect/lab/clab-exaconnect
07:33:39 INFO Creating lab directory path=/root/exaconnect/lab/clab-exaconnect
07:33:39 INFO Creating container name=site-b
07:33:39 INFO Creating container name=carrier-a
07:33:39 INFO Creating container name=lan-a
07:33:39 INFO Creating container name=lan-b
07:33:40 INFO Created link: site-b:eth4 ▪┄┄▪ lan-b:eth1
07:33:40 INFO Created link: carrier-a:eth3 ▪┄┄▪ site-b:eth1
07:33:41 INFO Creating container name=pop-miami
07:33:41 INFO Creating container name=sat
07:33:41 INFO Creating container name=site-a
07:33:42 INFO Created link: carrier-a:eth1 ▪┄┄▪ pop-miami:eth1
07:33:42 INFO Creating container name=carrier-b
07:33:42 INFO Created link: sat:eth1 ▪┄┄▪ pop-miami:eth3
07:33:42 INFO Created link: sat:eth3 ▪┄┄▪ site-b:eth3
07:33:42 INFO Created link: carrier-a:eth2 ▪┄┄▪ site-a:eth1
07:33:42 INFO Created link: sat:eth2 ▪┄┄▪ site-a:eth3
07:33:42 INFO Created link: site-a:eth4 ▪┄┄▪ lan-a:eth1
07:33:43 INFO Created link: carrier-b:eth1 ▪┄┄▪ pop-miami:eth2
07:33:43 INFO Created link: carrier-b:eth2 ▪┄┄▪ site-a:eth2
07:33:43 INFO Creating container name=lan-pop
07:33:43 INFO Created link: carrier-b:eth3 ▪┄┄▪ site-b:eth2
07:33:44 INFO Created link: pop-miami:eth4 ▪┄┄▪ lan-pop:eth1
07:33:44 INFO Executed command node=lan-a command="ip addr add 192.168.10.10/24 dev eth1" stdout=""
07:33:44 INFO Executed command node=lan-a command="ip route replace 192.168.0.0/16 via 192.168.10.1" stdout=""
07:33:44 INFO Executed command node=lan-b command="ip addr add 192.168.20.10/24 dev eth1" stdout=""
07:33:44 INFO Executed command node=site-b command="sysctl -w net.ipv4.ip_forward=1"
  stdout=
  │ net.ipv4.ip_forward = 1

07:33:44 INFO Executed command node=carrier-a command="sysctl -w net.ipv4.ip_forward=1"
  stdout=
  │ net.ipv4.ip_forward = 1

07:33:44 INFO Executed command node=lan-a command="ip route replace 10.200.0.0/24 via 192.168.10.1" stdout=""
07:33:44 INFO Executed command node=lan-b command="ip route replace 192.168.0.0/16 via 192.168.20.1" stdout=""
07:33:44 INFO Executed command node=site-b command="sysctl -w net.ipv4.conf.all.rp_filter=2"
  stdout=
  │ net.ipv4.conf.all.rp_filter = 2

07:33:44 INFO Executed command node=carrier-a command="ip addr add 10.11.0.1/24 dev eth1" stdout=""
07:33:44 INFO Executed command node=site-b command="ip addr add 10.11.2.2/24 dev eth1" stdout=""
07:33:44 INFO Executed command node=lan-b command="ip route replace 10.200.0.0/24 via 192.168.20.1" stdout=""
07:33:44 INFO Executed command node=site-b command="ip addr add 10.12.2.2/24 dev eth2" stdout=""
07:33:44 INFO Executed command node=carrier-a command="ip addr add 10.11.1.1/24 dev eth2" stdout=""
07:33:44 INFO Executed command node=site-b command="ip addr add 10.13.2.2/24 dev eth3" stdout=""
07:33:44 INFO Executed command node=carrier-a command="ip addr add 10.11.2.1/24 dev eth3" stdout=""
07:33:44 INFO Executed command node=site-b command="ip addr add 192.168.20.1/24 dev eth4" stdout=""
07:33:44 INFO Executed command node=site-b command="ip route add 10.11.0.0/24 via 10.11.2.1" stdout=""
07:33:44 INFO Executed command node=site-b command="ip route add 10.12.0.0/24 via 10.12.2.1" stdout=""
07:33:44 INFO Executed command node=site-b command="ip route add 10.13.0.0/24 via 10.13.2.1" stdout=""
07:33:44 INFO Executed command node=pop-miami command="sysctl -w net.ipv4.ip_forward=1"
  stdout=
  │ net.ipv4.ip_forward = 1

07:33:44 INFO Executed command node=sat command="sysctl -w net.ipv4.ip_forward=1"
  stdout=
  │ net.ipv4.ip_forward = 1

07:33:44 INFO Executed command node=pop-miami command="sysctl -w net.ipv4.conf.all.rp_filter=2"
  stdout=
  │ net.ipv4.conf.all.rp_filter = 2

07:33:44 INFO Executed command node=site-a command="sysctl -w net.ipv4.ip_forward=1"
  stdout=
  │ net.ipv4.ip_forward = 1

07:33:44 INFO Executed command node=sat command="ip addr add 10.13.0.1/24 dev eth1" stdout=""
07:33:44 INFO Executed command node=pop-miami command="ip addr add 10.11.0.2/24 dev eth1" stdout=""
07:33:44 INFO Executed command node=site-a command="sysctl -w net.ipv4.conf.all.rp_filter=2"
  stdout=
  │ net.ipv4.conf.all.rp_filter = 2

07:33:44 INFO Executed command node=sat command="ip addr add 10.13.1.1/24 dev eth2" stdout=""
07:33:44 INFO Executed command node=site-a command="ip addr add 10.11.1.2/24 dev eth1" stdout=""
07:33:44 INFO Executed command node=pop-miami command="ip addr add 10.12.0.2/24 dev eth2" stdout=""
07:33:44 INFO Executed command node=sat command="ip addr add 10.13.2.1/24 dev eth3" stdout=""
07:33:44 INFO Executed command node=pop-miami command="ip addr add 10.13.0.2/24 dev eth3" stdout=""
07:33:44 INFO Executed command node=site-a command="ip addr add 10.12.1.2/24 dev eth2" stdout=""
07:33:44 INFO Executed command node=pop-miami command="ip addr add 10.200.0.1/24 dev eth4" stdout=""
07:33:44 INFO Executed command node=site-a command="ip addr add 10.13.1.2/24 dev eth3" stdout=""
07:33:44 INFO Executed command node=carrier-b command="sysctl -w net.ipv4.ip_forward=1"
  stdout=
  │ net.ipv4.ip_forward = 1

07:33:44 INFO Executed command node=pop-miami command="ip route add 10.11.0.0/16 via 10.11.0.1" stdout=""
07:33:44 INFO Executed command node=site-a command="ip addr add 192.168.10.1/24 dev eth4" stdout=""
07:33:44 INFO Executed command node=carrier-b command="ip addr add 10.12.0.1/24 dev eth1" stdout=""
07:33:44 INFO Executed command node=pop-miami command="ip route add 10.12.0.0/16 via 10.12.0.1" stdout=""
07:33:44 INFO Executed command node=site-a command="ip route add 10.11.0.0/24 via 10.11.1.1" stdout=""
07:33:44 INFO Executed command node=carrier-b command="ip addr add 10.12.1.1/24 dev eth2" stdout=""
07:33:44 INFO Executed command node=pop-miami command="ip route add 10.13.0.0/16 via 10.13.0.1" stdout=""
07:33:44 INFO Executed command node=site-a command="ip route add 10.12.0.0/24 via 10.12.1.1" stdout=""
07:33:44 INFO Executed command node=carrier-b command="ip addr add 10.12.2.1/24 dev eth3" stdout=""
07:33:44 INFO Executed command node=site-a command="ip route add 10.13.0.0/24 via 10.13.1.1" stdout=""
07:33:44 INFO Executed command node=lan-pop command="ip addr add 10.200.0.10/24 dev eth1" stdout=""
07:33:44 INFO Executed command node=lan-pop command="ip route replace 192.168.0.0/16 via 10.200.0.1" stdout=""
07:33:44 INFO Adding host entries path=/etc/hosts
07:33:44 INFO Adding SSH config for nodes path=/etc/ssh/ssh_config.d/clab-exaconnect.conf
[1m╭[0m[1m───────────────────────────[0m[1m┬[0m[1m─────────────────────[0m[1m┬[0m[1m─────────[0m[1m┬[0m[1m────────────────[0m[1m╮[0m
[1m│[0m[1m            Name           [0m[1m│[0m[1m      Kind/Image     [0m[1m│[0m[1m  State  [0m[1m│[0m[1m IPv4/6 Address [0m[1m│[0m
[1m├[0m[1m───────────────────────────[0m[1m┼[0m[1m─────────────────────[0m[1m┼[0m[1m─────────[0m[1m┼[0m[1m────────────────[0m[1m┤[0m
│ clab-exaconnect-carrier-a │ linux               │ running │ 172.30.0.11    │
│                           │ exaconnect/node:dev │         │ N/A            │
├───────────────────────────┼─────────────────────┼─────────┼────────────────┤
│ clab-exaconnect-carrier-b │ linux               │ running │ 172.30.0.12    │
│                           │ exaconnect/node:dev │         │ N/A            │
├───────────────────────────┼─────────────────────┼─────────┼────────────────┤
│ clab-exaconnect-lan-a     │ linux               │ running │ 172.30.0.41    │
│                           │ exaconnect/node:dev │         │ N/A            │
├───────────────────────────┼─────────────────────┼─────────┼────────────────┤
│ clab-exaconnect-lan-b     │ linux               │ running │ 172.30.0.42    │
│                           │ exaconnect/node:dev │         │ N/A            │
├───────────────────────────┼─────────────────────┼─────────┼────────────────┤
│ clab-exaconnect-lan-pop   │ linux               │ running │ 172.30.0.43    │
│                           │ exaconnect/node:dev │         │ N/A            │
├───────────────────────────┼─────────────────────┼─────────┼────────────────┤
│ clab-exaconnect-pop-miami │ linux               │ running │ 172.30.0.20    │
│                           │ exaconnect/node:dev │         │ N/A            │
├───────────────────────────┼─────────────────────┼─────────┼────────────────┤
│ clab-exaconnect-sat       │ linux               │ running │ 172.30.0.13    │
│                           │ exaconnect/node:dev │         │ N/A            │
├───────────────────────────┼─────────────────────┼─────────┼────────────────┤
│ clab-exaconnect-site-a    │ linux               │ running │ 172.30.0.31    │
│                           │ exaconnect/node:dev │         │ N/A            │
├───────────────────────────┼─────────────────────┼─────────┼────────────────┤
│ clab-exaconnect-site-b    │ linux               │ running │ 172.30.0.32    │
│                           │ exaconnect/node:dev │         │ N/A            │
╰───────────────────────────┴─────────────────────┴─────────┴────────────────╯
carrier-a  rtt     25ms  jitter     2ms  loss     0%
carrier-b  rtt     35ms  jitter     4ms  loss     0%
sat        rtt     45ms  jitter    10ms  loss   0.5%
ok    site-a  -> PoP via carrier-a avg rtt 29.480ms
ok    site-a  -> PoP via carrier-b avg rtt 42.525ms
ok    site-a  -> PoP via sat       avg rtt 58.501ms
ok    site-b  -> PoP via carrier-a avg rtt 27.674ms
ok    site-b  -> PoP via carrier-b avg rtt 36.798ms
ok    site-b  -> PoP via sat       avg rtt 53.939ms

== Controller (05:33:51)
.env ready (admin: admin@exacarib.local)
time="2026-10-01T07:33:52+02:00" level=warning msg="Docker Compose is configured to build using Bake, but buildx isn't installed"
#0 building with "default" instance using docker driver

#1 [controller internal] load build definition from Dockerfile
#1 transferring dockerfile: 559B done
#1 DONE 0.0s

#2 [controller internal] load metadata for docker.io/library/python:3.12-slim
#2 DONE 0.4s

#3 [controller internal] load .dockerignore
#3 transferring context: 2B done
#3 DONE 0.0s

#4 [controller 1/5] FROM docker.io/library/python:3.12-slim@sha256:f77ac9e44ae96ef2c90b8053ea08c31f8be030f824196b0ae4db6d462c84e51f
#4 resolve docker.io/library/python:3.12-slim@sha256:f77ac9e44ae96ef2c90b8053ea08c31f8be030f824196b0ae4db6d462c84e51f 0.1s done
#4 DONE 0.1s

#5 [controller internal] load build context
#5 transferring context: 118.16kB 0.0s done
#5 DONE 0.0s

#6 [controller 2/5] WORKDIR /app
#6 CACHED

#7 [controller 3/5] COPY pyproject.toml ./
#7 CACHED

#8 [controller 4/5] COPY exaconnect_controller ./exaconnect_controller
#8 DONE 0.1s

#9 [controller 5/5] RUN pip install --no-cache-dir . && mkdir -p /data && chown nobody:nogroup /data
#9 3.921 Processing /app
#9 3.927   Installing build dependencies: started
#9 6.137   Installing build dependencies: finished with status 'done'
#9 6.138   Getting requirements to build wheel: started
#9 6.626   Getting requirements to build wheel: finished with status 'done'
#9 6.629   Preparing metadata (pyproject.toml): started
#9 7.027   Preparing metadata (pyproject.toml): finished with status 'done'
#9 7.192 Collecting fastapi>=0.115 (from exaconnect-controller==0.2.0)
#9 7.226   Downloading fastapi-0.142.2-py3-none-any.whl.metadata (27 kB)
#9 7.294 Collecting uvicorn>=0.30 (from uvicorn[standard]>=0.30->exaconnect-controller==0.2.0)
#9 7.311   Downloading uvicorn-0.54.0-py3-none-any.whl.metadata (6.6 kB)
#9 7.503 Collecting pydantic>=2.7 (from exaconnect-controller==0.2.0)
#9 7.509   Downloading pydantic-2.13.5-py3-none-any.whl.metadata (110 kB)
#9 7.550 Collecting psycopg>=3.2 (from psycopg[binary]>=3.2->exaconnect-controller==0.2.0)
#9 7.556   Downloading psycopg-3.3.6-py3-none-any.whl.metadata (4.4 kB)
#9 7.643 Collecting psycopg-pool>=3.2 (from exaconnect-controller==0.2.0)
#9 7.650   Downloading psycopg_pool-3.3.3-py3-none-any.whl.metadata (2.8 kB)
#9 8.323 Collecting cryptography>=43 (from exaconnect-controller==0.2.0)
#9 8.330   Downloading cryptography-50.0.2-cp311-abi3-manylinux_2_34_x86_64.whl.metadata (4.4 kB)
#9 8.529 Collecting cffi>=2.0.0 (from cryptography>=43->exaconnect-controller==0.2.0)
#9 8.538   Downloading cffi-2.1.1-cp312-cp312-manylinux2014_x86_64.manylinux_2_17_x86_64.whl.metadata (2.5 kB)
#9 8.600 Collecting starlette>=0.46.0 (from fastapi>=0.115->exaconnect-controller==0.2.0)
#9 8.610   Downloading starlette-1.7.0-py3-none-any.whl.metadata (6.6 kB)
#9 8.685 Collecting typing-extensions>=4.8.0 (from fastapi>=0.115->exaconnect-controller==0.2.0)
#9 8.700   Downloading typing_extensions-4.16.0-py3-none-any.whl.metadata (3.3 kB)
#9 8.712 Collecting typing-inspection>=0.4.2 (from fastapi>=0.115->exaconnect-controller==0.2.0)
#9 8.716   Downloading typing_inspection-0.4.4-py3-none-any.whl.metadata (2.6 kB)
#9 8.728 Collecting annotated-doc>=0.0.2 (from fastapi>=0.115->exaconnect-controller==0.2.0)
#9 8.731   Downloading annotated_doc-0.0.5-py3-none-any.whl.metadata (6.5 kB)
#9 8.780 Collecting opentelemetry-api>=1.44.0 (from fastapi>=0.115->exaconnect-controller==0.2.0)
#9 8.787   Downloading opentelemetry_api-1.45.0-py3-none-any.whl.metadata (1.4 kB)
#9 9.095 Collecting psycopg-binary==3.3.6 (from psycopg[binary]>=3.2->exaconnect-controller==0.2.0)
#9 9.113   Downloading psycopg_binary-3.3.6-cp312-cp312-manylinux2014_x86_64.manylinux_2_17_x86_64.whl.metadata (2.7 kB)
#9 9.129 Collecting annotated-types>=0.6.0 (from pydantic>=2.7->exaconnect-controller==0.2.0)
#9 9.136   Downloading annotated_types-0.8.0-py3-none-any.whl.metadata (15 kB)
#9 10.43 Collecting pydantic-core==2.46.5 (from pydantic>=2.7->exaconnect-controller==0.2.0)
#9 10.44   Downloading pydantic_core-2.46.5-cp312-cp312-manylinux_2_17_x86_64.manylinux2014_x86_64.whl.metadata (6.6 kB)
#9 10.53 Collecting click>=7.0 (from uvicorn>=0.30->uvicorn[standard]>=0.30->exaconnect-controller==0.2.0)
#9 10.54   Downloading click-8.5.0-py3-none-any.whl.metadata (2.6 kB)
#9 10.57 Collecting h11>=0.8 (from uvicorn>=0.30->uvicorn[standard]>=0.30->exaconnect-controller==0.2.0)
#9 10.58   Downloading h11-0.16.0-py3-none-any.whl.metadata (8.3 kB)
#9 10.68 Collecting httptools>=0.8.0 (from uvicorn[standard]>=0.30->exaconnect-controller==0.2.0)
#9 10.69   Downloading httptools-0.8.0-cp312-cp312-manylinux1_x86_64.manylinux_2_28_x86_64.manylinux_2_5_x86_64.whl.metadata (3.5 kB)
#9 10.77 Collecting python-dotenv>=0.13 (from uvicorn[standard]>=0.30->exaconnect-controller==0.2.0)
#9 10.79   Downloading python_dotenv-1.2.3-py3-none-any.whl.metadata (29 kB)
#9 10.98 Collecting pyyaml>=5.1 (from uvicorn[standard]>=0.30->exaconnect-controller==0.2.0)
#9 10.99   Downloading pyyaml-6.0.3-cp312-cp312-manylinux2014_x86_64.manylinux_2_17_x86_64.manylinux_2_28_x86_64.whl.metadata (2.4 kB)
#9 11.06 Collecting uvloop>=0.15.1 (from uvicorn[standard]>=0.30->exaconnect-controller==0.2.0)
#9 11.07   Downloading uvloop-0.23.0-cp312-cp312-manylinux2014_x86_64.manylinux_2_17_x86_64.manylinux_2_28_x86_64.whl.metadata (5.1 kB)
#9 11.18 Collecting watchfiles>=0.20 (from uvicorn[standard]>=0.30->exaconnect-controller==0.2.0)
#9 11.19   Downloading watchfiles-1.3.0-cp310-abi3-manylinux_2_17_x86_64.manylinux2014_x86_64.whl.metadata (4.9 kB)
#9 11.43 Collecting websockets>=13.0 (from uvicorn[standard]>=0.30->exaconnect-controller==0.2.0)
#9 11.44   Downloading websockets-17.1-cp312-cp312-manylinux1_x86_64.manylinux_2_28_x86_64.manylinux_2_5_x86_64.whl.metadata (6.3 kB)
#9 11.46 Collecting pycparser (from cffi>=2.0.0->cryptography>=43->exaconnect-controller==0.2.0)
#9 11.46   Downloading pycparser-3.0-py3-none-any.whl.metadata (8.2 kB)
#9 11.51 Collecting anyio<5,>=4.0.0 (from starlette>=0.46.0->fastapi>=0.115->exaconnect-controller==0.2.0)
#9 11.51   Downloading anyio-4.15.1-py3-none-any.whl.metadata (4.7 kB)
#9 11.58 Collecting idna>=2.8 (from anyio<5,>=4.0.0->starlette>=0.46.0->fastapi>=0.115->exaconnect-controller==0.2.0)
#9 11.62   Downloading idna-3.20-py3-none-any.whl.metadata (7.2 kB)
#9 11.66 Downloading cryptography-50.0.2-cp311-abi3-manylinux_2_34_x86_64.whl (4.8 MB)
#9 11.88    ━━━━━━━━━━━━━━━━━━━━━━━━━━━━━━━━━━━━━━━━ 4.8/4.8 MB 20.6 MB/s eta 0:00:00
#9 11.89 Downloading fastapi-0.142.2-py3-none-any.whl (144 kB)
#9 11.90 Downloading psycopg-3.3.6-py3-none-any.whl (215 kB)
#9 11.91 Downloading psycopg_pool-3.3.3-py3-none-any.whl (40 kB)
#9 11.92 Downloading psycopg_binary-3.3.6-cp312-cp312-manylinux2014_x86_64.manylinux_2_17_x86_64.whl (5.2 MB)
#9 12.14    ━━━━━━━━━━━━━━━━━━━━━━━━━━━━━━━━━━━━━━━━ 5.2/5.2 MB 25.0 MB/s eta 0:00:00
#9 12.16 Downloading pydantic-2.13.5-py3-none-any.whl (472 kB)
#9 12.19 Downloading pydantic_core-2.46.5-cp312-cp312-manylinux_2_17_x86_64.manylinux2014_x86_64.whl (2.1 MB)
#9 12.26    ━━━━━━━━━━━━━━━━━━━━━━━━━━━━━━━━━━━━━━━━ 2.1/2.1 MB 29.7 MB/s eta 0:00:00
#9 12.28 Downloading uvicorn-0.54.0-py3-none-any.whl (87 kB)
#9 12.29 Downloading annotated_doc-0.0.5-py3-none-any.whl (5.3 kB)
#9 12.31 Downloading annotated_types-0.8.0-py3-none-any.whl (13 kB)
#9 12.32 Downloading cffi-2.1.1-cp312-cp312-manylinux2014_x86_64.manylinux_2_17_x86_64.whl (221 kB)
#9 12.34 Downloading click-8.5.0-py3-none-any.whl (125 kB)
#9 12.36 Downloading h11-0.16.0-py3-none-any.whl (37 kB)
#9 12.37 Downloading httptools-0.8.0-cp312-cp312-manylinux1_x86_64.manylinux_2_28_x86_64.manylinux_2_5_x86_64.whl (523 kB)
#9 12.39 Downloading opentelemetry_api-1.45.0-py3-none-any.whl (60 kB)
#9 12.40 Downloading python_dotenv-1.2.3-py3-none-any.whl (22 kB)
#9 12.41 Downloading pyyaml-6.0.3-cp312-cp312-manylinux2014_x86_64.manylinux_2_17_x86_64.manylinux_2_28_x86_64.whl (807 kB)
#9 12.44    ━━━━━━━━━━━━━━━━━━━━━━━━━━━━━━━━━━━━━━━━ 807.9/807.9 kB 25.2 MB/s eta 0:00:00
#9 12.45 Downloading starlette-1.7.0-py3-none-any.whl (78 kB)
#9 12.46 Downloading typing_extensions-4.16.0-py3-none-any.whl (45 kB)
#9 12.47 Downloading typing_inspection-0.4.4-py3-none-any.whl (14 kB)
#9 12.52 Downloading uvloop-0.23.0-cp312-cp312-manylinux2014_x86_64.manylinux_2_17_x86_64.manylinux_2_28_x86_64.whl (4.5 MB)
#9 12.72    ━━━━━━━━━━━━━━━━━━━━━━━━━━━━━━━━━━━━━━━━ 4.5/4.5 MB 22.1 MB/s eta 0:00:00
#9 12.74 Downloading watchfiles-1.3.0-cp310-abi3-manylinux_2_17_x86_64.manylinux2014_x86_64.whl (458 kB)
#9 12.76 Downloading websockets-17.1-cp312-cp312-manylinux1_x86_64.manylinux_2_28_x86_64.manylinux_2_5_x86_64.whl (224 kB)
#9 12.78 Downloading anyio-4.15.1-py3-none-any.whl (132 kB)
#9 12.79 Downloading pycparser-3.0-py3-none-any.whl (48 kB)
#9 12.80 Downloading idna-3.20-py3-none-any.whl (69 kB)
#9 12.90 Building wheels for collected packages: exaconnect-controller
#9 12.91   Building wheel for exaconnect-controller (pyproject.toml): started
#9 13.52   Building wheel for exaconnect-controller (pyproject.toml): finished with status 'done'
#9 13.52   Created wheel for exaconnect-controller: filename=exaconnect_controller-0.2.0-py3-none-any.whl size=88967 sha256=24d9e37f1924ccda4fe50cdd6f5cc6516355dd0f4ea5a351bfc14ac3b011783a
#9 13.52   Stored in directory: /tmp/pip-ephem-wheel-cache-16bp2nym/wheels/54/1b/b7/aa63e25c8f14f4f2ae7b04e6097bdecb770e455c5c1ee0a600
#9 13.52 Successfully built exaconnect-controller
#9 13.61 Installing collected packages: websockets, uvloop, typing-extensions, pyyaml, python-dotenv, pycparser, psycopg-binary, idna, httptools, h11, click, annotated-types, annotated-doc, uvicorn, typing-inspection, pydantic-core, psycopg-pool, psycopg, opentelemetry-api, cffi, anyio, watchfiles, starlette, pydantic, cryptography, fastapi, exaconnect-controller
#9 17.91 Successfully installed annotated-doc-0.0.5 annotated-types-0.8.0 anyio-4.15.1 cffi-2.1.1 click-8.5.0 cryptography-50.0.2 exaconnect-controller-0.2.0 fastapi-0.142.2 h11-0.16.0 httptools-0.8.0 idna-3.20 opentelemetry-api-1.45.0 psycopg-3.3.6 psycopg-binary-3.3.6 psycopg-pool-3.3.3 pycparser-3.0 pydantic-2.13.5 pydantic-core-2.46.5 python-dotenv-1.2.3 pyyaml-6.0.3 starlette-1.7.0 typing-extensions-4.16.0 typing-inspection-0.4.4 uvicorn-0.54.0 uvloop-0.23.0 watchfiles-1.3.0 websockets-17.1
#9 17.91 WARNING: Running pip as the 'root' user can result in broken permissions and conflicting behaviour with the system package manager, possibly rendering your system unusable. It is recommended to use a virtual environment instead: https://pip.pypa.io/warnings/venv. Use the --root-user-action option if you know what you are doing and want to suppress this warning.
#9 18.08 
#9 18.08 [notice] A new release of pip is available: 25.0.1 -> 26.2.1
#9 18.08 [notice] To update, run: pip install --upgrade pip
#9 DONE 19.1s

#10 [controller] exporting to image
#10 exporting layers
#10 exporting layers 6.2s done
#10 exporting manifest sha256:cc38b9452a338cb721c6db834ba1239a44a1066024b17e7bf1a4e9798878b37a
#10 exporting manifest sha256:cc38b9452a338cb721c6db834ba1239a44a1066024b17e7bf1a4e9798878b37a 0.0s done
#10 exporting config sha256:faf92f4ac27e0a3c01345475c056cd089a0c63547b08e1553238d3bec550e51d 0.0s done
#10 exporting attestation manifest sha256:845bbfb5c69fbcc631fe3328edfba08bedb242858ced463fd8fe0359965061e1 0.1s done
#10 exporting manifest list sha256:dc6b817b7bbafb8c9e92949731272351216a63f6cd5fd2055a1772cadc881517
#10 exporting manifest list sha256:dc6b817b7bbafb8c9e92949731272351216a63f6cd5fd2055a1772cadc881517 0.0s done
#10 naming to docker.io/library/exaconnect-controller:latest done
#10 unpacking to docker.io/library/exaconnect-controller:latest
#10 unpacking to docker.io/library/exaconnect-controller:latest 1.8s done
#10 DONE 8.3s

#11 [controller] resolving provenance for metadata file
#11 DONE 0.0s
 controller  Built
 Container exaconnect-db-1  Running
 Container exaconnect-controller-1  Recreate
 Container exaconnect-controller-1  Recreated
 Container exaconnect-proxy-1  Running
 Container exaconnect-db-1  Waiting
 Container exaconnect-db-1  Healthy
 Container exaconnect-controller-1  Starting
 Container exaconnect-controller-1  Started
 Container exaconnect-controller-1  Waiting
 Container exaconnect-controller-1  Healthy
 Container exaconnect-controller-1  Waiting
 Container exaconnect-proxy-1  Waiting
 Container exaconnect-db-1  Waiting
 Container exaconnect-proxy-1  Healthy
 Container exaconnect-db-1  Healthy
 Container exaconnect-controller-1  Healthy
 Container exaconnect-proxy-1  Recreate
 Container exaconnect-proxy-1  Recreated
 Container exaconnect-proxy-1  Starting
 Container exaconnect-proxy-1  Started
 Container exaconnect-proxy-1  Waiting
 Container exaconnect-proxy-1  Healthy

== Agents (05:34:32)
time=2026-10-01T05:34:35.182Z level=INFO msg=enrolled node=pop-miami node_id=dec75881-7217-446d-832c-429602f9c0df wg_public_key="[key]"
time=2026-10-01T05:34:35.559Z level=INFO msg=enrolled node=site-a node_id=55cd6032-22e4-451d-8e47-90746e013ee6 wg_public_key="[key]"
time=2026-10-01T05:34:35.811Z level=INFO msg=enrolled node=site-b node_id=2ff0d83d-5c32-45f9-bf78-6510a4394233 wg_public_key="[key]"
pop-miami: agent started
site-a: agent started
site-b: agent started

== Public portal (05:34:36)
time="2026-10-01T07:34:37+02:00" level=warning msg="Docker Compose is configured to build using Bake, but buildx isn't installed"
#0 building with "default" instance using docker driver

#1 [controller internal] load build definition from Dockerfile
#1 transferring dockerfile: 559B done
#1 DONE 0.0s

#2 [controller internal] load metadata for docker.io/library/python:3.12-slim
#2 DONE 0.2s

#3 [controller internal] load .dockerignore
#3 transferring context: 2B done
#3 DONE 0.0s

#4 [controller internal] load build context
#4 DONE 0.0s

#5 [controller 1/5] FROM docker.io/library/python:3.12-slim@sha256:f77ac9e44ae96ef2c90b8053ea08c31f8be030f824196b0ae4db6d462c84e51f
#5 resolve docker.io/library/python:3.12-slim@sha256:f77ac9e44ae96ef2c90b8053ea08c31f8be030f824196b0ae4db6d462c84e51f 0.1s done
#5 DONE 0.1s

#4 [controller internal] load build context
#4 transferring context: 2.83kB done
#4 DONE 0.0s

#6 [controller 2/5] WORKDIR /app
#6 CACHED

#7 [controller 3/5] COPY pyproject.toml ./
#7 CACHED

#8 [controller 4/5] COPY exaconnect_controller ./exaconnect_controller
#8 CACHED

#9 [controller 5/5] RUN pip install --no-cache-dir . && mkdir -p /data && chown nobody:nogroup /data
#9 CACHED

#10 [controller] exporting to image
#10 exporting layers 0.0s done
#10 exporting manifest sha256:cc38b9452a338cb721c6db834ba1239a44a1066024b17e7bf1a4e9798878b37a done
#10 exporting config sha256:faf92f4ac27e0a3c01345475c056cd089a0c63547b08e1553238d3bec550e51d 0.0s done
#10 exporting attestation manifest sha256:ae56e12293572fe584cb1c630993e8240dfc24de754de017a0e257fedc47357d
#10 exporting attestation manifest sha256:ae56e12293572fe584cb1c630993e8240dfc24de754de017a0e257fedc47357d 0.1s done
#10 exporting manifest list sha256:358711e716508403c7d274bdb32b4b49c6fe1126365d0ebc11f2f2abf5c43dfa 0.0s done
#10 naming to docker.io/library/exaconnect-controller:latest done
#10 unpacking to docker.io/library/exaconnect-controller:latest 0.0s done
#10 DONE 0.3s

#11 [controller] resolving provenance for metadata file
#11 DONE 0.0s
resolve : lstat /root/deploy: no such file or directory
make[1]: *** [Makefile:85: public-up] Error 1
FAIL public-up

== Waiting for tunnels, BGP and BFD (05:34:38)

== Checks (05:34:56)
-- lab/scripts/check-routing.sh
ok    site-a wg-a handshake 20s ago
ok    site-a wg-b handshake 20s ago
ok    site-a wg-sat handshake 20s ago
ok    site-b wg-a handshake 20s ago
ok    site-b wg-b handshake 20s ago
ok    site-b wg-sat handshake 19s ago
ok    pop-miami BGP 6/6 established
ok    pop-miami BFD 6/6 up
ok    site-a BGP 3/3 established
ok    site-a BFD 3/3 up
ok    site-b BGP 3/3 established
ok    site-b BFD 3/3 up
ok    lan-a -> lan-b (site-a to site-b via the PoP)
ok    lan-b -> lan-a
ok    lan-a -> lan-pop

  traceroute to 192.168.20.10 (192.168.20.10), 30 hops max, 46 byte packets
   1  192.168.10.1  0.011 ms
   2  100.64.1.1  31.748 ms
   3  100.64.1.12  54.091 ms
   4  192.168.20.10  57.002 ms
-- lab/ci/checks/m4-steering.sh
-- steering applied
ok    pop-miami nftables classifier
ok    pop-miami 6 steering rules
ok    site-a nftables classifier
ok    site-a 3 steering rules
ok    site-b nftables classifier
ok    site-b 3 steering rules
FAIL  site-a voice on 'wg-b' at start, want wg-a
      maps: site-a v22, site-b v20, pop-miami v30
-- brownout: carrier A loss 0 -> 3% over 180 s (demo step 2)
FAIL  voice did not move within 330 s of the brownout
FAIL  bulk moved during the brownout
-- hard cut of carrier B while voice is on it (demo step 3)
      voice probe stream: 1456 of 1500 received at 50 packets/s
ok    voice lost 880 ms of packets (< 3 s)
ok    agent failover on BFD after 2 s
ok    voice on wg-a after the cut
-- recovery: restore B, classes move back only after the hold time (demo step 4)
ok    no moves in the first minute after recovery
      moves since the brownout began: 6
      05:41:09 site-a voice failover: Moved voice from Carrier B to Carrier A: Carrier B is down (BFD reports it down).
      05:41:09 site-a bulk failover: Moved bulk from Carrier B to Carrier A: Carrier B is down (BFD reports it down).
      05:41:09 site-b voice failover: Moved voice from Carrier B to Carrier A: Carrier B is down (BFD reports it down).
      05:41:09 site-b business failover: Moved business from Carrier B to Carrier A: Carrier B is down (BFD reports it down).
      05:41:09 site-b bulk failover: Moved bulk from Carrier B to Carrier A: Carrier B is down (BFD reports it down).
      05:41:09 site-a business failover: Moved business from Carrier B to Carrier A: Carrier B is down (BFD reports it down).
      05:41:30 site-a voice hold: Kept voice on Carrier A: loss on Carrier A is 2.7% against a 1% SLA, but it moved here 20 s ago (hold time 120 s).
      05:41:30 site-b voice hold: Kept voice on Carrier A: loss on Carrier A is 2.8% against a 1% SLA, but it moved here 20 s ago (hold time 120 s).
      05:41:30 site-b business hold: Kept business on Carrier A: loss on Carrier A is 2.8% against a 2% SLA, but it moved here 20 s ago (hold time 120 s).
      05:41:30 site-a business hold: Kept business on Carrier A: loss on Carrier A is 2.7% against a 2% SLA, but it moved here 20 s ago (hold time 120 s).
      05:41:40 site-a business hold: Kept business on Carrier A: loss on Carrier A is 2.5% against a 2% SLA, but it moved here 30 s ago (hold time 120 s).
      05:41:40 site-b voice hold: Kept voice on Carrier A: loss on Carrier A is 2.6% against a 1% SLA, but it moved here 30 s ago (hold time 120 s).
      05:41:40 site-a voice hold: Kept voice on Carrier A: loss on Carrier A is 2.5% against a 1% SLA, but it moved here 30 s ago (hold time 120 s).
      05:41:40 site-b business hold: Kept business on Carrier A: loss on Carrier A is 2.6% against a 2% SLA, but it moved here 30 s ago (hold time 120 s).
      05:41:50 site-a business hold: Kept business on Carrier A: loss on Carrier A is 2.4% against a 2% SLA, but it moved here 40 s ago (hold time 120 s).
      05:41:50 site-b business hold: Kept business on Carrier A: loss on Carrier A is 2.4% against a 2% SLA, but it moved here 40 s ago (hold time 120 s).
      05:41:50 site-b voice hold: Kept voice on Carrier A: loss on Carrier A is 2.4% against a 1% SLA, but it moved here 40 s ago (hold time 120 s).
      05:41:50 site-a voice hold: Kept voice on Carrier A: loss on Carrier A is 2.4% against a 1% SLA, but it moved here 40 s ago (hold time 120 s).
      05:42:00 site-b business hold: Kept business on Carrier A: loss on Carrier A is 2.2% against a 2% SLA, but it moved here 50 s ago (hold time 120 s).
      05:42:00 site-a voice hold: Kept voice on Carrier A: loss on Carrier A is 2.3% against a 1% SLA, but it moved here 50 s ago (hold time 120 s).
      05:42:00 site-a business hold: Kept business on Carrier A: loss on Carrier A is 2.3% against a 2% SLA, but it moved here 50 s ago (hold time 120 s).
      05:42:00 site-b voice hold: Kept voice on Carrier A: loss on Carrier A is 2.2% against a 1% SLA, but it moved here 50 s ago (hold time 120 s).
      05:42:10 site-a voice hold: Kept voice on Carrier A: loss on Carrier A is 2.1% against a 1% SLA, but it moved here 60 s ago (hold time 120 s).
      05:42:10 site-b voice hold: Kept voice on Carrier A: loss on Carrier A is 2.0% against a 1% SLA, but it moved here 60 s ago (hold time 120 s).
      05:42:10 site-b business hold: Kept business on Carrier A: loss on Carrier A is 2.0% against a 2% SLA, but it moved here 60 s ago (hold time 120 s).
      05:42:10 site-a business hold: Kept business on Carrier A: loss on Carrier A is 2.1% against a 2% SLA, but it moved here 60 s ago (hold time 120 s).
      05:42:20 site-a voice hold: Kept voice on Carrier A: loss on Carrier A is 1.9% against a 1% SLA, but it moved here 70 s ago (hold time 120 s).
      05:42:20 site-b voice hold: Kept voice on Carrier A: loss on Carrier A is 1.9% against a 1% SLA, but it moved here 70 s ago (hold time 120 s).
      05:42:31 site-a voice hold: Kept voice on Carrier A: loss on Carrier A is 1.7% against a 1% SLA, but it moved here 81 s ago (hold time 120 s).
      05:42:31 site-b voice hold: Kept voice on Carrier A: loss on Carrier A is 1.7% against a 1% SLA, but it moved here 81 s ago (hold time 120 s).
-- lab/ci/checks/m5-storm.sh
-- Storm Mode on at site-a only
ok    Storm Mode switched on for site-a through the API
ok    site-a agent has the Storm Mode steering map
ok    site-b is not in Storm Mode
ok    satellite warm: 50 probes per 10 s
ok    satellite BGP established
-- both terrestrial links cut
ok    voice continues on satellite
ok    business continues on satellite
ok    bulk paused (blackhole rule)
ok    voice stream lost 1880 ms across the double cut
-- restore and switch Storm Mode off
ok    Storm Mode switched off
ok    voice and business back on terrestrial paths, bulk resumed
      Storm Mode last switched by user:admin@exacarib.local
      05:43:59 storm_off
      05:42:42 storm_on
-- lab/ci/checks/m6-metering.sh
-- traffic: 20 Mbit/s bulk (CS1) from lan-a to lan-b for 11 minutes
      bulk leaves site-a on wg-b
FAIL  no 5-minute samples with traffic after 15 minutes
      iperf: [  5]   0.00-660.00 sec  9.23 KBytes   115 bits/sec  0.000 ms  0/1 (0%)  sender [  5]   0.00-660.07 sec  0.00 Bytes  0.00 bits/sec  0.000 ms  0/0 (0%)  receiver  iperf Done. 
      site-a carrier-a: samples 11, 95th in 0.03689 out 0.039292, billable 0.039292, commit 100, burst 0.000, total 400.00
FAIL  billable rate 0.039292
-- CSV matches the screen
ok    CSV 95th percentile 0.039 equals the screen
ok    CSV settlement total equals the screen
-- carrier view
ok    carrier user sees only Carrier A links
ok    carrier user cannot open the customer overview
-- lab/ci/checks/m7-outage.sh
-- stop the controller and the agent proxy
ok    all three agents noticed after 63 s and hold the last good state
ok    site A still reaches site B through the PoP
-- BFD failover with the controller down
ok    voice moved from wg-a to wg-b in 5.0 s, without the controller
-- start the controller again
ok    all three agents reconciled 17 s after the restart
-- lab/ci/checks/m8-ai.sh
-- hurricane watch
ok    NHC feed read from the lab host: 3 active storms
ok    example hurricane raised a warning
ok    only site-a (Kingston) is warned
      Hurricane Example (90 kt) is moving at 23 km/h on a heading of 285°. Projecting that motion forward, it passes about 92 km from site-a in about 25 h. Consider switching Storm Mode on so the satellite path is warm before the terrestrial links suffer. This is a straight-line projection; check the NHC advisory for the official forecast track.
-- insights from this run
      anomaly warning: Carrier B at site-a: loss 0.59%, usually 0.00%
      storm_warning critical: Example data: Hurricane Example may pass 92 km from site-a in about 25 h
      anomaly critical: Carrier A at site-a: loss 4.00%, usually 0.08%
      anomaly critical: Carrier A at site-b: loss 3.92%, usually 0.24%
      anomaly critical: Carrier B at site-b: loss 3.71%, usually 0.00%
      storm_warning critical: Example data: Hurricane Example may pass 92 km from site-a in about 25 h
-- ask your network
ok    answered: Voice is on carrier-a at site-a now, and it last moved to carrier-a at 05:44:01 UTC because the system moved it there (the reason isn't logged in the snapshot, but the move-back for bulk at 05:48:04 UTC shows carrier-a had recovered to 0.0% loss).
-- lab/ci/checks/m9-public.sh
curl: (7) Failed to connect to connect.exacarib.com port 443 after 0 ms: Couldn't connect to server
FAIL  no HTTPS answer for connect.exacarib.com
FAIL  no Let's Encrypt certificate yet (issuer: none). Inbound 80 and 443 must be open in the cloud firewall.
curl: (7) Failed to connect to connect.exacarib.com port 443 after 0 ms: Couldn't connect to server
FAIL  portal not served
FAIL  enrol answered 000 publicly
FAIL  API through the public proxy
      connect.exacarib.com not reachable via its public address from this host (some clouds don't hairpin; check from outside)
      listening on public addresses: 22 
ok    controller, database and dev portal stay private
-- lab/ci/checks/m9-traffic.sh
-- priority queues
ok    site-a wg-a: qdisc cake 803a: root refcnt 2 bandwidth 190Mbit diffserv4 triple-isolate nonat nowash no-
ok    site-a wg-b: qdisc cake 803b: root refcnt 2 bandwidth 95Mbit diffserv4 triple-isolate nonat nowash no-a
-- application detection: Zoom-like traffic on UDP 8801 for 4 minutes
ok    site-a reported its flows to UDP 8801
ok    recognised: Zoom meetings seen at site-a: 2 flow(s) to TCP 8801, matches Zoom meetings (calls and meetings); currently unclassified. Suggest voice (real-time priority).
ok    suggests voice
ok    applied as rule 1
ok    site-a classifies UDP 8801-8810 as voice
ok    Zoom flows now report as voice
ok    site-b is unchanged (the rule is for site-a)
      iperf: [  5]  99.00-100.00 sec  7.81 KBytes  64.0 Kbits/sec  50   [  5] 100.00-101.00 sec  7.81 KBytes  64.0 Kbits/sec  50   [  5] 101.00-102.00 sec  7.81 KBytes  64.0 Kbits/sec  50  
-- a customer rule: a subnet and port into business
ok    site-a classifies TCP 5201 to site B as business
ok    the PoP classifies the return direction

== Diagnostics (06:02:54)
pop-miami: running
site-a: running
site-b: running
-- agent log pop-miami
time=2026-10-01T05:49:05.284Z level=INFO msg="class moved" node=pop-miami class=bulk dst=192.168.20.0/24 from=carrier-b to=carrier-a why=bfd
time=2026-10-01T05:57:41.817Z level=INFO msg="bfd change" node=pop-miami peer=100.64.1.12 tunnel=wg-a status=init
time=2026-10-01T05:57:42.184Z level=INFO msg="bfd change" node=pop-miami peer=100.64.1.12 tunnel=wg-a status=up
time=2026-10-01T05:59:31.142Z level=WARN msg="controller unreachable" node=pop-miami err="Get \"https://172.30.0.5:8443/api/v1/agent/desired-state?have=9\": context deadline exceeded (Client.Timeout exceeded while awaiting headers)"
time=2026-10-01T05:59:45.424Z level=WARN msg="controller unreachable" node=pop-miami err="Post \"https://172.30.0.5:8443/api/v1/agent/telemetry\": dial tcp 172.30.0.5:8443: connect: no route to host"
time=2026-10-01T05:59:48.633Z level=WARN msg="controller unreachable" node=pop-miami err="Post \"https://172.30.0.5:8443/api/v1/agent/telemetry\": dial tcp 172.30.0.5:8443: connect: no route to host"
time=2026-10-01T05:59:51.696Z level=WARN msg="controller unreachable" node=pop-miami err="Get \"https://172.30.0.5:8443/api/v1/agent/steering?have=36\": dial tcp 172.30.0.5:8443: connect: no route to host"
time=2026-10-01T05:59:54.767Z level=WARN msg="controller unreachable" node=pop-miami err="Get \"https://172.30.0.5:8443/api/v1/agent/desired-state?have=9\": dial tcp 172.30.0.5:8443: connect: no route to host"
time=2026-10-01T05:59:57.842Z level=WARN msg="controller unreachable" node=pop-miami err="Post \"https://172.30.0.5:8443/api/v1/agent/telemetry\": dial tcp 172.30.0.5:8443: connect: no route to host"
time=2026-10-01T06:00:00.911Z level=WARN msg="controller unreachable" node=pop-miami err="Get \"https://172.30.0.5:8443/api/v1/agent/steering?have=36\": dial tcp 172.30.0.5:8443: connect: no route to host"
time=2026-10-01T06:00:03.983Z level=WARN msg="controller unreachable" node=pop-miami err="Get \"https://172.30.0.5:8443/api/v1/agent/desired-state?have=9\": dial tcp 172.30.0.5:8443: connect: no route to host"
time=2026-10-01T06:00:07.097Z level=WARN msg="controller unreachable" node=pop-miami err="Post \"https://172.30.0.5:8443/api/v1/agent/telemetry\": dial tcp 172.30.0.5:8443: connect: no route to host"
time=2026-10-01T06:00:10.318Z level=WARN msg="controller unreachable" node=pop-miami err="Get \"https://172.30.0.5:8443/api/v1/agent/steering?have=36\": dial tcp 172.30.0.5:8443: connect: no route to host"
time=2026-10-01T06:00:13.390Z level=WARN msg="controller silent; holding the last good state and current paths" node=pop-miami since=2026-10-01T05:59:11Z err="Post \"https://172.30.0.5:8443/api/v1/agent/telemetry\": dial tcp 172.30.0.5:8443: connect: no route to host"
time=2026-10-01T06:00:37.226Z level=INFO msg="controller reachable again; reconciling" node=pop-miami
time=2026-10-01T06:00:51.208Z level=INFO msg="new steering map" node=pop-miami version=37 storm=false
time=2026-10-01T06:00:51.214Z level=INFO msg="class moved" node=pop-miami class=voice dst=192.168.20.0/24 from=carrier-a to=carrier-b why=controller
time=2026-10-01T06:00:51.214Z level=INFO msg="class moved" node=pop-miami class=business dst=192.168.20.0/24 from=carrier-a to=carrier-b why=controller
time=2026-10-01T06:00:51.214Z level=INFO msg="class moved" node=pop-miami class=bulk dst=192.168.20.0/24 from=carrier-a to=carrier-b why=controller
time=2026-10-01T06:01:01.181Z level=INFO msg="new steering map" node=pop-miami version=38 storm=false
time=2026-10-01T06:01:01.187Z level=INFO msg="class moved" node=pop-miami class=voice dst=192.168.10.0/24 from=carrier-a to=carrier-b why=controller
time=2026-10-01T06:01:01.187Z level=INFO msg="class moved" node=pop-miami class=business dst=192.168.10.0/24 from=carrier-a to=carrier-b why=controller
time=2026-10-01T06:01:01.187Z level=INFO msg="class moved" node=pop-miami class=bulk dst=192.168.10.0/24 from=carrier-a to=carrier-b why=controller
time=2026-10-01T06:01:51.191Z level=INFO msg="new steering map" node=pop-miami version=39 storm=false
time=2026-10-01T06:02:51.191Z level=INFO msg="new steering map" node=pop-miami version=41 storm=false
-- agent log site-a
time=2026-10-01T05:59:45.743Z level=WARN msg="controller unreachable" node=site-a err="Get \"https://172.30.0.5:8443/api/v1/agent/steering?have=28\": dial tcp 172.30.0.5:8443: connect: no route to host"
time=2026-10-01T05:59:48.815Z level=WARN msg="controller unreachable" node=site-a err="Get \"https://172.30.0.5:8443/api/v1/agent/desired-state?have=11\": dial tcp 172.30.0.5:8443: connect: no route to host"
time=2026-10-01T05:59:51.886Z level=WARN msg="controller unreachable" node=site-a err="Get \"https://172.30.0.5:8443/api/v1/agent/desired-state?have=11\": dial tcp 172.30.0.5:8443: connect: no route to host"
time=2026-10-01T05:59:55.087Z level=WARN msg="controller unreachable" node=site-a err="Post \"https://172.30.0.5:8443/api/v1/agent/telemetry\": dial tcp 172.30.0.5:8443: connect: no route to host"
time=2026-10-01T05:59:58.159Z level=WARN msg="controller unreachable" node=site-a err="Get \"https://172.30.0.5:8443/api/v1/agent/steering?have=28\": dial tcp 172.30.0.5:8443: connect: no route to host"
time=2026-10-01T06:00:01.233Z level=WARN msg="controller unreachable" node=site-a err="Get \"https://172.30.0.5:8443/api/v1/agent/steering?have=28\": dial tcp 172.30.0.5:8443: connect: no route to host"
time=2026-10-01T06:00:04.311Z level=WARN msg="controller unreachable" node=site-a err="Get \"https://172.30.0.5:8443/api/v1/agent/desired-state?have=11\": dial tcp 172.30.0.5:8443: connect: no route to host"
time=2026-10-01T06:00:07.377Z level=WARN msg="controller unreachable" node=site-a err="Get \"https://172.30.0.5:8443/api/v1/agent/steering?have=28\": dial tcp 172.30.0.5:8443: connect: no route to host"
time=2026-10-01T06:00:10.511Z level=WARN msg="controller unreachable" node=site-a err="Post \"https://172.30.0.5:8443/api/v1/agent/telemetry\": dial tcp 172.30.0.5:8443: connect: no route to host"
time=2026-10-01T06:00:13.647Z level=WARN msg="controller silent; holding the last good state and current paths" node=site-a since=2026-10-01T05:59:11Z err="Get \"https://172.30.0.5:8443/api/v1/agent/steering?have=28\": dial tcp 172.30.0.5:8443: connect: no route to host"
time=2026-10-01T06:00:22.962Z level=INFO msg="bfd change" node=site-a peer=100.64.1.1 tunnel=wg-a status=down
time=2026-10-01T06:00:22.970Z level=INFO msg="class moved" node=site-a class=voice dst="" from=carrier-a to=carrier-b why=bfd
time=2026-10-01T06:00:22.970Z level=INFO msg="class moved" node=site-a class=business dst="" from=carrier-a to=carrier-b why=bfd
time=2026-10-01T06:00:22.970Z level=INFO msg="class moved" node=site-a class=bulk dst="" from=carrier-a to=carrier-b why=bfd
time=2026-10-01T06:00:33.984Z level=INFO msg="bfd change" node=site-a peer=100.64.1.1 tunnel=wg-a status=up
time=2026-10-01T06:00:33.998Z level=INFO msg="class moved" node=site-a class=voice dst="" from=carrier-b to=carrier-a why=bfd
time=2026-10-01T06:00:33.998Z level=INFO msg="class moved" node=site-a class=business dst="" from=carrier-b to=carrier-a why=bfd
time=2026-10-01T06:00:33.998Z level=INFO msg="class moved" node=site-a class=bulk dst="" from=carrier-b to=carrier-a why=bfd
time=2026-10-01T06:00:41.594Z level=INFO msg="controller reachable again; reconciling" node=site-a
time=2026-10-01T06:01:01.503Z level=INFO msg="new steering map" node=site-a version=29 storm=false
time=2026-10-01T06:01:01.506Z level=INFO msg="class moved" node=site-a class=voice dst="" from=carrier-a to=carrier-b why=controller
time=2026-10-01T06:01:01.506Z level=INFO msg="class moved" node=site-a class=business dst="" from=carrier-a to=carrier-b why=controller
time=2026-10-01T06:01:01.506Z level=INFO msg="class moved" node=site-a class=bulk dst="" from=carrier-a to=carrier-b why=controller
time=2026-10-01T06:01:51.496Z level=INFO msg="new steering map" node=site-a version=30 storm=false
time=2026-10-01T06:02:51.526Z level=INFO msg="new steering map" node=site-a version=32 storm=false
-- agent log site-b
time=2026-10-01T05:57:42.289Z level=INFO msg="bfd change" node=site-b peer=100.64.1.1 tunnel=wg-a status=up
time=2026-10-01T05:59:11.789Z level=WARN msg="controller unreachable" node=site-b err="Get \"https://172.30.0.5:8443/api/v1/agent/steering?have=21\": dial tcp 172.30.0.5:8443: connect: connection refused"
time=2026-10-01T05:59:31.762Z level=WARN msg="controller unreachable" node=site-b err="Get \"https://172.30.0.5:8443/api/v1/agent/desired-state?have=7\": context deadline exceeded (Client.Timeout exceeded while awaiting headers)"
time=2026-10-01T05:59:46.066Z level=WARN msg="controller unreachable" node=site-b err="Get \"https://172.30.0.5:8443/api/v1/agent/steering?have=21\": dial tcp 172.30.0.5:8443: connect: no route to host"
time=2026-10-01T05:59:49.198Z level=WARN msg="controller unreachable" node=site-b err="Get \"https://172.30.0.5:8443/api/v1/agent/steering?have=21\": dial tcp 172.30.0.5:8443: connect: no route to host"
time=2026-10-01T05:59:52.337Z level=WARN msg="controller unreachable" node=site-b err="Get \"https://172.30.0.5:8443/api/v1/agent/desired-state?have=7\": dial tcp 172.30.0.5:8443: connect: no route to host"
time=2026-10-01T05:59:55.409Z level=WARN msg="controller unreachable" node=site-b err="Get \"https://172.30.0.5:8443/api/v1/agent/steering?have=21\": dial tcp 172.30.0.5:8443: connect: no route to host"
time=2026-10-01T05:59:58.479Z level=WARN msg="controller unreachable" node=site-b err="Post \"https://172.30.0.5:8443/api/v1/agent/telemetry\": dial tcp 172.30.0.5:8443: connect: no route to host"
time=2026-10-01T06:00:01.552Z level=WARN msg="controller unreachable" node=site-b err="Get \"https://172.30.0.5:8443/api/v1/agent/desired-state?have=7\": dial tcp 172.30.0.5:8443: connect: no route to host"
time=2026-10-01T06:00:04.668Z level=WARN msg="controller unreachable" node=site-b err="Get \"https://172.30.0.5:8443/api/v1/agent/steering?have=21\": dial tcp 172.30.0.5:8443: connect: no route to host"
time=2026-10-01T06:00:07.759Z level=WARN msg="controller silent; holding the last good state and current paths" node=site-b since=2026-10-01T05:59:06Z err="Get \"https://172.30.0.5:8443/api/v1/agent/steering?have=21\": dial tcp 172.30.0.5:8443: connect: no route to host"
time=2026-10-01T06:00:23.421Z level=INFO msg="bfd change" node=site-b peer=100.64.1.1 tunnel=wg-a status=down
time=2026-10-01T06:00:23.437Z level=INFO msg="class moved" node=site-b class=voice dst="" from=carrier-a to=carrier-b why=bfd
time=2026-10-01T06:00:23.437Z level=INFO msg="class moved" node=site-b class=business dst="" from=carrier-a to=carrier-b why=bfd
time=2026-10-01T06:00:23.437Z level=INFO msg="class moved" node=site-b class=bulk dst="" from=carrier-a to=carrier-b why=bfd
time=2026-10-01T06:00:26.544Z level=INFO msg="bfd change" node=site-b peer=100.64.1.1 tunnel=wg-a status=up
time=2026-10-01T06:00:26.558Z level=INFO msg="class moved" node=site-b class=voice dst="" from=carrier-b to=carrier-a why=bfd
time=2026-10-01T06:00:26.558Z level=INFO msg="class moved" node=site-b class=business dst="" from=carrier-b to=carrier-a why=bfd
time=2026-10-01T06:00:26.558Z level=INFO msg="class moved" node=site-b class=bulk dst="" from=carrier-b to=carrier-a why=bfd
time=2026-10-01T06:00:36.908Z level=INFO msg="controller reachable again; reconciling" node=site-b
time=2026-10-01T06:00:51.808Z level=INFO msg="new steering map" node=site-b version=22 storm=false
time=2026-10-01T06:00:51.814Z level=INFO msg="class moved" node=site-b class=voice dst="" from=carrier-a to=carrier-b why=controller
time=2026-10-01T06:00:51.814Z level=INFO msg="class moved" node=site-b class=business dst="" from=carrier-a to=carrier-b why=controller
time=2026-10-01T06:00:51.814Z level=INFO msg="class moved" node=site-b class=bulk dst="" from=carrier-a to=carrier-b why=controller
time=2026-10-01T06:02:51.826Z level=INFO msg="new steering map" node=site-b version=23 storm=false
-- controller log
controller-1  | INFO:     172.18.0.4:40780 - "GET /api/v1/agent/steering?have=39 HTTP/1.0" 204 No Content
controller-1  | INFO:     172.18.0.4:40784 - "POST /api/v1/agent/telemetry HTTP/1.0" 204 No Content
controller-1  | INFO:     172.18.0.4:40798 - "GET /api/v1/agent/desired-state?have=11 HTTP/1.0" 204 No Content
controller-1  | INFO:     172.18.0.4:40684 - "POST /api/v1/agent/telemetry HTTP/1.0" 204 No Content
controller-1  | INFO:     172.18.0.4:40698 - "GET /api/v1/agent/steering?have=30 HTTP/1.0" 204 No Content
controller-1  | INFO:     172.18.0.4:40704 - "GET /api/v1/agent/desired-state?have=7 HTTP/1.0" 204 No Content
controller-1  | INFO:     172.18.0.4:40710 - "POST /api/v1/agent/telemetry HTTP/1.0" 204 No Content
controller-1  | INFO:     172.18.0.4:40714 - "GET /api/v1/agent/steering?have=22 HTTP/1.0" 204 No Content
controller-1  | INFO:     127.0.0.1:39570 - "GET /healthz HTTP/1.1" 200 OK
controller-1  | INFO:     172.18.0.4:40726 - "GET /api/v1/agent/steering?have=39 HTTP/1.0" 204 No Content
controller-1  | INFO:     172.18.0.4:40736 - "GET /api/v1/agent/steering?have=30 HTTP/1.0" 204 No Content
controller-1  | INFO:     172.18.0.4:40750 - "GET /api/v1/agent/steering?have=22 HTTP/1.0" 204 No Content
controller-1  | INFO:     127.0.0.1:39572 - "GET /healthz HTTP/1.1" 200 OK
controller-1  | INFO:     172.18.0.4:40752 - "GET /api/v1/agent/desired-state?have=9 HTTP/1.0" 204 No Content
controller-1  | INFO:     172.18.0.4:40768 - "GET /api/v1/agent/steering?have=39 HTTP/1.0" 204 No Content
controller-1  | INFO:     172.18.0.4:40782 - "POST /api/v1/agent/telemetry HTTP/1.0" 204 No Content
controller-1  | INFO:     172.18.0.4:40786 - "GET /api/v1/agent/desired-state?have=11 HTTP/1.0" 204 No Content
controller-1  | INFO:     172.18.0.4:51268 - "GET /api/v1/agent/steering?have=30 HTTP/1.0" 204 No Content
controller-1  | INFO:     172.18.0.4:51274 - "POST /api/v1/agent/telemetry HTTP/1.0" 204 No Content
controller-1  | INFO:     172.18.0.4:51280 - "GET /api/v1/agent/desired-state?have=7 HTTP/1.0" 204 No Content
controller-1  | INFO:     172.18.0.4:51290 - "GET /api/v1/agent/steering?have=22 HTTP/1.0" 204 No Content
controller-1  | INFO:     172.18.0.4:51302 - "POST /api/v1/agent/telemetry HTTP/1.0" 204 No Content
controller-1  | INFO:     127.0.0.1:34906 - "GET /healthz HTTP/1.1" 200 OK
controller-1  | INFO:     172.18.0.4:51310 - "GET /api/v1/agent/steering?have=39 HTTP/1.0" 204 No Content
controller-1  | INFO:     172.18.0.4:51320 - "GET /api/v1/agent/steering?have=30 HTTP/1.0" 204 No Content
controller-1  | INFO:     172.18.0.4:51328 - "GET /api/v1/agent/steering?have=22 HTTP/1.0" 204 No Content
controller-1  | INFO:     127.0.0.1:34920 - "GET /healthz HTTP/1.1" 200 OK
controller-1  | INFO:     172.18.0.4:51330 - "GET /api/v1/agent/desired-state?have=9 HTTP/1.0" 204 No Content
controller-1  | INFO:     172.18.0.4:51334 - "POST /api/v1/agent/telemetry HTTP/1.0" 204 No Content
controller-1  | INFO:     172.18.0.4:51346 - "GET /api/v1/agent/steering?have=39 HTTP/1.0" 204 No Content
controller-1  | INFO:     172.18.0.4:51360 - "GET /api/v1/agent/desired-state?have=11 HTTP/1.0" 204 No Content
controller-1  | INFO:     172.18.0.4:58860 - "POST /api/v1/agent/telemetry HTTP/1.0" 204 No Content
controller-1  | INFO:     172.18.0.4:58862 - "GET /api/v1/agent/steering?have=30 HTTP/1.0" 204 No Content
controller-1  | INFO:     172.18.0.4:58866 - "GET /api/v1/agent/desired-state?have=7 HTTP/1.0" 204 No Content
controller-1  | INFO:     172.18.0.4:58880 - "POST /api/v1/agent/telemetry HTTP/1.0" 204 No Content
controller-1  | INFO:     172.18.0.4:58890 - "GET /api/v1/agent/steering?have=22 HTTP/1.0" 204 No Content
controller-1  | INFO:     172.18.0.4:58902 - "GET /api/v1/agent/steering?have=39 HTTP/1.0" 204 No Content
controller-1  | INFO:     172.18.0.4:58918 - "GET /api/v1/agent/steering?have=30 HTTP/1.0" 204 No Content
controller-1  | INFO:     127.0.0.1:33520 - "GET /healthz HTTP/1.1" 200 OK
controller-1  | INFO:     172.18.0.4:58926 - "GET /api/v1/agent/steering?have=22 HTTP/1.0" 204 No Content
controller-1  | INFO:     172.18.0.4:58942 - "GET /api/v1/agent/desired-state?have=9 HTTP/1.0" 204 No Content
controller-1  | INFO:     172.18.0.4:58950 - "POST /api/v1/agent/telemetry HTTP/1.0" 204 No Content
controller-1  | INFO:     172.18.0.4:58954 - "GET /api/v1/agent/steering?have=39 HTTP/1.0" 204 No Content
controller-1  | INFO:     172.18.0.4:58970 - "GET /api/v1/agent/desired-state?have=11 HTTP/1.0" 204 No Content
controller-1  | INFO:     172.18.0.4:52982 - "GET /api/v1/agent/steering?have=30 HTTP/1.0" 204 No Content
controller-1  | INFO:     172.18.0.4:52986 - "POST /api/v1/agent/telemetry HTTP/1.0" 204 No Content
controller-1  | INFO:     172.18.0.4:52998 - "GET /api/v1/agent/desired-state?have=7 HTTP/1.0" 204 No Content
controller-1  | INFO:     172.18.0.4:53002 - "POST /api/v1/agent/telemetry HTTP/1.0" 204 No Content
controller-1  | INFO:     172.18.0.4:53012 - "GET /api/v1/agent/steering?have=22 HTTP/1.0" 204 No Content
controller-1  | INFO:     127.0.0.1:33284 - "GET /healthz HTTP/1.1" 200 OK
controller-1  | INFO:     172.18.0.1:52872 - "POST /api/v1/auth/login HTTP/1.1" 200 OK
controller-1  | INFO:     172.18.0.1:52886 - "DELETE /api/v1/customers/4d26813b-aaa6-4be7-9b73-1730be959882/rules/1 HTTP/1.1" 204 No Content
controller-1  | INFO:     172.18.0.1:52902 - "POST /api/v1/auth/login HTTP/1.1" 200 OK
controller-1  | INFO:     172.18.0.1:52912 - "POST /api/v1/customers/4d26813b-aaa6-4be7-9b73-1730be959882/rules HTTP/1.1" 201 Created
controller-1  | INFO:     172.18.0.4:53016 - "GET /api/v1/agent/steering?have=39 HTTP/1.0" 200 OK
controller-1  | INFO:     172.18.0.4:53024 - "GET /api/v1/agent/steering?have=30 HTTP/1.0" 200 OK
controller-1  | INFO:     172.18.0.4:53034 - "GET /api/v1/agent/steering?have=22 HTTP/1.0" 200 OK
controller-1  | INFO:     127.0.0.1:33320 - "GET /healthz HTTP/1.1" 200 OK
controller-1  | INFO:     172.18.0.1:52924 - "POST /api/v1/auth/login HTTP/1.1" 200 OK
controller-1  | INFO:     172.18.0.1:52930 - "DELETE /api/v1/customers/4d26813b-aaa6-4be7-9b73-1730be959882/rules/2 HTTP/1.1" 204 No Content
-- host
 08:02:55 up  4:27,  3 users,  load average: 4.90, 3.60, 3.55
procs -----------memory---------- ---swap-- -----io---- -system-- -------cpu-------
 r  b   swpd   free   buff  cache   si   so    bi    bo   in   cs us sy id wa st gu
 5  0      0 5595016  28528 1397008    0    0   143   793 3059   10  5 11 84  0  0  0
 1  1      0 5594264  28528 1397044    0    0     0   232 6953 8938 32 20 48  1  0  0
 8  0      0 5620464  28528 1397044    0    0     0   148 7073 9042 29 19 52  0  0  0
make: *** [Makefile:102: lab-ci] Error 1
