commit 735f12c: Fabric step 5: resilient circuits, DDoS protection, encryption report

== Lab already up; rebuilding the agent (04:32:25)

== Controller (04:32:59)
.env ready (admin: admin@exacarib.local)
time="2026-10-04T06:33:00+02:00" level=warning msg="Docker Compose is configured to build using Bake, but buildx isn't installed"
#0 building with "default" instance using docker driver

#1 [controller internal] load build definition from Dockerfile
#1 transferring dockerfile: 559B 0.0s done
#1 DONE 0.0s

#2 [controller internal] load metadata for docker.io/library/python:3.12-slim
#2 DONE 0.3s

#3 [controller internal] load .dockerignore
#3 transferring context: 2B done
#3 DONE 0.0s

#4 [controller internal] load build context
#4 DONE 0.0s

#5 [controller 1/5] FROM docker.io/library/python:3.12-slim@sha256:dddfd7e07f9d15aeeca61529320492139d21cac7f0070c00609243e51e4e0016
#5 resolve docker.io/library/python:3.12-slim@sha256:dddfd7e07f9d15aeeca61529320492139d21cac7f0070c00609243e51e4e0016 0.1s done
#5 DONE 0.1s

#4 [controller internal] load build context
#4 transferring context: 135.56kB 0.0s done
#4 DONE 0.0s

#6 [controller 2/5] WORKDIR /app
#6 CACHED

#7 [controller 3/5] COPY pyproject.toml ./
#7 CACHED

#8 [controller 4/5] COPY exaconnect_controller ./exaconnect_controller
#8 DONE 0.1s

#9 [controller 5/5] RUN pip install --no-cache-dir . && mkdir -p /data && chown nobody:nogroup /data
#9 5.703 Processing /app
#9 5.703   Installing build dependencies: started
#9 8.995   Installing build dependencies: finished with status 'done'
#9 8.999   Getting requirements to build wheel: started
#9 9.575   Getting requirements to build wheel: finished with status 'done'
#9 9.578   Preparing metadata (pyproject.toml): started
#9 10.07   Preparing metadata (pyproject.toml): finished with status 'done'
#9 10.27 Collecting fastapi>=0.115 (from exaconnect-controller==0.2.0)
#9 10.32   Downloading fastapi-0.142.2-py3-none-any.whl.metadata (27 kB)
#9 10.46 Collecting uvicorn>=0.30 (from uvicorn[standard]>=0.30->exaconnect-controller==0.2.0)
#9 10.47   Downloading uvicorn-0.54.0-py3-none-any.whl.metadata (6.6 kB)
#9 10.70 Collecting pydantic>=2.7 (from exaconnect-controller==0.2.0)
#9 10.71   Downloading pydantic-2.13.5-py3-none-any.whl.metadata (110 kB)
#9 10.77 Collecting psycopg>=3.2 (from psycopg[binary]>=3.2->exaconnect-controller==0.2.0)
#9 10.78   Downloading psycopg-3.3.6-py3-none-any.whl.metadata (4.4 kB)
#9 10.90 Collecting psycopg-pool>=3.2 (from exaconnect-controller==0.2.0)
#9 10.91   Downloading psycopg_pool-3.3.3-py3-none-any.whl.metadata (2.8 kB)
#9 11.33 Collecting cryptography>=43 (from exaconnect-controller==0.2.0)
#9 11.34   Downloading cryptography-50.0.2-cp311-abi3-manylinux_2_34_x86_64.whl.metadata (4.4 kB)
#9 11.62 Collecting cffi>=2.0.0 (from cryptography>=43->exaconnect-controller==0.2.0)
#9 11.62   Downloading cffi-2.1.1-cp312-cp312-manylinux2014_x86_64.manylinux_2_17_x86_64.whl.metadata (2.5 kB)
#9 11.81 Collecting starlette>=0.46.0 (from fastapi>=0.115->exaconnect-controller==0.2.0)
#9 11.82   Downloading starlette-1.7.0-py3-none-any.whl.metadata (6.6 kB)
#9 11.90 Collecting typing-extensions>=4.8.0 (from fastapi>=0.115->exaconnect-controller==0.2.0)
#9 11.91   Downloading typing_extensions-4.16.0-py3-none-any.whl.metadata (3.3 kB)
#9 11.93 Collecting typing-inspection>=0.4.2 (from fastapi>=0.115->exaconnect-controller==0.2.0)
#9 11.93   Downloading typing_inspection-0.4.4-py3-none-any.whl.metadata (2.6 kB)
#9 11.95 Collecting annotated-doc>=0.0.2 (from fastapi>=0.115->exaconnect-controller==0.2.0)
#9 12.01   Downloading annotated_doc-0.0.5-py3-none-any.whl.metadata (6.5 kB)
#9 12.05 Collecting opentelemetry-api>=1.44.0 (from fastapi>=0.115->exaconnect-controller==0.2.0)
#9 12.06   Downloading opentelemetry_api-1.45.0-py3-none-any.whl.metadata (1.4 kB)
#9 12.38 Collecting psycopg-binary==3.3.6 (from psycopg[binary]>=3.2->exaconnect-controller==0.2.0)
#9 12.40   Downloading psycopg_binary-3.3.6-cp312-cp312-manylinux2014_x86_64.manylinux_2_17_x86_64.whl.metadata (2.7 kB)
#9 12.42 Collecting annotated-types>=0.6.0 (from pydantic>=2.7->exaconnect-controller==0.2.0)
#9 12.43   Downloading annotated_types-0.8.0-py3-none-any.whl.metadata (15 kB)
#9 14.39 Collecting pydantic-core==2.46.5 (from pydantic>=2.7->exaconnect-controller==0.2.0)
#9 14.40   Downloading pydantic_core-2.46.5-cp312-cp312-manylinux_2_17_x86_64.manylinux2014_x86_64.whl.metadata (6.6 kB)
#9 14.44 Collecting click>=7.0 (from uvicorn>=0.30->uvicorn[standard]>=0.30->exaconnect-controller==0.2.0)
#9 14.45   Downloading click-8.5.0-py3-none-any.whl.metadata (2.6 kB)
#9 14.47 Collecting h11>=0.8 (from uvicorn>=0.30->uvicorn[standard]>=0.30->exaconnect-controller==0.2.0)
#9 14.48   Downloading h11-0.16.0-py3-none-any.whl.metadata (8.3 kB)
#9 14.57 Collecting httptools>=0.8.0 (from uvicorn[standard]>=0.30->exaconnect-controller==0.2.0)
#9 14.58   Downloading httptools-0.8.0-cp312-cp312-manylinux1_x86_64.manylinux_2_28_x86_64.manylinux_2_5_x86_64.whl.metadata (3.5 kB)
#9 14.66 Collecting python-dotenv>=0.13 (from uvicorn[standard]>=0.30->exaconnect-controller==0.2.0)
#9 14.67   Downloading python_dotenv-1.2.4-py3-none-any.whl.metadata (29 kB)
#9 14.83 Collecting pyyaml>=5.1 (from uvicorn[standard]>=0.30->exaconnect-controller==0.2.0)
#9 14.84   Downloading pyyaml-6.0.3-cp312-cp312-manylinux2014_x86_64.manylinux_2_17_x86_64.manylinux_2_28_x86_64.whl.metadata (2.4 kB)
#9 15.01 Collecting uvloop>=0.15.1 (from uvicorn[standard]>=0.30->exaconnect-controller==0.2.0)
#9 15.05   Downloading uvloop-0.23.0-cp312-cp312-manylinux2014_x86_64.manylinux_2_17_x86_64.manylinux_2_28_x86_64.whl.metadata (5.1 kB)
#9 15.22 Collecting watchfiles>=0.20 (from uvicorn[standard]>=0.30->exaconnect-controller==0.2.0)
#9 15.22   Downloading watchfiles-1.3.0-cp310-abi3-manylinux_2_17_x86_64.manylinux2014_x86_64.whl.metadata (4.9 kB)
#9 15.59 Collecting websockets>=13.0 (from uvicorn[standard]>=0.30->exaconnect-controller==0.2.0)
#9 15.60   Downloading websockets-17.2-cp312-cp312-manylinux1_x86_64.manylinux_2_28_x86_64.manylinux_2_5_x86_64.whl.metadata (6.3 kB)
#9 15.63 Collecting pycparser (from cffi>=2.0.0->cryptography>=43->exaconnect-controller==0.2.0)
#9 15.63   Downloading pycparser-3.0-py3-none-any.whl.metadata (8.2 kB)
#9 15.68 Collecting anyio<5,>=4.0.0 (from starlette>=0.46.0->fastapi>=0.115->exaconnect-controller==0.2.0)
#9 15.69   Downloading anyio-4.15.1-py3-none-any.whl.metadata (4.7 kB)
#9 15.76 Collecting idna>=2.8 (from anyio<5,>=4.0.0->starlette>=0.46.0->fastapi>=0.115->exaconnect-controller==0.2.0)
#9 15.77   Downloading idna-3.20-py3-none-any.whl.metadata (7.2 kB)
#9 15.82 Downloading cryptography-50.0.2-cp311-abi3-manylinux_2_34_x86_64.whl (4.8 MB)
#9 16.09    ━━━━━━━━━━━━━━━━━━━━━━━━━━━━━━━━━━━━━━━━ 4.8/4.8 MB 20.7 MB/s eta 0:00:00
#9 16.09 Downloading fastapi-0.142.2-py3-none-any.whl (144 kB)
#9 16.11 Downloading psycopg-3.3.6-py3-none-any.whl (215 kB)
#9 16.13 Downloading psycopg_pool-3.3.3-py3-none-any.whl (40 kB)
#9 16.15 Downloading psycopg_binary-3.3.6-cp312-cp312-manylinux2014_x86_64.manylinux_2_17_x86_64.whl (5.2 MB)
#9 16.35    ━━━━━━━━━━━━━━━━━━━━━━━━━━━━━━━━━━━━━━━━ 5.2/5.2 MB 25.4 MB/s eta 0:00:00
#9 16.35 Downloading pydantic-2.13.5-py3-none-any.whl (472 kB)
#9 16.38 Downloading pydantic_core-2.46.5-cp312-cp312-manylinux_2_17_x86_64.manylinux2014_x86_64.whl (2.1 MB)
#9 16.47    ━━━━━━━━━━━━━━━━━━━━━━━━━━━━━━━━━━━━━━━━ 2.1/2.1 MB 26.8 MB/s eta 0:00:00
#9 16.48 Downloading uvicorn-0.54.0-py3-none-any.whl (87 kB)
#9 16.50 Downloading annotated_doc-0.0.5-py3-none-any.whl (5.3 kB)
#9 16.51 Downloading annotated_types-0.8.0-py3-none-any.whl (13 kB)
#9 16.52 Downloading cffi-2.1.1-cp312-cp312-manylinux2014_x86_64.manylinux_2_17_x86_64.whl (221 kB)
#9 16.53 Downloading click-8.5.0-py3-none-any.whl (125 kB)
#9 16.56 Downloading h11-0.16.0-py3-none-any.whl (37 kB)
#9 16.57 Downloading httptools-0.8.0-cp312-cp312-manylinux1_x86_64.manylinux_2_28_x86_64.manylinux_2_5_x86_64.whl (523 kB)
#9 16.59 Downloading opentelemetry_api-1.45.0-py3-none-any.whl (60 kB)
#9 16.62 Downloading python_dotenv-1.2.4-py3-none-any.whl (23 kB)
#9 16.70 Downloading pyyaml-6.0.3-cp312-cp312-manylinux2014_x86_64.manylinux_2_17_x86_64.manylinux_2_28_x86_64.whl (807 kB)
#9 16.77    ━━━━━━━━━━━━━━━━━━━━━━━━━━━━━━━━━━━━━━━━ 807.9/807.9 kB 24.6 MB/s eta 0:00:00
#9 16.81 Downloading starlette-1.7.0-py3-none-any.whl (78 kB)
#9 16.87 Downloading typing_extensions-4.16.0-py3-none-any.whl (45 kB)
#9 16.93 Downloading typing_inspection-0.4.4-py3-none-any.whl (14 kB)
#9 16.95 Downloading uvloop-0.23.0-cp312-cp312-manylinux2014_x86_64.manylinux_2_17_x86_64.manylinux_2_28_x86_64.whl (4.5 MB)
#9 17.15    ━━━━━━━━━━━━━━━━━━━━━━━━━━━━━━━━━━━━━━━━ 4.5/4.5 MB 23.8 MB/s eta 0:00:00
#9 17.17 Downloading watchfiles-1.3.0-cp310-abi3-manylinux_2_17_x86_64.manylinux2014_x86_64.whl (458 kB)
#9 17.21 Downloading websockets-17.2-cp312-cp312-manylinux1_x86_64.manylinux_2_28_x86_64.manylinux_2_5_x86_64.whl (225 kB)
#9 17.21 Downloading anyio-4.15.1-py3-none-any.whl (132 kB)
#9 17.23 Downloading pycparser-3.0-py3-none-any.whl (48 kB)
#9 17.24 Downloading idna-3.20-py3-none-any.whl (69 kB)
#9 17.31 Building wheels for collected packages: exaconnect-controller
#9 17.31   Building wheel for exaconnect-controller (pyproject.toml): started
#9 17.95   Building wheel for exaconnect-controller (pyproject.toml): finished with status 'done'
#9 17.95   Created wheel for exaconnect-controller: filename=exaconnect_controller-0.2.0-py3-none-any.whl size=141670 sha256=7481ba9675737dfff72dbad2f07ccee65edb17f8fbe25083c6f48d495ebce334
#9 17.95   Stored in directory: /tmp/pip-ephem-wheel-cache-ocm4azww/wheels/54/1b/b7/aa63e25c8f14f4f2ae7b04e6097bdecb770e455c5c1ee0a600
#9 17.95 Successfully built exaconnect-controller
#9 18.05 Installing collected packages: websockets, uvloop, typing-extensions, pyyaml, python-dotenv, pycparser, psycopg-binary, idna, httptools, h11, click, annotated-types, annotated-doc, uvicorn, typing-inspection, pydantic-core, psycopg-pool, psycopg, opentelemetry-api, cffi, anyio, watchfiles, starlette, pydantic, cryptography, fastapi, exaconnect-controller
#9 23.06 Successfully installed annotated-doc-0.0.5 annotated-types-0.8.0 anyio-4.15.1 cffi-2.1.1 click-8.5.0 cryptography-50.0.2 exaconnect-controller-0.2.0 fastapi-0.142.2 h11-0.16.0 httptools-0.8.0 idna-3.20 opentelemetry-api-1.45.0 psycopg-3.3.6 psycopg-binary-3.3.6 psycopg-pool-3.3.3 pycparser-3.0 pydantic-2.13.5 pydantic-core-2.46.5 python-dotenv-1.2.4 pyyaml-6.0.3 starlette-1.7.0 typing-extensions-4.16.0 typing-inspection-0.4.4 uvicorn-0.54.0 uvloop-0.23.0 watchfiles-1.3.0 websockets-17.2
#9 23.07 WARNING: Running pip as the 'root' user can result in broken permissions and conflicting behaviour with the system package manager, possibly rendering your system unusable. It is recommended to use a virtual environment instead: https://pip.pypa.io/warnings/venv. Use the --root-user-action option if you know what you are doing and want to suppress this warning.
#9 23.24 
#9 23.24 [notice] A new release of pip is available: 25.0.1 -> 26.2.1
#9 23.24 [notice] To update, run: pip install --upgrade pip
#9 DONE 24.3s

#10 [controller] exporting to image
#10 exporting layers
#10 exporting layers 8.7s done
#10 exporting manifest sha256:ddf7e501bedc1f7af0462d6845c41b65a4c0d13b491039927bbfac8ebfd05266 0.0s done
#10 exporting config sha256:793bc860eac4e8828ae15ad1f232ff4c61fd43af40fb8cdfe65a6b163ddbb646 0.0s done
#10 exporting attestation manifest sha256:a0869e839b375c693a8cb7521ee89246599d7cc7f757ca2c4e9fe9435153fe73
#10 exporting attestation manifest sha256:a0869e839b375c693a8cb7521ee89246599d7cc7f757ca2c4e9fe9435153fe73 0.1s done
#10 exporting manifest list sha256:17a482654cbaa3d597f19aa4883878f72f1788e8ee8e4812b5a47f46a329e966 0.1s done
#10 naming to docker.io/library/exaconnect-controller:latest
#10 naming to docker.io/library/exaconnect-controller:latest done
#10 unpacking to docker.io/library/exaconnect-controller:latest
#10 unpacking to docker.io/library/exaconnect-controller:latest 2.3s done
#10 DONE 11.4s

#11 [controller] resolving provenance for metadata file
#11 DONE 0.0s
 controller  Built
time="2026-10-04T06:33:37+02:00" level=warning msg="Found orphan containers ([exaconnect-web-1]) for this project. If you removed or renamed this service in your compose file, you can run this command with the --remove-orphans flag to clean it up."
 Container exaconnect-db-1  Running
 Container exaconnect-controller-1  Recreate
 Container exaconnect-controller-1  Recreated
 Container exaconnect-proxy-1  Running
 Container exaconnect-db-1  Waiting
 Container exaconnect-db-1  Healthy
 Container exaconnect-controller-1  Starting
 Container exaconnect-controller-1  Started
 Container exaconnect-controller-1  Waiting
 Container exaconnect-controller-1  Healthy
 Container exaconnect-proxy-1  Waiting
 Container exaconnect-db-1  Waiting
 Container exaconnect-controller-1  Waiting
 Container exaconnect-db-1  Healthy
 Container exaconnect-proxy-1  Healthy
 Container exaconnect-controller-1  Healthy
time="2026-10-04T06:33:50+02:00" level=warning msg="Found orphan containers ([exaconnect-web-1]) for this project. If you removed or renamed this service in your compose file, you can run this command with the --remove-orphans flag to clean it up."
 Container exaconnect-proxy-1  Recreate
 Container exaconnect-proxy-1  Recreated
 Container exaconnect-proxy-1  Starting
 Container exaconnect-proxy-1  Started
 Container exaconnect-proxy-1  Waiting
 Container exaconnect-proxy-1  Healthy

== Agents (04:33:52)
pop-miami: agent stopped
site-a: agent stopped
site-b: agent stopped
pop-miami: agent started
site-a: agent started
site-b: agent started

== Public portal (04:33:58)
time="2026-10-04T06:33:59+02:00" level=warning msg="Docker Compose is configured to build using Bake, but buildx isn't installed"
#0 building with "default" instance using docker driver

#1 [controller internal] load build definition from Dockerfile
#1 transferring dockerfile: 559B 0.0s done
#1 DONE 0.1s

#2 [controller internal] load metadata for docker.io/library/python:3.12-slim
#2 DONE 0.3s

#3 [controller internal] load .dockerignore
#3 transferring context: 2B done
#3 DONE 0.0s

#4 [controller 1/5] FROM docker.io/library/python:3.12-slim@sha256:dddfd7e07f9d15aeeca61529320492139d21cac7f0070c00609243e51e4e0016
#4 resolve docker.io/library/python:3.12-slim@sha256:dddfd7e07f9d15aeeca61529320492139d21cac7f0070c00609243e51e4e0016 0.1s done
#4 DONE 0.1s

#5 [controller internal] load build context
#5 transferring context: 3.60kB done
#5 DONE 0.0s

#6 [controller 2/5] WORKDIR /app
#6 CACHED

#7 [controller 3/5] COPY pyproject.toml ./
#7 CACHED

#8 [controller 4/5] COPY exaconnect_controller ./exaconnect_controller
#8 CACHED

#9 [controller 5/5] RUN pip install --no-cache-dir . && mkdir -p /data && chown nobody:nogroup /data
#9 CACHED

#10 [controller] exporting to image
#10 exporting layers done
#10 exporting manifest sha256:ddf7e501bedc1f7af0462d6845c41b65a4c0d13b491039927bbfac8ebfd05266 0.0s done
#10 exporting config sha256:793bc860eac4e8828ae15ad1f232ff4c61fd43af40fb8cdfe65a6b163ddbb646 done
#10 exporting attestation manifest sha256:be693ebf07a722653728bda7371ee043531a244d43b9e141df47d1cf7734d52b 0.0s done
#10 exporting manifest list sha256:66e29b72a564f300d82b816b585f4b1d9f1844b3e6d754955be978dc97eb0741
#10 exporting manifest list sha256:66e29b72a564f300d82b816b585f4b1d9f1844b3e6d754955be978dc97eb0741 0.1s done
#10 naming to docker.io/library/exaconnect-controller:latest
#10 naming to docker.io/library/exaconnect-controller:latest done
#10 unpacking to docker.io/library/exaconnect-controller:latest 0.0s done
#10 DONE 0.3s

#11 [controller] resolving provenance for metadata file
#11 DONE 0.2s

#12 [web internal] load build definition from Dockerfile
#12 transferring dockerfile: 529B 0.0s done
#12 DONE 0.2s

#13 [web internal] load metadata for docker.io/library/node:22-alpine
#13 ...

#14 [web internal] load metadata for docker.io/library/caddy:2-alpine
#14 DONE 0.6s

#13 [web internal] load metadata for docker.io/library/node:22-alpine
#13 DONE 0.6s

#15 [web internal] load .dockerignore
#15 transferring context: 2B done
#15 DONE 0.0s

#16 [web internal] load build context
#16 DONE 0.0s

#17 [web portal 1/6] FROM docker.io/library/node:22-alpine@sha256:0a7108bf6c7bf5de370ffb1a3ed6be93d405b43ff159f681a8d18c0e2bc2e402
#17 resolve docker.io/library/node:22-alpine@sha256:0a7108bf6c7bf5de370ffb1a3ed6be93d405b43ff159f681a8d18c0e2bc2e402
#17 resolve docker.io/library/node:22-alpine@sha256:0a7108bf6c7bf5de370ffb1a3ed6be93d405b43ff159f681a8d18c0e2bc2e402 0.1s done
#17 DONE 0.1s

#18 [web stage-1 1/3] FROM docker.io/library/caddy:2-alpine@sha256:881bbc60f9986d5ab8e7cfd6cf7e4ef3c9c0439fef2429d035d065577882f028
#18 resolve docker.io/library/caddy:2-alpine@sha256:881bbc60f9986d5ab8e7cfd6cf7e4ef3c9c0439fef2429d035d065577882f028 0.1s done
#18 DONE 0.1s

#16 [web internal] load build context
#16 transferring context: 261.55kB 0.7s done
#16 DONE 0.7s

#19 [web portal 2/6] WORKDIR /src/portal
#19 CACHED

#20 [web portal 3/6] COPY portal/package.json portal/package-lock.json ./
#20 CACHED

#21 [web portal 4/6] RUN npm ci --no-audit --no-fund
#21 CACHED

#22 [web portal 5/6] COPY portal/ ./
#22 DONE 4.8s

#23 [web portal 6/6] RUN npm run build
#23 3.352 
#23 3.352 > exaconnect-portal@0.0.1 build
#23 3.352 > tsc -b && vite build
#23 3.352 
#23 6.591 vite v8.3.1 building client environment for production...
#23 6.641 transforming...
#23 6.849 ✓ 45 modules transformed.
#23 6.992 rendering chunks...
#23 7.227 computing gzip size...
#23 7.242 dist/index.html                   0.82 kB │ gzip:   0.43 kB
#23 7.242 dist/assets/index-DaMv5z4L.css   15.43 kB │ gzip:   4.01 kB
#23 7.242 dist/assets/index-CSB7OUHY.js   431.02 kB │ gzip: 122.63 kB
#23 7.242 
#23 7.245 ✓ built in 651ms
#23 DONE 7.5s

#24 [web stage-1 2/3] COPY deploy/public/Caddyfile /etc/caddy/Caddyfile
#24 CACHED

#25 [web stage-1 3/3] COPY --from=portal /src/portal/dist /srv/portal
#25 DONE 0.1s

#26 [web] exporting to image
#26 exporting layers
#26 exporting layers 0.3s done
#26 exporting manifest sha256:10de3f37168fbb5c119f90fc68b4ac89367ee8d528551509ae13762706aeb7f1 0.0s done
#26 exporting config sha256:143d7b95917b8c6cdb415de37aff0977843ee5bca43ae18f413cf974f93bda90 0.0s done
#26 exporting attestation manifest sha256:55ae722583a59db79f7ba88b4f9b7c953bca265fb2cb1d9ed315abe3fed17b34 0.1s done
#26 exporting manifest list sha256:5f90740aa1668ead16adedd7291a1b1a5ea947d216949ac33c8d2647ab1eb393
#26 exporting manifest list sha256:5f90740aa1668ead16adedd7291a1b1a5ea947d216949ac33c8d2647ab1eb393 0.0s done
#26 naming to docker.io/library/exaconnect-web:latest done
#26 unpacking to docker.io/library/exaconnect-web:latest 0.1s done
#26 DONE 0.6s

#27 [web] resolving provenance for metadata file
#27 DONE 0.0s
 controller  Built
 web  Built
 Container exaconnect-db-1  Running
 Container exaconnect-controller-1  Recreate
 Container exaconnect-controller-1  Recreated
 Container exaconnect-web-1  Recreate
 Container exaconnect-web-1  Recreated
 Container exaconnect-db-1  Waiting
 Container exaconnect-db-1  Healthy
 Container exaconnect-controller-1  Starting
 Container exaconnect-controller-1  Started
 Container exaconnect-controller-1  Waiting
 Container exaconnect-controller-1  Healthy
 Container exaconnect-web-1  Starting
 Container exaconnect-web-1  Started
 Container exaconnect-db-1  Waiting
 Container exaconnect-web-1  Waiting
 Container exaconnect-controller-1  Waiting
 Container exaconnect-controller-1  Healthy
 Container exaconnect-db-1  Healthy
 Container exaconnect-web-1  Healthy

== Waiting for tunnels, BGP and BFD (04:34:29)

== Checks (04:34:34)
-- lab/scripts/check-routing.sh
ok    site-a wg-a handshake 34s ago
ok    site-a wg-b handshake 35s ago
ok    site-a wg-sat handshake 35s ago
ok    site-b wg-a handshake 35s ago
ok    site-b wg-b handshake 35s ago
ok    site-b wg-sat handshake 35s ago
ok    pop-miami BGP 6/6 established
ok    pop-miami BFD 6/6 up
ok    site-a BGP 3/3 established
ok    site-a BFD 3/3 up
ok    site-b BGP 3/3 established
ok    site-b BFD 3/3 up
ok    lan-a -> lan-b (site-a to site-b via the PoP)
ok    lan-b -> lan-a
ok    lan-a -> lan-pop

  traceroute to 192.168.20.10 (192.168.20.10), 30 hops max, 46 byte packets
   1  192.168.10.1  0.010 ms
   2  100.64.1.1  27.918 ms
   3  100.64.1.12  56.746 ms
   4  192.168.20.10  54.117 ms
-- lab/ci/checks/m0-timing.sh
-- host timing
      clocksource kvm-clock, available: kvm-clock hpet acpi_pm 
      kernel 6.8.0-139-generic, timers: hres_active    : 1, resolution: 1 nsecs
      HZ 1000, 4 CPUs, load 4.06 4.17 4.79
      netem on carrier-a: qdisc netem 8084: root refcnt 5 limit 10000 delay 12.5ms  1ms seed 9717127554986641972
      cpuidle driver none, governor menu
      (netem asks for 25 ms on A and 35 ms on B round trip, with 2 and 4 ms jitter; min/avg/max/mdev)
      site-a to lan-a (no netem):              0.045/0.127/1.935/0.230 ms
      site-a to carrier-a router (one netem):  10.451/13.358/21.030/1.734 ms
      site-a to PoP underlay via carrier A:    22.212/26.904/73.076/5.685 ms
      site-a to PoP through wg-a:              22.844/32.224/111.391/12.489 ms, pipe 3
      site-a to PoP underlay via carrier B:    30.140/41.171/97.218/11.811 ms, pipe 2
-- busiest containers
      26.93% clab-exaconnect-pop-miami
      20.55% clab-exaconnect-site-b
      20.30% clab-exaconnect-site-a
      1.00% clab-exaconnect-carrier-b
      0.55% exaconnect-controller-1
      0.34% clab-exaconnect-ix
      0.28% clab-exaconnect-lan-b
      0.08% clab-exaconnect-sat
-- busiest processes
       500 ps
      60.0 sh
       8.7 exa-agent
       7.8 uvicorn
       7.1 exa-agent
       6.9 exa-agent
       5.2 sshd
       3.3 bfdd
-- lab/ci/checks/m4-steering.sh
-- steering applied
ok    pop-miami nftables classifier
ok    pop-miami 6 steering rules
ok    site-a nftables classifier
ok    site-a 3 steering rules
ok    site-b nftables classifier
ok    site-b 3 steering rules
      voice state at start: site-a carrier-a since 2026-10-04 04:23:30.018604+00 return - -; site-b carrier-a since 2026-10-04 04:31:27.858934+00 return - -
      probe jitter, last 3 min, carrier-a avg 12.5 p95 34.2, carrier-b avg 12.0 p95 21.3, sat avg 19.7 p95 25.8
      host load 2.53 3.77 4.63 on 4 CPUs, CPU steal 0.0% over 5 s
ok    site-a voice on wg-a at start
      maps: pop-miami v398, site-b v202, site-a v328
-- brownout: carrier A loss 0 -> 3% over 180 s (demo step 2)
ok    voice moved 148 s into the ramp
      Moved voice from Carrier A to Carrier B: loss on Carrier A rising 1.3% a minute, forecast 1.8% in 60 s against a 1% SLA.
ok    moved before the 1% SLA was breached (measured 0.75%)
ok    site-a kernel sends voice on wg-b
ok    bulk stayed on carrier A (3% is under its 5% threshold)
-- hard cut of carrier B while voice is on it (demo step 3)
      voice probe stream: 1439 of 1500 received at 50 packets/s
ok    voice lost 1220 ms of packets (< 3 s)
ok    agent failover on BFD after 2 s
ok    voice on wg-a after the cut
-- recovery: restore B, classes move back only after the hold time (demo step 4)
ok    no moves in the first minute after recovery
      moves since the brownout began: 6
      04:37:47 site-a voice move: Moved voice from Carrier A to Carrier B: loss on Carrier A rising 1.3% a minute, forecast 1.8% in 60 s against a 1% SLA.
      04:37:47 site-b voice move: Moved voice from Carrier A to Carrier B: loss on Carrier A rising 1.0% a minute, forecast 1.5% in 60 s against a 1% SLA.
      04:38:58 site-b business move: Moved business from Carrier A to Carrier B: loss on Carrier A rising 0.9% a minute, forecast 2.4% in 60 s against a 2% SLA.
      04:40:09 site-b business failover: Moved business from Carrier B to Carrier A: Carrier B is down (BFD reports it down).
      04:40:09 site-b voice failover: Moved voice from Carrier B to Carrier A: Carrier B is down (BFD reports it down).
      04:40:09 site-a voice failover: Moved voice from Carrier B to Carrier A: Carrier B is down (BFD reports it down).
      04:40:29 site-b voice hold: Kept voice on Carrier A: loss on Carrier A is 2.1% against a 1% SLA, but it moved here 20 s ago (hold time 120 s).
      04:40:29 site-a voice hold: Kept voice on Carrier A: loss on Carrier A is 1.7% against a 1% SLA, but it moved here 20 s ago (hold time 120 s).
      04:40:29 site-b business hold: Kept business on Carrier A: loss on Carrier A is 2.1% against a 2% SLA, but it moved here 20 s ago (hold time 120 s).
      04:40:40 site-b voice hold: Kept voice on Carrier A: loss on Carrier A is 1.8% against a 1% SLA, but it moved here 30 s ago (hold time 120 s).
      04:40:40 site-a voice hold: Kept voice on Carrier A: loss on Carrier A is 1.3% against a 1% SLA, but it moved here 30 s ago (hold time 120 s).
      04:40:50 site-a voice hold: Kept voice on Carrier A: loss on Carrier A is 1.2% against a 1% SLA, but it moved here 40 s ago (hold time 120 s).
      04:40:50 site-b voice hold: Kept voice on Carrier A: loss on Carrier A is 1.7% against a 1% SLA, but it moved here 40 s ago (hold time 120 s).
      04:41:00 site-b voice hold: Kept voice on Carrier A: loss on Carrier A is 1.6% against a 1% SLA, but it moved here 50 s ago (hold time 120 s).
      04:41:00 site-a voice hold: Kept voice on Carrier A: loss on Carrier A is 1.1% against a 1% SLA, but it moved here 50 s ago (hold time 120 s).
      04:41:10 site-a voice hold: Kept voice on Carrier A: loss on Carrier A is 1.0% against a 1% SLA, but it moved here 60 s ago (hold time 120 s).
      04:41:10 site-b voice hold: Kept voice on Carrier A: loss on Carrier A is 1.5% against a 1% SLA, but it moved here 60 s ago (hold time 120 s).
      04:41:20 site-b voice hold: Kept voice on Carrier A: loss on Carrier A is 1.4% against a 1% SLA, but it moved here 70 s ago (hold time 120 s).
-- lab/ci/checks/m5-storm.sh
-- Storm Mode on at site-a only
ok    Storm Mode switched on for site-a through the API
ok    site-a agent has the Storm Mode steering map
ok    site-b is not in Storm Mode
ok    satellite warm: 34 probes per 10 s
ok    satellite BGP established
-- both terrestrial links cut
ok    voice continues on satellite
ok    business continues on satellite
ok    bulk paused (blackhole rule)
ok    voice stream lost 2200 ms across the double cut
-- restore and switch Storm Mode off
ok    Storm Mode switched off
ok    voice and business back on terrestrial paths, bulk resumed
      Storm Mode last switched by user:admin@exacarib.local
      04:42:47 storm_off
      04:41:31 storm_on
-- lab/ci/checks/m6-metering.sh
-- traffic: 20 Mbit/s bulk (CS1, TCP) from lan-a to lan-b for 11 minutes
      bulk leaves site-a on wg-b
ok    5-minute samples with traffic for site-a
      iperf: [  5] 450.00-451.00 sec  2.38 MBytes  19.9 Mbits/sec    0    486 KBytes        [  5] 451.00-452.00 sec  2.38 MBytes  19.9 Mbits/sec    0    733 KBytes        [  5] 452.00-453.00 sec  2.38 MBytes  19.9 Mbits/sec   18    514 KBytes        [  5] 453
      site-a carrier-a: samples 11, 95th in 1.441914 out 22.111039, billable 22.111039, commit 100, burst 0.000, total 400.00
ok    billable rate 22.111039 Mbps matches the ~20 Mbit/s offered
-- CSV matches the screen
ok    CSV 95th percentile 22.111 equals the screen
ok    CSV settlement total equals the screen
-- carrier view
ok    carrier user sees only Carrier A links
ok    carrier user cannot open the customer overview
-- lab/ci/checks/m7-outage.sh
-- stop the controller and the agent proxy
ok    all three agents noticed after 61 s and hold the last good state
ok    site A still reaches site B through the PoP
-- BFD failover with the controller down
ok    voice moved from wg-b to wg-a in 3.4 s, without the controller
-- start the controller again
ok    all three agents reconciled 14 s after the restart
-- lab/ci/checks/m8-ai.sh
-- hurricane watch
ok    NHC feed read from the lab host: 2 active storms
ok    example hurricane raised a warning
ok    only site-a (Kingston) is warned
      Hurricane Example (90 kt) is moving at 23 km/h on a heading of 285°. Projecting that motion forward, it passes about 92 km from site-a in about 25 h. Consider switching Storm Mode on so the satellite path is warm before the terrestrial links suffer. This is a straight-line projection; check the NHC advisory for the official forecast track.
-- disaster watch
ok    all disaster feeds read from the lab host: ptwc=2 usgs=11 events=11 failed= 
ok    example earthquake from USGS, GDACS and tsunami.gov raised one alert, for site-b only
      Magnitude 6.4 earthquake, 38 km NE of Port of Spain, Trinidad and Tobago, reported by USGS and GDACS and tsunami.gov. Latest tsunami message: Tsunami Information Statement Number 2. Sites in range: site-b 47 km (critical). Consider switching Storm Mode on for the sites marked critical, so the satellite path is warm if terrestrial links fail. Distances are straight lines from the reported location; check the source's report.
-- insights from this run
      anomaly critical: Carrier A at site-a: loss 4.26%, usually 0.00%
      anomaly critical: Carrier A at site-b: loss 4.46%, usually 0.00%
      anomaly critical: Carrier B at site-a: loss 7.90%, usually 0.00%
      anomaly critical: Carrier B at site-b: loss 7.73%, usually 0.00%
      storm_warning critical: Example data: Hurricane Example may pass 92 km from site-a in about 25 h
      hazard critical: Example data: Magnitude 6.4 earthquake, 38 km NE of Port of Spain, Trinidad and Tobago: 47 km from site-b
      storm_warning critical: Example data: Hurricane Example may pass 92 km from site-a in about 25 h
      anomaly critical: Carrier B at site-a: loss 3.69%, usually 0.00%
      anomaly critical: Carrier B at site-b: loss 3.89%, usually 0.00%
      anomaly critical: Carrier A at site-b: loss 4.22%, usually 0.24%
-- ask your network
ok    answered: Voice is on carrier-b at site-a now, and it last moved there at 04:52:04Z because carrier-a's BFD went down, triggering a failover to carrier-b.
-- lab/ci/checks/m9-fabric.sh
-- simulated cloud gateways
ok    AWS and Azure gateways configured
-- cloud circuits
ok    created circuits 32 (AWS) and 33 (Azure)
ok    both circuits up (IPsec and BGP) 19 s after they were created
      AWS: up, BGP Established, routes 10.100.0.0/16
ok    site-a learned the AWS VPC route from the PoP
ok    lan-a reaches the AWS VPC (10.100.0.1) through the PoP
ok    site-a puts traffic for AWS in business
-- cloud router
ok    AWS reaches Azure through the PoP
-- elastic bandwidth
ok    20 Mbps reached the PoP's shaper on vc32
      charges so far: [{"mbps":50,"hours":0.01},{"mbps":20,"hours":0.0}]
-- layer 2 circuit
ok    VLAN 100 at site A and VLAN 200 at site B are one segment (lan-a pings lan-b)
ok    layer 2 circuit up and monitored: round trip 74.5 ms, 0.0% loss over the last minute
-- clean up
ok    deleted circuits are torn down at the PoP
-- lab/ci/checks/m9-internet.sh
-- through the PoP (the default)
ok    lan-a reaches the internet through the PoP, translated to the PoP's address
      site-a exits by: wg-a
-- firewall at the PoP
ok    a deny rule stops lan-a's pings at the PoP
ok    the rule's hits reach the portal
ok    deleting the rule lets the pings through again
-- port forward on the PoP's address
      server on lan-a:8080 answers locally
ok    a connection to 100.64.0.2:8080 from the internet reaches lan-a
ok    the internet cannot reach lan-a directly through the PoP
-- straight out at the site
ok    lan-a reaches the internet over carrier A, translated to site-a's address
FAIL  no failover to carrier B (exits by eth2)
ok    site-a reports it exits by eth2
-- clean up
ok    back through the PoP
-- lab/ci/checks/m9-order.sh
-- a layer 2 circuit ordered in plain English
      draft: {"actions":["site_circuit"],"summary":["New layer 2 circuit joining site-a and site-b, VLAN 100 at site-a and VLAN 200 at site-b, 20 Mbps."],"problems":[],"monthly_estimate":40.0}
ok    the draft reads a VLAN 100 to VLAN 200 circuit between site-a and site-b
ok    drafting changed nothing
ok    confirmed: Created circuit lab order l2.
ok    the ordered circuit carries traffic (lan-a pings lan-b over VLAN 100/200)
-- two changes in one order
      draft: {"actions":["bandwidth","internet_mode"],"summary":["Change lab order l2 from 20 to 30 Mbps, billed by the hour from now.","Send site-a's internet straight out of its own links (now through ExaCarib's PoP)."],"monthly_estimate":20.0}
ok    the draft has a bandwidth change and an internet change
ok    the circuit is now 30 Mbps
ok    site-a's internet now goes straight out (local eth1)
-- a draft with a problem
ok    a draft with VLAN 5000 says why and can't be confirmed
      AI draft (not confirmed): engine ai, [{"action":"cloud_circuit","provider":"aws","region":"us-east-1","site":"site-a","bandwidth_mbps":50}]
-- clean up
ok    circuit deleted and site-a back through the PoP
-- lab/ci/checks/m9-protection.sh
-- a resilient pair to the simulated AWS
ok    both tunnels of the pair up (IPsec and BGP)
ok    lan-a reaches the AWS VPC over the pair
-- encryption report
      summary: {"encrypted":8,"total":8}
ok    both tunnels encrypted: IKE AES_CBC-256/HMAC_SHA2_256_128/PRF_HMAC_SHA2_256/MODP_2048, ESP AES_CBC-256/HMAC_SHA2_256_128
ok    every site path is WireGuard-encrypted (6 encrypted)
-- the first tunnel fails
FAIL  pair tunnels after the cut: up up
ok    the circuit stays up on one tunnel
ok    lan-a kept reaching the VPC: 150 of 150 pings answered (about 0.0 s lost while BGP moved)
ok    the first tunnel recovers
-- DDoS protection at the PoP
ok    the internet reaches the PoP's public address
ok    the flooding source was blocked automatically ({"blocked":0,"auto":146,"flood":1,"syn":0})
ok    the blocked source can't reach the public address
ok    lifting the block lets it back in
ok    customers see the drop counts, not the addresses
-- the block list
ok    a block list entry stops the source
ok    removing it lets the source back in
-- clean up
ok    both tunnels torn down at the PoP
-- lab/ci/checks/m9-public-e2e.sh
-- API through https://connect.exacarib.com
ok    admin signs in at https://connect.exacarib.com
ok    every portal screen's data answers 200 through the public site
      settlement CSV: 200 text/csv; charset=utf-8
-- browser
ok    signed in through the browser
ok    Overview renders without errors
ok    Sites renders without errors
ok    Traffic: seen on your network renders without errors
ok    Traffic: rules renders without errors
ok    Traffic: classes renders without errors
ok    Decisions renders without errors
ok    Fabric renders without errors
ok    Internet renders without errors
ok    Order renders without errors
ok    Encryption renders without errors
ok    Metering renders without errors
ok    Insights renders without errors
ok    Ask your network renders without errors
ok    Carrier view renders without errors
ok    Account renders without errors
ok    Admin: agents renders without errors
ok    Admin: sites renders without errors
ok    Admin: classes renders without errors
ok    Admin: users renders without errors
ok    Admin: settings renders without errors
ok    Admin: partners renders without errors
ok    Admin: protection renders without errors
ok    Admin: audit renders without errors
ok    example hurricane and earthquake alerts appear on Insights
-- lab/ci/checks/m9-public.sh
ok    https://connect.exacarib.com/healthz answers on this host
ok    certificate from Let's Encrypt (issuer=C = US, O = Let's Encrypt, CN = YE1)
ok    portal served
ok    agent endpoints not served publicly
ok    API answers and needs sign-in
ok    connect.exacarib.com reachable from this host over the internet
      web container: running restarts=0
      caddy: {"level":"info","ts":1791088467.908333,"msg":"using config from file","file":"/etc/caddy/Caddyfile"}
      caddy: {"level":"info","ts":1791088467.9083364,"msg":"adapted config to JSON","adapter":"caddyfile"}
      listening on public addresses: 22 80 443 
ok    controller, database and dev portal stay private
-- lab/ci/checks/m9-traffic.sh
-- priority queues
ok    site-a wg-a: qdisc cake 8090: root refcnt 2 bandwidth 190Mbit diffserv4 triple-isolate nonat nowash no-
ok    site-a wg-b: qdisc cake 8091: root refcnt 2 bandwidth 95Mbit diffserv4 triple-isolate nonat nowash no-a
-- application detection: Zoom-like traffic on UDP 8801 for 4 minutes
ok    site-a reported its flows to UDP 8801
ok    recognised: Zoom meetings seen at site-a: 1 flow(s) to UDP 8801, matches Zoom meetings (calls and meetings); currently unclassified. Suggest voice (real-time priority).
ok    suggests voice
ok    applied as rule 41
ok    site-a classifies UDP 8801-8810 as voice
ok    Zoom flows now report as voice
ok    site-b is unchanged (the rule is for site-a)
-- a customer rule: a subnet and port into business
ok    site-a classifies TCP 5201 to site B as business
ok    the PoP classifies the return direction

== Diagnostics (05:02:06)
pop-miami: running
site-a: running
site-b: running
-- agent log pop-miami
time=2026-10-04T04:59:02.522Z level=INFO msg="bfd change" node=pop-miami peer=100.64.3.12 tunnel=wg-sat status=up
time=2026-10-04T04:59:02.522Z level=INFO msg="bfd change" node=pop-miami peer=100.64.2.12 tunnel=wg-b status=up
time=2026-10-04T04:59:02.522Z level=INFO msg="bfd change" node=pop-miami peer=100.64.1.12 tunnel=wg-a status=up
time=2026-10-04T04:59:02.522Z level=INFO msg="bfd change" node=pop-miami peer=100.64.1.11 tunnel=wg-a status=up
time=2026-10-04T04:59:02.522Z level=INFO msg="bfd change" node=pop-miami peer=100.64.3.11 tunnel=wg-sat status=up
time=2026-10-04T04:59:09.903Z level=INFO msg="new desired state" node=pop-miami version=111
time=2026-10-04T04:59:11.813Z level=INFO msg="bfd change" node=pop-miami peer=100.64.3.12 tunnel=wg-sat status=down
time=2026-10-04T04:59:11.813Z level=INFO msg="bfd change" node=pop-miami peer=100.64.1.11 tunnel=wg-a status=down
time=2026-10-04T04:59:11.813Z level=INFO msg="bfd change" node=pop-miami peer=100.64.2.11 tunnel=wg-b status=init
time=2026-10-04T04:59:11.813Z level=INFO msg="bfd change" node=pop-miami peer=100.64.2.12 tunnel=wg-b status=init
time=2026-10-04T04:59:11.813Z level=INFO msg="bfd change" node=pop-miami peer=100.64.1.12 tunnel=wg-a status=down
time=2026-10-04T04:59:11.813Z level=INFO msg="bfd change" node=pop-miami peer=100.64.3.11 tunnel=wg-sat status=down
time=2026-10-04T04:59:11.819Z level=INFO msg="class moved" node=pop-miami class=business dst=192.168.20.0/24 from=carrier-a to=carrier-b why=bfd
time=2026-10-04T04:59:11.950Z level=INFO msg="bfd change" node=pop-miami peer=100.64.3.12 tunnel=wg-sat status=init
time=2026-10-04T04:59:12.549Z level=INFO msg="bfd change" node=pop-miami peer=100.64.1.12 tunnel=wg-a status=init
time=2026-10-04T04:59:12.549Z level=INFO msg="bfd change" node=pop-miami peer=100.64.3.11 tunnel=wg-sat status=init
time=2026-10-04T04:59:13.042Z level=INFO msg="bfd change" node=pop-miami peer=100.64.3.12 tunnel=wg-sat status=up
time=2026-10-04T04:59:13.042Z level=INFO msg="bfd change" node=pop-miami peer=100.64.1.11 tunnel=wg-a status=up
time=2026-10-04T04:59:13.042Z level=INFO msg="bfd change" node=pop-miami peer=100.64.2.11 tunnel=wg-b status=up
time=2026-10-04T04:59:13.042Z level=INFO msg="bfd change" node=pop-miami peer=100.64.2.12 tunnel=wg-b status=up
time=2026-10-04T04:59:13.042Z level=INFO msg="bfd change" node=pop-miami peer=100.64.1.12 tunnel=wg-a status=up
time=2026-10-04T04:59:13.042Z level=INFO msg="bfd change" node=pop-miami peer=100.64.3.11 tunnel=wg-sat status=up
time=2026-10-04T04:59:13.050Z level=INFO msg="class moved" node=pop-miami class=business dst=192.168.20.0/24 from=carrier-b to=carrier-a why=bfd
time=2026-10-04T05:01:14.905Z level=INFO msg="new steering map" node=pop-miami version=415 storm=false
time=2026-10-04T05:02:05.018Z level=INFO msg="new steering map" node=pop-miami version=417 storm=false
-- agent log site-a
time=2026-10-04T04:59:00.979Z level=INFO msg="bfd change" node=site-a peer=100.64.2.1 tunnel=wg-b status=down
time=2026-10-04T04:59:00.979Z level=INFO msg="bfd change" node=site-a peer=100.64.3.1 tunnel=wg-sat status=down
time=2026-10-04T04:59:00.988Z level=INFO msg="class moved" node=site-a class=voice dst="" from=carrier-b to=bgp why=bfd
time=2026-10-04T04:59:00.988Z level=INFO msg="class moved" node=site-a class=business dst="" from=carrier-b to=bgp why=bfd
time=2026-10-04T04:59:00.988Z level=INFO msg="class moved" node=site-a class=bulk dst="" from=carrier-b to=paused why=bfd
time=2026-10-04T04:59:02.603Z level=INFO msg="bfd change" node=site-a peer=100.64.1.1 tunnel=wg-a status=up
time=2026-10-04T04:59:02.603Z level=INFO msg="bfd change" node=site-a peer=100.64.2.1 tunnel=wg-b status=up
time=2026-10-04T04:59:02.603Z level=INFO msg="bfd change" node=site-a peer=100.64.3.1 tunnel=wg-sat status=up
time=2026-10-04T04:59:02.616Z level=INFO msg="class moved" node=site-a class=voice dst="" from=bgp to=carrier-b why=bfd
time=2026-10-04T04:59:02.616Z level=INFO msg="class moved" node=site-a class=business dst="" from=bgp to=carrier-b why=bfd
time=2026-10-04T04:59:02.616Z level=INFO msg="class moved" node=site-a class=bulk dst="" from=paused to=carrier-b why=bfd
time=2026-10-04T04:59:10.986Z level=INFO msg="bfd change" node=site-a peer=100.64.1.1 tunnel=wg-a status=down
time=2026-10-04T04:59:10.986Z level=INFO msg="bfd change" node=site-a peer=100.64.2.1 tunnel=wg-b status=down
time=2026-10-04T04:59:10.986Z level=INFO msg="bfd change" node=site-a peer=100.64.3.1 tunnel=wg-sat status=down
time=2026-10-04T04:59:10.990Z level=INFO msg="class moved" node=site-a class=voice dst="" from=carrier-b to=bgp why=bfd
time=2026-10-04T04:59:10.990Z level=INFO msg="class moved" node=site-a class=business dst="" from=carrier-b to=bgp why=bfd
time=2026-10-04T04:59:10.990Z level=INFO msg="class moved" node=site-a class=bulk dst="" from=carrier-b to=paused why=bfd
time=2026-10-04T04:59:13.064Z level=INFO msg="bfd change" node=site-a peer=100.64.1.1 tunnel=wg-a status=up
time=2026-10-04T04:59:13.064Z level=INFO msg="bfd change" node=site-a peer=100.64.2.1 tunnel=wg-b status=up
time=2026-10-04T04:59:13.064Z level=INFO msg="bfd change" node=site-a peer=100.64.3.1 tunnel=wg-sat status=up
time=2026-10-04T04:59:13.071Z level=INFO msg="class moved" node=site-a class=voice dst="" from=bgp to=carrier-b why=bfd
time=2026-10-04T04:59:13.071Z level=INFO msg="class moved" node=site-a class=business dst="" from=bgp to=carrier-b why=bfd
time=2026-10-04T04:59:13.071Z level=INFO msg="class moved" node=site-a class=bulk dst="" from=paused to=carrier-b why=bfd
time=2026-10-04T05:01:14.904Z level=INFO msg="new steering map" node=site-a version=344 storm=false
time=2026-10-04T05:02:04.941Z level=INFO msg="new steering map" node=site-a version=346 storm=false
-- agent log site-b
time=2026-10-04T04:59:00.996Z level=INFO msg="class moved" node=site-b class=bulk dst="" from=carrier-b to=paused why=bfd
time=2026-10-04T04:59:00.999Z level=INFO msg="internet exit changed" node=site-b from=wg-a to=wg-sat
time=2026-10-04T04:59:01.514Z level=INFO msg="bfd change" node=site-b peer=100.64.3.1 tunnel=wg-sat status=down
time=2026-10-04T04:59:01.518Z level=INFO msg="internet exit changed" node=site-b from=wg-sat to=wg-a
time=2026-10-04T04:59:02.534Z level=INFO msg="bfd change" node=site-b peer=100.64.2.1 tunnel=wg-b status=up
time=2026-10-04T04:59:02.534Z level=INFO msg="bfd change" node=site-b peer=100.64.3.1 tunnel=wg-sat status=up
time=2026-10-04T04:59:02.534Z level=INFO msg="bfd change" node=site-b peer=100.64.1.1 tunnel=wg-a status=up
time=2026-10-04T04:59:02.540Z level=INFO msg="class moved" node=site-b class=voice dst="" from=bgp to=carrier-a why=bfd
time=2026-10-04T04:59:02.541Z level=INFO msg="class moved" node=site-b class=business dst="" from=bgp to=carrier-a why=bfd
time=2026-10-04T04:59:02.541Z level=INFO msg="class moved" node=site-b class=bulk dst="" from=paused to=carrier-b why=bfd
time=2026-10-04T04:59:05.056Z level=INFO msg="new steering map" node=site-b version=211 storm=false
time=2026-10-04T04:59:05.065Z level=INFO msg="class moved" node=site-b class=voice dst="" from=carrier-a to=carrier-b why=controller
time=2026-10-04T04:59:10.983Z level=INFO msg="bfd change" node=site-b peer=100.64.2.1 tunnel=wg-b status=down
time=2026-10-04T04:59:10.983Z level=INFO msg="bfd change" node=site-b peer=100.64.3.1 tunnel=wg-sat status=down
time=2026-10-04T04:59:10.983Z level=INFO msg="bfd change" node=site-b peer=100.64.1.1 tunnel=wg-a status=down
time=2026-10-04T04:59:10.990Z level=INFO msg="class moved" node=site-b class=voice dst="" from=carrier-b to=bgp why=bfd
time=2026-10-04T04:59:10.990Z level=INFO msg="class moved" node=site-b class=business dst="" from=carrier-a to=bgp why=bfd
time=2026-10-04T04:59:10.990Z level=INFO msg="class moved" node=site-b class=bulk dst="" from=carrier-b to=paused why=bfd
time=2026-10-04T04:59:13.063Z level=INFO msg="bfd change" node=site-b peer=100.64.2.1 tunnel=wg-b status=up
time=2026-10-04T04:59:13.063Z level=INFO msg="bfd change" node=site-b peer=100.64.3.1 tunnel=wg-sat status=up
time=2026-10-04T04:59:13.063Z level=INFO msg="bfd change" node=site-b peer=100.64.1.1 tunnel=wg-a status=up
time=2026-10-04T04:59:13.069Z level=INFO msg="class moved" node=site-b class=voice dst="" from=bgp to=carrier-b why=bfd
time=2026-10-04T04:59:13.069Z level=INFO msg="class moved" node=site-b class=business dst="" from=bgp to=carrier-a why=bfd
time=2026-10-04T04:59:13.069Z level=INFO msg="class moved" node=site-b class=bulk dst="" from=paused to=carrier-b why=bfd
time=2026-10-04T05:02:05.013Z level=INFO msg="new steering map" node=site-b version=212 storm=false
-- controller log
controller-1  | INFO:     172.18.0.4:46180 - "GET /api/v1/agent/desired-state?have=40 HTTP/1.0" 204 No Content
controller-1  | INFO:     172.18.0.4:46152 - "GET /api/v1/agent/desired-state?have=111 HTTP/1.0" 204 No Content
controller-1  | INFO:     172.18.0.4:46218 - "POST /api/v1/agent/telemetry HTTP/1.0" 204 No Content
controller-1  | INFO:     172.18.0.4:46192 - "POST /api/v1/agent/telemetry HTTP/1.0" 204 No Content
controller-1  | INFO:     172.18.0.4:46208 - "POST /api/v1/agent/telemetry HTTP/1.0" 204 No Content
controller-1  | INFO:     172.18.0.4:46244 - "GET /api/v1/agent/steering?have=415 HTTP/1.0" 204 No Content
controller-1  | INFO:     172.18.0.4:46232 - "GET /api/v1/agent/steering?have=211 HTTP/1.0" 204 No Content
controller-1  | INFO:     172.18.0.4:46258 - "GET /api/v1/agent/steering?have=344 HTTP/1.0" 204 No Content
controller-1  | INFO:     127.0.0.1:55428 - "GET /healthz HTTP/1.1" 200 OK
controller-1  | INFO:     172.18.0.4:46288 - "GET /api/v1/agent/steering?have=415 HTTP/1.0" 204 No Content
controller-1  | INFO:     172.18.0.4:46294 - "GET /api/v1/agent/steering?have=211 HTTP/1.0" 204 No Content
controller-1  | INFO:     172.18.0.4:46274 - "GET /api/v1/agent/steering?have=344 HTTP/1.0" 204 No Content
controller-1  | INFO:     127.0.0.1:50530 - "GET /healthz HTTP/1.1" 200 OK
controller-1  | INFO:     172.18.0.4:59566 - "GET /api/v1/agent/desired-state?have=111 HTTP/1.0" 204 No Content
controller-1  | INFO:     172.18.0.4:59582 - "GET /api/v1/agent/desired-state?have=98 HTTP/1.0" 204 No Content
controller-1  | INFO:     172.18.0.4:59588 - "GET /api/v1/agent/desired-state?have=40 HTTP/1.0" 204 No Content
controller-1  | INFO:     172.18.0.4:59598 - "GET /api/v1/agent/steering?have=344 HTTP/1.0" 204 No Content
controller-1  | INFO:     172.18.0.4:59608 - "POST /api/v1/agent/telemetry HTTP/1.0" 204 No Content
controller-1  | INFO:     172.18.0.4:59620 - "GET /api/v1/agent/steering?have=211 HTTP/1.0" 204 No Content
controller-1  | INFO:     172.18.0.4:59636 - "POST /api/v1/agent/telemetry HTTP/1.0" 204 No Content
controller-1  | INFO:     172.18.0.4:59652 - "GET /api/v1/agent/steering?have=415 HTTP/1.0" 204 No Content
controller-1  | INFO:     172.18.0.4:59658 - "POST /api/v1/agent/telemetry HTTP/1.0" 204 No Content
controller-1  | INFO:     127.0.0.1:50534 - "GET /healthz HTTP/1.1" 200 OK
controller-1  | INFO:     172.18.0.4:59682 - "GET /api/v1/agent/steering?have=415 HTTP/1.0" 204 No Content
controller-1  | INFO:     172.18.0.4:59666 - "GET /api/v1/agent/steering?have=344 HTTP/1.0" 204 No Content
controller-1  | INFO:     172.18.0.4:59690 - "GET /api/v1/agent/steering?have=211 HTTP/1.0" 204 No Content
controller-1  | INFO:     127.0.0.1:34044 - "GET /healthz HTTP/1.1" 200 OK
controller-1  | INFO:     172.18.0.4:33874 - "GET /api/v1/agent/desired-state?have=111 HTTP/1.0" 204 No Content
controller-1  | INFO:     172.18.0.4:33876 - "GET /api/v1/agent/desired-state?have=98 HTTP/1.0" 204 No Content
controller-1  | INFO:     172.18.0.4:33878 - "GET /api/v1/agent/desired-state?have=40 HTTP/1.0" 204 No Content
controller-1  | INFO:     172.18.0.4:33886 - "GET /api/v1/agent/steering?have=211 HTTP/1.0" 204 No Content
controller-1  | INFO:     172.18.0.4:33882 - "POST /api/v1/agent/telemetry HTTP/1.0" 204 No Content
controller-1  | INFO:     172.18.0.4:33888 - "GET /api/v1/agent/steering?have=415 HTTP/1.0" 204 No Content
controller-1  | INFO:     172.18.0.4:33892 - "POST /api/v1/agent/telemetry HTTP/1.0" 204 No Content
controller-1  | INFO:     172.18.0.4:33912 - "GET /api/v1/agent/steering?have=344 HTTP/1.0" 204 No Content
controller-1  | INFO:     172.18.0.4:33900 - "POST /api/v1/agent/telemetry HTTP/1.0" 204 No Content
controller-1  | INFO:     127.0.0.1:34060 - "GET /healthz HTTP/1.1" 200 OK
controller-1  | INFO:     172.18.0.4:33916 - "GET /api/v1/agent/steering?have=415 HTTP/1.0" 204 No Content
controller-1  | INFO:     172.18.0.4:33928 - "GET /api/v1/agent/steering?have=344 HTTP/1.0" 204 No Content
controller-1  | INFO:     172.18.0.4:33930 - "GET /api/v1/agent/steering?have=211 HTTP/1.0" 204 No Content
controller-1  | INFO:     127.0.0.1:42040 - "GET /healthz HTTP/1.1" 200 OK
controller-1  | INFO:     172.18.0.4:54214 - "GET /api/v1/agent/desired-state?have=40 HTTP/1.0" 204 No Content
controller-1  | INFO:     172.18.0.4:54190 - "GET /api/v1/agent/desired-state?have=111 HTTP/1.0" 204 No Content
controller-1  | INFO:     172.18.0.4:54204 - "GET /api/v1/agent/desired-state?have=98 HTTP/1.0" 204 No Content
controller-1  | INFO:     172.18.0.4:54222 - "POST /api/v1/agent/telemetry HTTP/1.0" 204 No Content
controller-1  | INFO:     172.18.0.4:54238 - "POST /api/v1/agent/telemetry HTTP/1.0" 204 No Content
controller-1  | INFO:     172.18.0.4:54262 - "GET /api/v1/agent/steering?have=211 HTTP/1.0" 204 No Content
controller-1  | INFO:     172.18.0.4:54250 - "POST /api/v1/agent/telemetry HTTP/1.0" 204 No Content
controller-1  | INFO:     172.18.0.4:54268 - "GET /api/v1/agent/steering?have=415 HTTP/1.0" 204 No Content
controller-1  | INFO:     172.18.0.4:54284 - "GET /api/v1/agent/steering?have=344 HTTP/1.0" 204 No Content
controller-1  | INFO:     172.18.0.1:60270 - "POST /api/v1/auth/login HTTP/1.1" 200 OK
controller-1  | INFO:     172.18.0.1:60282 - "DELETE /api/v1/customers/4d26813b-aaa6-4be7-9b73-1730be959882/rules/41 HTTP/1.1" 204 No Content
controller-1  | INFO:     172.18.0.1:60292 - "POST /api/v1/auth/login HTTP/1.1" 200 OK
controller-1  | INFO:     172.18.0.1:60294 - "POST /api/v1/customers/4d26813b-aaa6-4be7-9b73-1730be959882/rules HTTP/1.1" 201 Created
controller-1  | INFO:     127.0.0.1:42076 - "GET /healthz HTTP/1.1" 200 OK
controller-1  | INFO:     172.18.0.4:54288 - "GET /api/v1/agent/steering?have=344 HTTP/1.0" 200 OK
controller-1  | INFO:     172.18.0.4:54308 - "GET /api/v1/agent/steering?have=211 HTTP/1.0" 200 OK
controller-1  | INFO:     172.18.0.4:54300 - "GET /api/v1/agent/steering?have=415 HTTP/1.0" 200 OK
controller-1  | INFO:     172.18.0.1:60304 - "POST /api/v1/auth/login HTTP/1.1" 200 OK
controller-1  | INFO:     172.18.0.1:60306 - "DELETE /api/v1/customers/4d26813b-aaa6-4be7-9b73-1730be959882/rules/42 HTTP/1.1" 204 No Content
-- controller containers
exaconnect-controller-1 Up 10 minutes (healthy)
exaconnect-db-1 Up 3 days (healthy)
exaconnect-proxy-1 Up 9 minutes
exaconnect-web-1 Up 27 minutes
/exaconnect-controller-1 restarts 0, started 2026-10-04T04:52:05.599224261Z, OOM killed false
/exaconnect-db-1 restarts 0, started 2026-10-01T05:06:52.589123103Z, OOM killed false
/exaconnect-proxy-1 restarts 0, started 2026-10-04T04:52:16.614924726Z, OOM killed false
/exaconnect-web-1 restarts 0, started 2026-10-04T04:34:26.873021125Z, OOM killed false
-- host
 07:02:08 up 3 days,  3:26,  0 user,  load average: 4.57, 5.37, 6.13
               total        used        free      shared  buff/cache   available
Mem:            7941        1806        4398         146        2189        6134
Swap:              0           0           0
procs -----------memory---------- ---swap-- -----io---- -system-- -------cpu-------
 r  b   swpd   free   buff  cache   si   so    bi    bo   in   cs us sy id wa st gu
 0  0      0 4504148  30800 2211364    0    0    56   256 5080   19  6 20 73  0  0  0
 0  1      0 4516664  30800 2211368    0    0     0   180 5807 7837  9 20 70  0  0  0
 0  0      0 4505144  30800 2211376    0    0     0   280 5228 6754  6 18 75  1  0  0
make: *** [Makefile:102: lab-ci] Error 1
