commit 78fddb6: Ask proposes changes you can apply and undo

== Lab already up; rebuilding the agent (01:07:28)

== Controller (01:08:01)
.env ready (admin: admin@exacarib.local)
time="2026-10-05T03:08:02+02:00" level=warning msg="Docker Compose is configured to build using Bake, but buildx isn't installed"
#0 building with "default" instance using docker driver

#1 [controller internal] load build definition from Dockerfile
#1 transferring dockerfile: 559B done
#1 DONE 0.0s

#2 [controller internal] load metadata for docker.io/library/python:3.12-slim
#2 DONE 0.6s

#3 [controller internal] load .dockerignore
#3 transferring context: 2B done
#3 DONE 0.0s

#4 [controller internal] load build context
#4 DONE 0.0s

#5 [controller 1/5] FROM docker.io/library/python:3.12-slim@sha256:02108f5d322dd89f1c9e552442c25acb0543dfdbc455693a5599624f20d9155d
#5 resolve docker.io/library/python:3.12-slim@sha256:02108f5d322dd89f1c9e552442c25acb0543dfdbc455693a5599624f20d9155d
#5 resolve docker.io/library/python:3.12-slim@sha256:02108f5d322dd89f1c9e552442c25acb0543dfdbc455693a5599624f20d9155d 0.0s done
#5 DONE 0.0s

#4 [controller internal] load build context
#4 transferring context: 189.25kB 0.2s done
#4 DONE 0.3s

#6 [controller 2/5] WORKDIR /app
#6 CACHED

#7 [controller 3/5] COPY pyproject.toml ./
#7 CACHED

#8 [controller 4/5] COPY exaconnect_controller ./exaconnect_controller
#8 DONE 0.5s

#9 [controller 5/5] RUN pip install --no-cache-dir . && mkdir -p /data && chown nobody:nogroup /data
#9 5.351 Processing /app
#9 5.359   Installing build dependencies: started
#9 8.330   Installing build dependencies: finished with status 'done'
#9 8.333   Getting requirements to build wheel: started
#9 8.835   Getting requirements to build wheel: finished with status 'done'
#9 8.835   Preparing metadata (pyproject.toml): started
#9 9.379   Preparing metadata (pyproject.toml): finished with status 'done'
#9 9.897 Collecting fastapi>=0.115 (from exaconnect-controller==0.2.0)
#9 10.06   Downloading fastapi-0.142.2-py3-none-any.whl.metadata (27 kB)
#9 10.22 Collecting uvicorn>=0.30 (from uvicorn[standard]>=0.30->exaconnect-controller==0.2.0)
#9 10.30   Downloading uvicorn-0.54.0-py3-none-any.whl.metadata (6.6 kB)
#9 10.73 Collecting pydantic>=2.7 (from exaconnect-controller==0.2.0)
#9 10.77   Downloading pydantic-2.13.5-py3-none-any.whl.metadata (110 kB)
#9 11.03 Collecting psycopg>=3.2 (from psycopg[binary]>=3.2->exaconnect-controller==0.2.0)
#9 11.11   Downloading psycopg-3.3.6-py3-none-any.whl.metadata (4.4 kB)
#9 11.26 Collecting psycopg-pool>=3.2 (from exaconnect-controller==0.2.0)
#9 11.30   Downloading psycopg_pool-3.3.3-py3-none-any.whl.metadata (2.8 kB)
#9 11.70 Collecting cryptography>=43 (from exaconnect-controller==0.2.0)
#9 11.74   Downloading cryptography-50.0.2-cp311-abi3-manylinux_2_34_x86_64.whl.metadata (4.4 kB)
#9 11.95 Collecting cffi>=2.0.0 (from cryptography>=43->exaconnect-controller==0.2.0)
#9 12.03   Downloading cffi-2.1.1-cp312-cp312-manylinux2014_x86_64.manylinux_2_17_x86_64.whl.metadata (2.5 kB)
#9 12.15 Collecting starlette>=0.46.0 (from fastapi>=0.115->exaconnect-controller==0.2.0)
#9 12.19   Downloading starlette-1.7.0-py3-none-any.whl.metadata (6.6 kB)
#9 12.32 Collecting typing-extensions>=4.8.0 (from fastapi>=0.115->exaconnect-controller==0.2.0)
#9 12.36   Downloading typing_extensions-4.16.0-py3-none-any.whl.metadata (3.3 kB)
#9 12.40 Collecting typing-inspection>=0.4.2 (from fastapi>=0.115->exaconnect-controller==0.2.0)
#9 12.44   Downloading typing_inspection-0.4.4-py3-none-any.whl.metadata (2.6 kB)
#9 12.51 Collecting annotated-doc>=0.0.2 (from fastapi>=0.115->exaconnect-controller==0.2.0)
#9 12.54   Downloading annotated_doc-0.0.5-py3-none-any.whl.metadata (6.5 kB)
#9 12.63 Collecting opentelemetry-api>=1.44.0 (from fastapi>=0.115->exaconnect-controller==0.2.0)
#9 12.67   Downloading opentelemetry_api-1.45.0-py3-none-any.whl.metadata (1.4 kB)
#9 13.23 Collecting psycopg-binary==3.3.6 (from psycopg[binary]>=3.2->exaconnect-controller==0.2.0)
#9 13.26   Downloading psycopg_binary-3.3.6-cp312-cp312-manylinux2014_x86_64.manylinux_2_17_x86_64.whl.metadata (2.7 kB)
#9 13.33 Collecting annotated-types>=0.6.0 (from pydantic>=2.7->exaconnect-controller==0.2.0)
#9 13.46   Downloading annotated_types-0.8.0-py3-none-any.whl.metadata (15 kB)
#9 15.23 Collecting pydantic-core==2.46.5 (from pydantic>=2.7->exaconnect-controller==0.2.0)
#9 15.29   Downloading pydantic_core-2.46.5-cp312-cp312-manylinux_2_17_x86_64.manylinux2014_x86_64.whl.metadata (6.6 kB)
#9 15.39 Collecting click>=7.0 (from uvicorn>=0.30->uvicorn[standard]>=0.30->exaconnect-controller==0.2.0)
#9 15.43   Downloading click-8.5.0-py3-none-any.whl.metadata (2.6 kB)
#9 15.48 Collecting h11>=0.8 (from uvicorn>=0.30->uvicorn[standard]>=0.30->exaconnect-controller==0.2.0)
#9 15.52   Downloading h11-0.16.0-py3-none-any.whl.metadata (8.3 kB)
#9 15.61 Collecting httptools>=0.8.0 (from uvicorn[standard]>=0.30->exaconnect-controller==0.2.0)
#9 15.65   Downloading httptools-0.8.0-cp312-cp312-manylinux1_x86_64.manylinux_2_28_x86_64.manylinux_2_5_x86_64.whl.metadata (3.5 kB)
#9 15.70 Collecting python-dotenv>=0.13 (from uvicorn[standard]>=0.30->exaconnect-controller==0.2.0)
#9 15.73   Downloading python_dotenv-1.2.4-py3-none-any.whl.metadata (29 kB)
#9 15.83 Collecting pyyaml>=5.1 (from uvicorn[standard]>=0.30->exaconnect-controller==0.2.0)
#9 15.87   Downloading pyyaml-6.0.3-cp312-cp312-manylinux2014_x86_64.manylinux_2_17_x86_64.manylinux_2_28_x86_64.whl.metadata (2.4 kB)
#9 15.96 Collecting uvloop>=0.15.1 (from uvicorn[standard]>=0.30->exaconnect-controller==0.2.0)
#9 16.00   Downloading uvloop-0.23.0-cp312-cp312-manylinux2014_x86_64.manylinux_2_17_x86_64.manylinux_2_28_x86_64.whl.metadata (5.1 kB)
#9 16.24 Collecting watchfiles>=0.20 (from uvicorn[standard]>=0.30->exaconnect-controller==0.2.0)
#9 16.28   Downloading watchfiles-1.3.0-cp310-abi3-manylinux_2_17_x86_64.manylinux2014_x86_64.whl.metadata (4.9 kB)
#9 16.69 Collecting websockets>=13.0 (from uvicorn[standard]>=0.30->exaconnect-controller==0.2.0)
#9 16.73   Downloading websockets-17.2-cp312-cp312-manylinux1_x86_64.manylinux_2_28_x86_64.manylinux_2_5_x86_64.whl.metadata (6.3 kB)
#9 16.77 Collecting pycparser (from cffi>=2.0.0->cryptography>=43->exaconnect-controller==0.2.0)
#9 16.81   Downloading pycparser-3.0-py3-none-any.whl.metadata (8.2 kB)
#9 16.88 Collecting anyio<5,>=4.0.0 (from starlette>=0.46.0->fastapi>=0.115->exaconnect-controller==0.2.0)
#9 16.94   Downloading anyio-4.15.1-py3-none-any.whl.metadata (4.7 kB)
#9 17.04 Collecting idna>=2.8 (from anyio<5,>=4.0.0->starlette>=0.46.0->fastapi>=0.115->exaconnect-controller==0.2.0)
#9 17.08   Downloading idna-3.20-py3-none-any.whl.metadata (7.2 kB)
#9 17.32 Downloading cryptography-50.0.2-cp311-abi3-manylinux_2_34_x86_64.whl (4.8 MB)
#9 18.16    ━━━━━━━━━━━━━━━━━━━━━━━━━━━━━━━━━━━━━━━━ 4.8/4.8 MB 6.8 MB/s eta 0:00:00
#9 18.23 Downloading fastapi-0.142.2-py3-none-any.whl (144 kB)
#9 18.29 Downloading psycopg-3.3.6-py3-none-any.whl (215 kB)
#9 18.36 Downloading psycopg_pool-3.3.3-py3-none-any.whl (40 kB)
#9 18.40 Downloading psycopg_binary-3.3.6-cp312-cp312-manylinux2014_x86_64.manylinux_2_17_x86_64.whl (5.2 MB)
#9 18.94    ━━━━━━━━━━━━━━━━━━━━━━━━━━━━━━━━━━━━━━━━ 5.2/5.2 MB 9.9 MB/s eta 0:00:00
#9 19.00 Downloading pydantic-2.13.5-py3-none-any.whl (472 kB)
#9 19.11 Downloading pydantic_core-2.46.5-cp312-cp312-manylinux_2_17_x86_64.manylinux2014_x86_64.whl (2.1 MB)
#9 19.22    ━━━━━━━━━━━━━━━━━━━━━━━━━━━━━━━━━━━━━━━━ 2.1/2.1 MB 15.9 MB/s eta 0:00:00
#9 19.26 Downloading uvicorn-0.54.0-py3-none-any.whl (87 kB)
#9 19.30 Downloading annotated_doc-0.0.5-py3-none-any.whl (5.3 kB)
#9 19.38 Downloading annotated_types-0.8.0-py3-none-any.whl (13 kB)
#9 19.46 Downloading cffi-2.1.1-cp312-cp312-manylinux2014_x86_64.manylinux_2_17_x86_64.whl (221 kB)
#9 19.51 Downloading click-8.5.0-py3-none-any.whl (125 kB)
#9 19.54 Downloading h11-0.16.0-py3-none-any.whl (37 kB)
#9 19.59 Downloading httptools-0.8.0-cp312-cp312-manylinux1_x86_64.manylinux_2_28_x86_64.manylinux_2_5_x86_64.whl (523 kB)
#9 19.69 Downloading opentelemetry_api-1.45.0-py3-none-any.whl (60 kB)
#9 19.73 Downloading python_dotenv-1.2.4-py3-none-any.whl (23 kB)
#9 19.77 Downloading pyyaml-6.0.3-cp312-cp312-manylinux2014_x86_64.manylinux_2_17_x86_64.manylinux_2_28_x86_64.whl (807 kB)
#9 19.82    ━━━━━━━━━━━━━━━━━━━━━━━━━━━━━━━━━━━━━━━━ 807.9/807.9 kB 16.4 MB/s eta 0:00:00
#9 19.89 Downloading starlette-1.7.0-py3-none-any.whl (78 kB)
#9 19.94 Downloading typing_extensions-4.16.0-py3-none-any.whl (45 kB)
#9 19.99 Downloading typing_inspection-0.4.4-py3-none-any.whl (14 kB)
#9 20.03 Downloading uvloop-0.23.0-cp312-cp312-manylinux2014_x86_64.manylinux_2_17_x86_64.manylinux_2_28_x86_64.whl (4.5 MB)
#9 20.23    ━━━━━━━━━━━━━━━━━━━━━━━━━━━━━━━━━━━━━━━━ 4.5/4.5 MB 22.9 MB/s eta 0:00:00
#9 20.28 Downloading watchfiles-1.3.0-cp310-abi3-manylinux_2_17_x86_64.manylinux2014_x86_64.whl (458 kB)
#9 20.33 Downloading websockets-17.2-cp312-cp312-manylinux1_x86_64.manylinux_2_28_x86_64.manylinux_2_5_x86_64.whl (225 kB)
#9 20.41 Downloading anyio-4.15.1-py3-none-any.whl (132 kB)
#9 20.48 Downloading pycparser-3.0-py3-none-any.whl (48 kB)
#9 20.52 Downloading idna-3.20-py3-none-any.whl (69 kB)
#9 20.61 Building wheels for collected packages: exaconnect-controller
#9 20.61   Building wheel for exaconnect-controller (pyproject.toml): started
#9 21.19   Building wheel for exaconnect-controller (pyproject.toml): finished with status 'done'
#9 21.20   Created wheel for exaconnect-controller: filename=exaconnect_controller-0.2.0-py3-none-any.whl size=157715 sha256=f8e609228b17adfa4a6c1fac59edd22443badcbc4158a4c603434f6fc55e3fb8
#9 21.22   Stored in directory: /tmp/pip-ephem-wheel-cache-maokh4yf/wheels/54/1b/b7/aa63e25c8f14f4f2ae7b04e6097bdecb770e455c5c1ee0a600
#9 21.26 Successfully built exaconnect-controller
#9 21.54 Installing collected packages: websockets, uvloop, typing-extensions, pyyaml, python-dotenv, pycparser, psycopg-binary, idna, httptools, h11, click, annotated-types, annotated-doc, uvicorn, typing-inspection, pydantic-core, psycopg-pool, psycopg, opentelemetry-api, cffi, anyio, watchfiles, starlette, pydantic, cryptography, fastapi, exaconnect-controller
#9 28.37 Successfully installed annotated-doc-0.0.5 annotated-types-0.8.0 anyio-4.15.1 cffi-2.1.1 click-8.5.0 cryptography-50.0.2 exaconnect-controller-0.2.0 fastapi-0.142.2 h11-0.16.0 httptools-0.8.0 idna-3.20 opentelemetry-api-1.45.0 psycopg-3.3.6 psycopg-binary-3.3.6 psycopg-pool-3.3.3 pycparser-3.0 pydantic-2.13.5 pydantic-core-2.46.5 python-dotenv-1.2.4 pyyaml-6.0.3 starlette-1.7.0 typing-extensions-4.16.0 typing-inspection-0.4.4 uvicorn-0.54.0 uvloop-0.23.0 watchfiles-1.3.0 websockets-17.2
#9 28.38 WARNING: Running pip as the 'root' user can result in broken permissions and conflicting behaviour with the system package manager, possibly rendering your system unusable. It is recommended to use a virtual environment instead: https://pip.pypa.io/warnings/venv. Use the --root-user-action option if you know what you are doing and want to suppress this warning.
#9 28.62 
#9 28.62 [notice] A new release of pip is available: 25.0.1 -> 26.2.1
#9 28.62 [notice] To update, run: pip install --upgrade pip
#9 DONE 29.6s

#10 [controller] exporting to image
#10 exporting layers
#10 exporting layers 10.7s done
#10 exporting manifest sha256:72e690dd55c8dc93345b458d99f57d19b32814fe38395035e4d66c6f3872bf26 0.0s done
#10 exporting config sha256:b91981d142f557645931b864baf7c5be01ed4b724ff588ca27effce556d0cec9 0.0s done
#10 exporting attestation manifest sha256:a28746099de4c3e621eb9aa02725c037af8d7be7c322454e1c53b31e205c286d
#10 exporting attestation manifest sha256:a28746099de4c3e621eb9aa02725c037af8d7be7c322454e1c53b31e205c286d 0.1s done
#10 exporting manifest list sha256:96a1a0bb33fa6e9709e30e111753563ad84d84fa9dea612959065cb4b7d18197 0.0s done
#10 naming to docker.io/library/exaconnect-controller:latest 0.0s done
#10 unpacking to docker.io/library/exaconnect-controller:latest
#10 unpacking to docker.io/library/exaconnect-controller:latest 2.3s done
#10 DONE 13.3s

#11 [controller] resolving provenance for metadata file
#11 DONE 0.1s
 controller  Built
time="2026-10-05T03:08:48+02:00" level=warning msg="Found orphan containers ([exaconnect-web-1]) for this project. If you removed or renamed this service in your compose file, you can run this command with the --remove-orphans flag to clean it up."
 Container exaconnect-db-1  Running
 Container exaconnect-controller-1  Recreate
 Container exaconnect-controller-1  Recreated
 Container exaconnect-proxy-1  Running
 Container exaconnect-db-1  Waiting
 Container exaconnect-db-1  Healthy
 Container exaconnect-controller-1  Starting
 Container exaconnect-controller-1  Started
 Container exaconnect-controller-1  Waiting
 Container exaconnect-controller-1  Healthy
 Container exaconnect-db-1  Waiting
 Container exaconnect-controller-1  Waiting
 Container exaconnect-proxy-1  Waiting
 Container exaconnect-controller-1  Healthy
 Container exaconnect-db-1  Healthy
 Container exaconnect-proxy-1  Healthy
time="2026-10-05T03:08:59+02:00" level=warning msg="Found orphan containers ([exaconnect-web-1]) for this project. If you removed or renamed this service in your compose file, you can run this command with the --remove-orphans flag to clean it up."
 Container exaconnect-proxy-1  Recreate
 Container exaconnect-proxy-1  Recreated
 Container exaconnect-proxy-1  Starting
 Container exaconnect-proxy-1  Started
 Container exaconnect-proxy-1  Waiting
 Container exaconnect-proxy-1  Healthy

== Agents (01:09:03)
pop-miami: agent stopped
site-a: agent stopped
site-b: agent stopped
pop-miami: agent started
site-a: agent started
site-b: agent started

== Public portal (01:09:09)
time="2026-10-05T03:09:10+02:00" level=warning msg="Docker Compose is configured to build using Bake, but buildx isn't installed"
#0 building with "default" instance using docker driver

#1 [controller internal] load build definition from Dockerfile
#1 transferring dockerfile: 559B 0.0s done
#1 DONE 0.1s

#2 [controller internal] load metadata for docker.io/library/python:3.12-slim
#2 DONE 0.2s

#3 [controller internal] load .dockerignore
#3 transferring context: 2B done
#3 DONE 0.0s

#4 [controller internal] load build context
#4 DONE 0.0s

#5 [controller 1/5] FROM docker.io/library/python:3.12-slim@sha256:02108f5d322dd89f1c9e552442c25acb0543dfdbc455693a5599624f20d9155d
#5 resolve docker.io/library/python:3.12-slim@sha256:02108f5d322dd89f1c9e552442c25acb0543dfdbc455693a5599624f20d9155d 0.1s done
#5 DONE 0.1s

#5 [controller 1/5] FROM docker.io/library/python:3.12-slim@sha256:02108f5d322dd89f1c9e552442c25acb0543dfdbc455693a5599624f20d9155d
#5 DONE 0.1s

#4 [controller internal] load build context
#4 transferring context: 3.66kB done
#4 DONE 0.0s

#6 [controller 2/5] WORKDIR /app
#6 CACHED

#7 [controller 3/5] COPY pyproject.toml ./
#7 CACHED

#8 [controller 4/5] COPY exaconnect_controller ./exaconnect_controller
#8 CACHED

#9 [controller 5/5] RUN pip install --no-cache-dir . && mkdir -p /data && chown nobody:nogroup /data
#9 CACHED

#10 [controller] exporting to image
#10 exporting layers 0.0s done
#10 exporting manifest sha256:72e690dd55c8dc93345b458d99f57d19b32814fe38395035e4d66c6f3872bf26 done
#10 exporting config sha256:b91981d142f557645931b864baf7c5be01ed4b724ff588ca27effce556d0cec9 done
#10 exporting attestation manifest sha256:46ca105bdf8cd17a85fcfb3cb377ba4da419fc70e6d90e51300796d5316fe9e0
#10 exporting attestation manifest sha256:46ca105bdf8cd17a85fcfb3cb377ba4da419fc70e6d90e51300796d5316fe9e0 0.1s done
#10 exporting manifest list sha256:0862dfc43bec843b8785ff80624c75f2939daec24584d15bbe9a729c252faabe
#10 exporting manifest list sha256:0862dfc43bec843b8785ff80624c75f2939daec24584d15bbe9a729c252faabe 0.1s done
#10 naming to docker.io/library/exaconnect-controller:latest
#10 naming to docker.io/library/exaconnect-controller:latest 0.0s done
#10 unpacking to docker.io/library/exaconnect-controller:latest 0.0s done
#10 DONE 0.5s

#11 [controller] resolving provenance for metadata file
#11 DONE 0.0s

#12 [web internal] load build definition from Dockerfile
#12 transferring dockerfile: 529B done
#12 DONE 0.0s

#13 [web internal] load metadata for docker.io/library/node:22-alpine
#13 DONE 0.4s

#14 [web internal] load metadata for docker.io/library/caddy:2-alpine
#14 DONE 0.4s

#15 [web internal] load .dockerignore
#15 transferring context: 2B done
#15 DONE 0.0s

#16 [web internal] load build context
#16 DONE 0.0s

#17 [web portal 1/6] FROM docker.io/library/node:22-alpine@sha256:0a7108bf6c7bf5de370ffb1a3ed6be93d405b43ff159f681a8d18c0e2bc2e402
#17 resolve docker.io/library/node:22-alpine@sha256:0a7108bf6c7bf5de370ffb1a3ed6be93d405b43ff159f681a8d18c0e2bc2e402 0.1s done
#17 DONE 0.1s

#18 [web stage-1 1/3] FROM docker.io/library/caddy:2-alpine@sha256:d44355d3c2149dc580ce2cac735955d1c08d3d00882c30489c241aa51a5c10d9
#18 resolve docker.io/library/caddy:2-alpine@sha256:d44355d3c2149dc580ce2cac735955d1c08d3d00882c30489c241aa51a5c10d9 0.1s done
#18 DONE 0.1s

#16 [web internal] load build context
#16 transferring context: 168.59kB 0.1s done
#16 DONE 0.2s

#19 [web portal 2/6] WORKDIR /src/portal
#19 CACHED

#20 [web portal 3/6] COPY portal/package.json portal/package-lock.json ./
#20 CACHED

#21 [web portal 4/6] RUN npm ci --no-audit --no-fund
#21 CACHED

#22 [web portal 5/6] COPY portal/ ./
#22 DONE 5.2s

#23 [web portal 6/6] RUN npm run build
#23 3.265 
#23 3.265 > exaconnect-portal@0.0.1 build
#23 3.265 > tsc -b && vite build
#23 3.265 
#23 5.646 vite v8.3.1 building client environment for production...
#23 5.767 transforming...
#23 5.964 ✓ 52 modules transformed.
#23 6.131 rendering chunks...
#23 6.357 computing gzip size...
#23 6.367 dist/index.html                   0.75 kB │ gzip:   0.41 kB
#23 6.367 dist/assets/index-CGCjyw7M.css   51.55 kB │ gzip:  10.44 kB
#23 6.367 dist/assets/index-CG4QkcJS.js   484.98 kB │ gzip: 138.17 kB
#23 6.367 
#23 6.372 ✓ built in 684ms
#23 DONE 6.8s

#24 [web stage-1 2/3] COPY deploy/public/Caddyfile /etc/caddy/Caddyfile
#24 CACHED

#25 [web stage-1 3/3] COPY --from=portal /src/portal/dist /srv/portal
#25 DONE 0.3s

#26 [web] exporting to image
#26 exporting layers
#26 exporting layers 0.8s done
#26 exporting manifest sha256:ba4f2b7523ac99a77d4ed539b033e00eb8e9f074cc248e2df64758c955ad9c01
#26 exporting manifest sha256:ba4f2b7523ac99a77d4ed539b033e00eb8e9f074cc248e2df64758c955ad9c01 0.2s done
#26 exporting config sha256:318bc479d5fb77a824398614285a7997fb6a3172508be2e3b56fc72789b07a2d
#26 exporting config sha256:318bc479d5fb77a824398614285a7997fb6a3172508be2e3b56fc72789b07a2d 0.0s done
#26 exporting attestation manifest sha256:4e8c0ed52b4a67aeb3adb469b31c3b1a2727e2f1534d77be330256898be8aa3a
#26 exporting attestation manifest sha256:4e8c0ed52b4a67aeb3adb469b31c3b1a2727e2f1534d77be330256898be8aa3a 0.4s done
#26 exporting manifest list sha256:9db530633bb3c8c53dbea191040b6e4985312d76eb9fa0f8eae9ee467a9a5366
#26 exporting manifest list sha256:9db530633bb3c8c53dbea191040b6e4985312d76eb9fa0f8eae9ee467a9a5366 0.1s done
#26 naming to docker.io/library/exaconnect-web:latest
#26 naming to docker.io/library/exaconnect-web:latest done
#26 unpacking to docker.io/library/exaconnect-web:latest 0.1s done
#26 DONE 1.9s

#27 [web] resolving provenance for metadata file
#27 DONE 0.0s
 controller  Built
 web  Built
 Container exaconnect-db-1  Running
 Container exaconnect-controller-1  Recreate
 Container exaconnect-controller-1  Recreated
 Container exaconnect-web-1  Recreate
 Container exaconnect-web-1  Recreated
 Container exaconnect-db-1  Waiting
 Container exaconnect-db-1  Healthy
 Container exaconnect-controller-1  Starting
 Container exaconnect-controller-1  Started
 Container exaconnect-controller-1  Waiting
 Container exaconnect-controller-1  Healthy
 Container exaconnect-web-1  Starting
 Container exaconnect-web-1  Started
 Container exaconnect-db-1  Waiting
 Container exaconnect-controller-1  Waiting
 Container exaconnect-web-1  Waiting
 Container exaconnect-controller-1  Healthy
 Container exaconnect-web-1  Healthy
 Container exaconnect-db-1  Healthy

== Waiting for tunnels, BGP and BFD (01:09:52)

== Checks (01:09:56)
-- lab/scripts/check-routing.sh
ok    site-a wg-a handshake 48s ago
ok    site-a wg-b handshake 49s ago
ok    site-a wg-sat handshake 48s ago
ok    site-b wg-a handshake 48s ago
ok    site-b wg-b handshake 48s ago
ok    site-b wg-sat handshake 48s ago
ok    pop-miami BGP 6/6 established
ok    pop-miami BFD 6/6 up
ok    site-a BGP 3/3 established
ok    site-a BFD 3/3 up
ok    site-b BGP 3/3 established
ok    site-b BFD 3/3 up
ok    lan-a -> lan-b (site-a to site-b via the PoP)
ok    lan-b -> lan-a
ok    lan-a -> lan-pop

  traceroute to 192.168.20.10 (192.168.20.10), 30 hops max, 46 byte packets
   1  192.168.10.1  0.023 ms
   2  100.64.1.1  25.860 ms
   3  100.64.1.12  70.789 ms
   4  192.168.20.10  67.844 ms
-- lab/ci/checks/m0-timing.sh
-- host timing
      clocksource kvm-clock, available: kvm-clock hpet acpi_pm 
      kernel 6.8.0-139-generic, timers: hres_active    : 1, resolution: 1 nsecs
      HZ 1000, 4 CPUs, load 7.43 5.34 5.72
      netem on carrier-a: qdisc netem 8084: root refcnt 5 limit 10000 delay 12.5ms  1ms seed 9717127554986641972
      cpuidle driver none, governor menu
      (netem asks for 25 ms on A and 35 ms on B round trip, with 2 and 4 ms jitter; min/avg/max/mdev)
      site-a to lan-a (no netem):              0.049/0.121/1.062/0.148 ms
      site-a to carrier-a router (one netem):  10.349/16.469/123.762/13.004 ms
      site-a to PoP underlay via carrier A:    22.645/30.047/156.301/16.116 ms, pipe 2
      site-a to PoP through wg-a:              23.521/32.119/91.774/9.912 ms, pipe 2
      site-a to PoP underlay via carrier B:    27.810/43.036/121.691/16.154 ms, pipe 2
-- busiest containers
      50.02% clab-exaconnect-site-b
      27.56% clab-exaconnect-pop-miami
      24.65% exaconnect-controller-1
      19.07% clab-exaconnect-site-a
      0.89% clab-exaconnect-ix
      0.61% clab-exaconnect-sat
      0.40% clab-exaconnect-cloud-aws
      0.11% clab-exaconnect-lan-b
-- busiest processes
       500 ps
       9.7 uvicorn
       9.5 exa-agent
       9.1 exa-agent
       7.5 exa-agent
       3.9 bfdd
       3.7 rcu_preempt
       2.6 kworker/2:5-wg-crypt-wg-a
-- lab/ci/checks/m4-steering.sh
-- steering applied
ok    pop-miami nftables classifier
ok    pop-miami 6 steering rules
ok    site-a nftables classifier
ok    site-a 3 steering rules
ok    site-b nftables classifier
ok    site-b 3 steering rules
      voice state at start: site-a carrier-b since 2026-10-05 00:57:19.195+00 return carrier-a 2026-10-05 01:07:32.606453+00; site-b carrier-b since 2026-10-05 00:57:19.195+00 return - -
      probe jitter, last 3 min, carrier-a avg 15.4 p95 26.1, carrier-b avg 16.8 p95 26.0, sat avg 26.3 p95 40.6
      host load 5.89 5.19 5.66 on 4 CPUs, CPU steal 0.0% over 5 s
FAIL  site-a voice on 'wg-b' (controller: carrier-b) at start, want wg-a
      state: carrier-b since 2026-10-05 00:57:19.195+00 return carrier-a 2026-10-05 01:17:37.889448+00 note - updated 2026-10-05 01:18:38.979302+00
      voice class: preferred none, priority realtime
      2026-10-05 01:02:26.731511+00|hold|Kept voice on Carrier B: loss on Carrier B is 1.7% against a 1% SLA, but no other path is forecast within SLA.
      2026-10-05 01:02:16.46583+00|hold|Kept voice on Carrier B: loss on Carrier B is 1.6% against a 1% SLA, but no other path is forecast within SLA.
      2026-10-05 01:01:45.785033+00|hold|Kept voice on Carrier B: it is down (BFD reports it down) and no other path is up.
      2026-10-05 01:01:15.331933+00|hold|Kept voice on Carrier B: loss on Carrier B is 1.7% against a 1% SLA, but no other path is forecast within SLA.
      probe jitter, last 3 min, carrier-a avg 18.6 p95 39.7, carrier-b avg 18.6 p95 33.9, sat avg 36.3 p95 51.6
      host load 3.60 4.37 5.01, CPU steal 0.0% over 5 s
      probes carrier-a: sent 3464 lost 0 rtt 47.1 jitter 18.1
      probes carrier-b: sent 3463 lost 0 rtt 57.8 jitter 18.1
      probes sat: sent 180 lost 2 rtt 70.9 jitter 37.4
      maps: pop-miami v625, site-a v549, site-b v311
-- brownout: carrier A loss 0 -> 3% over 180 s (demo step 2)
SKIP  brownout: voice was not on carrier A to start with (see above)
-- hard cut of carrier B while voice is on it (demo step 3)
      voice probe stream: 1382 of 1500 received at 50 packets/s
ok    voice lost 2360 ms of packets (< 3 s)
ok    agent failover on BFD after 0 s
ok    voice on wg-a after the cut
-- recovery: restore B, classes move back only after the hold time (demo step 4)
ok    no moves in the first minute after recovery
lab/ci/checks/m4-steering.sh: line 146: t0: unbound variable
      moves since the brownout began: 
lab/ci/checks/m4-steering.sh: line 149: t0: unbound variable
-- lab/ci/checks/m5-storm.sh
-- Storm Mode on at site-a only
ok    Storm Mode switched on for site-a through the API
ok    site-a agent has the Storm Mode steering map
ok    site-b is not in Storm Mode
ok    satellite warm: 50 probes per 10 s
ok    satellite BGP established
-- both terrestrial links cut
ok    voice continues on satellite
ok    business continues on satellite
ok    bulk paused (blackhole rule)
ok    voice stream lost 1480 ms across the double cut
-- restore and switch Storm Mode off
ok    Storm Mode switched off
ok    voice and business back on terrestrial paths, bulk resumed
      Storm Mode last switched by user:admin@exacarib.local
      01:22:09 storm_off
      01:20:47 storm_on
-- lab/ci/checks/m6-metering.sh
-- traffic: 20 Mbit/s bulk (CS1, TCP) from lan-a to lan-b for 11 minutes
      bulk leaves site-a on wg-a
ok    5-minute samples with traffic for site-a
      iperf: [  5] 464.01-465.00 sec  1.25 MBytes  10.6 Mbits/sec    1   77.5 KBytes        [  5] 465.00-466.00 sec  0.00 Bytes  0.00 bits/sec    0   82.8 KBytes        [  5] 466.00-467.02 sec  1.38 MBytes  11.4 Mbits/sec    0   89.5 KBytes        [  5] 467.02-468.00 sec  
      site-a carrier-b: samples 11, 95th in 1.171146 out 17.167835, billable 17.167835, commit 50, burst 0.000, total 125.00
ok    billable rate 17.167835 Mbps matches the ~20 Mbit/s offered
-- CSV matches the screen
ok    CSV 95th percentile 17.168 equals the screen
ok    CSV settlement total equals the screen
-- carrier view
ok    carrier user sees only Carrier A links
ok    carrier user cannot open the customer overview
-- lab/ci/checks/m7-outage.sh
-- stop the controller and the agent proxy
ok    all three agents noticed after 57 s and hold the last good state
ok    site A still reaches site B through the PoP
-- BFD failover with the controller down
ok    voice moved from wg-a to wg-b in 3.3 s, without the controller
-- start the controller again
ok    all three agents reconciled 29 s after the restart
-- lab/ci/checks/m8-ai.sh
-- hurricane watch
ok    NHC feed read from the lab host: 2 active storms
ok    example hurricane raised a warning
ok    only site-a (Kingston) is warned
      Hurricane Example (90 kt) is moving at 23 km/h on a heading of 285°. Projecting that motion forward, it passes about 92 km from site-a in about 25 h. Consider switching Storm Mode on so the satellite path is warm before the terrestrial links suffer. This is a straight-line projection; check the NHC advisory for the official forecast track.
-- disaster watch
ok    all disaster feeds read from the lab host: ptwc=2 usgs=13 events=13 failed= 
ok    example earthquake from USGS, GDACS and tsunami.gov raised one alert, for site-b only
      Magnitude 6.4 earthquake, 38 km NE of Port of Spain, Trinidad and Tobago, reported by USGS and GDACS and tsunami.gov. Latest tsunami message: Tsunami Information Statement Number 2. Sites in range: site-b 47 km (critical). Consider switching Storm Mode on for the sites marked critical, so the satellite path is warm if terrestrial links fail. Distances are straight lines from the reported location; check the source's report.
-- insights from this run
      anomaly critical: Carrier A at site-b: loss 4.64%, usually 0.00%
      anomaly critical: Carrier A at site-a: loss 4.57%, usually 0.00%
      anomaly critical: Carrier B at site-a: loss 8.69%, usually 0.00%
      anomaly critical: Satellite at site-b: jitter 45.1 ms, usually 17.5 ms
      anomaly critical: Carrier B at site-b: loss 8.44%, usually 0.00%
      anomaly critical: Satellite at site-b: latency 79.4 ms, usually 55.1 ms
      anomaly critical: Carrier A at site-b: jitter 26.3 ms, usually 9.1 ms
      anomaly warning: Carrier B at site-a: latency 63.3 ms, usually 45.1 ms
      anomaly warning: Carrier A at site-a: latency 53.1 ms, usually 34.9 ms
      anomaly warning: Satellite at site-a: jitter 42.7 ms, usually 18.4 ms
-- ask your network
ok    answered: Voice at site-a is currently on Carrier B (engine_path: carrier-b), having been moved there from Carrier A at 01:32:19Z because loss on Carrier A was 2.4% against the 1% SLA for voice.
ok    proposed: Add the traffic rule "lab assistant check": put ports udp:7777 in bulk at site-b.
ok    applied, then undone
-- lab/ci/checks/m9-fabric.sh
-- simulated cloud gateways
ok    AWS and Azure gateways configured
-- cloud circuits
ok    created circuits 77 (AWS) and 78 (Azure)
ok    both circuits up (IPsec and BGP) 19 s after they were created
      AWS: up, BGP Established, routes 10.100.0.0/16
ok    site-a learned the AWS VPC route from the PoP
ok    lan-a reaches the AWS VPC (10.100.0.1) through the PoP
      AWS traffic class not seen in site-a's classifier
-- cloud router
ok    AWS reaches Azure through the PoP
-- elastic bandwidth
ok    20 Mbps reached the PoP's shaper on vc77
      charges so far: [{"mbps":50,"hours":0.01},{"mbps":20,"hours":0.0}]
-- layer 2 circuit
ok    VLAN 100 at site A and VLAN 200 at site B are one segment (lan-a pings lan-b)
ok    layer 2 circuit up and monitored: round trip 105.1 ms, 0.0% loss over the last minute
-- clean up
ok    deleted circuits are torn down at the PoP
-- lab/ci/checks/m9-internet.sh
-- through the PoP (the default)
ok    lan-a reaches the internet through the PoP, translated to the PoP's address
      site-a exits by: wg-sat
-- firewall at the PoP
ok    a deny rule stops lan-a's pings at the PoP
ok    the rule's hits reach the portal
ok    deleting the rule lets the pings through again
-- port forward on the PoP's address
      server on lan-a:8080 answers locally
ok    a connection to 100.64.0.2:8080 from the internet reaches lan-a
ok    the internet cannot reach lan-a directly through the PoP
-- straight out at the site
ok    lan-a reaches the internet over carrier A, translated to site-a's address
ok    with carrier A cut, it leaves by carrier B within 4 s
ok    site-a reports it exits by eth1
-- clean up
ok    back through the PoP
-- lab/ci/checks/m9-order.sh
-- a layer 2 circuit ordered in plain English
      draft: {"actions":["site_circuit"],"summary":["New layer 2 circuit joining site-a and site-b, VLAN 100 at site-a and VLAN 200 at site-b, 20 Mbps."],"problems":[],"monthly_estimate":40.0}
ok    the draft reads a VLAN 100 to VLAN 200 circuit between site-a and site-b
ok    drafting changed nothing
ok    confirmed: Created circuit lab order l2.
ok    the ordered circuit carries traffic (lan-a pings lan-b over VLAN 100/200)
-- two changes in one order
      draft: {"actions":["bandwidth","internet_mode"],"summary":["Change lab order l2 from 20 to 30 Mbps, billed by the hour from now.","Send site-a's internet straight out of its own links (now through ExaCarib's PoP)."],"monthly_estimate":20.0}
ok    the draft has a bandwidth change and an internet change
ok    the circuit is now 30 Mbps
ok    site-a's internet now goes straight out (local eth1)
-- a draft with a problem
ok    a draft with VLAN 5000 says why and can't be confirmed
      AI draft (not confirmed): engine ai, [{"action":"cloud_circuit","provider":"aws","region":"us-east-1","site":"site-a","bandwidth_mbps":50}]
-- clean up
ok    circuit deleted and site-a back through the PoP
-- lab/ci/checks/m9-protection.sh
-- a resilient pair to the simulated AWS
ok    both tunnels of the pair up (IPsec and BGP)
ok    lan-a reaches the AWS VPC over the pair
-- encryption report
      summary: {"encrypted":8,"total":8}
ok    both tunnels encrypted: IKE AES_CBC-256/HMAC_SHA2_256_128/PRF_HMAC_SHA2_256/MODP_2048, ESP AES_CBC-256/HMAC_SHA2_256_128
ok    every site path is WireGuard-encrypted (6 encrypted)
-- the first tunnel fails
ok    the portal shows the first tunnel down and the second up
ok    the circuit stays up on one tunnel
ok    lan-a kept reaching the VPC: 300 of 300 pings answered (about 0.0 s lost; the BGP hold time is 30 s)
ok    the first tunnel recovers
-- DDoS protection at the PoP
ok    the internet reaches the PoP's public address
ok    the flooding source was blocked automatically ({"blocked":0,"auto":377,"flood":1,"syn":0})
ok    the blocked source can't reach the public address
ok    lifting the block lets it back in
ok    customers see the drop counts, not the addresses
-- the block list
ok    a block list entry stops the source
ok    removing it lets the source back in
-- clean up
ok    both tunnels torn down at the PoP
-- lab/ci/checks/m9-public-e2e.sh
-- API through https://connect.exacarib.com
ok    admin signs in at https://connect.exacarib.com
ok    every portal screen's data answers 200 through the public site
      settlement CSV: 200 text/csv; charset=utf-8
-- browser
ok    signed in through the browser
ok    Overview renders without errors
ok    Sites renders without errors
ok    Traffic: seen on your network renders without errors
ok    Traffic: rules renders without errors
ok    Traffic: classes renders without errors
ok    Decisions renders without errors
ok    Fabric renders without errors
ok    Internet renders without errors
ok    Order renders without errors
ok    Encryption renders without errors
ok    Metering renders without errors
ok    Insights renders without errors
ok    Ask your network renders without errors
ok    Carrier view renders without errors
ok    Account renders without errors
ok    Admin: agents renders without errors
ok    Admin: sites renders without errors
ok    Admin: classes renders without errors
ok    Admin: users renders without errors
ok    Admin: settings renders without errors
ok    Admin: partners renders without errors
ok    Admin: protection renders without errors
ok    Admin: audit renders without errors
ok    example hurricane and earthquake alerts appear on Insights
-- lab/ci/checks/m9-public.sh
ok    https://connect.exacarib.com/healthz answers on this host
ok    certificate from Let's Encrypt (issuer=C = US, O = Let's Encrypt, CN = YE1)
ok    portal served
ok    agent endpoints not served publicly
ok    API answers and needs sign-in
ok    connect.exacarib.com reachable from this host over the internet
      web container: running restarts=0
      listening on public addresses: 22 80 443 
ok    controller, database and dev portal stay private
ok    an API key works through the public address
ok    a revoked key is refused at once
-- lab/ci/checks/m9-traffic.sh
-- priority queues
ok    site-a wg-a: qdisc cake 8090: root refcnt 2 bandwidth 190Mbit diffserv4 triple-isolate nonat nowash no-
ok    site-a wg-b: qdisc cake 8091: root refcnt 2 bandwidth 95Mbit diffserv4 triple-isolate nonat nowash no-a
-- application detection: Zoom-like traffic on UDP 8801 for 4 minutes
ok    site-a reported its flows to UDP 8801
ok    recognised: Zoom meetings seen at site-a: 1 flow(s) to UDP 8801, matches Zoom meetings (calls and meetings); currently unclassified. Suggest voice (real-time priority).
ok    suggests voice
ok    applied as rule 64
ok    site-a classifies UDP 8801-8810 as voice
ok    Zoom flows now report as voice
ok    site-b is unchanged (the rule is for site-a)
-- a customer rule: a subnet and port into business
ok    site-a classifies TCP 5201 to site B as business
ok    the PoP classifies the return direction

== Diagnostics (01:41:17)
pop-miami: running
site-a: running
site-b: running
-- agent log pop-miami
time=2026-10-05T01:38:43.376Z level=INFO msg="class moved" node=pop-miami class=bulk dst=192.168.20.0/24 from=carrier-b to=paused why=bfd
time=2026-10-05T01:38:43.626Z level=INFO msg="bfd change" node=pop-miami peer=100.64.3.12 tunnel=wg-sat status=init
time=2026-10-05T01:38:43.811Z level=INFO msg="bfd change" node=pop-miami peer=100.64.3.11 tunnel=wg-sat status=init
time=2026-10-05T01:38:43.811Z level=INFO msg="bfd change" node=pop-miami peer=100.64.1.11 tunnel=wg-a status=init
time=2026-10-05T01:38:43.823Z level=INFO msg="class moved" node=pop-miami class=voice dst=192.168.10.0/24 from=bgp to=carrier-a why=bfd
time=2026-10-05T01:38:43.823Z level=INFO msg="class moved" node=pop-miami class=business dst=192.168.10.0/24 from=bgp to=carrier-a why=bfd
time=2026-10-05T01:38:43.823Z level=INFO msg="class moved" node=pop-miami class=bulk dst=192.168.10.0/24 from=paused to=carrier-a why=bfd
time=2026-10-05T01:38:43.823Z level=INFO msg="class moved" node=pop-miami class=business dst=192.168.20.0/24 from=bgp to=carrier-a why=bfd
time=2026-10-05T01:38:44.365Z level=INFO msg="bfd change" node=pop-miami peer=100.64.2.12 tunnel=wg-b status=up
time=2026-10-05T01:38:44.365Z level=INFO msg="bfd change" node=pop-miami peer=100.64.2.11 tunnel=wg-b status=up
time=2026-10-05T01:38:44.365Z level=INFO msg="bfd change" node=pop-miami peer=100.64.3.11 tunnel=wg-sat status=up
time=2026-10-05T01:38:44.365Z level=INFO msg="bfd change" node=pop-miami peer=100.64.3.12 tunnel=wg-sat status=up
time=2026-10-05T01:38:44.365Z level=INFO msg="bfd change" node=pop-miami peer=100.64.1.11 tunnel=wg-a status=up
time=2026-10-05T01:38:44.365Z level=INFO msg="bfd change" node=pop-miami peer=100.64.1.12 tunnel=wg-a status=up
time=2026-10-05T01:38:44.379Z level=INFO msg="class moved" node=pop-miami class=voice dst=192.168.10.0/24 from=carrier-a to=carrier-b why=bfd
time=2026-10-05T01:38:44.379Z level=INFO msg="class moved" node=pop-miami class=business dst=192.168.10.0/24 from=carrier-a to=carrier-b why=bfd
time=2026-10-05T01:38:44.379Z level=INFO msg="class moved" node=pop-miami class=bulk dst=192.168.10.0/24 from=carrier-a to=carrier-b why=bfd
time=2026-10-05T01:38:44.379Z level=INFO msg="class moved" node=pop-miami class=voice dst=192.168.20.0/24 from=bgp to=carrier-b why=bfd
time=2026-10-05T01:38:44.379Z level=INFO msg="class moved" node=pop-miami class=business dst=192.168.20.0/24 from=carrier-a to=carrier-b why=bfd
time=2026-10-05T01:38:44.379Z level=INFO msg="class moved" node=pop-miami class=bulk dst=192.168.20.0/24 from=paused to=carrier-b why=bfd
time=2026-10-05T01:40:15.768Z level=INFO msg="new steering map" node=pop-miami version=640 storm=false
time=2026-10-05T01:40:58.265Z level=INFO msg="bfd change" node=pop-miami peer=100.64.1.11 tunnel=wg-a status=down
time=2026-10-05T01:40:58.417Z level=INFO msg="bfd change" node=pop-miami peer=100.64.1.11 tunnel=wg-a status=init
time=2026-10-05T01:40:59.374Z level=INFO msg="bfd change" node=pop-miami peer=100.64.1.11 tunnel=wg-a status=up
time=2026-10-05T01:41:15.872Z level=INFO msg="new steering map" node=pop-miami version=642 storm=false
-- agent log site-a
time=2026-10-05T01:38:31.913Z level=INFO msg="class moved" node=site-a class=bulk dst="" from=carrier-b to=paused why=bfd
time=2026-10-05T01:38:33.510Z level=INFO msg="bfd change" node=site-a peer=100.64.1.1 tunnel=wg-a status=up
time=2026-10-05T01:38:33.510Z level=INFO msg="bfd change" node=site-a peer=100.64.3.1 tunnel=wg-sat status=up
time=2026-10-05T01:38:33.510Z level=INFO msg="bfd change" node=site-a peer=100.64.2.1 tunnel=wg-b status=up
time=2026-10-05T01:38:33.529Z level=INFO msg="class moved" node=site-a class=voice dst="" from=bgp to=carrier-b why=bfd
time=2026-10-05T01:38:33.529Z level=INFO msg="class moved" node=site-a class=business dst="" from=bgp to=carrier-b why=bfd
time=2026-10-05T01:38:33.529Z level=INFO msg="class moved" node=site-a class=bulk dst="" from=paused to=carrier-b why=bfd
time=2026-10-05T01:38:42.620Z level=INFO msg="bfd change" node=site-a peer=100.64.1.1 tunnel=wg-a status=down
time=2026-10-05T01:38:42.620Z level=INFO msg="bfd change" node=site-a peer=100.64.3.1 tunnel=wg-sat status=down
time=2026-10-05T01:38:42.620Z level=INFO msg="bfd change" node=site-a peer=100.64.2.1 tunnel=wg-b status=down
time=2026-10-05T01:38:42.625Z level=INFO msg="class moved" node=site-a class=voice dst="" from=carrier-b to=bgp why=bfd
time=2026-10-05T01:38:42.625Z level=INFO msg="class moved" node=site-a class=business dst="" from=carrier-b to=bgp why=bfd
time=2026-10-05T01:38:42.625Z level=INFO msg="class moved" node=site-a class=bulk dst="" from=carrier-b to=paused why=bfd
time=2026-10-05T01:38:44.433Z level=INFO msg="bfd change" node=site-a peer=100.64.1.1 tunnel=wg-a status=up
time=2026-10-05T01:38:44.433Z level=INFO msg="bfd change" node=site-a peer=100.64.3.1 tunnel=wg-sat status=up
time=2026-10-05T01:38:44.433Z level=INFO msg="bfd change" node=site-a peer=100.64.2.1 tunnel=wg-b status=up
time=2026-10-05T01:38:44.438Z level=INFO msg="class moved" node=site-a class=voice dst="" from=bgp to=carrier-b why=bfd
time=2026-10-05T01:38:44.438Z level=INFO msg="class moved" node=site-a class=business dst="" from=bgp to=carrier-b why=bfd
time=2026-10-05T01:38:44.438Z level=INFO msg="class moved" node=site-a class=bulk dst="" from=paused to=carrier-b why=bfd
time=2026-10-05T01:40:15.876Z level=INFO msg="new steering map" node=site-a version=562 storm=false
time=2026-10-05T01:40:58.437Z level=INFO msg="bfd change" node=site-a peer=100.64.1.1 tunnel=wg-a status=down
time=2026-10-05T01:40:58.441Z level=INFO msg="internet exit changed" node=site-a from=wg-a to=wg-b
time=2026-10-05T01:40:59.471Z level=INFO msg="bfd change" node=site-a peer=100.64.1.1 tunnel=wg-a status=up
time=2026-10-05T01:40:59.475Z level=INFO msg="internet exit changed" node=site-a from=wg-b to=wg-a
time=2026-10-05T01:41:15.922Z level=INFO msg="new steering map" node=site-a version=564 storm=false
-- agent log site-b
time=2026-10-05T01:38:31.960Z level=INFO msg="bfd change" node=site-b peer=100.64.1.1 tunnel=wg-a status=down
time=2026-10-05T01:38:31.960Z level=INFO msg="bfd change" node=site-b peer=100.64.3.1 tunnel=wg-sat status=down
time=2026-10-05T01:38:31.963Z level=INFO msg="class moved" node=site-b class=voice dst="" from=carrier-b to=bgp why=bfd
time=2026-10-05T01:38:31.963Z level=INFO msg="class moved" node=site-b class=business dst="" from=carrier-b to=bgp why=bfd
time=2026-10-05T01:38:31.963Z level=INFO msg="class moved" node=site-b class=bulk dst="" from=carrier-b to=paused why=bfd
time=2026-10-05T01:38:33.061Z level=INFO msg="bfd change" node=site-b peer=100.64.2.1 tunnel=wg-b status=init
time=2026-10-05T01:38:33.061Z level=INFO msg="bfd change" node=site-b peer=100.64.1.1 tunnel=wg-a status=up
time=2026-10-05T01:38:33.061Z level=INFO msg="bfd change" node=site-b peer=100.64.3.1 tunnel=wg-sat status=up
time=2026-10-05T01:38:33.065Z level=INFO msg="class moved" node=site-b class=voice dst="" from=bgp to=carrier-b why=bfd
time=2026-10-05T01:38:33.065Z level=INFO msg="class moved" node=site-b class=business dst="" from=bgp to=carrier-b why=bfd
time=2026-10-05T01:38:33.065Z level=INFO msg="class moved" node=site-b class=bulk dst="" from=paused to=carrier-b why=bfd
time=2026-10-05T01:38:33.471Z level=INFO msg="bfd change" node=site-b peer=100.64.2.1 tunnel=wg-b status=up
time=2026-10-05T01:38:42.626Z level=INFO msg="bfd change" node=site-b peer=100.64.2.1 tunnel=wg-b status=down
time=2026-10-05T01:38:42.626Z level=INFO msg="bfd change" node=site-b peer=100.64.1.1 tunnel=wg-a status=down
time=2026-10-05T01:38:42.626Z level=INFO msg="bfd change" node=site-b peer=100.64.3.1 tunnel=wg-sat status=down
time=2026-10-05T01:38:42.637Z level=INFO msg="class moved" node=site-b class=voice dst="" from=carrier-b to=bgp why=bfd
time=2026-10-05T01:38:42.637Z level=INFO msg="class moved" node=site-b class=business dst="" from=carrier-b to=bgp why=bfd
time=2026-10-05T01:38:42.637Z level=INFO msg="class moved" node=site-b class=bulk dst="" from=carrier-b to=paused why=bfd
time=2026-10-05T01:38:44.478Z level=INFO msg="bfd change" node=site-b peer=100.64.2.1 tunnel=wg-b status=up
time=2026-10-05T01:38:44.478Z level=INFO msg="bfd change" node=site-b peer=100.64.1.1 tunnel=wg-a status=up
time=2026-10-05T01:38:44.478Z level=INFO msg="bfd change" node=site-b peer=100.64.3.1 tunnel=wg-sat status=up
time=2026-10-05T01:38:44.497Z level=INFO msg="class moved" node=site-b class=voice dst="" from=bgp to=carrier-b why=bfd
time=2026-10-05T01:38:44.497Z level=INFO msg="class moved" node=site-b class=business dst="" from=bgp to=carrier-b why=bfd
time=2026-10-05T01:38:44.497Z level=INFO msg="class moved" node=site-b class=bulk dst="" from=paused to=carrier-b why=bfd
time=2026-10-05T01:41:16.435Z level=INFO msg="new steering map" node=site-b version=320 storm=false
-- controller log
controller-1  | INFO:     172.18.0.4:58756 - "GET /api/v1/agent/steering?have=562 HTTP/1.0" 204 No Content
controller-1  | INFO:     172.18.0.4:58766 - "GET /api/v1/agent/steering?have=319 HTTP/1.0" 204 No Content
controller-1  | INFO:     127.0.0.1:37974 - "GET /healthz HTTP/1.1" 200 OK
controller-1  | INFO:     172.18.0.4:48140 - "GET /api/v1/agent/desired-state?have=264 HTTP/1.0" 204 No Content
controller-1  | INFO:     172.18.0.4:48150 - "GET /api/v1/agent/desired-state?have=201 HTTP/1.0" 204 No Content
controller-1  | INFO:     172.18.0.4:48164 - "POST /api/v1/agent/telemetry HTTP/1.0" 204 No Content
controller-1  | INFO:     172.18.0.4:48170 - "GET /api/v1/agent/steering?have=562 HTTP/1.0" 204 No Content
controller-1  | INFO:     172.18.0.4:48184 - "GET /api/v1/agent/steering?have=640 HTTP/1.0" 204 No Content
controller-1  | INFO:     172.18.0.4:48194 - "POST /api/v1/agent/telemetry HTTP/1.0" 204 No Content
controller-1  | INFO:     172.18.0.4:48202 - "GET /api/v1/agent/desired-state?have=85 HTTP/1.0" 204 No Content
controller-1  | INFO:     172.18.0.4:48214 - "POST /api/v1/agent/telemetry HTTP/1.0" 204 No Content
controller-1  | INFO:     172.18.0.4:48226 - "GET /api/v1/agent/steering?have=319 HTTP/1.0" 204 No Content
controller-1  | INFO:     127.0.0.1:37984 - "GET /healthz HTTP/1.1" 200 OK
controller-1  | INFO:     172.18.0.4:48236 - "GET /api/v1/agent/steering?have=562 HTTP/1.0" 204 No Content
controller-1  | INFO:     172.18.0.4:48238 - "GET /api/v1/agent/steering?have=640 HTTP/1.0" 204 No Content
controller-1  | INFO:     172.18.0.4:48248 - "GET /api/v1/agent/steering?have=319 HTTP/1.0" 204 No Content
controller-1  | INFO:     127.0.0.1:48358 - "GET /healthz HTTP/1.1" 200 OK
controller-1  | INFO:     172.18.0.4:42268 - "GET /api/v1/agent/desired-state?have=264 HTTP/1.0" 204 No Content
controller-1  | INFO:     172.18.0.4:42282 - "GET /api/v1/agent/steering?have=640 HTTP/1.0" 204 No Content
controller-1  | INFO:     172.18.0.4:42290 - "GET /api/v1/agent/desired-state?have=201 HTTP/1.0" 204 No Content
controller-1  | INFO:     172.18.0.4:42304 - "POST /api/v1/agent/telemetry HTTP/1.0" 204 No Content
controller-1  | INFO:     172.18.0.4:42312 - "POST /api/v1/agent/telemetry HTTP/1.0" 204 No Content
controller-1  | INFO:     172.18.0.4:42316 - "GET /api/v1/agent/steering?have=562 HTTP/1.0" 204 No Content
controller-1  | INFO:     172.18.0.4:42324 - "GET /api/v1/agent/desired-state?have=85 HTTP/1.0" 204 No Content
controller-1  | INFO:     172.18.0.4:42340 - "GET /api/v1/agent/steering?have=319 HTTP/1.0" 204 No Content
controller-1  | INFO:     172.18.0.4:42348 - "POST /api/v1/agent/telemetry HTTP/1.0" 204 No Content
controller-1  | INFO:     127.0.0.1:48366 - "GET /healthz HTTP/1.1" 200 OK
controller-1  | INFO:     172.18.0.4:42362 - "GET /api/v1/agent/steering?have=640 HTTP/1.0" 204 No Content
controller-1  | INFO:     172.18.0.4:42366 - "GET /api/v1/agent/steering?have=562 HTTP/1.0" 204 No Content
controller-1  | INFO:     172.18.0.4:42368 - "GET /api/v1/agent/steering?have=319 HTTP/1.0" 204 No Content
controller-1  | INFO:     127.0.0.1:48742 - "GET /healthz HTTP/1.1" 200 OK
controller-1  | INFO:     172.18.0.4:57030 - "GET /api/v1/agent/desired-state?have=264 HTTP/1.0" 204 No Content
controller-1  | INFO:     172.18.0.4:57032 - "GET /api/v1/agent/steering?have=640 HTTP/1.0" 204 No Content
controller-1  | INFO:     172.18.0.4:57046 - "GET /api/v1/agent/desired-state?have=201 HTTP/1.0" 204 No Content
controller-1  | INFO:     172.18.0.4:57052 - "GET /api/v1/agent/steering?have=562 HTTP/1.0" 204 No Content
controller-1  | INFO:     172.18.0.4:57066 - "POST /api/v1/agent/telemetry HTTP/1.0" 204 No Content
controller-1  | INFO:     172.18.0.4:57070 - "POST /api/v1/agent/telemetry HTTP/1.0" 204 No Content
controller-1  | INFO:     172.18.0.5:59072 - "GET /api/v1/version HTTP/1.1" 200 OK
controller-1  | INFO:     172.18.0.5:59064 - "GET /api/v1/customers/4d26813b-aaa6-4be7-9b73-1730be959882/encryption HTTP/1.1" 200 OK
controller-1  | INFO:     172.18.0.5:59094 - "GET /api/v1/customers/mine HTTP/1.1" 200 OK
controller-1  | INFO:     172.18.0.5:59088 - "GET /api/v1/customers/4d26813b-aaa6-4be7-9b73-1730be959882/circuits HTTP/1.1" 200 OK
controller-1  | INFO:     172.18.0.5:59108 - "GET /api/v1/insights?customer_id=4d26813b-aaa6-4be7-9b73-1730be959882 HTTP/1.1" 200 OK
controller-1  | INFO:     172.18.0.5:59108 - "GET /api/v1/customers/mine HTTP/1.1" 200 OK
controller-1  | INFO:     172.18.0.4:57076 - "GET /api/v1/agent/desired-state?have=85 HTTP/1.0" 204 No Content
controller-1  | INFO:     172.18.0.5:59108 - "GET /api/v1/customers/mine HTTP/1.1" 200 OK
controller-1  | INFO:     172.18.0.4:57090 - "GET /api/v1/agent/steering?have=319 HTTP/1.0" 204 No Content
controller-1  | INFO:     172.18.0.5:59108 - "GET /api/v1/customers/mine HTTP/1.1" 200 OK
controller-1  | INFO:     172.18.0.5:59108 - "GET /api/v1/customers/mine HTTP/1.1" 200 OK
controller-1  | INFO:     172.18.0.4:57092 - "POST /api/v1/agent/telemetry HTTP/1.0" 204 No Content
controller-1  | INFO:     172.18.0.5:59118 - "GET /api/v1/overview?customer_id=4d26813b-aaa6-4be7-9b73-1730be959882 HTTP/1.1" 200 OK
controller-1  | INFO:     172.18.0.1:38788 - "POST /api/v1/auth/login HTTP/1.1" 200 OK
controller-1  | INFO:     172.18.0.1:38798 - "DELETE /api/v1/customers/4d26813b-aaa6-4be7-9b73-1730be959882/rules/64 HTTP/1.1" 204 No Content
controller-1  | INFO:     172.18.0.1:38804 - "POST /api/v1/auth/login HTTP/1.1" 200 OK
controller-1  | INFO:     172.18.0.1:38814 - "POST /api/v1/customers/4d26813b-aaa6-4be7-9b73-1730be959882/rules HTTP/1.1" 201 Created
controller-1  | INFO:     127.0.0.1:48802 - "GET /healthz HTTP/1.1" 200 OK
controller-1  | INFO:     172.18.0.4:57096 - "GET /api/v1/agent/steering?have=640 HTTP/1.0" 200 OK
controller-1  | INFO:     172.18.0.4:57108 - "GET /api/v1/agent/steering?have=562 HTTP/1.0" 200 OK
controller-1  | INFO:     172.18.0.4:57124 - "GET /api/v1/agent/steering?have=319 HTTP/1.0" 200 OK
controller-1  | INFO:     172.18.0.1:53022 - "POST /api/v1/auth/login HTTP/1.1" 200 OK
controller-1  | INFO:     172.18.0.1:53028 - "DELETE /api/v1/customers/4d26813b-aaa6-4be7-9b73-1730be959882/rules/65 HTTP/1.1" 204 No Content
-- controller containers
exaconnect-controller-1 Up 9 minutes (healthy)
exaconnect-db-1 Up 3 days (healthy)
exaconnect-proxy-1 Up 9 minutes
exaconnect-web-1 Up 31 minutes
/exaconnect-controller-1 restarts 0, started 2026-10-05T01:31:51.808083185Z, OOM killed false
/exaconnect-db-1 restarts 0, started 2026-10-01T05:06:52.589123103Z, OOM killed false
/exaconnect-proxy-1 restarts 0, started 2026-10-05T01:32:09.676011233Z, OOM killed false
/exaconnect-web-1 restarts 0, started 2026-10-05T01:09:50.874972027Z, OOM killed false
-- host
 03:41:19 up 4 days, 5 min,  0 user,  load average: 5.09, 6.93, 7.11
               total        used        free      shared  buff/cache   available
Mem:            7941        1881        4907         173        1632        6059
Swap:              0           0           0
procs -----------memory---------- ---swap-- -----io---- -system-- -------cpu-------
 r  b   swpd   free   buff  cache   si   so    bi    bo   in   cs us sy id wa st gu
 3  0      0 5023776  14768 1656616    0    0    62   256 5151   20  6 21 72  0  0  0
 5  0      0 5022724  14768 1656744    0    0     0   224 6912 9273  9 20 71  0  0  0
10  0      0 5044420  14768 1656760    0    0     0   220 5340 6437  5 21 73  0  0  0
make: *** [Makefile:102: lab-ci] Error 1
