commit 811b969: Merge main (empty starting point) into the work branch

== Lab already up; rebuilding the agent (14:40:25)

== Controller (14:41:00)
.env ready (admin: admin@exacarib.local)
time="2026-10-04T16:41:03+02:00" level=warning msg="Docker Compose is configured to build using Bake, but buildx isn't installed"
#0 building with "default" instance using docker driver

#1 [controller internal] load build definition from Dockerfile
#1 transferring dockerfile: 559B 0.0s done
#1 DONE 0.0s

#2 [controller internal] load metadata for docker.io/library/python:3.12-slim
#2 DONE 0.7s

#3 [controller internal] load .dockerignore
#3 transferring context: 2B done
#3 DONE 0.0s

#4 [controller 1/5] FROM docker.io/library/python:3.12-slim@sha256:02108f5d322dd89f1c9e552442c25acb0543dfdbc455693a5599624f20d9155d
#4 resolve docker.io/library/python:3.12-slim@sha256:02108f5d322dd89f1c9e552442c25acb0543dfdbc455693a5599624f20d9155d 0.1s done
#4 DONE 0.1s

#5 [controller internal] load build context
#5 transferring context: 3.60kB 0.0s done
#5 DONE 0.1s

#6 [controller 2/5] WORKDIR /app
#6 CACHED

#7 [controller 3/5] COPY pyproject.toml ./
#7 CACHED

#8 [controller 4/5] COPY exaconnect_controller ./exaconnect_controller
#8 CACHED

#9 [controller 5/5] RUN pip install --no-cache-dir . && mkdir -p /data && chown nobody:nogroup /data
#9 CACHED

#10 [controller] exporting to image
#10 exporting layers 0.0s done
#10 exporting manifest sha256:ba725977e4748841e4aba114dba844c41edf3ae1dfc96d11daa70ee48535650b done
#10 exporting config sha256:bf9c163cc1401526f2d2f018dc3d8617068455c6e61f5e15d95519bd6eddc9ab done
#10 exporting attestation manifest sha256:266d12bd761a8bda2bb5dd5680a827a5982d89d46a4c4acf51de587dc029c116 0.1s done
#10 exporting manifest list sha256:56e4da0eb780bac0e2597aeb5109760a7768e253977d84c7c0766cb531415bdc
#10 exporting manifest list sha256:56e4da0eb780bac0e2597aeb5109760a7768e253977d84c7c0766cb531415bdc 0.1s done
#10 naming to docker.io/library/exaconnect-controller:latest done
#10 unpacking to docker.io/library/exaconnect-controller:latest 0.0s done
#10 DONE 0.4s

#11 [controller] resolving provenance for metadata file
#11 DONE 0.0s
 controller  Built
time="2026-10-04T16:41:06+02:00" level=warning msg="Found orphan containers ([exaconnect-web-1]) for this project. If you removed or renamed this service in your compose file, you can run this command with the --remove-orphans flag to clean it up."
 Container exaconnect-db-1  Running
 Container exaconnect-controller-1  Recreate
 Container exaconnect-controller-1  Recreated
 Container exaconnect-proxy-1  Running
 Container exaconnect-db-1  Waiting
 Container exaconnect-db-1  Healthy
 Container exaconnect-controller-1  Starting
 Container exaconnect-controller-1  Started
 Container exaconnect-controller-1  Waiting
 Container exaconnect-controller-1  Healthy
 Container exaconnect-proxy-1  Waiting
 Container exaconnect-db-1  Waiting
 Container exaconnect-controller-1  Waiting
 Container exaconnect-proxy-1  Healthy
 Container exaconnect-controller-1  Healthy
 Container exaconnect-db-1  Healthy
time="2026-10-04T16:41:17+02:00" level=warning msg="Found orphan containers ([exaconnect-web-1]) for this project. If you removed or renamed this service in your compose file, you can run this command with the --remove-orphans flag to clean it up."
 Container exaconnect-proxy-1  Recreate
 Container exaconnect-proxy-1  Recreated
 Container exaconnect-proxy-1  Starting
 Container exaconnect-proxy-1  Started
 Container exaconnect-proxy-1  Waiting
 Container exaconnect-proxy-1  Healthy

== Agents (14:41:19)
pop-miami: agent stopped
site-a: agent stopped
site-b: agent stopped
pop-miami: agent started
site-a: agent started
site-b: agent started

== Public portal (14:41:25)
time="2026-10-04T16:41:25+02:00" level=warning msg="Docker Compose is configured to build using Bake, but buildx isn't installed"
#0 building with "default" instance using docker driver

#1 [controller internal] load build definition from Dockerfile
#1 transferring dockerfile: 559B done
#1 DONE 0.0s

#2 [controller internal] load metadata for docker.io/library/python:3.12-slim
#2 DONE 0.2s

#3 [controller internal] load .dockerignore
#3 transferring context: 2B 0.0s done
#3 DONE 0.0s

#4 [controller internal] load build context
#4 DONE 0.0s

#5 [controller 1/5] FROM docker.io/library/python:3.12-slim@sha256:02108f5d322dd89f1c9e552442c25acb0543dfdbc455693a5599624f20d9155d
#5 resolve docker.io/library/python:3.12-slim@sha256:02108f5d322dd89f1c9e552442c25acb0543dfdbc455693a5599624f20d9155d
#5 resolve docker.io/library/python:3.12-slim@sha256:02108f5d322dd89f1c9e552442c25acb0543dfdbc455693a5599624f20d9155d 0.2s done
#5 DONE 0.2s

#5 [controller 1/5] FROM docker.io/library/python:3.12-slim@sha256:02108f5d322dd89f1c9e552442c25acb0543dfdbc455693a5599624f20d9155d
#5 DONE 0.2s

#4 [controller internal] load build context
#4 transferring context: 3.60kB done
#4 DONE 0.0s

#6 [controller 2/5] WORKDIR /app
#6 CACHED

#7 [controller 3/5] COPY pyproject.toml ./
#7 CACHED

#8 [controller 4/5] COPY exaconnect_controller ./exaconnect_controller
#8 CACHED

#9 [controller 5/5] RUN pip install --no-cache-dir . && mkdir -p /data && chown nobody:nogroup /data
#9 CACHED

#10 [controller] exporting to image
#10 exporting layers 0.0s done
#10 exporting manifest sha256:ba725977e4748841e4aba114dba844c41edf3ae1dfc96d11daa70ee48535650b 0.0s done
#10 exporting config sha256:bf9c163cc1401526f2d2f018dc3d8617068455c6e61f5e15d95519bd6eddc9ab done
#10 exporting attestation manifest sha256:b21f0e4d0f9ca9280b6d38808390a4462b2eea7ef31e8f6b5eadb2df06384c05 0.1s done
#10 exporting manifest list sha256:7b15a2e4e26e2e0aba23c41b1ba911dd83b9d6284b83bc02023d695119ba7ec8 0.0s done
#10 naming to docker.io/library/exaconnect-controller:latest
#10 naming to docker.io/library/exaconnect-controller:latest done
#10 unpacking to docker.io/library/exaconnect-controller:latest 0.1s done
#10 DONE 0.3s

#11 [controller] resolving provenance for metadata file
#11 DONE 0.0s

#12 [web internal] load build definition from Dockerfile
#12 transferring dockerfile: 529B 0.0s done
#12 DONE 0.0s

#13 [web internal] load metadata for docker.io/library/caddy:2-alpine
#13 DONE 0.3s

#14 [web internal] load metadata for docker.io/library/node:22-alpine
#14 DONE 0.3s

#15 [web internal] load .dockerignore
#15 transferring context: 2B done
#15 DONE 0.0s

#16 [web internal] load build context
#16 DONE 0.0s

#17 [web portal 1/6] FROM docker.io/library/node:22-alpine@sha256:0a7108bf6c7bf5de370ffb1a3ed6be93d405b43ff159f681a8d18c0e2bc2e402
#17 resolve docker.io/library/node:22-alpine@sha256:0a7108bf6c7bf5de370ffb1a3ed6be93d405b43ff159f681a8d18c0e2bc2e402
#17 resolve docker.io/library/node:22-alpine@sha256:0a7108bf6c7bf5de370ffb1a3ed6be93d405b43ff159f681a8d18c0e2bc2e402 0.1s done
#17 DONE 0.1s

#18 [web stage-1 1/3] FROM docker.io/library/caddy:2-alpine@sha256:881bbc60f9986d5ab8e7cfd6cf7e4ef3c9c0439fef2429d035d065577882f028
#18 resolve docker.io/library/caddy:2-alpine@sha256:881bbc60f9986d5ab8e7cfd6cf7e4ef3c9c0439fef2429d035d065577882f028
#18 resolve docker.io/library/caddy:2-alpine@sha256:881bbc60f9986d5ab8e7cfd6cf7e4ef3c9c0439fef2429d035d065577882f028 0.1s done
#18 DONE 0.1s

#16 [web internal] load build context
#16 transferring context: 97.75kB 0.3s done
#16 DONE 0.3s

#19 [web portal 2/6] WORKDIR /src/portal
#19 CACHED

#20 [web portal 3/6] COPY portal/package.json portal/package-lock.json ./
#20 CACHED

#21 [web portal 4/6] RUN npm ci --no-audit --no-fund
#21 CACHED

#22 [web portal 5/6] COPY portal/ ./
#22 CACHED

#23 [web portal 6/6] RUN npm run build
#23 CACHED

#24 [web stage-1 2/3] COPY deploy/public/Caddyfile /etc/caddy/Caddyfile
#24 CACHED

#25 [web stage-1 3/3] COPY --from=portal /src/portal/dist /srv/portal
#25 CACHED

#26 [web] exporting to image
#26 exporting layers 0.0s done
#26 exporting manifest sha256:5d7c2f33a7b63b6951a59e382c79cd4a8af7448e2531007ba06416fe60f4a421 done
#26 exporting config sha256:d5261d3ca35845833297787872ff158d4b710e306a34191689fd4e3dce9f2bf0 done
#26 exporting attestation manifest sha256:878dd8d4d708da586b7deb2ba3cd658ff7fe41eff121207cf0d4fedf0e81ba4e 0.1s done
#26 exporting manifest list sha256:a015ab4dd1aef437af30371d1a6b87ca6530c8df8eb2c46b9cdca07264110f60 0.0s done
#26 naming to docker.io/library/exaconnect-web:latest 0.0s done
#26 unpacking to docker.io/library/exaconnect-web:latest 0.0s done
#26 DONE 0.3s

#27 [web] resolving provenance for metadata file
#27 DONE 0.0s
 controller  Built
 web  Built
 Container exaconnect-db-1  Running
 Container exaconnect-controller-1  Recreate
 Container exaconnect-controller-1  Recreated
 Container exaconnect-web-1  Recreate
 Container exaconnect-web-1  Recreated
 Container exaconnect-db-1  Waiting
 Container exaconnect-db-1  Healthy
 Container exaconnect-controller-1  Starting
 Container exaconnect-controller-1  Started
 Container exaconnect-controller-1  Waiting
 Container exaconnect-controller-1  Healthy
 Container exaconnect-web-1  Starting
 Container exaconnect-web-1  Started
 Container exaconnect-controller-1  Waiting
 Container exaconnect-web-1  Waiting
 Container exaconnect-db-1  Waiting
 Container exaconnect-db-1  Healthy
 Container exaconnect-web-1  Healthy
 Container exaconnect-controller-1  Healthy

== Waiting for tunnels, BGP and BFD (14:41:41)

== Checks (14:41:46)
-- lab/scripts/check-routing.sh
ok    site-a wg-a handshake 22s ago
ok    site-a wg-b handshake 21s ago
ok    site-a wg-sat handshake 22s ago
ok    site-b wg-a handshake 22s ago
ok    site-b wg-b handshake 22s ago
ok    site-b wg-sat handshake 22s ago
ok    pop-miami BGP 6/6 established
ok    pop-miami BFD 6/6 up
ok    site-a BGP 3/3 established
ok    site-a BFD 3/3 up
ok    site-b BGP 3/3 established
ok    site-b BFD 3/3 up
ok    lan-a -> lan-b (site-a to site-b via the PoP)
ok    lan-b -> lan-a
ok    lan-a -> lan-pop

  traceroute to 192.168.20.10 (192.168.20.10), 30 hops max, 46 byte packets
   1  192.168.10.1  0.011 ms
   2  100.64.1.1  25.514 ms
   3  100.64.1.12  71.315 ms
   4  192.168.20.10  59.679 ms
-- lab/ci/checks/m0-timing.sh
-- host timing
      clocksource kvm-clock, available: kvm-clock hpet acpi_pm 
      kernel 6.8.0-139-generic, timers: hres_active    : 1, resolution: 1 nsecs
      HZ 1000, 4 CPUs, load 6.59 4.58 3.61
      netem on carrier-a: qdisc netem 8084: root refcnt 5 limit 10000 delay 12.5ms  1ms seed 9717127554986641972
      cpuidle driver none, governor menu
      (netem asks for 25 ms on A and 35 ms on B round trip, with 2 and 4 ms jitter; min/avg/max/mdev)
      site-a to lan-a (no netem):              0.047/0.096/0.666/0.076 ms
      site-a to carrier-a router (one netem):  9.894/14.193/51.394/6.171 ms
      site-a to PoP underlay via carrier A:    22.592/28.428/92.193/8.674 ms, pipe 2
      site-a to PoP through wg-a:              22.679/41.554/233.615/33.694 ms, pipe 4
      site-a to PoP underlay via carrier B:    29.848/39.399/192.858/17.483 ms, pipe 2
-- busiest containers
      28.98% clab-exaconnect-pop-miami
      20.81% clab-exaconnect-site-a
      18.21% clab-exaconnect-site-b
      0.98% clab-exaconnect-sat
      0.84% exaconnect-db-1
      0.57% exaconnect-proxy-1
      0.49% clab-exaconnect-lan-pop
      0.48% exaconnect-controller-1
-- busiest processes
       200 ps
       9.3 uvicorn
       9.2 exa-agent
       7.8 exa-agent
       7.4 exa-agent
       6.2 sshd
       3.8 bfdd
       3.5 rcu_preempt
-- lab/ci/checks/m4-steering.sh
-- steering applied
ok    pop-miami nftables classifier
ok    pop-miami 6 steering rules
ok    site-a nftables classifier
ok    site-a 3 steering rules
ok    site-b nftables classifier
ok    site-b 3 steering rules
      voice state at start: site-a carrier-a since 2026-10-04 11:21:53.177263+00 return - -; site-b carrier-a since 2026-10-04 11:34:55.416485+00 return - -
      probe jitter, last 3 min, carrier-a avg 13.0 p95 33.5, carrier-b avg 13.8 p95 33.9, sat avg 21.0 p95 33.4
      host load 4.62 4.30 3.55 on 4 CPUs, CPU steal 0.0% over 5 s
ok    site-a voice on wg-a at start
      maps: site-a v398, pop-miami v473, site-b v241
-- brownout: carrier A loss 0 -> 3% over 180 s (demo step 2)
ok    voice moved 178 s into the ramp
      Moved voice from Carrier A to Carrier B: loss on Carrier A rising 1.3% a minute, forecast 1.7% in 60 s against a 1% SLA.
ok    moved before the 1% SLA was breached (measured 0.68%)
ok    site-a kernel sends voice on wg-b
ok    bulk stayed on carrier A (3% is under its 5% threshold)
-- hard cut of carrier B while voice is on it (demo step 3)
      voice probe stream: 1447 of 1500 received at 50 packets/s
ok    voice lost 1060 ms of packets (< 3 s)
ok    agent failover on BFD after 1 s
ok    voice on wg-a after the cut
-- recovery: restore B, classes move back only after the hold time (demo step 4)
ok    no moves in the first minute after recovery
      moves since the brownout began: 8
      14:44:50 site-b voice move: Moved voice from Carrier A to Carrier B: loss on Carrier A rising 1.3% a minute, forecast 1.7% in 60 s against a 1% SLA.
      14:45:31 site-a voice move: Moved voice from Carrier A to Carrier B: loss on Carrier A rising 0.8% a minute, forecast 1.6% in 60 s against a 1% SLA.
      14:46:22 site-a business move: Moved business from Carrier A to Carrier B: loss on Carrier A rising 1.0% a minute, forecast 2.3% in 60 s against a 2% SLA.
      14:47:03 site-b business move: Moved business from Carrier A to Carrier B: loss on Carrier A is 2.3% against a 2% SLA.
      14:47:23 site-b voice failover: Moved voice from Carrier B to Carrier A: Carrier B is down (BFD reports it down).
      14:47:23 site-b business failover: Moved business from Carrier B to Carrier A: Carrier B is down (BFD reports it down).
      14:47:23 site-a voice failover: Moved voice from Carrier B to Carrier A: Carrier B is down (BFD reports it down).
      14:47:23 site-a business failover: Moved business from Carrier B to Carrier A: Carrier B is down (BFD reports it down).
      14:47:44 site-a business hold: Kept business on Carrier A: loss on Carrier A is 2.0% against a 2% SLA, but it moved here 20 s ago (hold time 120 s).
      14:47:44 site-a voice hold: Kept voice on Carrier A: loss on Carrier A is 2.0% against a 1% SLA, but it moved here 20 s ago (hold time 120 s).
      14:47:44 site-b voice hold: Kept voice on Carrier A: loss on Carrier A is 2.0% against a 1% SLA, but it moved here 20 s ago (hold time 120 s).
      14:47:54 site-b voice hold: Kept voice on Carrier A: loss on Carrier A is 1.9% against a 1% SLA, but it moved here 30 s ago (hold time 120 s).
      14:47:54 site-a voice hold: Kept voice on Carrier A: loss on Carrier A is 1.9% against a 1% SLA, but it moved here 30 s ago (hold time 120 s).
      14:48:04 site-b voice hold: Kept voice on Carrier A: loss on Carrier A is 1.8% against a 1% SLA, but it moved here 40 s ago (hold time 120 s).
      14:48:04 site-a voice hold: Kept voice on Carrier A: loss on Carrier A is 1.9% against a 1% SLA, but it moved here 40 s ago (hold time 120 s).
      14:48:14 site-a voice hold: Kept voice on Carrier A: loss on Carrier A is 1.8% against a 1% SLA, but it moved here 51 s ago (hold time 120 s).
      14:48:14 site-b voice hold: Kept voice on Carrier A: loss on Carrier A is 1.7% against a 1% SLA, but it moved here 51 s ago (hold time 120 s).
      14:48:24 site-b voice hold: Kept voice on Carrier A: loss on Carrier A is 1.7% against a 1% SLA, but it moved here 61 s ago (hold time 120 s).
      14:48:24 site-a voice hold: Kept voice on Carrier A: loss on Carrier A is 1.7% against a 1% SLA, but it moved here 61 s ago (hold time 120 s).
      14:48:35 site-a voice hold: Kept voice on Carrier A: loss on Carrier A is 1.6% against a 1% SLA, but it moved here 71 s ago (hold time 120 s).
      14:48:35 site-b voice hold: Kept voice on Carrier A: loss on Carrier A is 1.4% against a 1% SLA, but it moved here 71 s ago (hold time 120 s).
      14:48:45 site-b voice hold: Kept voice on Carrier A: loss on Carrier A is 1.4% against a 1% SLA, but it moved here 81 s ago (hold time 120 s).
      14:48:45 site-a voice hold: Kept voice on Carrier A: loss on Carrier A is 1.4% against a 1% SLA, but it moved here 81 s ago (hold time 120 s).
-- lab/ci/checks/m5-storm.sh
-- Storm Mode on at site-a only
ok    Storm Mode switched on for site-a through the API
ok    site-a agent has the Storm Mode steering map
ok    site-b is not in Storm Mode
ok    satellite warm: 44 probes per 10 s
ok    satellite BGP established
-- both terrestrial links cut
ok    voice continues on satellite
ok    business continues on satellite
ok    bulk paused (blackhole rule)
ok    voice stream lost 2000 ms across the double cut
-- restore and switch Storm Mode off
ok    Storm Mode switched off
ok    voice and business back on terrestrial paths, bulk resumed
      Storm Mode last switched by user:admin@exacarib.local
      14:50:10 storm_off
      14:48:51 storm_on
-- lab/ci/checks/m6-metering.sh
-- traffic: 20 Mbit/s bulk (CS1, TCP) from lan-a to lan-b for 11 minutes
      bulk leaves site-a on wg-a
ok    5-minute samples with traffic for site-a
      iperf: [  5] 632.01-633.00 sec  1.50 MBytes  12.7 Mbits/sec    3    144 KBytes        [  5] 633.00-634.00 sec  2.75 MBytes  23.1 Mbits/sec    0    155 KBytes        [  5] 634.00-635.00 sec  1.38 MBytes  11.5 Mbits/sec    0    167 KBytes        [  5] 635.00-636.00 sec  2.75 MBytes  23.1 Mbits/sec  
      site-a carrier-a: samples 11, 95th in 1.410908 out 21.55776, billable 21.55776, commit 100, burst 0.000, total 400.00
ok    billable rate 21.55776 Mbps matches the ~20 Mbit/s offered
-- CSV matches the screen
ok    CSV 95th percentile 21.558 equals the screen
ok    CSV settlement total equals the screen
-- carrier view
ok    carrier user sees only Carrier A links
ok    carrier user cannot open the customer overview
-- lab/ci/checks/m7-outage.sh
-- stop the controller and the agent proxy
ok    all three agents noticed after 59 s and hold the last good state
ok    site A still reaches site B through the PoP
-- BFD failover with the controller down
ok    voice moved from wg-a to wg-b in 3.5 s, without the controller
-- start the controller again
ok    all three agents reconciled 11 s after the restart
-- lab/ci/checks/m8-ai.sh
-- hurricane watch
ok    NHC feed read from the lab host: 2 active storms
ok    example hurricane raised a warning
ok    only site-a (Kingston) is warned
      Hurricane Example (90 kt) is moving at 23 km/h on a heading of 285°. Projecting that motion forward, it passes about 92 km from site-a in about 25 h. Consider switching Storm Mode on so the satellite path is warm before the terrestrial links suffer. This is a straight-line projection; check the NHC advisory for the official forecast track.
-- disaster watch
ok    all disaster feeds read from the lab host: ptwc=2 usgs=19 events=19 failed= 
ok    example earthquake from USGS, GDACS and tsunami.gov raised one alert, for site-b only
      Magnitude 6.4 earthquake, 38 km NE of Port of Spain, Trinidad and Tobago, reported by USGS and GDACS and tsunami.gov. Latest tsunami message: Tsunami Information Statement Number 2. Sites in range: site-b 47 km (critical). Consider switching Storm Mode on for the sites marked critical, so the satellite path is warm if terrestrial links fail. Distances are straight lines from the reported location; check the source's report.
-- insights from this run
      anomaly critical: Carrier A at site-a: loss 4.57%, usually 0.00%
      anomaly critical: Carrier B at site-a: loss 8.28%, usually 0.00%
      anomaly critical: Carrier B at site-b: loss 8.28%, usually 0.00%
      anomaly critical: Carrier A at site-b: loss 4.54%, usually 0.00%
      anomaly warning: Carrier B at site-b: jitter 19.5 ms, usually 10.3 ms
      anomaly warning: Carrier A at site-a: jitter 17.2 ms, usually 9.6 ms
      anomaly warning: Satellite at site-b: jitter 32.8 ms, usually 18.4 ms
      anomaly warning: Carrier B at site-a: jitter 18.2 ms, usually 10.3 ms
      anomaly warning: Satellite at site-a: jitter 32.5 ms, usually 18.1 ms
      anomaly warning: Carrier A at site-b: jitter 16.9 ms, usually 9.5 ms
-- ask your network
ok    answered: Voice is on Carrier A at site-a now, and it last moved there at 15:02:27 UTC because BFD came up on Carrier A after a brief failover to Carrier B at 15:02:23 UTC.
-- lab/ci/checks/m9-fabric.sh
-- simulated cloud gateways
ok    AWS and Azure gateways configured
-- cloud circuits
ok    created circuits 47 (AWS) and 48 (Azure)
ok    both circuits up (IPsec and BGP) 16 s after they were created
      AWS: up, BGP Established, routes 10.100.0.0/16
ok    site-a learned the AWS VPC route from the PoP
ok    lan-a reaches the AWS VPC (10.100.0.1) through the PoP
      AWS traffic class not seen in site-a's classifier
-- cloud router
ok    AWS reaches Azure through the PoP
-- elastic bandwidth
ok    20 Mbps reached the PoP's shaper on vc47
      charges so far: [{"mbps":50,"hours":0.01},{"mbps":20,"hours":0.0}]
-- layer 2 circuit
ok    VLAN 100 at site A and VLAN 200 at site B are one segment (lan-a pings lan-b)
FAIL  layer 2 circuit status, round trip, loss: up 77.7 8.33
-- clean up
ok    deleted circuits are torn down at the PoP
-- lab/ci/checks/m9-internet.sh
-- through the PoP (the default)
FAIL  lan-a does not reach 198.51.100.1 through the PoP (exits by wg-a)
      site-a exits by: wg-a
-- firewall at the PoP
ok    a deny rule stops lan-a's pings at the PoP
ok    the rule's hits reach the portal
ok    deleting the rule lets the pings through again
-- port forward on the PoP's address
      server on lan-a:8080 answers locally
ok    a connection to 100.64.0.2:8080 from the internet reaches lan-a
ok    the internet cannot reach lan-a directly through the PoP
-- straight out at the site
ok    lan-a reaches the internet over carrier A, translated to site-a's address
ok    with carrier A cut, it leaves by carrier B within 5 s
ok    site-a reports it exits by eth2
-- clean up
ok    back through the PoP
-- lab/ci/checks/m9-order.sh
-- a layer 2 circuit ordered in plain English
      draft: {"actions":["site_circuit"],"summary":["New layer 2 circuit joining site-a and site-b, VLAN 100 at site-a and VLAN 200 at site-b, 20 Mbps."],"problems":[],"monthly_estimate":40.0}
ok    the draft reads a VLAN 100 to VLAN 200 circuit between site-a and site-b
ok    drafting changed nothing
ok    confirmed: Created circuit lab order l2.
ok    the ordered circuit carries traffic (lan-a pings lan-b over VLAN 100/200)
-- two changes in one order
      draft: {"actions":["bandwidth","internet_mode"],"summary":["Change lab order l2 from 20 to 30 Mbps, billed by the hour from now.","Send site-a's internet straight out of its own links (now through ExaCarib's PoP)."],"monthly_estimate":20.0}
ok    the draft has a bandwidth change and an internet change
ok    the circuit is now 30 Mbps
ok    site-a's internet now goes straight out (local eth3)
-- a draft with a problem
ok    a draft with VLAN 5000 says why and can't be confirmed
      AI draft (not confirmed): engine ai, [{"action":"cloud_circuit","provider":"aws","region":"us-east-1","site":"site-a","bandwidth_mbps":50}]
-- clean up
ok    circuit deleted and site-a back through the PoP
-- lab/ci/checks/m9-protection.sh
-- a resilient pair to the simulated AWS
ok    both tunnels of the pair up (IPsec and BGP)
ok    lan-a reaches the AWS VPC over the pair
-- encryption report
      summary: {"encrypted":8,"total":8}
ok    both tunnels encrypted: IKE AES_CBC-256/HMAC_SHA2_256_128/PRF_HMAC_SHA2_256/MODP_2048, ESP AES_CBC-256/HMAC_SHA2_256_128
ok    every site path is WireGuard-encrypted (6 encrypted)
-- the first tunnel fails
ok    the portal shows the first tunnel down and the second up
ok    the circuit stays up on one tunnel
ok    lan-a kept reaching the VPC: 300 of 300 pings answered (about 0.0 s lost; the BGP hold time is 30 s)
ok    the first tunnel recovers
-- DDoS protection at the PoP
ok    the internet reaches the PoP's public address
ok    the flooding source was blocked automatically ({"blocked":0,"auto":318,"flood":1,"syn":0})
ok    the blocked source can't reach the public address
ok    lifting the block lets it back in
ok    customers see the drop counts, not the addresses
-- the block list
ok    a block list entry stops the source
ok    removing it lets the source back in
-- clean up
ok    both tunnels torn down at the PoP
-- lab/ci/checks/m9-public-e2e.sh
-- API through https://connect.exacarib.com
ok    admin signs in at https://connect.exacarib.com
ok    every portal screen's data answers 200 through the public site
      settlement CSV: 200 text/csv; charset=utf-8
-- browser
ok    signed in through the browser
ok    Overview renders without errors
ok    Sites renders without errors
ok    Traffic: seen on your network renders without errors
ok    Traffic: rules renders without errors
ok    Traffic: classes renders without errors
ok    Decisions renders without errors
ok    Fabric renders without errors
ok    Internet renders without errors
ok    Order renders without errors
ok    Encryption renders without errors
ok    Metering renders without errors
ok    Insights renders without errors
ok    Ask your network renders without errors
ok    Carrier view renders without errors
ok    Account renders without errors
ok    Admin: agents renders without errors
ok    Admin: sites renders without errors
ok    Admin: classes renders without errors
ok    Admin: users renders without errors
ok    Admin: settings renders without errors
ok    Admin: partners renders without errors
ok    Admin: protection renders without errors
ok    Admin: audit renders without errors
ok    example hurricane and earthquake alerts appear on Insights
-- lab/ci/checks/m9-public.sh
ok    https://connect.exacarib.com/healthz answers on this host
ok    certificate from Let's Encrypt (issuer=C = US, O = Let's Encrypt, CN = YE1)
ok    portal served
ok    agent endpoints not served publicly
ok    API answers and needs sign-in
ok    connect.exacarib.com reachable from this host over the internet
      web container: running restarts=0
      listening on public addresses: 22 80 443 
ok    controller, database and dev portal stay private
ok    an API key works through the public address
ok    a revoked key is refused at once
-- lab/ci/checks/m9-traffic.sh
-- priority queues
ok    site-a wg-a: qdisc cake 8090: root refcnt 2 bandwidth 190Mbit diffserv4 triple-isolate nonat nowash no-
ok    site-a wg-b: qdisc cake 8091: root refcnt 2 bandwidth 95Mbit diffserv4 triple-isolate nonat nowash no-a
-- application detection: Zoom-like traffic on UDP 8801 for 4 minutes
ok    site-a reported its flows to UDP 8801
ok    recognised: Zoom meetings seen at site-a: 1 flow(s) to UDP 8801, matches Zoom meetings (calls and meetings); currently unclassified. Suggest voice (real-time priority).
ok    suggests voice
ok    applied as rule 47
ok    site-a classifies UDP 8801-8810 as voice
ok    Zoom flows now report as voice
ok    site-b is unchanged (the rule is for site-a)
-- a customer rule: a subnet and port into business
ok    site-a classifies TCP 5201 to site B as business
ok    the PoP classifies the return direction

== Diagnostics (15:12:42)
pop-miami: running
site-a: running
site-b: running
-- agent log pop-miami
time=2026-10-04T15:09:48.638Z level=INFO msg="bfd change" node=pop-miami peer=100.64.2.11 tunnel=wg-b status=down
time=2026-10-04T15:09:48.638Z level=INFO msg="bfd change" node=pop-miami peer=100.64.1.12 tunnel=wg-a status=init
time=2026-10-04T15:09:48.658Z level=INFO msg="class moved" node=pop-miami class=voice dst=192.168.10.0/24 from=carrier-b to=carrier-a why=bfd
time=2026-10-04T15:09:48.658Z level=INFO msg="class moved" node=pop-miami class=business dst=192.168.10.0/24 from=carrier-b to=carrier-a why=bfd
time=2026-10-04T15:09:48.658Z level=INFO msg="class moved" node=pop-miami class=bulk dst=192.168.10.0/24 from=carrier-b to=carrier-a why=bfd
time=2026-10-04T15:09:48.658Z level=INFO msg="class moved" node=pop-miami class=voice dst=192.168.20.0/24 from=carrier-b to=carrier-a why=bfd
time=2026-10-04T15:09:48.658Z level=INFO msg="class moved" node=pop-miami class=business dst=192.168.20.0/24 from=carrier-b to=carrier-a why=bfd
time=2026-10-04T15:09:48.658Z level=INFO msg="class moved" node=pop-miami class=bulk dst=192.168.20.0/24 from=carrier-b to=carrier-a why=bfd
time=2026-10-04T15:09:48.695Z level=INFO msg="bfd change" node=pop-miami peer=100.64.2.12 tunnel=wg-b status=init
time=2026-10-04T15:09:48.695Z level=INFO msg="bfd change" node=pop-miami peer=100.64.2.11 tunnel=wg-b status=init
time=2026-10-04T15:09:48.700Z level=INFO msg="class moved" node=pop-miami class=voice dst=192.168.10.0/24 from=carrier-a to=carrier-b why=bfd
time=2026-10-04T15:09:48.700Z level=INFO msg="class moved" node=pop-miami class=business dst=192.168.10.0/24 from=carrier-a to=carrier-b why=bfd
time=2026-10-04T15:09:48.700Z level=INFO msg="class moved" node=pop-miami class=bulk dst=192.168.10.0/24 from=carrier-a to=carrier-b why=bfd
time=2026-10-04T15:09:48.700Z level=INFO msg="class moved" node=pop-miami class=voice dst=192.168.20.0/24 from=carrier-a to=carrier-b why=bfd
time=2026-10-04T15:09:48.700Z level=INFO msg="class moved" node=pop-miami class=business dst=192.168.20.0/24 from=carrier-a to=carrier-b why=bfd
time=2026-10-04T15:09:48.700Z level=INFO msg="class moved" node=pop-miami class=bulk dst=192.168.20.0/24 from=carrier-a to=carrier-b why=bfd
time=2026-10-04T15:09:48.995Z level=INFO msg="bfd change" node=pop-miami peer=100.64.3.11 tunnel=wg-sat status=init
time=2026-10-04T15:09:49.577Z level=INFO msg="bfd change" node=pop-miami peer=100.64.2.12 tunnel=wg-b status=up
time=2026-10-04T15:09:49.577Z level=INFO msg="bfd change" node=pop-miami peer=100.64.3.12 tunnel=wg-sat status=up
time=2026-10-04T15:09:49.577Z level=INFO msg="bfd change" node=pop-miami peer=100.64.1.11 tunnel=wg-a status=up
time=2026-10-04T15:09:49.577Z level=INFO msg="bfd change" node=pop-miami peer=100.64.3.11 tunnel=wg-sat status=up
time=2026-10-04T15:09:49.577Z level=INFO msg="bfd change" node=pop-miami peer=100.64.2.11 tunnel=wg-b status=up
time=2026-10-04T15:09:49.577Z level=INFO msg="bfd change" node=pop-miami peer=100.64.1.12 tunnel=wg-a status=up
time=2026-10-04T15:11:31.473Z level=INFO msg="new steering map" node=pop-miami version=489 storm=false
time=2026-10-04T15:12:41.491Z level=INFO msg="new steering map" node=pop-miami version=491 storm=false
-- agent log site-a
time=2026-10-04T15:09:37.512Z level=INFO msg="class moved" node=site-a class=voice dst="" from=carrier-b to=bgp why=bfd
time=2026-10-04T15:09:37.512Z level=INFO msg="class moved" node=site-a class=business dst="" from=carrier-b to=bgp why=bfd
time=2026-10-04T15:09:37.512Z level=INFO msg="class moved" node=site-a class=bulk dst="" from=carrier-b to=paused why=bfd
time=2026-10-04T15:09:39.007Z level=INFO msg="bfd change" node=site-a peer=100.64.1.1 tunnel=wg-a status=up
time=2026-10-04T15:09:39.007Z level=INFO msg="bfd change" node=site-a peer=100.64.3.1 tunnel=wg-sat status=up
time=2026-10-04T15:09:39.007Z level=INFO msg="bfd change" node=site-a peer=100.64.2.1 tunnel=wg-b status=up
time=2026-10-04T15:09:39.016Z level=INFO msg="class moved" node=site-a class=voice dst="" from=bgp to=carrier-b why=bfd
time=2026-10-04T15:09:39.016Z level=INFO msg="class moved" node=site-a class=business dst="" from=bgp to=carrier-b why=bfd
time=2026-10-04T15:09:39.016Z level=INFO msg="class moved" node=site-a class=bulk dst="" from=paused to=carrier-b why=bfd
time=2026-10-04T15:09:47.558Z level=INFO msg="bfd change" node=site-a peer=100.64.1.1 tunnel=wg-a status=down
time=2026-10-04T15:09:47.561Z level=INFO msg="internet exit changed" node=site-a from=wg-a to=wg-b
time=2026-10-04T15:09:48.011Z level=INFO msg="bfd change" node=site-a peer=100.64.3.1 tunnel=wg-sat status=down
time=2026-10-04T15:09:48.011Z level=INFO msg="bfd change" node=site-a peer=100.64.2.1 tunnel=wg-b status=down
time=2026-10-04T15:09:48.026Z level=INFO msg="class moved" node=site-a class=voice dst="" from=carrier-b to=bgp why=bfd
time=2026-10-04T15:09:48.026Z level=INFO msg="class moved" node=site-a class=business dst="" from=carrier-b to=bgp why=bfd
time=2026-10-04T15:09:48.026Z level=INFO msg="class moved" node=site-a class=bulk dst="" from=carrier-b to=paused why=bfd
time=2026-10-04T15:09:48.035Z level=INFO msg="internet exit changed" node=site-a from=wg-b to=wg-a
time=2026-10-04T15:09:49.539Z level=INFO msg="bfd change" node=site-a peer=100.64.1.1 tunnel=wg-a status=up
time=2026-10-04T15:09:49.539Z level=INFO msg="bfd change" node=site-a peer=100.64.3.1 tunnel=wg-sat status=up
time=2026-10-04T15:09:49.539Z level=INFO msg="bfd change" node=site-a peer=100.64.2.1 tunnel=wg-b status=up
time=2026-10-04T15:09:49.561Z level=INFO msg="class moved" node=site-a class=voice dst="" from=bgp to=carrier-b why=bfd
time=2026-10-04T15:09:49.562Z level=INFO msg="class moved" node=site-a class=business dst="" from=bgp to=carrier-b why=bfd
time=2026-10-04T15:09:49.562Z level=INFO msg="class moved" node=site-a class=bulk dst="" from=paused to=carrier-b why=bfd
time=2026-10-04T15:11:30.973Z level=INFO msg="new steering map" node=site-a version=416 storm=false
time=2026-10-04T15:12:41.040Z level=INFO msg="new steering map" node=site-a version=418 storm=false
-- agent log site-b
time=2026-10-04T15:09:37.653Z level=INFO msg="bfd change" node=site-b peer=100.64.3.1 tunnel=wg-sat status=down
time=2026-10-04T15:09:37.663Z level=INFO msg="class moved" node=site-b class=voice dst="" from=carrier-b to=bgp why=bfd
time=2026-10-04T15:09:37.663Z level=INFO msg="class moved" node=site-b class=business dst="" from=carrier-b to=bgp why=bfd
time=2026-10-04T15:09:37.663Z level=INFO msg="class moved" node=site-b class=bulk dst="" from=carrier-b to=paused why=bfd
time=2026-10-04T15:09:39.051Z level=INFO msg="bfd change" node=site-b peer=100.64.1.1 tunnel=wg-a status=up
time=2026-10-04T15:09:39.051Z level=INFO msg="bfd change" node=site-b peer=100.64.2.1 tunnel=wg-b status=up
time=2026-10-04T15:09:39.051Z level=INFO msg="bfd change" node=site-b peer=100.64.3.1 tunnel=wg-sat status=up
time=2026-10-04T15:09:39.055Z level=INFO msg="class moved" node=site-b class=voice dst="" from=bgp to=carrier-b why=bfd
time=2026-10-04T15:09:39.055Z level=INFO msg="class moved" node=site-b class=business dst="" from=bgp to=carrier-b why=bfd
time=2026-10-04T15:09:39.055Z level=INFO msg="class moved" node=site-b class=bulk dst="" from=paused to=carrier-b why=bfd
time=2026-10-04T15:09:47.609Z level=INFO msg="bfd change" node=site-b peer=100.64.1.1 tunnel=wg-a status=down
time=2026-10-04T15:09:47.618Z level=INFO msg="internet exit changed" node=site-b from=wg-a to=wg-b
time=2026-10-04T15:09:48.067Z level=INFO msg="bfd change" node=site-b peer=100.64.2.1 tunnel=wg-b status=down
time=2026-10-04T15:09:48.067Z level=INFO msg="bfd change" node=site-b peer=100.64.3.1 tunnel=wg-sat status=down
time=2026-10-04T15:09:48.072Z level=INFO msg="class moved" node=site-b class=voice dst="" from=carrier-b to=bgp why=bfd
time=2026-10-04T15:09:48.072Z level=INFO msg="class moved" node=site-b class=business dst="" from=carrier-b to=bgp why=bfd
time=2026-10-04T15:09:48.072Z level=INFO msg="class moved" node=site-b class=bulk dst="" from=carrier-b to=paused why=bfd
time=2026-10-04T15:09:48.076Z level=INFO msg="internet exit changed" node=site-b from=wg-b to=wg-a
time=2026-10-04T15:09:49.575Z level=INFO msg="bfd change" node=site-b peer=100.64.1.1 tunnel=wg-a status=up
time=2026-10-04T15:09:49.575Z level=INFO msg="bfd change" node=site-b peer=100.64.2.1 tunnel=wg-b status=up
time=2026-10-04T15:09:49.575Z level=INFO msg="bfd change" node=site-b peer=100.64.3.1 tunnel=wg-sat status=up
time=2026-10-04T15:09:49.580Z level=INFO msg="class moved" node=site-b class=voice dst="" from=bgp to=carrier-b why=bfd
time=2026-10-04T15:09:49.580Z level=INFO msg="class moved" node=site-b class=business dst="" from=bgp to=carrier-b why=bfd
time=2026-10-04T15:09:49.580Z level=INFO msg="class moved" node=site-b class=bulk dst="" from=paused to=carrier-b why=bfd
time=2026-10-04T15:12:41.592Z level=INFO msg="new steering map" node=site-b version=248 storm=false
-- controller log
controller-1  | INFO:     172.18.0.4:37304 - "GET /api/v1/agent/steering?have=489 HTTP/1.0" 204 No Content
controller-1  | INFO:     172.18.0.4:37318 - "POST /api/v1/agent/telemetry HTTP/1.0" 204 No Content
controller-1  | INFO:     172.18.0.4:37330 - "GET /api/v1/agent/steering?have=247 HTTP/1.0" 204 No Content
controller-1  | INFO:     172.18.0.4:37336 - "POST /api/v1/agent/telemetry HTTP/1.0" 204 No Content
controller-1  | INFO:     127.0.0.1:60944 - "GET /healthz HTTP/1.1" 200 OK
controller-1  | INFO:     172.18.0.4:37338 - "GET /api/v1/agent/steering?have=416 HTTP/1.0" 204 No Content
controller-1  | INFO:     172.18.0.4:37348 - "GET /api/v1/agent/steering?have=489 HTTP/1.0" 204 No Content
controller-1  | INFO:     172.18.0.4:37350 - "GET /api/v1/agent/steering?have=247 HTTP/1.0" 204 No Content
controller-1  | INFO:     127.0.0.1:60948 - "GET /healthz HTTP/1.1" 200 OK
controller-1  | INFO:     172.18.0.4:37366 - "GET /api/v1/agent/desired-state?have=133 HTTP/1.0" 204 No Content
controller-1  | INFO:     172.18.0.4:37380 - "GET /api/v1/agent/steering?have=416 HTTP/1.0" 204 No Content
controller-1  | INFO:     172.18.0.4:37390 - "POST /api/v1/agent/telemetry HTTP/1.0" 204 No Content
controller-1  | INFO:     172.18.0.4:37392 - "GET /api/v1/agent/desired-state?have=162 HTTP/1.0" 204 No Content
controller-1  | INFO:     172.18.0.4:38742 - "GET /api/v1/agent/desired-state?have=55 HTTP/1.0" 204 No Content
controller-1  | INFO:     172.18.0.4:38750 - "POST /api/v1/agent/telemetry HTTP/1.0" 204 No Content
controller-1  | INFO:     172.18.0.4:38774 - "GET /api/v1/agent/steering?have=489 HTTP/1.0" 204 No Content
controller-1  | INFO:     172.18.0.4:38758 - "POST /api/v1/agent/telemetry HTTP/1.0" 204 No Content
controller-1  | INFO:     172.18.0.4:38790 - "GET /api/v1/agent/steering?have=247 HTTP/1.0" 204 No Content
controller-1  | INFO:     127.0.0.1:40034 - "GET /healthz HTTP/1.1" 200 OK
controller-1  | INFO:     172.18.0.4:38796 - "GET /api/v1/agent/steering?have=416 HTTP/1.0" 204 No Content
controller-1  | INFO:     172.18.0.4:38804 - "GET /api/v1/agent/steering?have=489 HTTP/1.0" 204 No Content
controller-1  | INFO:     172.18.0.4:38806 - "GET /api/v1/agent/steering?have=247 HTTP/1.0" 204 No Content
controller-1  | INFO:     127.0.0.1:40040 - "GET /healthz HTTP/1.1" 200 OK
controller-1  | INFO:     172.18.0.4:38816 - "GET /api/v1/agent/desired-state?have=133 HTTP/1.0" 204 No Content
controller-1  | INFO:     172.18.0.4:38818 - "POST /api/v1/agent/telemetry HTTP/1.0" 204 No Content
controller-1  | INFO:     172.18.0.4:38832 - "GET /api/v1/agent/steering?have=416 HTTP/1.0" 204 No Content
controller-1  | INFO:     172.18.0.4:38848 - "GET /api/v1/agent/desired-state?have=162 HTTP/1.0" 204 No Content
controller-1  | INFO:     172.18.0.4:54258 - "GET /api/v1/agent/desired-state?have=55 HTTP/1.0" 204 No Content
controller-1  | INFO:     172.18.0.4:54268 - "GET /api/v1/agent/steering?have=489 HTTP/1.0" 204 No Content
controller-1  | INFO:     172.18.0.4:54280 - "POST /api/v1/agent/telemetry HTTP/1.0" 204 No Content
controller-1  | INFO:     172.18.0.4:54282 - "POST /api/v1/agent/telemetry HTTP/1.0" 204 No Content
controller-1  | INFO:     172.18.0.4:54298 - "GET /api/v1/agent/steering?have=247 HTTP/1.0" 204 No Content
controller-1  | INFO:     127.0.0.1:54516 - "GET /healthz HTTP/1.1" 200 OK
controller-1  | INFO:     172.18.0.4:54302 - "GET /api/v1/agent/steering?have=416 HTTP/1.0" 204 No Content
controller-1  | INFO:     172.18.0.4:54304 - "GET /api/v1/agent/steering?have=489 HTTP/1.0" 204 No Content
controller-1  | INFO:     172.18.0.4:54310 - "GET /api/v1/agent/steering?have=247 HTTP/1.0" 204 No Content
controller-1  | INFO:     127.0.0.1:54520 - "GET /healthz HTTP/1.1" 200 OK
controller-1  | INFO:     172.18.0.4:54316 - "GET /api/v1/agent/desired-state?have=133 HTTP/1.0" 204 No Content
controller-1  | INFO:     172.18.0.4:54328 - "POST /api/v1/agent/telemetry HTTP/1.0" 204 No Content
controller-1  | INFO:     172.18.0.4:54330 - "GET /api/v1/agent/steering?have=416 HTTP/1.0" 204 No Content
controller-1  | INFO:     172.18.0.4:54342 - "GET /api/v1/agent/desired-state?have=162 HTTP/1.0" 204 No Content
controller-1  | INFO:     172.18.0.4:32770 - "GET /api/v1/agent/desired-state?have=55 HTTP/1.0" 204 No Content
controller-1  | INFO:     172.18.0.4:32782 - "POST /api/v1/agent/telemetry HTTP/1.0" 204 No Content
controller-1  | INFO:     172.18.0.4:32788 - "POST /api/v1/agent/telemetry HTTP/1.0" 204 No Content
controller-1  | INFO:     172.18.0.4:32802 - "GET /api/v1/agent/steering?have=489 HTTP/1.0" 204 No Content
controller-1  | INFO:     172.18.0.4:32818 - "GET /api/v1/agent/steering?have=247 HTTP/1.0" 204 No Content
controller-1  | INFO:     172.18.0.1:41946 - "POST /api/v1/auth/login HTTP/1.1" 200 OK
controller-1  | INFO:     172.18.0.1:41948 - "DELETE /api/v1/customers/4d26813b-aaa6-4be7-9b73-1730be959882/rules/47 HTTP/1.1" 204 No Content
controller-1  | INFO:     172.18.0.1:41962 - "POST /api/v1/auth/login HTTP/1.1" 200 OK
controller-1  | INFO:     172.18.0.1:41966 - "POST /api/v1/customers/4d26813b-aaa6-4be7-9b73-1730be959882/rules HTTP/1.1" 201 Created
controller-1  | INFO:     172.18.0.5:35408 - "GET /api/v1/version HTTP/1.1" 200 OK
controller-1  | INFO:     172.18.0.5:35368 - "GET /api/v1/customers/mine HTTP/1.1" 200 OK
controller-1  | INFO:     172.18.0.5:35380 - "GET /api/v1/insights?customer_id=4d26813b-aaa6-4be7-9b73-1730be959882 HTTP/1.1" 200 OK
controller-1  | INFO:     172.18.0.5:35396 - "GET /api/v1/overview HTTP/1.1" 200 OK
controller-1  | INFO:     127.0.0.1:35116 - "GET /healthz HTTP/1.1" 200 OK
controller-1  | INFO:     172.18.0.4:32824 - "GET /api/v1/agent/steering?have=416 HTTP/1.0" 200 OK
controller-1  | INFO:     172.18.0.4:32840 - "GET /api/v1/agent/steering?have=489 HTTP/1.0" 200 OK
controller-1  | INFO:     172.18.0.4:32850 - "GET /api/v1/agent/steering?have=247 HTTP/1.0" 200 OK
controller-1  | INFO:     172.18.0.1:41972 - "POST /api/v1/auth/login HTTP/1.1" 200 OK
controller-1  | INFO:     172.18.0.1:41986 - "DELETE /api/v1/customers/4d26813b-aaa6-4be7-9b73-1730be959882/rules/48 HTTP/1.1" 204 No Content
-- controller containers
exaconnect-controller-1 Up 10 minutes (healthy)
exaconnect-db-1 Up 3 days (healthy)
exaconnect-proxy-1 Up 10 minutes
exaconnect-web-1 Up 31 minutes
/exaconnect-controller-1 restarts 0, started 2026-10-04T15:02:28.379804948Z, OOM killed false
/exaconnect-db-1 restarts 0, started 2026-10-01T05:06:52.589123103Z, OOM killed false
/exaconnect-proxy-1 restarts 0, started 2026-10-04T15:02:37.43979784Z, OOM killed false
/exaconnect-web-1 restarts 0, started 2026-10-04T14:41:39.777867463Z, OOM killed false
-- host
 17:12:45 up 3 days, 13:37,  0 user,  load average: 3.44, 3.81, 4.80
               total        used        free      shared  buff/cache   available
Mem:            7941        1819        4922         159        1664        6121
Swap:              0           0           0
procs -----------memory---------- ---swap-- -----io---- -system-- -------cpu-------
 r  b   swpd   free   buff  cache   si   so    bi    bo   in   cs us sy id wa st gu
 1  0      0 5041132  19132 1685476    0    0    57   253 5116   19  6 21 73  0  0  0
 8  0      0 5053208  19132 1685552    0    0     0   164 4798 6728 11 23 64  1  0  0
 0  0      0 5060272  19132 1685560    0    0     0   296 5793 8182  8 27 64  1  0  0
make: *** [Makefile:102: lab-ci] Error 1
