commit 83a2ccc: Lab: test the port forward with iperf3, with diagnostics

== Lab already up; rebuilding the agent (02:26:14)

== Controller (02:26:55)
.env ready (admin: admin@exacarib.local)
time="2026-10-04T04:26:56+02:00" level=warning msg="Docker Compose is configured to build using Bake, but buildx isn't installed"
#0 building with "default" instance using docker driver

#1 [controller internal] load build definition from Dockerfile
#1 transferring dockerfile: 559B done
#1 DONE 0.0s

#2 [controller internal] load metadata for docker.io/library/python:3.12-slim
#2 DONE 0.3s

#3 [controller internal] load .dockerignore
#3 transferring context: 2B done
#3 DONE 0.0s

#4 [controller internal] load build context
#4 DONE 0.0s

#5 [controller 1/5] FROM docker.io/library/python:3.12-slim@sha256:dddfd7e07f9d15aeeca61529320492139d21cac7f0070c00609243e51e4e0016
#5 resolve docker.io/library/python:3.12-slim@sha256:dddfd7e07f9d15aeeca61529320492139d21cac7f0070c00609243e51e4e0016 0.1s done
#5 DONE 0.1s

#4 [controller internal] load build context
#4 transferring context: 3.32kB 0.0s done
#4 DONE 0.1s

#6 [controller 4/5] COPY exaconnect_controller ./exaconnect_controller
#6 CACHED

#7 [controller 2/5] WORKDIR /app
#7 CACHED

#8 [controller 3/5] COPY pyproject.toml ./
#8 CACHED

#9 [controller 5/5] RUN pip install --no-cache-dir . && mkdir -p /data && chown nobody:nogroup /data
#9 CACHED

#10 [controller] exporting to image
#10 exporting layers 0.0s done
#10 exporting manifest sha256:273ec1f89ef47fc5b5bf237db0a3ea353ac8a08a9b0dcd31fc846c875160ff9e done
#10 exporting config sha256:2960bce5aa63756fb20fcad7716a3a24787889e309f87c258d26a66d11efc63e done
#10 exporting attestation manifest sha256:2e5b9cfcad9152631f17988a782e49577566dbe17bbac8aa7937c368d127b725
#10 exporting attestation manifest sha256:2e5b9cfcad9152631f17988a782e49577566dbe17bbac8aa7937c368d127b725 0.0s done
#10 exporting manifest list sha256:c07d8ceca67c123f042dc441d27bc56c23eb0b23193c485ac7e2185045d1d26f 0.1s done
#10 naming to docker.io/library/exaconnect-controller:latest
#10 naming to docker.io/library/exaconnect-controller:latest 0.0s done
#10 unpacking to docker.io/library/exaconnect-controller:latest 0.0s done
#10 DONE 0.2s

#11 [controller] resolving provenance for metadata file
#11 DONE 0.0s
 controller  Built
time="2026-10-04T04:26:58+02:00" level=warning msg="Found orphan containers ([exaconnect-web-1]) for this project. If you removed or renamed this service in your compose file, you can run this command with the --remove-orphans flag to clean it up."
 Container exaconnect-db-1  Running
 Container exaconnect-controller-1  Recreate
 Container exaconnect-controller-1  Recreated
 Container exaconnect-proxy-1  Running
 Container exaconnect-db-1  Waiting
 Container exaconnect-db-1  Healthy
 Container exaconnect-controller-1  Starting
 Container exaconnect-controller-1  Started
 Container exaconnect-controller-1  Waiting
 Container exaconnect-controller-1  Healthy
 Container exaconnect-controller-1  Waiting
 Container exaconnect-proxy-1  Waiting
 Container exaconnect-db-1  Waiting
 Container exaconnect-controller-1  Healthy
 Container exaconnect-db-1  Healthy
 Container exaconnect-proxy-1  Healthy
time="2026-10-04T04:27:08+02:00" level=warning msg="Found orphan containers ([exaconnect-web-1]) for this project. If you removed or renamed this service in your compose file, you can run this command with the --remove-orphans flag to clean it up."
 Container exaconnect-proxy-1  Recreate
 Container exaconnect-proxy-1  Recreated
 Container exaconnect-proxy-1  Starting
 Container exaconnect-proxy-1  Started
 Container exaconnect-proxy-1  Waiting
 Container exaconnect-proxy-1  Healthy

== Agents (02:27:11)
pop-miami: agent stopped
site-a: agent stopped
site-b: agent stopped
pop-miami: agent started
site-a: agent started
site-b: agent started

== Public portal (02:27:17)
time="2026-10-04T04:27:18+02:00" level=warning msg="Docker Compose is configured to build using Bake, but buildx isn't installed"
#0 building with "default" instance using docker driver

#1 [controller internal] load build definition from Dockerfile
#1 transferring dockerfile: 559B done
#1 DONE 0.1s

#2 [controller internal] load metadata for docker.io/library/python:3.12-slim
#2 DONE 0.2s

#3 [controller internal] load .dockerignore
#3 transferring context: 2B done
#3 DONE 0.0s

#4 [controller internal] load build context
#4 DONE 0.0s

#5 [controller 1/5] FROM docker.io/library/python:3.12-slim@sha256:dddfd7e07f9d15aeeca61529320492139d21cac7f0070c00609243e51e4e0016
#5 resolve docker.io/library/python:3.12-slim@sha256:dddfd7e07f9d15aeeca61529320492139d21cac7f0070c00609243e51e4e0016 0.0s done
#5 DONE 0.0s

#4 [controller internal] load build context
#4 transferring context: 3.32kB done
#4 DONE 0.0s

#6 [controller 2/5] WORKDIR /app
#6 CACHED

#7 [controller 3/5] COPY pyproject.toml ./
#7 CACHED

#8 [controller 4/5] COPY exaconnect_controller ./exaconnect_controller
#8 CACHED

#9 [controller 5/5] RUN pip install --no-cache-dir . && mkdir -p /data && chown nobody:nogroup /data
#9 CACHED

#10 [controller] exporting to image
#10 exporting layers done
#10 exporting manifest sha256:273ec1f89ef47fc5b5bf237db0a3ea353ac8a08a9b0dcd31fc846c875160ff9e done
#10 exporting config sha256:2960bce5aa63756fb20fcad7716a3a24787889e309f87c258d26a66d11efc63e done
#10 exporting attestation manifest sha256:72496bc0e15634572e97def1d3680c5debb67c30f465b9f788121c76fb431fc4 0.0s done
#10 exporting manifest list sha256:1f3c3d08a7c1bdd21ecf0aa21b5f78aedee46d8b559ba81bc4e79c5864dc5f41
#10 exporting manifest list sha256:1f3c3d08a7c1bdd21ecf0aa21b5f78aedee46d8b559ba81bc4e79c5864dc5f41 0.0s done
#10 naming to docker.io/library/exaconnect-controller:latest done
#10 unpacking to docker.io/library/exaconnect-controller:latest 0.0s done
#10 DONE 0.2s

#11 [controller] resolving provenance for metadata file
#11 DONE 0.0s

#12 [web internal] load build definition from Dockerfile
#12 transferring dockerfile: 529B 0.0s done
#12 DONE 0.0s

#13 [web internal] load metadata for docker.io/library/caddy:2-alpine
#13 DONE 0.5s

#14 [web internal] load metadata for docker.io/library/node:22-alpine
#14 DONE 0.5s

#15 [web internal] load .dockerignore
#15 transferring context: 2B done
#15 DONE 0.0s

#16 [web internal] load build context
#16 DONE 0.0s

#17 [web portal 1/6] FROM docker.io/library/node:22-alpine@sha256:0a7108bf6c7bf5de370ffb1a3ed6be93d405b43ff159f681a8d18c0e2bc2e402
#17 resolve docker.io/library/node:22-alpine@sha256:0a7108bf6c7bf5de370ffb1a3ed6be93d405b43ff159f681a8d18c0e2bc2e402 0.1s done
#17 DONE 0.1s

#18 [web stage-1 1/3] FROM docker.io/library/caddy:2-alpine@sha256:881bbc60f9986d5ab8e7cfd6cf7e4ef3c9c0439fef2429d035d065577882f028
#18 resolve docker.io/library/caddy:2-alpine@sha256:881bbc60f9986d5ab8e7cfd6cf7e4ef3c9c0439fef2429d035d065577882f028 0.1s done
#18 DONE 0.1s

#16 [web internal] load build context
#16 transferring context: 97.50kB 0.3s done
#16 DONE 0.3s

#19 [web portal 3/6] COPY portal/package.json portal/package-lock.json ./
#19 CACHED

#20 [web portal 4/6] RUN npm ci --no-audit --no-fund
#20 CACHED

#21 [web portal 5/6] COPY portal/ ./
#21 CACHED

#22 [web portal 6/6] RUN npm run build
#22 CACHED

#23 [web portal 2/6] WORKDIR /src/portal
#23 CACHED

#24 [web stage-1 2/3] COPY deploy/public/Caddyfile /etc/caddy/Caddyfile
#24 CACHED

#25 [web stage-1 3/3] COPY --from=portal /src/portal/dist /srv/portal
#25 CACHED

#26 [web] exporting to image
#26 exporting layers done
#26 exporting manifest sha256:a2d74fd6413452c4446d7242c7b70b12319b6f2380368df86748194626c235dd done
#26 exporting config sha256:7846c70a172cb056bbb75735a7ae296278957e861a18099c0db054ddebc6c3f0 0.0s done
#26 exporting attestation manifest sha256:4e4145e15a0bd8bd467431dba4c2b4dfd5abec78dc93774da82484cd1ed34142
#26 exporting attestation manifest sha256:4e4145e15a0bd8bd467431dba4c2b4dfd5abec78dc93774da82484cd1ed34142 0.1s done
#26 exporting manifest list sha256:1a630df71cfb35ce11d77fd09e753d3a4618d07de009872b95de3b8f572b662d 0.0s done
#26 naming to docker.io/library/exaconnect-web:latest
#26 naming to docker.io/library/exaconnect-web:latest done
#26 unpacking to docker.io/library/exaconnect-web:latest 0.0s done
#26 DONE 1.2s

#27 [web] resolving provenance for metadata file
#27 DONE 0.0s
 controller  Built
 web  Built
 Container exaconnect-db-1  Running
 Container exaconnect-controller-1  Recreate
 Container exaconnect-controller-1  Recreated
 Container exaconnect-web-1  Recreate
 Container exaconnect-web-1  Recreated
 Container exaconnect-db-1  Waiting
 Container exaconnect-db-1  Healthy
 Container exaconnect-controller-1  Starting
 Container exaconnect-controller-1  Started
 Container exaconnect-controller-1  Waiting
 Container exaconnect-controller-1  Healthy
 Container exaconnect-web-1  Starting
 Container exaconnect-web-1  Started
 Container exaconnect-web-1  Waiting
 Container exaconnect-db-1  Waiting
 Container exaconnect-controller-1  Waiting
 Container exaconnect-controller-1  Healthy
 Container exaconnect-db-1  Healthy
 Container exaconnect-web-1  Healthy

== Waiting for tunnels, BGP and BFD (02:27:33)

== Checks (02:27:38)
-- lab/scripts/check-routing.sh
ok    site-a wg-a handshake 22s ago
ok    site-a wg-b handshake 22s ago
ok    site-a wg-sat handshake 22s ago
ok    site-b wg-a handshake 22s ago
ok    site-b wg-b handshake 22s ago
ok    site-b wg-sat handshake 22s ago
ok    pop-miami BGP 6/6 established
ok    pop-miami BFD 6/6 up
ok    site-a BGP 3/3 established
ok    site-a BFD 3/3 up
ok    site-b BGP 3/3 established
ok    site-b BFD 3/3 up
ok    lan-a -> lan-b (site-a to site-b via the PoP)
ok    lan-b -> lan-a
ok    lan-a -> lan-pop

  traceroute to 192.168.20.10 (192.168.20.10), 30 hops max, 46 byte packets
   1  192.168.10.1  0.018 ms
   2  100.64.1.1  25.309 ms
   3  100.64.1.12  49.606 ms
   4  192.168.20.10  55.618 ms
-- lab/ci/checks/m0-timing.sh
-- host timing
      clocksource kvm-clock, available: kvm-clock hpet acpi_pm 
      kernel 6.8.0-139-generic, timers: hres_active    : 1, resolution: 1 nsecs
      HZ 1000, 4 CPUs, load 6.21 6.64 6.55
      netem on carrier-a: qdisc netem 806a: root refcnt 5 limit 10000 delay 12.5ms  1ms seed 13662840560583057523
      cpuidle driver none, governor menu
      (netem asks for 25 ms on A and 35 ms on B round trip, with 2 and 4 ms jitter; min/avg/max/mdev)
      site-a to lan-a (no netem):              0.047/0.199/6.987/0.745 ms
      site-a to carrier-a router (one netem):  9.567/15.945/251.601/23.950 ms
      site-a to PoP underlay via carrier A:    20.822/28.013/89.214/7.569 ms, pipe 2
      site-a to PoP through wg-a:              22.984/34.628/197.111/21.778 ms, pipe 2
      site-a to PoP underlay via carrier B:    28.464/36.999/63.274/4.587 ms, pipe 2
-- busiest containers
      18.69% clab-exaconnect-pop-miami
      18.36% clab-exaconnect-site-a
      12.01% clab-exaconnect-site-b
      5.94% exaconnect-db-1
      4.68% exaconnect-controller-1
      0.62% exaconnect-proxy-1
      0.30% clab-exaconnect-sat
      0.27% clab-exaconnect-carrier-a
-- busiest processes
       300 ps
      10.1 exa-agent
       7.9 exa-agent
       7.9 uvicorn
       7.8 exa-agent
       3.3 rcu_preempt
       3.2 bfdd
       3.1 kworker/1:1-wg-crypt-wg-a
-- lab/ci/checks/m4-steering.sh
-- steering applied
ok    pop-miami nftables classifier
ok    pop-miami 6 steering rules
ok    site-a nftables classifier
ok    site-a 3 steering rules
ok    site-b nftables classifier
ok    site-b 3 steering rules
      voice state at start: site-a carrier-b since 2026-10-04 02:17:59.890869+00 return carrier-a 2026-10-04 02:27:39.138072+00; site-b carrier-b since 2026-10-04 02:09:35.758539+00 return carrier-a 2026-10-04 02:28:09.777688+00
      probe jitter, last 3 min, carrier-a avg 16.0 p95 34.3, carrier-b avg 17.8 p95 37.5, sat avg 34.7 p95 70.6
      host load 4.92 6.24 6.42 on 4 CPUs, CPU steal 0.0% over 5 s
FAIL  site-a voice on 'wg-b' (controller: carrier-b) at start, want wg-a
      state: carrier-b since 2026-10-04 02:17:59.890869+00 return carrier-a 2026-10-04 02:32:13.639818+00 note - updated 2026-10-04 02:36:17.139131+00
      voice class: preferred none, priority realtime
      2026-10-04 02:21:23.556006+00|hold|Kept voice on Carrier B: it is down (BFD reports it down) and no other path is up.
      2026-10-04 02:20:02.564053+00|hold|Kept voice on Carrier B: it is down (BFD reports it down) and no other path is up.
      2026-10-04 02:17:59.891353+00|move|Moved voice from Carrier A to Carrier B: loss on Carrier A is 2.2% against a 1% SLA.
      2026-10-04 02:10:26.762736+00|hold|Kept voice on Carrier A: jitter on Carrier A is 36 ms against a 30 ms SLA, but no other path is forecast within SLA.
      probe jitter, last 3 min, carrier-a avg 12.1 p95 20.7, carrier-b avg 12.5 p95 21.7, sat avg 27.0 p95 50.6
      host load 2.75 4.13 5.40, CPU steal 0.0% over 5 s
      probes carrier-a: sent 3561 lost 0 rtt 38.4 jitter 12.0
      probes carrier-b: sent 3555 lost 0 rtt 48.5 jitter 12.2
      probes sat: sent 180 lost 1 rtt 64.5 jitter 26.1
      maps: pop-miami v334, site-a v270, site-b v171
-- brownout: carrier A loss 0 -> 3% over 180 s (demo step 2)
SKIP  brownout: voice was not on carrier A to start with (see above)
-- hard cut of carrier B while voice is on it (demo step 3)
      voice probe stream: 1445 of 1500 received at 50 packets/s
ok    voice lost 1100 ms of packets (< 3 s)
ok    agent failover on BFD after 2 s
ok    voice on wg-a after the cut
-- recovery: restore B, classes move back only after the hold time (demo step 4)
ok    no moves in the first minute after recovery
lab/ci/checks/m4-steering.sh: line 146: t0: unbound variable
      moves since the brownout began: 
lab/ci/checks/m4-steering.sh: line 149: t0: unbound variable
-- lab/ci/checks/m5-storm.sh
-- Storm Mode on at site-a only
ok    Storm Mode switched on for site-a through the API
ok    site-a agent has the Storm Mode steering map
ok    site-b is not in Storm Mode
ok    satellite warm: 34 probes per 10 s
ok    satellite BGP established
-- both terrestrial links cut
ok    voice continues on satellite
ok    business continues on satellite
ok    bulk paused (blackhole rule)
ok    voice stream lost 1820 ms across the double cut
-- restore and switch Storm Mode off
ok    Storm Mode switched off
ok    voice and business back on terrestrial paths, bulk resumed
      Storm Mode last switched by user:admin@exacarib.local
      02:39:37 storm_off
      02:38:21 storm_on
-- lab/ci/checks/m6-metering.sh
-- traffic: 20 Mbit/s bulk (CS1, TCP) from lan-a to lan-b for 11 minutes
      bulk leaves site-a on wg-a
ok    5-minute samples with traffic for site-a
      iperf: [  5]   0.00-660.00 sec  1.53 GBytes  19.9 Mbits/sec  3317             sender [  5]   0.00-660.07 sec  1.52 GBytes  19.8 Mbits/sec                  receiver  iperf Done. 
      site-a carrier-a: samples 11, 95th in 1.71081 out 26.508103, billable 26.508103, commit 100, burst 0.000, total 400.00
ok    billable rate 26.508103 Mbps matches the ~20 Mbit/s offered
-- CSV matches the screen
ok    CSV 95th percentile 26.508 equals the screen
ok    CSV settlement total equals the screen
-- carrier view
ok    carrier user sees only Carrier A links
ok    carrier user cannot open the customer overview
-- lab/ci/checks/m7-outage.sh
-- stop the controller and the agent proxy
ok    all three agents noticed after 60 s and hold the last good state
ok    site A still reaches site B through the PoP
-- BFD failover with the controller down
ok    voice moved from wg-a to wg-b in 2.9 s, without the controller
-- start the controller again
ok    all three agents reconciled 15 s after the restart
-- lab/ci/checks/m8-ai.sh
-- hurricane watch
ok    NHC feed read from the lab host: 2 active storms
ok    example hurricane raised a warning
ok    only site-a (Kingston) is warned
      Hurricane Example (90 kt) is moving at 23 km/h on a heading of 285°. Projecting that motion forward, it passes about 92 km from site-a in about 25 h. Consider switching Storm Mode on so the satellite path is warm before the terrestrial links suffer. This is a straight-line projection; check the NHC advisory for the official forecast track.
-- disaster watch
ok    all disaster feeds read from the lab host: ptwc=2 usgs=11 events=11 failed= 
ok    example earthquake from USGS, GDACS and tsunami.gov raised one alert, for site-b only
      Magnitude 6.4 earthquake, 38 km NE of Port of Spain, Trinidad and Tobago, reported by USGS and GDACS and tsunami.gov. Latest tsunami message: Tsunami Information Statement Number 2. Sites in range: site-b 47 km (critical). Consider switching Storm Mode on for the sites marked critical, so the satellite path is warm if terrestrial links fail. Distances are straight lines from the reported location; check the source's report.
-- insights from this run
      anomaly critical: Carrier B at site-b: loss 7.97%, usually 0.00%
      anomaly critical: Carrier A at site-b: loss 3.96%, usually 0.00%
      anomaly critical: Carrier A at site-a: loss 4.17%, usually 0.00%
      anomaly critical: Carrier B at site-a: loss 8.06%, usually 0.00%
      hazard critical: Example data: Magnitude 6.4 earthquake, 38 km NE of Port of Spain, Trinidad and Tobago: 47 km from site-b
      storm_warning critical: Example data: Hurricane Example may pass 92 km from site-a in about 25 h
      storm_warning critical: Example data: Hurricane Example may pass 92 km from site-a in about 25 h
      anomaly critical: Carrier B at site-a: loss 3.69%, usually 0.00%
      anomaly critical: Carrier B at site-b: loss 3.89%, usually 0.00%
      anomaly critical: Carrier A at site-b: loss 4.22%, usually 0.24%
-- ask your network
ok    answered: Voice at site-a is currently on carrier-a, and it last moved there at 02:39:40Z due to Storm Mode being activated by admin@exacarib.local at 02:39:37Z, which readied the satellite path and tightened thresholds—the routing decisions show it was held on carrier-a from 02:41:33Z onward because no other
-- lab/ci/checks/m9-fabric.sh
-- simulated cloud gateways
ok    AWS and Azure gateways configured
-- cloud circuits
ok    created circuits 22 (AWS) and 23 (Azure)
ok    both circuits up (IPsec and BGP) 17 s after they were created
      AWS: up, BGP Established, routes 10.100.0.0/16
ok    site-a learned the AWS VPC route from the PoP
ok    lan-a reaches the AWS VPC (10.100.0.1) through the PoP
ok    site-a puts traffic for AWS in business
-- cloud router
ok    AWS reaches Azure through the PoP
-- elastic bandwidth
ok    20 Mbps reached the PoP's shaper on vc22
      charges so far: [{"mbps":50,"hours":0.01},{"mbps":20,"hours":0.0}]
-- layer 2 circuit
ok    VLAN 100 at site A and VLAN 200 at site B are one segment (lan-a pings lan-b)
ok    layer 2 circuit up and monitored: round trip 77.9 ms, 0.0% loss over the last minute
-- clean up
ok    deleted circuits are torn down at the PoP
-- lab/ci/checks/m9-internet.sh
-- through the PoP (the default)
ok    lan-a reaches the internet through the PoP
FAIL  no NAT entry at the PoP for lan-a
      site-a exits by: wg-a
-- firewall at the PoP
ok    a deny rule stops lan-a's pings at the PoP
ok    the rule's hits reach the portal
ok    deleting the rule lets the pings through again
-- port forward on the PoP's address
      server on lan-a:8080 answers locally
FAIL  port forward 8080 to lan-a did not answer
      		iifname "eth5" ip daddr 100.64.0.2 tcp dport 8080 dnat to 192.168.10.10:8080
      		iifname "eth5" ct status dnat ip daddr 192.168.10.10 tcp dport 8080 counter packets 18 bytes 1080 accept comment "pf2"
      		iifname "eth5" counter packets 0 bytes 0 drop comment "inbound"
      tcp      6 103 SYN_SENT src=100.64.0.1 dst=100.64.0.2 sport=51938 dport=8080 packets=1 bytes=60 [UNREPLIED] src=192.168.10.10 dst=100.64.0.1 sport=8080 dport=51938 packets=0 bytes=0 mark=0 use=1
      tcp      6 109 SYN_SENT src=100.64.0.1 dst=100.64.0.2 sport=54226 dport=8080 packets=1 bytes=60 [UNREPLIED] src=192.168.10.10 dst=100.64.0.1 sport=8080 dport=54226 packets=0 bytes=0 mark=0 use=1
      tcp      6 114 SYN_SENT src=100.64.0.1 dst=100.64.0.2 sport=54236 dport=8080 packets=1 bytes=60 [UNREPLIED] src=192.168.10.10 dst=100.64.0.1 sport=8080 dport=54236 packets=0 bytes=0 mark=0 use=1
      100.64.0.1 from 192.168.10.10 dev wg-a table 251 
ok    the internet cannot reach lan-a directly through the PoP
-- straight out at the site
ok    lan-a reaches the internet over carrier A, translated to site-a's address
ok    with carrier A cut, it leaves by carrier B within 4 s
ok    site-a reports it exits by eth1
-- clean up
ok    back through the PoP
-- lab/ci/checks/m9-public-e2e.sh
-- API through https://connect.exacarib.com
ok    admin signs in at https://connect.exacarib.com
ok    every portal screen's data answers 200 through the public site
      settlement CSV: 200 text/csv; charset=utf-8
-- browser
ok    signed in through the browser
ok    Overview renders without errors
ok    Sites renders without errors
ok    Traffic: seen on your network renders without errors
ok    Traffic: rules renders without errors
ok    Traffic: classes renders without errors
ok    Decisions renders without errors
ok    Fabric renders without errors
ok    Internet renders without errors
ok    Metering renders without errors
ok    Insights renders without errors
ok    Ask your network renders without errors
ok    Carrier view renders without errors
ok    Account renders without errors
ok    Admin: agents renders without errors
ok    Admin: sites renders without errors
ok    Admin: classes renders without errors
ok    Admin: users renders without errors
ok    Admin: settings renders without errors
ok    Admin: audit renders without errors
ok    example hurricane and earthquake alerts appear on Insights
-- lab/ci/checks/m9-public.sh
ok    https://connect.exacarib.com/healthz answers on this host
ok    certificate from Let's Encrypt (issuer=C = US, O = Let's Encrypt, CN = YE1)
ok    portal served
ok    agent endpoints not served publicly
ok    API answers and needs sign-in
ok    connect.exacarib.com reachable from this host over the internet
      web container: running restarts=0
      caddy: {"level":"info","ts":1791080853.2567515,"msg":"using config from file","file":"/etc/caddy/Caddyfile"}
      caddy: {"level":"info","ts":1791080853.2567647,"msg":"adapted config to JSON","adapter":"caddyfile"}
      listening on public addresses: 22 80 443 
ok    controller, database and dev portal stay private
-- lab/ci/checks/m9-traffic.sh
-- priority queues
ok    site-a wg-a: qdisc cake 8076: root refcnt 2 bandwidth 190Mbit diffserv4 triple-isolate nonat nowash no-
ok    site-a wg-b: qdisc cake 8077: root refcnt 2 bandwidth 95Mbit diffserv4 triple-isolate nonat nowash no-a
-- application detection: Zoom-like traffic on UDP 8801 for 4 minutes
ok    site-a reported its flows to UDP 8801
ok    recognised: Zoom meetings seen at site-a: 1 flow(s) to UDP 8801, matches Zoom meetings (calls and meetings); currently unclassified. Suggest voice (real-time priority).
ok    suggests voice
ok    applied as rule 35
ok    site-a classifies UDP 8801-8810 as voice
ok    Zoom flows now report as voice
ok    site-b is unchanged (the rule is for site-a)
-- a customer rule: a subnet and port into business
ok    site-a classifies TCP 5201 to site B as business
ok    the PoP classifies the return direction

== Diagnostics (02:58:25)
pop-miami: running
site-a: running
site-b: running
-- agent log pop-miami
time=2026-10-04T02:56:51.232Z level=INFO msg="bfd change" node=pop-miami peer=100.64.1.11 tunnel=wg-a status=init
time=2026-10-04T02:56:51.232Z level=INFO msg="bfd change" node=pop-miami peer=100.64.2.12 tunnel=wg-b status=down
time=2026-10-04T02:56:51.232Z level=INFO msg="bfd change" node=pop-miami peer=100.64.1.12 tunnel=wg-a status=init
time=2026-10-04T02:56:51.239Z level=INFO msg="class moved" node=pop-miami class=voice dst=192.168.10.0/24 from=carrier-b to=carrier-a why=bfd
time=2026-10-04T02:56:51.239Z level=INFO msg="class moved" node=pop-miami class=business dst=192.168.10.0/24 from=carrier-b to=carrier-a why=bfd
time=2026-10-04T02:56:51.240Z level=INFO msg="class moved" node=pop-miami class=bulk dst=192.168.10.0/24 from=carrier-b to=carrier-a why=bfd
time=2026-10-04T02:56:51.240Z level=INFO msg="class moved" node=pop-miami class=voice dst=192.168.20.0/24 from=carrier-b to=carrier-a why=bfd
time=2026-10-04T02:56:51.240Z level=INFO msg="class moved" node=pop-miami class=business dst=192.168.20.0/24 from=carrier-b to=carrier-a why=bfd
time=2026-10-04T02:56:51.240Z level=INFO msg="class moved" node=pop-miami class=bulk dst=192.168.20.0/24 from=carrier-b to=carrier-a why=bfd
time=2026-10-04T02:56:51.641Z level=INFO msg="bfd change" node=pop-miami peer=100.64.1.11 tunnel=wg-a status=up
time=2026-10-04T02:56:51.641Z level=INFO msg="bfd change" node=pop-miami peer=100.64.2.12 tunnel=wg-b status=init
time=2026-10-04T02:56:51.641Z level=INFO msg="bfd change" node=pop-miami peer=100.64.1.12 tunnel=wg-a status=up
time=2026-10-04T02:56:51.660Z level=INFO msg="class moved" node=pop-miami class=voice dst=192.168.10.0/24 from=carrier-a to=carrier-b why=bfd
time=2026-10-04T02:56:51.661Z level=INFO msg="class moved" node=pop-miami class=business dst=192.168.10.0/24 from=carrier-a to=carrier-b why=bfd
time=2026-10-04T02:56:51.661Z level=INFO msg="class moved" node=pop-miami class=bulk dst=192.168.10.0/24 from=carrier-a to=carrier-b why=bfd
time=2026-10-04T02:56:51.661Z level=INFO msg="class moved" node=pop-miami class=voice dst=192.168.20.0/24 from=carrier-a to=carrier-b why=bfd
time=2026-10-04T02:56:51.661Z level=INFO msg="class moved" node=pop-miami class=business dst=192.168.20.0/24 from=carrier-a to=carrier-b why=bfd
time=2026-10-04T02:56:51.661Z level=INFO msg="class moved" node=pop-miami class=bulk dst=192.168.20.0/24 from=carrier-a to=carrier-b why=bfd
time=2026-10-04T02:56:52.629Z level=INFO msg="bfd change" node=pop-miami peer=100.64.2.12 tunnel=wg-b status=up
time=2026-10-04T02:57:30.086Z level=INFO msg="bfd change" node=pop-miami peer=100.64.1.11 tunnel=wg-a status=init
time=2026-10-04T02:57:30.086Z level=INFO msg="bfd change" node=pop-miami peer=100.64.1.12 tunnel=wg-a status=init
time=2026-10-04T02:57:30.908Z level=INFO msg="bfd change" node=pop-miami peer=100.64.1.11 tunnel=wg-a status=up
time=2026-10-04T02:57:30.909Z level=INFO msg="bfd change" node=pop-miami peer=100.64.1.12 tunnel=wg-a status=up
time=2026-10-04T02:57:33.045Z level=INFO msg="new steering map" node=pop-miami version=344 storm=false
time=2026-10-04T02:58:23.041Z level=INFO msg="new steering map" node=pop-miami version=346 storm=false
-- agent log site-a
time=2026-10-04T02:55:59.676Z level=INFO msg="bfd change" node=site-a peer=100.64.3.1 tunnel=wg-sat status=down
time=2026-10-04T02:55:59.677Z level=INFO msg="bfd change" node=site-a peer=100.64.1.1 tunnel=wg-a status=down
time=2026-10-04T02:55:59.677Z level=INFO msg="bfd change" node=site-a peer=100.64.2.1 tunnel=wg-b status=down
time=2026-10-04T02:55:59.684Z level=INFO msg="class moved" node=site-a class=voice dst="" from=carrier-b to=bgp why=bfd
time=2026-10-04T02:55:59.684Z level=INFO msg="class moved" node=site-a class=business dst="" from=carrier-b to=bgp why=bfd
time=2026-10-04T02:55:59.684Z level=INFO msg="class moved" node=site-a class=bulk dst="" from=carrier-a to=paused why=bfd
time=2026-10-04T02:55:59.841Z level=INFO msg="new steering map" node=site-a version=279 storm=false
time=2026-10-04T02:56:02.439Z level=INFO msg="bfd change" node=site-a peer=100.64.3.1 tunnel=wg-sat status=init
time=2026-10-04T02:56:02.439Z level=INFO msg="bfd change" node=site-a peer=100.64.1.1 tunnel=wg-a status=up
time=2026-10-04T02:56:02.439Z level=INFO msg="bfd change" node=site-a peer=100.64.2.1 tunnel=wg-b status=init
time=2026-10-04T02:56:02.459Z level=INFO msg="class moved" node=site-a class=voice dst="" from=bgp to=carrier-b why=bfd
time=2026-10-04T02:56:02.459Z level=INFO msg="class moved" node=site-a class=business dst="" from=bgp to=carrier-b why=bfd
time=2026-10-04T02:56:02.459Z level=INFO msg="class moved" node=site-a class=bulk dst="" from=paused to=carrier-a why=bfd
time=2026-10-04T02:56:02.723Z level=INFO msg="bfd change" node=site-a peer=100.64.2.1 tunnel=wg-b status=up
time=2026-10-04T02:56:02.845Z level=INFO msg="bfd change" node=site-a peer=100.64.3.1 tunnel=wg-sat status=up
time=2026-10-04T02:56:23.267Z level=INFO msg="new steering map" node=site-a version=280 storm=false
time=2026-10-04T02:56:23.275Z level=INFO msg="class moved" node=site-a class=bulk dst="" from=carrier-a to=carrier-b why=controller
time=2026-10-04T02:56:51.287Z level=INFO msg="bfd change" node=site-a peer=100.64.1.1 tunnel=wg-a status=init
time=2026-10-04T02:56:51.993Z level=INFO msg="bfd change" node=site-a peer=100.64.1.1 tunnel=wg-a status=up
time=2026-10-04T02:57:30.066Z level=INFO msg="bfd change" node=site-a peer=100.64.1.1 tunnel=wg-a status=down
time=2026-10-04T02:57:30.071Z level=INFO msg="internet exit changed" node=site-a from=wg-a to=wg-b
time=2026-10-04T02:57:30.969Z level=INFO msg="bfd change" node=site-a peer=100.64.1.1 tunnel=wg-a status=up
time=2026-10-04T02:57:30.980Z level=INFO msg="internet exit changed" node=site-a from=wg-b to=wg-a
time=2026-10-04T02:57:33.358Z level=INFO msg="new steering map" node=site-a version=281 storm=false
time=2026-10-04T02:58:23.240Z level=INFO msg="new steering map" node=site-a version=283 storm=false
-- agent log site-b
time=2026-10-04T02:55:58.822Z level=INFO msg="class moved" node=site-b class=voice dst="" from=carrier-b to=bgp why=bfd
time=2026-10-04T02:55:58.822Z level=INFO msg="class moved" node=site-b class=business dst="" from=carrier-b to=bgp why=bfd
time=2026-10-04T02:55:58.822Z level=INFO msg="class moved" node=site-b class=bulk dst="" from=carrier-b to=paused why=bfd
time=2026-10-04T02:55:58.824Z level=INFO msg="internet exit changed" node=site-b from=wg-a to=wg-sat
time=2026-10-04T02:55:59.241Z level=INFO msg="bfd change" node=site-b peer=100.64.3.1 tunnel=wg-sat status=down
time=2026-10-04T02:55:59.254Z level=INFO msg="internet exit changed" node=site-b from=wg-sat to=wg-a
time=2026-10-04T02:56:00.216Z level=INFO msg="bfd change" node=site-b peer=100.64.2.1 tunnel=wg-b status=up
time=2026-10-04T02:56:00.216Z level=INFO msg="bfd change" node=site-b peer=100.64.1.1 tunnel=wg-a status=up
time=2026-10-04T02:56:00.216Z level=INFO msg="bfd change" node=site-b peer=100.64.3.1 tunnel=wg-sat status=up
time=2026-10-04T02:56:00.232Z level=INFO msg="class moved" node=site-b class=voice dst="" from=bgp to=carrier-b why=bfd
time=2026-10-04T02:56:00.232Z level=INFO msg="class moved" node=site-b class=business dst="" from=bgp to=carrier-b why=bfd
time=2026-10-04T02:56:00.232Z level=INFO msg="class moved" node=site-b class=bulk dst="" from=paused to=carrier-b why=bfd
time=2026-10-04T02:56:51.705Z level=INFO msg="bfd change" node=site-b peer=100.64.2.1 tunnel=wg-b status=down
time=2026-10-04T02:56:51.712Z level=INFO msg="class moved" node=site-b class=voice dst="" from=carrier-b to=carrier-a why=bfd
time=2026-10-04T02:56:51.712Z level=INFO msg="class moved" node=site-b class=business dst="" from=carrier-b to=carrier-a why=bfd
time=2026-10-04T02:56:51.712Z level=INFO msg="class moved" node=site-b class=bulk dst="" from=carrier-b to=carrier-a why=bfd
time=2026-10-04T02:56:52.662Z level=INFO msg="bfd change" node=site-b peer=100.64.2.1 tunnel=wg-b status=up
time=2026-10-04T02:56:52.676Z level=INFO msg="class moved" node=site-b class=voice dst="" from=carrier-a to=carrier-b why=bfd
time=2026-10-04T02:56:52.676Z level=INFO msg="class moved" node=site-b class=business dst="" from=carrier-a to=carrier-b why=bfd
time=2026-10-04T02:56:52.676Z level=INFO msg="class moved" node=site-b class=bulk dst="" from=carrier-a to=carrier-b why=bfd
time=2026-10-04T02:57:30.114Z level=INFO msg="bfd change" node=site-b peer=100.64.1.1 tunnel=wg-a status=down
time=2026-10-04T02:57:30.118Z level=INFO msg="internet exit changed" node=site-b from=wg-a to=wg-b
time=2026-10-04T02:57:30.884Z level=INFO msg="bfd change" node=site-b peer=100.64.1.1 tunnel=wg-a status=up
time=2026-10-04T02:57:30.891Z level=INFO msg="internet exit changed" node=site-b from=wg-b to=wg-a
time=2026-10-04T02:58:23.614Z level=INFO msg="new steering map" node=site-b version=177 storm=false
-- controller log
controller-1  | INFO:     172.18.0.4:54258 - "GET /api/v1/agent/steering?have=344 HTTP/1.0" 204 No Content
controller-1  | INFO:     172.18.0.4:54268 - "POST /api/v1/agent/telemetry HTTP/1.0" 204 No Content
controller-1  | INFO:     172.18.0.4:54270 - "GET /api/v1/agent/desired-state?have=69 HTTP/1.0" 204 No Content
controller-1  | INFO:     172.18.0.4:54286 - "GET /api/v1/agent/steering?have=281 HTTP/1.0" 204 No Content
controller-1  | INFO:     172.18.0.4:54300 - "POST /api/v1/agent/telemetry HTTP/1.0" 204 No Content
controller-1  | INFO:     172.18.0.4:54308 - "GET /api/v1/agent/desired-state?have=27 HTTP/1.0" 204 No Content
controller-1  | INFO:     172.18.0.4:54318 - "GET /api/v1/agent/steering?have=176 HTTP/1.0" 204 No Content
controller-1  | INFO:     172.18.0.4:54330 - "POST /api/v1/agent/telemetry HTTP/1.0" 204 No Content
controller-1  | INFO:     127.0.0.1:35976 - "GET /healthz HTTP/1.1" 200 OK
controller-1  | INFO:     172.18.0.4:54338 - "GET /api/v1/agent/steering?have=344 HTTP/1.0" 204 No Content
controller-1  | INFO:     172.18.0.4:54344 - "GET /api/v1/agent/steering?have=281 HTTP/1.0" 204 No Content
controller-1  | INFO:     172.18.0.4:54346 - "GET /api/v1/agent/steering?have=176 HTTP/1.0" 204 No Content
controller-1  | INFO:     127.0.0.1:45760 - "GET /healthz HTTP/1.1" 200 OK
controller-1  | INFO:     172.18.0.4:58510 - "GET /api/v1/agent/desired-state?have=67 HTTP/1.0" 204 No Content
controller-1  | INFO:     172.18.0.4:58514 - "GET /api/v1/agent/steering?have=344 HTTP/1.0" 204 No Content
controller-1  | INFO:     172.18.0.4:58524 - "POST /api/v1/agent/telemetry HTTP/1.0" 204 No Content
controller-1  | INFO:     172.18.0.4:58526 - "GET /api/v1/agent/desired-state?have=69 HTTP/1.0" 204 No Content
controller-1  | INFO:     172.18.0.4:58534 - "GET /api/v1/agent/steering?have=281 HTTP/1.0" 204 No Content
controller-1  | INFO:     172.18.0.4:58540 - "POST /api/v1/agent/telemetry HTTP/1.0" 204 No Content
controller-1  | INFO:     172.18.0.4:58548 - "GET /api/v1/agent/desired-state?have=27 HTTP/1.0" 204 No Content
controller-1  | INFO:     172.18.0.4:58564 - "GET /api/v1/agent/steering?have=176 HTTP/1.0" 204 No Content
controller-1  | INFO:     172.18.0.4:58578 - "POST /api/v1/agent/telemetry HTTP/1.0" 204 No Content
controller-1  | INFO:     172.18.0.4:58590 - "GET /api/v1/agent/steering?have=344 HTTP/1.0" 204 No Content
controller-1  | INFO:     172.18.0.4:58604 - "GET /api/v1/agent/steering?have=281 HTTP/1.0" 204 No Content
controller-1  | INFO:     172.18.0.4:58610 - "GET /api/v1/agent/steering?have=176 HTTP/1.0" 204 No Content
controller-1  | INFO:     127.0.0.1:45770 - "GET /healthz HTTP/1.1" 200 OK
controller-1  | INFO:     172.18.0.4:60996 - "GET /api/v1/agent/desired-state?have=67 HTTP/1.0" 204 No Content
controller-1  | INFO:     172.18.0.4:32768 - "GET /api/v1/agent/steering?have=344 HTTP/1.0" 204 No Content
controller-1  | INFO:     172.18.0.4:32778 - "POST /api/v1/agent/telemetry HTTP/1.0" 204 No Content
controller-1  | INFO:     172.18.0.4:32790 - "GET /api/v1/agent/desired-state?have=69 HTTP/1.0" 204 No Content
controller-1  | INFO:     172.18.0.4:32800 - "POST /api/v1/agent/telemetry HTTP/1.0" 204 No Content
controller-1  | INFO:     172.18.0.4:32808 - "GET /api/v1/agent/steering?have=281 HTTP/1.0" 204 No Content
controller-1  | INFO:     172.18.0.4:32810 - "GET /api/v1/agent/desired-state?have=27 HTTP/1.0" 204 No Content
controller-1  | INFO:     172.18.0.4:32816 - "POST /api/v1/agent/telemetry HTTP/1.0" 204 No Content
controller-1  | INFO:     172.18.0.4:32824 - "GET /api/v1/agent/steering?have=176 HTTP/1.0" 204 No Content
controller-1  | INFO:     127.0.0.1:45638 - "GET /healthz HTTP/1.1" 200 OK
controller-1  | INFO:     172.18.0.4:32826 - "GET /api/v1/agent/steering?have=344 HTTP/1.0" 204 No Content
controller-1  | INFO:     172.18.0.4:32830 - "GET /api/v1/agent/steering?have=281 HTTP/1.0" 204 No Content
controller-1  | INFO:     172.18.0.4:32838 - "GET /api/v1/agent/steering?have=176 HTTP/1.0" 204 No Content
controller-1  | INFO:     127.0.0.1:45640 - "GET /healthz HTTP/1.1" 200 OK
controller-1  | INFO:     172.18.0.4:34778 - "GET /api/v1/agent/desired-state?have=67 HTTP/1.0" 204 No Content
controller-1  | INFO:     172.18.0.4:34782 - "GET /api/v1/agent/steering?have=344 HTTP/1.0" 204 No Content
controller-1  | INFO:     172.18.0.4:34784 - "POST /api/v1/agent/telemetry HTTP/1.0" 204 No Content
controller-1  | INFO:     172.18.0.4:34788 - "GET /api/v1/agent/desired-state?have=69 HTTP/1.0" 204 No Content
controller-1  | INFO:     172.18.0.4:34798 - "POST /api/v1/agent/telemetry HTTP/1.0" 204 No Content
controller-1  | INFO:     172.18.0.4:34802 - "GET /api/v1/agent/steering?have=281 HTTP/1.0" 204 No Content
controller-1  | INFO:     172.18.0.4:34812 - "GET /api/v1/agent/desired-state?have=27 HTTP/1.0" 204 No Content
controller-1  | INFO:     172.18.0.4:34814 - "GET /api/v1/agent/steering?have=176 HTTP/1.0" 204 No Content
controller-1  | INFO:     172.18.0.4:34824 - "POST /api/v1/agent/telemetry HTTP/1.0" 204 No Content
controller-1  | INFO:     172.18.0.1:38196 - "POST /api/v1/auth/login HTTP/1.1" 200 OK
controller-1  | INFO:     172.18.0.1:38198 - "DELETE /api/v1/customers/4d26813b-aaa6-4be7-9b73-1730be959882/rules/35 HTTP/1.1" 204 No Content
controller-1  | INFO:     127.0.0.1:41436 - "GET /healthz HTTP/1.1" 200 OK
controller-1  | INFO:     172.18.0.1:38200 - "POST /api/v1/auth/login HTTP/1.1" 200 OK
controller-1  | INFO:     172.18.0.1:38204 - "POST /api/v1/customers/4d26813b-aaa6-4be7-9b73-1730be959882/rules HTTP/1.1" 201 Created
controller-1  | INFO:     172.18.0.4:34834 - "GET /api/v1/agent/steering?have=344 HTTP/1.0" 200 OK
controller-1  | INFO:     172.18.0.4:34836 - "GET /api/v1/agent/steering?have=281 HTTP/1.0" 200 OK
controller-1  | INFO:     172.18.0.4:34844 - "GET /api/v1/agent/steering?have=176 HTTP/1.0" 200 OK
controller-1  | INFO:     172.18.0.1:38212 - "POST /api/v1/auth/login HTTP/1.1" 200 OK
controller-1  | INFO:     172.18.0.1:38222 - "DELETE /api/v1/customers/4d26813b-aaa6-4be7-9b73-1730be959882/rules/36 HTTP/1.1" 204 No Content
controller-1  | INFO:     127.0.0.1:41478 - "GET /healthz HTTP/1.1" 200 OK
-- controller containers
exaconnect-controller-1 Up 6 minutes (healthy)
exaconnect-db-1 Up 2 days (healthy)
exaconnect-proxy-1 Up 6 minutes
exaconnect-web-1 Up 30 minutes
/exaconnect-controller-1 restarts 0, started 2026-10-04T02:52:16.636201908Z, OOM killed false
/exaconnect-db-1 restarts 0, started 2026-10-01T05:06:52.589123103Z, OOM killed false
/exaconnect-proxy-1 restarts 0, started 2026-10-04T02:52:25.635338592Z, OOM killed false
/exaconnect-web-1 restarts 0, started 2026-10-04T02:27:32.396014862Z, OOM killed false
-- host
 04:58:27 up 3 days,  1:23,  0 user,  load average: 5.03, 5.37, 5.87
               total        used        free      shared  buff/cache   available
Mem:            7941        1772        5021         143        1598        6169
Swap:              0           0           0
procs -----------memory---------- ---swap-- -----io---- -system-- -------cpu-------
 r  b   swpd   free   buff  cache   si   so    bi    bo   in   cs us sy id wa st gu
 0  0      0 5141724  20516 1615896    0    0    51   252 5008   19  6 20 74  0  0  0
10  0      0 5149072  20516 1615936    0    0     0   312 5776 7276  9 22 69  1  0  0
 0  0      0 5149072  20516 1615936    0    0     0   416 4157 4844  4 23 73  0  0  0
make: *** [Makefile:102: lab-ci] Error 1
