commit 87eb8e3: Public portal: drop the empty ACME email option that stopped Caddy

== Lab already up; rebuilding the agent (16:02:50)

== Controller (16:03:28)
.env ready (admin: admin@exacarib.local)
time="2026-10-03T18:03:29+02:00" level=warning msg="Docker Compose is configured to build using Bake, but buildx isn't installed"
#0 building with "default" instance using docker driver

#1 [controller internal] load build definition from Dockerfile
#1 transferring dockerfile: 559B 0.0s done
#1 DONE 0.1s

#2 [controller internal] load metadata for docker.io/library/python:3.12-slim
#2 DONE 1.1s

#3 [controller internal] load .dockerignore
#3 transferring context: 2B done
#3 DONE 0.0s

#4 [controller internal] load build context
#4 DONE 0.0s

#5 [controller 1/5] FROM docker.io/library/python:3.12-slim@sha256:dddfd7e07f9d15aeeca61529320492139d21cac7f0070c00609243e51e4e0016
#5 resolve docker.io/library/python:3.12-slim@sha256:dddfd7e07f9d15aeeca61529320492139d21cac7f0070c00609243e51e4e0016 0.1s done
#5 DONE 0.3s

#4 [controller internal] load build context
#4 transferring context: 2.83kB 0.0s done
#4 DONE 0.1s

#5 [controller 1/5] FROM docker.io/library/python:3.12-slim@sha256:dddfd7e07f9d15aeeca61529320492139d21cac7f0070c00609243e51e4e0016
#5 sha256:5e62c0470a0973ad9561440c8a37984c3252eda1dd19e00ca7e76a37b62b5dc7 249B / 249B 0.1s done
#5 sha256:e360d85fdc0f3910a4fe48ba2bb0865d5e618392ea8abfa424e66575e45273c0 2.10MB / 12.12MB 0.3s
#5 sha256:a510a9ea6d60786b7cefdbf9577945344c72879881de8d32ef07ec38111fb045 0B / 4.27MB 0.2s
#5 sha256:e360d85fdc0f3910a4fe48ba2bb0865d5e618392ea8abfa424e66575e45273c0 5.24MB / 12.12MB 0.6s
#5 sha256:e360d85fdc0f3910a4fe48ba2bb0865d5e618392ea8abfa424e66575e45273c0 10.49MB / 12.12MB 0.9s
#5 sha256:a510a9ea6d60786b7cefdbf9577945344c72879881de8d32ef07ec38111fb045 1.05MB / 4.27MB 0.9s
#5 sha256:e360d85fdc0f3910a4fe48ba2bb0865d5e618392ea8abfa424e66575e45273c0 11.53MB / 12.12MB 1.2s
#5 sha256:e360d85fdc0f3910a4fe48ba2bb0865d5e618392ea8abfa424e66575e45273c0 12.12MB / 12.12MB 1.3s done
#5 sha256:a510a9ea6d60786b7cefdbf9577945344c72879881de8d32ef07ec38111fb045 3.15MB / 4.27MB 1.5s
#5 sha256:a510a9ea6d60786b7cefdbf9577945344c72879881de8d32ef07ec38111fb045 4.27MB / 4.27MB 1.6s done
#5 extracting sha256:a510a9ea6d60786b7cefdbf9577945344c72879881de8d32ef07ec38111fb045
#5 extracting sha256:a510a9ea6d60786b7cefdbf9577945344c72879881de8d32ef07ec38111fb045 0.4s done
#5 DONE 2.4s

#5 [controller 1/5] FROM docker.io/library/python:3.12-slim@sha256:dddfd7e07f9d15aeeca61529320492139d21cac7f0070c00609243e51e4e0016
#5 extracting sha256:e360d85fdc0f3910a4fe48ba2bb0865d5e618392ea8abfa424e66575e45273c0
#5 extracting sha256:e360d85fdc0f3910a4fe48ba2bb0865d5e618392ea8abfa424e66575e45273c0 1.0s done
#5 DONE 3.4s

#5 [controller 1/5] FROM docker.io/library/python:3.12-slim@sha256:dddfd7e07f9d15aeeca61529320492139d21cac7f0070c00609243e51e4e0016
#5 extracting sha256:5e62c0470a0973ad9561440c8a37984c3252eda1dd19e00ca7e76a37b62b5dc7 0.0s done
#5 DONE 3.4s

#6 [controller 2/5] WORKDIR /app
#6 DONE 0.2s

#7 [controller 3/5] COPY pyproject.toml ./
#7 DONE 0.1s

#8 [controller 4/5] COPY exaconnect_controller ./exaconnect_controller
#8 DONE 0.2s

#9 [controller 5/5] RUN pip install --no-cache-dir . && mkdir -p /data && chown nobody:nogroup /data
#9 3.940 Processing /app
#9 3.945   Installing build dependencies: started
#9 6.705   Installing build dependencies: finished with status 'done'
#9 6.708   Getting requirements to build wheel: started
#9 7.188   Getting requirements to build wheel: finished with status 'done'
#9 7.189   Preparing metadata (pyproject.toml): started
#9 7.610   Preparing metadata (pyproject.toml): finished with status 'done'
#9 7.822 Collecting fastapi>=0.115 (from exaconnect-controller==0.2.0)
#9 7.873   Downloading fastapi-0.142.2-py3-none-any.whl.metadata (27 kB)
#9 8.061 Collecting uvicorn>=0.30 (from uvicorn[standard]>=0.30->exaconnect-controller==0.2.0)
#9 8.066   Downloading uvicorn-0.54.0-py3-none-any.whl.metadata (6.6 kB)
#9 8.316 Collecting pydantic>=2.7 (from exaconnect-controller==0.2.0)
#9 8.325   Downloading pydantic-2.13.5-py3-none-any.whl.metadata (110 kB)
#9 8.375 Collecting psycopg>=3.2 (from psycopg[binary]>=3.2->exaconnect-controller==0.2.0)
#9 8.503   Downloading psycopg-3.3.6-py3-none-any.whl.metadata (4.4 kB)
#9 8.624 Collecting psycopg-pool>=3.2 (from exaconnect-controller==0.2.0)
#9 8.627   Downloading psycopg_pool-3.3.3-py3-none-any.whl.metadata (2.8 kB)
#9 9.098 Collecting cryptography>=43 (from exaconnect-controller==0.2.0)
#9 9.107   Downloading cryptography-50.0.2-cp311-abi3-manylinux_2_34_x86_64.whl.metadata (4.4 kB)
#9 9.276 Collecting cffi>=2.0.0 (from cryptography>=43->exaconnect-controller==0.2.0)
#9 9.299   Downloading cffi-2.1.1-cp312-cp312-manylinux2014_x86_64.manylinux_2_17_x86_64.whl.metadata (2.5 kB)
#9 9.523 Collecting starlette>=0.46.0 (from fastapi>=0.115->exaconnect-controller==0.2.0)
#9 9.530   Downloading starlette-1.7.0-py3-none-any.whl.metadata (6.6 kB)
#9 9.584 Collecting typing-extensions>=4.8.0 (from fastapi>=0.115->exaconnect-controller==0.2.0)
#9 9.590   Downloading typing_extensions-4.16.0-py3-none-any.whl.metadata (3.3 kB)
#9 9.638 Collecting typing-inspection>=0.4.2 (from fastapi>=0.115->exaconnect-controller==0.2.0)
#9 9.646   Downloading typing_inspection-0.4.4-py3-none-any.whl.metadata (2.6 kB)
#9 9.659 Collecting annotated-doc>=0.0.2 (from fastapi>=0.115->exaconnect-controller==0.2.0)
#9 9.670   Downloading annotated_doc-0.0.5-py3-none-any.whl.metadata (6.5 kB)
#9 9.706 Collecting opentelemetry-api>=1.44.0 (from fastapi>=0.115->exaconnect-controller==0.2.0)
#9 9.714   Downloading opentelemetry_api-1.45.0-py3-none-any.whl.metadata (1.4 kB)
#9 10.02 Collecting psycopg-binary==3.3.6 (from psycopg[binary]>=3.2->exaconnect-controller==0.2.0)
#9 10.04   Downloading psycopg_binary-3.3.6-cp312-cp312-manylinux2014_x86_64.manylinux_2_17_x86_64.whl.metadata (2.7 kB)
#9 10.06 Collecting annotated-types>=0.6.0 (from pydantic>=2.7->exaconnect-controller==0.2.0)
#9 10.11   Downloading annotated_types-0.8.0-py3-none-any.whl.metadata (15 kB)
#9 11.57 Collecting pydantic-core==2.46.5 (from pydantic>=2.7->exaconnect-controller==0.2.0)
#9 11.58   Downloading pydantic_core-2.46.5-cp312-cp312-manylinux_2_17_x86_64.manylinux2014_x86_64.whl.metadata (6.6 kB)
#9 11.63 Collecting click>=7.0 (from uvicorn>=0.30->uvicorn[standard]>=0.30->exaconnect-controller==0.2.0)
#9 11.64   Downloading click-8.5.0-py3-none-any.whl.metadata (2.6 kB)
#9 11.66 Collecting h11>=0.8 (from uvicorn>=0.30->uvicorn[standard]>=0.30->exaconnect-controller==0.2.0)
#9 11.67   Downloading h11-0.16.0-py3-none-any.whl.metadata (8.3 kB)
#9 11.73 Collecting httptools>=0.8.0 (from uvicorn[standard]>=0.30->exaconnect-controller==0.2.0)
#9 11.75   Downloading httptools-0.8.0-cp312-cp312-manylinux1_x86_64.manylinux_2_28_x86_64.manylinux_2_5_x86_64.whl.metadata (3.5 kB)
#9 11.77 Collecting python-dotenv>=0.13 (from uvicorn[standard]>=0.30->exaconnect-controller==0.2.0)
#9 11.81   Downloading python_dotenv-1.2.4-py3-none-any.whl.metadata (29 kB)
#9 11.93 Collecting pyyaml>=5.1 (from uvicorn[standard]>=0.30->exaconnect-controller==0.2.0)
#9 11.94   Downloading pyyaml-6.0.3-cp312-cp312-manylinux2014_x86_64.manylinux_2_17_x86_64.manylinux_2_28_x86_64.whl.metadata (2.4 kB)
#9 12.04 Collecting uvloop>=0.15.1 (from uvicorn[standard]>=0.30->exaconnect-controller==0.2.0)
#9 12.05   Downloading uvloop-0.23.0-cp312-cp312-manylinux2014_x86_64.manylinux_2_17_x86_64.manylinux_2_28_x86_64.whl.metadata (5.1 kB)
#9 12.20 Collecting watchfiles>=0.20 (from uvicorn[standard]>=0.30->exaconnect-controller==0.2.0)
#9 12.22   Downloading watchfiles-1.3.0-cp310-abi3-manylinux_2_17_x86_64.manylinux2014_x86_64.whl.metadata (4.9 kB)
#9 12.53 Collecting websockets>=13.0 (from uvicorn[standard]>=0.30->exaconnect-controller==0.2.0)
#9 12.54   Downloading websockets-17.2-cp312-cp312-manylinux1_x86_64.manylinux_2_28_x86_64.manylinux_2_5_x86_64.whl.metadata (6.3 kB)
#9 12.60 Collecting pycparser (from cffi>=2.0.0->cryptography>=43->exaconnect-controller==0.2.0)
#9 12.61   Downloading pycparser-3.0-py3-none-any.whl.metadata (8.2 kB)
#9 12.71 Collecting anyio<5,>=4.0.0 (from starlette>=0.46.0->fastapi>=0.115->exaconnect-controller==0.2.0)
#9 12.73   Downloading anyio-4.15.1-py3-none-any.whl.metadata (4.7 kB)
#9 12.85 Collecting idna>=2.8 (from anyio<5,>=4.0.0->starlette>=0.46.0->fastapi>=0.115->exaconnect-controller==0.2.0)
#9 12.85   Downloading idna-3.20-py3-none-any.whl.metadata (7.2 kB)
#9 12.88 Downloading cryptography-50.0.2-cp311-abi3-manylinux_2_34_x86_64.whl (4.8 MB)
#9 13.13    ━━━━━━━━━━━━━━━━━━━━━━━━━━━━━━━━━━━━━━━━ 4.8/4.8 MB 22.5 MB/s eta 0:00:00
#9 13.13 Downloading fastapi-0.142.2-py3-none-any.whl (144 kB)
#9 13.15 Downloading psycopg-3.3.6-py3-none-any.whl (215 kB)
#9 13.20 Downloading psycopg_pool-3.3.3-py3-none-any.whl (40 kB)
#9 13.24 Downloading psycopg_binary-3.3.6-cp312-cp312-manylinux2014_x86_64.manylinux_2_17_x86_64.whl (5.2 MB)
#9 13.45    ━━━━━━━━━━━━━━━━━━━━━━━━━━━━━━━━━━━━━━━━ 5.2/5.2 MB 24.4 MB/s eta 0:00:00
#9 13.48 Downloading pydantic-2.13.5-py3-none-any.whl (472 kB)
#9 13.51 Downloading pydantic_core-2.46.5-cp312-cp312-manylinux_2_17_x86_64.manylinux2014_x86_64.whl (2.1 MB)
#9 13.64    ━━━━━━━━━━━━━━━━━━━━━━━━━━━━━━━━━━━━━━━━ 2.1/2.1 MB 15.6 MB/s eta 0:00:00
#9 13.64 Downloading uvicorn-0.54.0-py3-none-any.whl (87 kB)
#9 13.66 Downloading annotated_doc-0.0.5-py3-none-any.whl (5.3 kB)
#9 13.67 Downloading annotated_types-0.8.0-py3-none-any.whl (13 kB)
#9 13.67 Downloading cffi-2.1.1-cp312-cp312-manylinux2014_x86_64.manylinux_2_17_x86_64.whl (221 kB)
#9 13.69 Downloading click-8.5.0-py3-none-any.whl (125 kB)
#9 13.70 Downloading h11-0.16.0-py3-none-any.whl (37 kB)
#9 13.70 Downloading httptools-0.8.0-cp312-cp312-manylinux1_x86_64.manylinux_2_28_x86_64.manylinux_2_5_x86_64.whl (523 kB)
#9 13.73 Downloading opentelemetry_api-1.45.0-py3-none-any.whl (60 kB)
#9 13.73 Downloading python_dotenv-1.2.4-py3-none-any.whl (23 kB)
#9 13.74 Downloading pyyaml-6.0.3-cp312-cp312-manylinux2014_x86_64.manylinux_2_17_x86_64.manylinux_2_28_x86_64.whl (807 kB)
#9 13.82    ━━━━━━━━━━━━━━━━━━━━━━━━━━━━━━━━━━━━━━━━ 807.9/807.9 kB 19.6 MB/s eta 0:00:00
#9 13.82 Downloading starlette-1.7.0-py3-none-any.whl (78 kB)
#9 13.83 Downloading typing_extensions-4.16.0-py3-none-any.whl (45 kB)
#9 13.84 Downloading typing_inspection-0.4.4-py3-none-any.whl (14 kB)
#9 13.86 Downloading uvloop-0.23.0-cp312-cp312-manylinux2014_x86_64.manylinux_2_17_x86_64.manylinux_2_28_x86_64.whl (4.5 MB)
#9 14.09    ━━━━━━━━━━━━━━━━━━━━━━━━━━━━━━━━━━━━━━━━ 4.5/4.5 MB 19.8 MB/s eta 0:00:00
#9 14.11 Downloading watchfiles-1.3.0-cp310-abi3-manylinux_2_17_x86_64.manylinux2014_x86_64.whl (458 kB)
#9 14.13 Downloading websockets-17.2-cp312-cp312-manylinux1_x86_64.manylinux_2_28_x86_64.manylinux_2_5_x86_64.whl (225 kB)
#9 14.24 Downloading anyio-4.15.1-py3-none-any.whl (132 kB)
#9 14.28 Downloading pycparser-3.0-py3-none-any.whl (48 kB)
#9 14.30 Downloading idna-3.20-py3-none-any.whl (69 kB)
#9 14.48 Building wheels for collected packages: exaconnect-controller
#9 14.48   Building wheel for exaconnect-controller (pyproject.toml): started
#9 15.06   Building wheel for exaconnect-controller (pyproject.toml): finished with status 'done'
#9 15.06   Created wheel for exaconnect-controller: filename=exaconnect_controller-0.2.0-py3-none-any.whl size=88967 sha256=e49e758ebe16eea98bd94ef185096d34dcd6a4ee73192724947397e698e4b2b9
#9 15.06   Stored in directory: /tmp/pip-ephem-wheel-cache-_taw868t/wheels/54/1b/b7/aa63e25c8f14f4f2ae7b04e6097bdecb770e455c5c1ee0a600
#9 15.07 Successfully built exaconnect-controller
#9 15.16 Installing collected packages: websockets, uvloop, typing-extensions, pyyaml, python-dotenv, pycparser, psycopg-binary, idna, httptools, h11, click, annotated-types, annotated-doc, uvicorn, typing-inspection, pydantic-core, psycopg-pool, psycopg, opentelemetry-api, cffi, anyio, watchfiles, starlette, pydantic, cryptography, fastapi, exaconnect-controller
#9 20.17 Successfully installed annotated-doc-0.0.5 annotated-types-0.8.0 anyio-4.15.1 cffi-2.1.1 click-8.5.0 cryptography-50.0.2 exaconnect-controller-0.2.0 fastapi-0.142.2 h11-0.16.0 httptools-0.8.0 idna-3.20 opentelemetry-api-1.45.0 psycopg-3.3.6 psycopg-binary-3.3.6 psycopg-pool-3.3.3 pycparser-3.0 pydantic-2.13.5 pydantic-core-2.46.5 python-dotenv-1.2.4 pyyaml-6.0.3 starlette-1.7.0 typing-extensions-4.16.0 typing-inspection-0.4.4 uvicorn-0.54.0 uvloop-0.23.0 watchfiles-1.3.0 websockets-17.2
#9 20.17 WARNING: Running pip as the 'root' user can result in broken permissions and conflicting behaviour with the system package manager, possibly rendering your system unusable. It is recommended to use a virtual environment instead: https://pip.pypa.io/warnings/venv. Use the --root-user-action option if you know what you are doing and want to suppress this warning.
#9 20.32 
#9 20.32 [notice] A new release of pip is available: 25.0.1 -> 26.2.1
#9 20.32 [notice] To update, run: pip install --upgrade pip
#9 DONE 21.3s

#10 [controller] exporting to image
#10 exporting layers
#10 exporting layers 11.1s done
#10 exporting manifest sha256:5e27d09f46dad843e71c066429fd3b1261cf34dd8578cfcd5537d5bd042d8aea
#10 exporting manifest sha256:5e27d09f46dad843e71c066429fd3b1261cf34dd8578cfcd5537d5bd042d8aea 0.0s done
#10 exporting config sha256:98c992f5d78da18c8fee41baf151f4b4af299da9bc6b96275b37ea7605446425 0.1s done
#10 exporting attestation manifest sha256:acfa55bc37cbddae5ccd368fbb26ef332d4199b0cdcfdcec2a2baed5c6d40e05 0.1s done
#10 exporting manifest list sha256:8f74be627e31eadae6f7590c16914544838edeb49a4670b104bae7b149b63ec9
#10 exporting manifest list sha256:8f74be627e31eadae6f7590c16914544838edeb49a4670b104bae7b149b63ec9 0.0s done
#10 naming to docker.io/library/exaconnect-controller:latest 0.0s done
#10 unpacking to docker.io/library/exaconnect-controller:latest
#10 unpacking to docker.io/library/exaconnect-controller:latest 2.6s done
#10 DONE 14.5s

#11 [controller] resolving provenance for metadata file
#11 DONE 0.1s
 controller  Built
time="2026-10-03T18:04:12+02:00" level=warning msg="Found orphan containers ([exaconnect-web-1]) for this project. If you removed or renamed this service in your compose file, you can run this command with the --remove-orphans flag to clean it up."
 Container exaconnect-db-1  Running
 Container exaconnect-controller-1  Recreate
 Container exaconnect-controller-1  Recreated
 Container exaconnect-proxy-1  Running
 Container exaconnect-db-1  Waiting
 Container exaconnect-db-1  Healthy
 Container exaconnect-controller-1  Starting
 Container exaconnect-controller-1  Started
 Container exaconnect-controller-1  Waiting
 Container exaconnect-controller-1  Healthy
 Container exaconnect-controller-1  Waiting
 Container exaconnect-proxy-1  Waiting
 Container exaconnect-db-1  Waiting
 Container exaconnect-proxy-1  Healthy
 Container exaconnect-db-1  Healthy
 Container exaconnect-controller-1  Healthy
time="2026-10-03T18:04:25+02:00" level=warning msg="Found orphan containers ([exaconnect-web-1]) for this project. If you removed or renamed this service in your compose file, you can run this command with the --remove-orphans flag to clean it up."
 Container exaconnect-proxy-1  Recreate
 Container exaconnect-proxy-1  Recreated
 Container exaconnect-proxy-1  Starting
 Container exaconnect-proxy-1  Started
 Container exaconnect-proxy-1  Waiting
 Container exaconnect-proxy-1  Healthy

== Agents (16:04:30)
pop-miami: agent stopped
site-a: agent stopped
site-b: agent stopped
pop-miami: agent started
site-a: agent started
site-b: agent started

== Public portal (16:04:35)
time="2026-10-03T18:04:35+02:00" level=warning msg="Docker Compose is configured to build using Bake, but buildx isn't installed"
#0 building with "default" instance using docker driver

#1 [controller internal] load build definition from Dockerfile
#1 transferring dockerfile: 559B 0.0s done
#1 DONE 0.0s

#2 [controller internal] load metadata for docker.io/library/python:3.12-slim
#2 DONE 0.2s

#3 [controller internal] load .dockerignore
#3 transferring context: 2B done
#3 DONE 0.0s

#4 [controller internal] load build context
#4 DONE 0.0s

#5 [controller 1/5] FROM docker.io/library/python:3.12-slim@sha256:dddfd7e07f9d15aeeca61529320492139d21cac7f0070c00609243e51e4e0016
#5 resolve docker.io/library/python:3.12-slim@sha256:dddfd7e07f9d15aeeca61529320492139d21cac7f0070c00609243e51e4e0016 0.1s done
#5 DONE 0.2s

#4 [controller internal] load build context
#4 transferring context: 2.83kB 0.0s done
#4 DONE 0.0s

#6 [controller 2/5] WORKDIR /app
#6 CACHED

#7 [controller 3/5] COPY pyproject.toml ./
#7 CACHED

#8 [controller 4/5] COPY exaconnect_controller ./exaconnect_controller
#8 CACHED

#9 [controller 5/5] RUN pip install --no-cache-dir . && mkdir -p /data && chown nobody:nogroup /data
#9 CACHED

#10 [controller] exporting to image
#10 exporting layers 0.0s done
#10 exporting manifest sha256:5e27d09f46dad843e71c066429fd3b1261cf34dd8578cfcd5537d5bd042d8aea done
#10 exporting config sha256:98c992f5d78da18c8fee41baf151f4b4af299da9bc6b96275b37ea7605446425 0.0s done
#10 exporting attestation manifest sha256:d226502da94bc11387a54ea94419e8e0d5c43780f870b7559add11cc12672df3 0.0s done
#10 exporting manifest list sha256:eb95b1e6a1c2379badd43a4ca82586282e8639489684936cd569ef9c4d3919f0 0.0s done
#10 naming to docker.io/library/exaconnect-controller:latest
#10 naming to docker.io/library/exaconnect-controller:latest done
#10 unpacking to docker.io/library/exaconnect-controller:latest 0.0s done
#10 DONE 0.3s

#11 [controller] resolving provenance for metadata file
#11 DONE 0.0s

#12 [web internal] load build definition from Dockerfile
#12 transferring dockerfile: 529B done
#12 DONE 0.0s

#13 [web internal] load metadata for docker.io/library/node:22-alpine
#13 DONE 1.2s

#14 [web internal] load metadata for docker.io/library/caddy:2-alpine
#14 DONE 1.7s

#15 [web internal] load .dockerignore
#15 transferring context: 2B done
#15 DONE 0.0s

#16 [web internal] load build context
#16 DONE 0.0s

#17 [web portal 1/6] FROM docker.io/library/node:22-alpine@sha256:0a7108bf6c7bf5de370ffb1a3ed6be93d405b43ff159f681a8d18c0e2bc2e402
#17 resolve docker.io/library/node:22-alpine@sha256:0a7108bf6c7bf5de370ffb1a3ed6be93d405b43ff159f681a8d18c0e2bc2e402 0.1s done
#17 DONE 0.2s

#16 [web internal] load build context
#16 transferring context: 98.66kB 0.3s done
#16 DONE 0.3s

#18 [web portal 5/6] COPY portal/ ./
#18 CACHED

#19 [web portal 2/6] WORKDIR /src/portal
#19 CACHED

#20 [web portal 3/6] COPY portal/package.json portal/package-lock.json ./
#20 CACHED

#21 [web portal 4/6] RUN npm ci --no-audit --no-fund
#21 CACHED

#22 [web portal 6/6] RUN npm run build
#22 CACHED

#23 [web stage-1 1/3] FROM docker.io/library/caddy:2-alpine@sha256:881bbc60f9986d5ab8e7cfd6cf7e4ef3c9c0439fef2429d035d065577882f028
#23 resolve docker.io/library/caddy:2-alpine@sha256:881bbc60f9986d5ab8e7cfd6cf7e4ef3c9c0439fef2429d035d065577882f028 0.1s done
#23 sha256:882432e45530bf9add33f78b6636f9eef8d0f414701edb422717690248e5f7d5 7.50kB / 7.50kB 0.1s done
#23 sha256:fa3b366d4b7ca0e9c541d948d870373f70a166149f94f057ed6bb37115560827 2.10MB / 18.20MB 0.2s
#23 sha256:fb6e2df487623b77d3cb65f05e9dc682f797f41ff30b4d58eb3e30239e054c50 0B / 2.78MB 0.2s
#23 sha256:fa3b366d4b7ca0e9c541d948d870373f70a166149f94f057ed6bb37115560827 4.19MB / 18.20MB 0.3s
#23 sha256:fa3b366d4b7ca0e9c541d948d870373f70a166149f94f057ed6bb37115560827 8.39MB / 18.20MB 0.5s
#23 sha256:fa3b366d4b7ca0e9c541d948d870373f70a166149f94f057ed6bb37115560827 10.49MB / 18.20MB 0.6s
#23 sha256:fb6e2df487623b77d3cb65f05e9dc682f797f41ff30b4d58eb3e30239e054c50 1.05MB / 2.78MB 0.5s
#23 sha256:fa3b366d4b7ca0e9c541d948d870373f70a166149f94f057ed6bb37115560827 12.58MB / 18.20MB 0.8s
#23 sha256:fb6e2df487623b77d3cb65f05e9dc682f797f41ff30b4d58eb3e30239e054c50 2.10MB / 2.78MB 0.6s
#23 sha256:fb6e2df487623b77d3cb65f05e9dc682f797f41ff30b4d58eb3e30239e054c50 2.78MB / 2.78MB 0.8s done
#23 extracting sha256:fb6e2df487623b77d3cb65f05e9dc682f797f41ff30b4d58eb3e30239e054c50
#23 sha256:fa3b366d4b7ca0e9c541d948d870373f70a166149f94f057ed6bb37115560827 18.20MB / 18.20MB 1.0s done
#23 extracting sha256:fb6e2df487623b77d3cb65f05e9dc682f797f41ff30b4d58eb3e30239e054c50 0.3s done
#23 DONE 1.6s

#23 [web stage-1 1/3] FROM docker.io/library/caddy:2-alpine@sha256:881bbc60f9986d5ab8e7cfd6cf7e4ef3c9c0439fef2429d035d065577882f028
#23 extracting sha256:882432e45530bf9add33f78b6636f9eef8d0f414701edb422717690248e5f7d5 0.0s done
#23 extracting sha256:fa3b366d4b7ca0e9c541d948d870373f70a166149f94f057ed6bb37115560827
#23 extracting sha256:fa3b366d4b7ca0e9c541d948d870373f70a166149f94f057ed6bb37115560827 1.5s done
#23 DONE 3.2s

#23 [web stage-1 1/3] FROM docker.io/library/caddy:2-alpine@sha256:881bbc60f9986d5ab8e7cfd6cf7e4ef3c9c0439fef2429d035d065577882f028
#23 extracting sha256:4f4fb700ef54461cfa02571ae0db9a0dc1e0cdb5577484a6d75e68dc38e8acc1 0.1s done
#23 DONE 3.2s

#24 [web stage-1 2/3] COPY deploy/public/Caddyfile /etc/caddy/Caddyfile
#24 DONE 0.2s

#25 [web stage-1 3/3] COPY --from=portal /src/portal/dist /srv/portal
#25 DONE 0.2s

#26 [web] exporting to image
#26 exporting layers
#26 exporting layers 0.5s done
#26 exporting manifest sha256:2a119e94edf4395d58fe0cbb9b58a621f95de5c213d13bbaedf55c3661ca0931 0.0s done
#26 exporting config sha256:2af65ab80f2bb171784cdbf8456488dcfbdb24fb8a18bd4a0477f661aa43a644 0.0s done
#26 exporting attestation manifest sha256:5c017580d3f039693c3491e99432bbea1475030e8da9b7eda563d568099d48a9 0.1s done
#26 exporting manifest list sha256:d3288f8c440da37c2da981972a10c5d223b240a385e3506eaceee320fbaecf5a
#26 exporting manifest list sha256:d3288f8c440da37c2da981972a10c5d223b240a385e3506eaceee320fbaecf5a 0.1s done
#26 naming to docker.io/library/exaconnect-web:latest done
#26 unpacking to docker.io/library/exaconnect-web:latest 0.1s done
#26 DONE 0.9s

#27 [web] resolving provenance for metadata file
#27 DONE 0.0s
 controller  Built
 web  Built
 Container exaconnect-db-1  Running
 Container exaconnect-controller-1  Recreate
 Container exaconnect-controller-1  Recreated
 Container exaconnect-web-1  Recreate
 Container exaconnect-web-1  Recreated
 Container exaconnect-db-1  Waiting
 Container exaconnect-db-1  Healthy
 Container exaconnect-controller-1  Starting
 Container exaconnect-controller-1  Started
 Container exaconnect-controller-1  Waiting
 Container exaconnect-controller-1  Healthy
 Container exaconnect-web-1  Starting
 Container exaconnect-web-1  Started
 Container exaconnect-web-1  Waiting
 Container exaconnect-controller-1  Waiting
 Container exaconnect-db-1  Waiting
 Container exaconnect-controller-1  Healthy
 Container exaconnect-db-1  Healthy
 Container exaconnect-web-1  Healthy

== Waiting for tunnels, BGP and BFD (16:04:57)

== Checks (16:05:02)
-- lab/scripts/check-routing.sh
ok    site-a wg-a handshake 28s ago
ok    site-a wg-b handshake 29s ago
ok    site-a wg-sat handshake 28s ago
ok    site-b wg-a handshake 28s ago
ok    site-b wg-b handshake 29s ago
ok    site-b wg-sat handshake 29s ago
ok    pop-miami BGP 6/6 established
ok    pop-miami BFD 6/6 up
ok    site-a BGP 3/3 established
ok    site-a BFD 3/3 up
ok    site-b BGP 3/3 established
ok    site-b BFD 3/3 up
ok    lan-a -> lan-b (site-a to site-b via the PoP)
ok    lan-b -> lan-a
ok    lan-a -> lan-pop

  traceroute to 192.168.20.10 (192.168.20.10), 30 hops max, 46 byte packets
   1  192.168.10.1  0.011 ms
   2  100.64.1.1  27.108 ms
   3  100.64.1.12  52.490 ms
   4  192.168.20.10  65.482 ms
-- lab/ci/checks/m4-steering.sh
-- steering applied
ok    pop-miami nftables classifier
ok    pop-miami 6 steering rules
ok    site-a nftables classifier
ok    site-a 3 steering rules
ok    site-b nftables classifier
ok    site-b 3 steering rules
FAIL  site-a voice on 'wg-b' at start, want wg-a
      maps: site-b v59, site-a v89, pop-miami v119
-- brownout: carrier A loss 0 -> 3% over 180 s (demo step 2)
FAIL  voice did not move within 330 s of the brownout
ok    bulk stayed on carrier A (3% is under its 5% threshold)
-- hard cut of carrier B while voice is on it (demo step 3)
      voice probe stream: 1463 of 1500 received at 50 packets/s
ok    voice lost 740 ms of packets (< 3 s)
ok    agent failover on BFD after 1 s
ok    voice on wg-a after the cut
-- recovery: restore B, classes move back only after the hold time (demo step 4)
ok    no moves in the first minute after recovery
      moves since the brownout began: 6
      16:08:36 site-a business move: Moved business from Carrier A to Carrier B: loss on Carrier A rising 1.0% a minute, forecast 2.4% in 60 s against a 2% SLA.
      16:08:57 site-b business move: Moved business from Carrier A to Carrier B: loss on Carrier A rising 0.4% a minute, forecast 2.5% in 60 s against a 2% SLA.
      16:11:18 site-a voice failover: Moved voice from Carrier B to Carrier A: Carrier B is down (BFD reports it down).
      16:11:18 site-b business failover: Moved business from Carrier B to Carrier A: Carrier B is down (BFD reports it down).
      16:11:18 site-b voice failover: Moved voice from Carrier B to Carrier A: Carrier B is down (BFD reports it down).
      16:11:18 site-a business failover: Moved business from Carrier B to Carrier A: Carrier B is down (BFD reports it down).
      16:11:39 site-a business hold: Kept business on Carrier A: loss on Carrier A is 2.3% against a 2% SLA, but it moved here 20 s ago (hold time 120 s).
      16:11:39 site-b business hold: Kept business on Carrier A: loss on Carrier A is 2.7% against a 2% SLA, but it moved here 20 s ago (hold time 120 s).
      16:11:39 site-b voice hold: Kept voice on Carrier A: loss on Carrier A is 2.7% against a 1% SLA, but it moved here 20 s ago (hold time 120 s).
      16:11:39 site-a voice hold: Kept voice on Carrier A: loss on Carrier A is 2.3% against a 1% SLA, but it moved here 20 s ago (hold time 120 s).
      16:11:49 site-a business hold: Kept business on Carrier A: loss on Carrier A is 2.3% against a 2% SLA, but it moved here 30 s ago (hold time 120 s).
      16:11:49 site-b business hold: Kept business on Carrier A: loss on Carrier A is 2.6% against a 2% SLA, but it moved here 30 s ago (hold time 120 s).
      16:11:49 site-b voice hold: Kept voice on Carrier A: loss on Carrier A is 2.6% against a 1% SLA, but it moved here 30 s ago (hold time 120 s).
      16:11:49 site-a voice hold: Kept voice on Carrier A: loss on Carrier A is 2.3% against a 1% SLA, but it moved here 30 s ago (hold time 120 s).
      16:11:59 site-a business hold: Kept business on Carrier A: loss on Carrier A is 2.1% against a 2% SLA, but it moved here 40 s ago (hold time 120 s).
      16:11:59 site-a voice hold: Kept voice on Carrier A: loss on Carrier A is 2.1% against a 1% SLA, but it moved here 40 s ago (hold time 120 s).
      16:11:59 site-b voice hold: Kept voice on Carrier A: loss on Carrier A is 2.4% against a 1% SLA, but it moved here 40 s ago (hold time 120 s).
      16:11:59 site-b business hold: Kept business on Carrier A: loss on Carrier A is 2.4% against a 2% SLA, but it moved here 40 s ago (hold time 120 s).
      16:12:09 site-a voice hold: Kept voice on Carrier A: it is down (BFD reports it down) and no other path is up.
      16:12:09 site-b business hold: Kept business on Carrier A: loss on Carrier A is 2.3% against a 2% SLA, but it moved here 50 s ago (hold time 120 s).
      16:12:09 site-b voice hold: Kept voice on Carrier A: loss on Carrier A is 2.3% against a 1% SLA, but it moved here 50 s ago (hold time 120 s).
      16:12:09 site-a bulk hold: Kept bulk on Carrier A: it is down (BFD reports it down) and no other path is up.
      16:12:09 site-a business hold: Kept business on Carrier A: it is down (BFD reports it down) and no other path is up.
      16:12:19 site-b voice hold: Kept voice on Carrier A: loss on Carrier A is 2.2% against a 1% SLA, but it moved here 60 s ago (hold time 120 s).
      16:12:19 site-b business hold: Kept business on Carrier A: loss on Carrier A is 2.2% against a 2% SLA, but it moved here 60 s ago (hold time 120 s).
      16:12:19 site-a voice hold: Kept voice on Carrier A: loss on Carrier A is 1.9% against a 1% SLA, but it moved here 60 s ago (hold time 120 s).
      16:12:29 site-b voice hold: Kept voice on Carrier A: loss on Carrier A is 2.1% against a 1% SLA, but it moved here 71 s ago (hold time 120 s).
      16:12:29 site-b business hold: Kept business on Carrier A: loss on Carrier A is 2.1% against a 2% SLA, but it moved here 71 s ago (hold time 120 s).
      16:12:29 site-a voice hold: Kept voice on Carrier A: loss on Carrier A is 1.8% against a 1% SLA, but it moved here 71 s ago (hold time 120 s).
      16:12:39 site-a voice hold: Kept voice on Carrier A: loss on Carrier A is 1.7% against a 1% SLA, but it moved here 81 s ago (hold time 120 s).
      16:12:39 site-b voice hold: Kept voice on Carrier A: loss on Carrier A is 1.9% against a 1% SLA, but it moved here 81 s ago (hold time 120 s).
      16:12:49 site-a voice hold: Kept voice on Carrier A: loss on Carrier A is 1.6% against a 1% SLA, but it moved here 91 s ago (hold time 120 s).
      16:12:49 site-b voice hold: Kept voice on Carrier A: loss on Carrier A is 1.8% against a 1% SLA, but it moved here 91 s ago (hold time 120 s).
-- lab/ci/checks/m5-storm.sh
-- Storm Mode on at site-a only
ok    Storm Mode switched on for site-a through the API
ok    site-a agent has the Storm Mode steering map
ok    site-b is not in Storm Mode
ok    satellite warm: 35 probes per 10 s
ok    satellite BGP established
-- both terrestrial links cut
ok    voice continues on satellite
ok    business continues on satellite
ok    bulk paused (blackhole rule)
ok    voice stream lost 1600 ms across the double cut
-- restore and switch Storm Mode off
ok    Storm Mode switched off
ok    voice and business back on terrestrial paths, bulk resumed
      Storm Mode last switched by user:admin@exacarib.local
      16:14:18 storm_off
      16:12:57 storm_on
-- lab/ci/checks/m6-metering.sh
-- traffic: 20 Mbit/s bulk (CS1, TCP) from lan-a to lan-b for 11 minutes
      bulk leaves site-a on wg-a
ok    5-minute samples with traffic for site-a
      iperf: [  5] 632.00-633.00 sec  2.38 MBytes  19.9 Mbits/sec    1    194 KBytes        [  5] 633.00-634.00 sec  2.38 MBytes  19.9 Mbits/sec    0    218 KBytes        [  5] 634.00-635.15 sec  2.00 MBytes  14.6 Mbits/sec    5    163 KBytes        [  5] 635.15-636.00 sec  2.00 MBytes  19.8 Mbits/sec   16    12
      site-a carrier-a: samples 11, 95th in 1.777513 out 27.449638, billable 27.449638, commit 100, burst 0.000, total 400.00
ok    billable rate 27.449638 Mbps matches the ~20 Mbit/s offered
-- CSV matches the screen
ok    CSV 95th percentile 27.450 equals the screen
ok    CSV settlement total equals the screen
-- carrier view
ok    carrier user sees only Carrier A links
ok    carrier user cannot open the customer overview
-- lab/ci/checks/m7-outage.sh
-- stop the controller and the agent proxy
ok    all three agents noticed after 59 s and hold the last good state
ok    site A still reaches site B through the PoP
-- BFD failover with the controller down
FAIL  voice stayed on wg-a after carrier-a was cut
-- start the controller again
ok    all three agents reconciled 16 s after the restart
-- lab/ci/checks/m8-ai.sh
-- hurricane watch
ok    NHC feed read from the lab host: 2 active storms
ok    example hurricane raised a warning
ok    only site-a (Kingston) is warned
      Hurricane Example (90 kt) is moving at 23 km/h on a heading of 285°. Projecting that motion forward, it passes about 92 km from site-a in about 25 h. Consider switching Storm Mode on so the satellite path is warm before the terrestrial links suffer. This is a straight-line projection; check the NHC advisory for the official forecast track.
-- insights from this run
      anomaly critical: Carrier B at site-a: loss 8.72%, usually 0.00%
      anomaly critical: Carrier A at site-a: loss 4.50%, usually 0.00%
      anomaly critical: Carrier A at site-b: loss 4.23%, usually 0.00%
      anomaly critical: Carrier B at site-b: loss 8.62%, usually 0.00%
      anomaly warning: Carrier B at site-a: latency 60.3 ms, usually 45.9 ms
      anomaly warning: Carrier B at site-a: jitter 19.9 ms, usually 10.8 ms
      anomaly warning: Carrier A at site-b: jitter 23.4 ms, usually 9.7 ms
      anomaly warning: Satellite at site-b: jitter 37.6 ms, usually 18.3 ms
      anomaly warning: Satellite at site-a: jitter 36.4 ms, usually 18.9 ms
      anomaly warning: Carrier A at site-a: latency 45.8 ms, usually 35.8 ms
-- ask your network
ok    answered: Voice at site-a is currently on carrier-a, and it last moved there from carrier-b at 16:26:51 UTC due to a BFD event (carrier-b's tunnel came back up after a failover).
-- lab/ci/checks/m9-public.sh
ok    https://connect.exacarib.com/healthz answers on this host
ok    certificate from Let's Encrypt (issuer=C = US, O = Let's Encrypt, CN = YE1)
ok    portal served
FAIL  enrol answered 422 publicly
ok    API answers and needs sign-in
ok    connect.exacarib.com reachable from this host over the internet
      web container: running restarts=0
      caddy: {"level":"info","ts":1791043496.4097462,"msg":"using config from file","file":"/etc/caddy/Caddyfile"}
      caddy: {"level":"info","ts":1791043496.4097495,"msg":"adapted config to JSON","adapter":"caddyfile"}
      listening on public addresses: 22 80 443 
ok    controller, database and dev portal stay private
-- lab/ci/checks/m9-traffic.sh
-- priority queues
ok    site-a wg-a: qdisc cake 803a: root refcnt 2 bandwidth 190Mbit diffserv4 triple-isolate nonat nowash no-
ok    site-a wg-b: qdisc cake 803b: root refcnt 2 bandwidth 95Mbit diffserv4 triple-isolate nonat nowash no-a
-- application detection: Zoom-like traffic on UDP 8801 for 4 minutes
ok    site-a reported its flows to UDP 8801
FAIL  Zoom was not detected
      tcp|5201|bulk|699877|437556 udp|8801|voice|2919|0 tcp|5201||11|8 
-- a customer rule: a subnet and port into business
ok    site-a classifies TCP 5201 to site B as business
ok    the PoP classifies the return direction

== Diagnostics (16:29:46)
pop-miami: running
site-a: running
site-b: running
-- agent log pop-miami
time=2026-10-03T16:26:44.364Z level=INFO msg="bfd change" node=pop-miami peer=100.64.1.12 tunnel=wg-a status=down
time=2026-10-03T16:26:44.364Z level=INFO msg="bfd change" node=pop-miami peer=100.64.1.11 tunnel=wg-a status=down
time=2026-10-03T16:26:44.375Z level=INFO msg="class moved" node=pop-miami class=voice dst=192.168.10.0/24 from=carrier-a to=carrier-b why=bfd
time=2026-10-03T16:26:44.375Z level=INFO msg="class moved" node=pop-miami class=business dst=192.168.10.0/24 from=carrier-a to=carrier-b why=bfd
time=2026-10-03T16:26:44.375Z level=INFO msg="class moved" node=pop-miami class=bulk dst=192.168.10.0/24 from=carrier-a to=carrier-b why=bfd
time=2026-10-03T16:26:44.375Z level=INFO msg="class moved" node=pop-miami class=voice dst=192.168.20.0/24 from=carrier-a to=carrier-b why=bfd
time=2026-10-03T16:26:44.375Z level=INFO msg="class moved" node=pop-miami class=business dst=192.168.20.0/24 from=carrier-a to=carrier-b why=bfd
time=2026-10-03T16:26:44.375Z level=INFO msg="class moved" node=pop-miami class=bulk dst=192.168.20.0/24 from=carrier-a to=carrier-b why=bfd
time=2026-10-03T16:26:58.347Z level=INFO msg="bfd change" node=pop-miami peer=100.64.1.12 tunnel=wg-a status=up
time=2026-10-03T16:26:58.347Z level=INFO msg="bfd change" node=pop-miami peer=100.64.1.11 tunnel=wg-a status=up
time=2026-10-03T16:26:58.351Z level=INFO msg="class moved" node=pop-miami class=voice dst=192.168.10.0/24 from=carrier-b to=carrier-a why=bfd
time=2026-10-03T16:26:58.351Z level=INFO msg="class moved" node=pop-miami class=business dst=192.168.10.0/24 from=carrier-b to=carrier-a why=bfd
time=2026-10-03T16:26:58.351Z level=INFO msg="class moved" node=pop-miami class=bulk dst=192.168.10.0/24 from=carrier-b to=carrier-a why=bfd
time=2026-10-03T16:26:58.351Z level=INFO msg="class moved" node=pop-miami class=voice dst=192.168.20.0/24 from=carrier-b to=carrier-a why=bfd
time=2026-10-03T16:26:58.351Z level=INFO msg="class moved" node=pop-miami class=business dst=192.168.20.0/24 from=carrier-b to=carrier-a why=bfd
time=2026-10-03T16:26:58.351Z level=INFO msg="class moved" node=pop-miami class=bulk dst=192.168.20.0/24 from=carrier-b to=carrier-a why=bfd
time=2026-10-03T16:27:01.908Z level=INFO msg="controller reachable again; reconciling" node=pop-miami
time=2026-10-03T16:27:26.828Z level=INFO msg="new steering map" node=pop-miami version=126 storm=false
time=2026-10-03T16:27:26.835Z level=INFO msg="class moved" node=pop-miami class=voice dst=192.168.10.0/24 from=carrier-a to=carrier-b why=controller
time=2026-10-03T16:27:26.835Z level=INFO msg="class moved" node=pop-miami class=business dst=192.168.10.0/24 from=carrier-a to=carrier-b why=controller
time=2026-10-03T16:27:26.835Z level=INFO msg="class moved" node=pop-miami class=bulk dst=192.168.10.0/24 from=carrier-a to=carrier-b why=controller
time=2026-10-03T16:27:26.835Z level=INFO msg="class moved" node=pop-miami class=voice dst=192.168.20.0/24 from=carrier-a to=carrier-b why=controller
time=2026-10-03T16:27:26.835Z level=INFO msg="class moved" node=pop-miami class=business dst=192.168.20.0/24 from=carrier-a to=carrier-b why=controller
time=2026-10-03T16:27:26.835Z level=INFO msg="class moved" node=pop-miami class=bulk dst=192.168.20.0/24 from=carrier-a to=carrier-b why=controller
time=2026-10-03T16:29:41.920Z level=INFO msg="new steering map" node=pop-miami version=127 storm=false
-- agent log site-a
time=2026-10-03T16:26:01.889Z level=WARN msg="controller unreachable" node=site-a err="Get \"https://172.30.0.5:8443/api/v1/agent/steering?have=94\": context deadline exceeded (Client.Timeout exceeded while awaiting headers)"
time=2026-10-03T16:26:04.948Z level=WARN msg="controller unreachable" node=site-a err="Get \"https://172.30.0.5:8443/api/v1/agent/desired-state?have=17\": dial tcp 172.30.0.5:8443: connect: no route to host"
time=2026-10-03T16:26:08.080Z level=WARN msg="controller unreachable" node=site-a err="Post \"https://172.30.0.5:8443/api/v1/agent/telemetry\": dial tcp 172.30.0.5:8443: connect: no route to host"
time=2026-10-03T16:26:11.150Z level=WARN msg="controller unreachable" node=site-a err="Post \"https://172.30.0.5:8443/api/v1/agent/telemetry\": dial tcp 172.30.0.5:8443: connect: no route to host"
time=2026-10-03T16:26:14.223Z level=WARN msg="controller unreachable" node=site-a err="Get \"https://172.30.0.5:8443/api/v1/agent/desired-state?have=17\": dial tcp 172.30.0.5:8443: connect: no route to host"
time=2026-10-03T16:26:17.362Z level=WARN msg="controller unreachable" node=site-a err="Get \"https://172.30.0.5:8443/api/v1/agent/steering?have=94\": dial tcp 172.30.0.5:8443: connect: no route to host"
time=2026-10-03T16:26:20.438Z level=WARN msg="controller unreachable" node=site-a err="Post \"https://172.30.0.5:8443/api/v1/agent/telemetry\": dial tcp 172.30.0.5:8443: connect: no route to host"
time=2026-10-03T16:26:23.574Z level=WARN msg="controller unreachable" node=site-a err="Get \"https://172.30.0.5:8443/api/v1/agent/steering?have=94\": dial tcp 172.30.0.5:8443: connect: no route to host"
time=2026-10-03T16:26:26.640Z level=WARN msg="controller unreachable" node=site-a err="Get \"https://172.30.0.5:8443/api/v1/agent/steering?have=94\": dial tcp 172.30.0.5:8443: connect: no route to host"
time=2026-10-03T16:26:29.853Z level=WARN msg="controller silent; holding the last good state and current paths" node=site-a since=2026-10-03T16:25:27Z err="Get \"https://172.30.0.5:8443/api/v1/agent/desired-state?have=17\": dial tcp 172.30.0.5:8443: connect: no route to host"
time=2026-10-03T16:26:45.438Z level=INFO msg="bfd change" node=site-a peer=100.64.1.1 tunnel=wg-a status=down
time=2026-10-03T16:26:45.456Z level=INFO msg="class moved" node=site-a class=voice dst="" from=carrier-a to=carrier-b why=bfd
time=2026-10-03T16:26:45.456Z level=INFO msg="class moved" node=site-a class=business dst="" from=carrier-a to=carrier-b why=bfd
time=2026-10-03T16:26:45.456Z level=INFO msg="class moved" node=site-a class=bulk dst="" from=carrier-a to=carrier-b why=bfd
time=2026-10-03T16:26:51.720Z level=INFO msg="bfd change" node=site-a peer=100.64.1.1 tunnel=wg-a status=up
time=2026-10-03T16:26:51.726Z level=INFO msg="class moved" node=site-a class=voice dst="" from=carrier-b to=carrier-a why=bfd
time=2026-10-03T16:26:51.726Z level=INFO msg="class moved" node=site-a class=business dst="" from=carrier-b to=carrier-a why=bfd
time=2026-10-03T16:26:51.726Z level=INFO msg="class moved" node=site-a class=bulk dst="" from=carrier-b to=carrier-a why=bfd
time=2026-10-03T16:27:01.915Z level=INFO msg="controller reachable again; reconciling" node=site-a
time=2026-10-03T16:27:26.839Z level=INFO msg="new steering map" node=site-a version=95 storm=false
time=2026-10-03T16:27:26.848Z level=INFO msg="class moved" node=site-a class=voice dst="" from=carrier-a to=carrier-b why=controller
time=2026-10-03T16:27:26.849Z level=INFO msg="class moved" node=site-a class=business dst="" from=carrier-a to=carrier-b why=controller
time=2026-10-03T16:27:26.849Z level=INFO msg="class moved" node=site-a class=bulk dst="" from=carrier-a to=carrier-b why=controller
time=2026-10-03T16:29:41.881Z level=INFO msg="new steering map" node=site-a version=96 storm=false
time=2026-10-03T16:29:46.859Z level=INFO msg="new steering map" node=site-a version=97 storm=false
-- agent log site-b
time=2026-10-03T16:18:45.897Z level=INFO msg="class moved" node=site-b class=voice dst="" from=carrier-a to=carrier-b why=bfd
time=2026-10-03T16:18:45.897Z level=INFO msg="class moved" node=site-b class=business dst="" from=carrier-a to=carrier-b why=bfd
time=2026-10-03T16:18:45.897Z level=INFO msg="class moved" node=site-b class=bulk dst="" from=carrier-a to=carrier-b why=bfd
time=2026-10-03T16:18:46.802Z level=INFO msg="bfd change" node=site-b peer=100.64.1.1 tunnel=wg-a status=up
time=2026-10-03T16:18:46.812Z level=INFO msg="class moved" node=site-b class=voice dst="" from=carrier-b to=carrier-a why=bfd
time=2026-10-03T16:18:46.812Z level=INFO msg="class moved" node=site-b class=business dst="" from=carrier-b to=carrier-a why=bfd
time=2026-10-03T16:18:46.812Z level=INFO msg="class moved" node=site-b class=bulk dst="" from=carrier-b to=carrier-a why=bfd
time=2026-10-03T16:25:02.994Z level=INFO msg="bfd change" node=site-b peer=100.64.2.1 tunnel=wg-b status=down
time=2026-10-03T16:25:04.025Z level=INFO msg="bfd change" node=site-b peer=100.64.2.1 tunnel=wg-b status=up
time=2026-10-03T16:25:46.819Z level=WARN msg="controller unreachable" node=site-b err="Get \"https://172.30.0.5:8443/api/v1/agent/steering?have=61\": context deadline exceeded (Client.Timeout exceeded while awaiting headers)"
time=2026-10-03T16:26:01.855Z level=WARN msg="controller unreachable" node=site-b err="Get \"https://172.30.0.5:8443/api/v1/agent/steering?have=61\": context deadline exceeded (Client.Timeout exceeded while awaiting headers)"
time=2026-10-03T16:26:10.072Z level=WARN msg="controller unreachable" node=site-b err="Get \"https://172.30.0.5:8443/api/v1/agent/steering?have=61\": dial tcp 172.30.0.5:8443: connect: no route to host"
time=2026-10-03T16:26:13.134Z level=WARN msg="controller unreachable" node=site-b err="Get \"https://172.30.0.5:8443/api/v1/agent/desired-state?have=7\": dial tcp 172.30.0.5:8443: connect: no route to host"
time=2026-10-03T16:26:16.209Z level=WARN msg="controller unreachable" node=site-b err="Get \"https://172.30.0.5:8443/api/v1/agent/steering?have=61\": dial tcp 172.30.0.5:8443: connect: no route to host"
time=2026-10-03T16:26:19.280Z level=WARN msg="controller unreachable" node=site-b err="Post \"https://172.30.0.5:8443/api/v1/agent/telemetry\": dial tcp 172.30.0.5:8443: connect: no route to host"
time=2026-10-03T16:26:22.479Z level=WARN msg="controller unreachable" node=site-b err="Get \"https://172.30.0.5:8443/api/v1/agent/desired-state?have=7\": dial tcp 172.30.0.5:8443: connect: no route to host"
time=2026-10-03T16:26:25.565Z level=WARN msg="controller unreachable" node=site-b err="Get \"https://172.30.0.5:8443/api/v1/agent/steering?have=61\": dial tcp 172.30.0.5:8443: connect: no route to host"
time=2026-10-03T16:26:28.687Z level=WARN msg="controller silent; holding the last good state and current paths" node=site-b since=2026-10-03T16:25:27Z err="Post \"https://172.30.0.5:8443/api/v1/agent/telemetry\": dial tcp 172.30.0.5:8443: connect: no route to host"
time=2026-10-03T16:27:01.904Z level=INFO msg="controller reachable again; reconciling" node=site-b
time=2026-10-03T16:27:26.838Z level=INFO msg="new steering map" node=site-b version=62 storm=false
time=2026-10-03T16:27:26.842Z level=INFO msg="class moved" node=site-b class=voice dst="" from=carrier-a to=carrier-b why=controller
time=2026-10-03T16:27:26.842Z level=INFO msg="class moved" node=site-b class=business dst="" from=carrier-a to=carrier-b why=controller
time=2026-10-03T16:27:26.842Z level=INFO msg="class moved" node=site-b class=bulk dst="" from=carrier-a to=carrier-b why=controller
time=2026-10-03T16:29:41.868Z level=INFO msg="new steering map" node=site-b version=63 storm=false
time=2026-10-03T16:29:46.872Z level=INFO msg="new steering map" node=site-b version=64 storm=false
-- controller log
controller-1  | INFO:     172.18.0.1:49306 - "POST /api/v1/customers/4d26813b-aaa6-4be7-9b73-1730be959882/applications/detect HTTP/1.1" 200 OK
controller-1  | INFO:     172.18.0.1:49310 - "POST /api/v1/auth/login HTTP/1.1" 200 OK
controller-1  | INFO:     172.18.0.1:49312 - "GET /api/v1/customers/4d26813b-aaa6-4be7-9b73-1730be959882/applications HTTP/1.1" 200 OK
controller-1  | INFO:     127.0.0.1:47830 - "GET /healthz HTTP/1.1" 200 OK
controller-1  | INFO:     172.18.0.4:60496 - "GET /api/v1/agent/desired-state?have=9 HTTP/1.0" 204 No Content
controller-1  | INFO:     172.18.0.4:60516 - "GET /api/v1/agent/desired-state?have=7 HTTP/1.0" 204 No Content
controller-1  | INFO:     172.18.0.4:60504 - "GET /api/v1/agent/desired-state?have=17 HTTP/1.0" 204 No Content
controller-1  | INFO:     172.18.0.4:60522 - "GET /api/v1/agent/steering?have=126 HTTP/1.0" 204 No Content
controller-1  | INFO:     172.18.0.4:60534 - "POST /api/v1/agent/telemetry HTTP/1.0" 204 No Content
controller-1  | INFO:     172.18.0.4:60560 - "POST /api/v1/agent/telemetry HTTP/1.0" 204 No Content
controller-1  | INFO:     172.18.0.4:60548 - "POST /api/v1/agent/telemetry HTTP/1.0" 204 No Content
controller-1  | INFO:     172.18.0.4:60570 - "GET /api/v1/agent/steering?have=62 HTTP/1.0" 204 No Content
controller-1  | INFO:     172.18.0.4:60574 - "GET /api/v1/agent/steering?have=95 HTTP/1.0" 204 No Content
controller-1  | INFO:     172.18.0.1:49858 - "POST /api/v1/auth/login HTTP/1.1" 200 OK
controller-1  | INFO:     172.18.0.1:49872 - "POST /api/v1/customers/4d26813b-aaa6-4be7-9b73-1730be959882/applications/detect HTTP/1.1" 200 OK
controller-1  | INFO:     172.18.0.1:49880 - "POST /api/v1/auth/login HTTP/1.1" 200 OK
controller-1  | INFO:     172.18.0.1:49890 - "GET /api/v1/customers/4d26813b-aaa6-4be7-9b73-1730be959882/applications HTTP/1.1" 200 OK
controller-1  | INFO:     172.18.0.1:49896 - "POST /api/v1/auth/login HTTP/1.1" 200 OK
controller-1  | INFO:     172.18.0.1:49912 - "POST /api/v1/customers/4d26813b-aaa6-4be7-9b73-1730be959882/applications/detect HTTP/1.1" 200 OK
controller-1  | INFO:     172.18.0.1:49914 - "POST /api/v1/auth/login HTTP/1.1" 200 OK
controller-1  | INFO:     172.18.0.1:49926 - "GET /api/v1/customers/4d26813b-aaa6-4be7-9b73-1730be959882/applications HTTP/1.1" 200 OK
controller-1  | INFO:     127.0.0.1:37326 - "GET /healthz HTTP/1.1" 200 OK
controller-1  | INFO:     172.18.0.4:60594 - "GET /api/v1/agent/steering?have=95 HTTP/1.0" 204 No Content
controller-1  | INFO:     172.18.0.4:60588 - "GET /api/v1/agent/steering?have=126 HTTP/1.0" 204 No Content
controller-1  | INFO:     172.18.0.4:60600 - "GET /api/v1/agent/steering?have=62 HTTP/1.0" 204 No Content
controller-1  | INFO:     172.18.0.1:49936 - "POST /api/v1/auth/login HTTP/1.1" 200 OK
controller-1  | INFO:     172.18.0.1:49946 - "POST /api/v1/customers/4d26813b-aaa6-4be7-9b73-1730be959882/applications/detect HTTP/1.1" 200 OK
controller-1  | INFO:     172.18.0.1:49956 - "POST /api/v1/auth/login HTTP/1.1" 200 OK
controller-1  | INFO:     172.18.0.1:49966 - "GET /api/v1/customers/4d26813b-aaa6-4be7-9b73-1730be959882/applications HTTP/1.1" 200 OK
controller-1  | INFO:     172.18.0.1:49968 - "POST /api/v1/auth/login HTTP/1.1" 200 OK
controller-1  | INFO:     172.18.0.1:49976 - "POST /api/v1/customers/4d26813b-aaa6-4be7-9b73-1730be959882/applications/detect HTTP/1.1" 200 OK
controller-1  | INFO:     172.18.0.1:49978 - "POST /api/v1/auth/login HTTP/1.1" 200 OK
controller-1  | INFO:     172.18.0.1:49988 - "GET /api/v1/customers/4d26813b-aaa6-4be7-9b73-1730be959882/applications HTTP/1.1" 200 OK
controller-1  | INFO:     172.18.0.4:40374 - "GET /api/v1/agent/desired-state?have=17 HTTP/1.0" 204 No Content
controller-1  | INFO:     172.18.0.4:40368 - "GET /api/v1/agent/desired-state?have=9 HTTP/1.0" 204 No Content
controller-1  | INFO:     172.18.0.4:40382 - "GET /api/v1/agent/desired-state?have=7 HTTP/1.0" 204 No Content
controller-1  | INFO:     172.18.0.4:40398 - "GET /api/v1/agent/steering?have=126 HTTP/1.0" 204 No Content
controller-1  | INFO:     172.18.0.4:40410 - "POST /api/v1/agent/telemetry HTTP/1.0" 204 No Content
controller-1  | INFO:     172.18.0.4:40414 - "GET /api/v1/agent/steering?have=95 HTTP/1.0" 204 No Content
controller-1  | INFO:     172.18.0.4:40428 - "POST /api/v1/agent/telemetry HTTP/1.0" 204 No Content
controller-1  | INFO:     172.18.0.4:40432 - "POST /api/v1/agent/telemetry HTTP/1.0" 204 No Content
controller-1  | INFO:     172.18.0.4:40444 - "GET /api/v1/agent/steering?have=62 HTTP/1.0" 204 No Content
controller-1  | INFO:     127.0.0.1:56636 - "GET /healthz HTTP/1.1" 200 OK
controller-1  | INFO:     172.18.0.1:50102 - "POST /api/v1/auth/login HTTP/1.1" 200 OK
controller-1  | INFO:     172.18.0.1:50118 - "POST /api/v1/customers/4d26813b-aaa6-4be7-9b73-1730be959882/rules HTTP/1.1" 201 Created
controller-1  | INFO:     172.18.0.4:40454 - "GET /api/v1/agent/steering?have=62 HTTP/1.0" 200 OK
controller-1  | INFO:     172.18.0.4:40448 - "GET /api/v1/agent/steering?have=95 HTTP/1.0" 200 OK
controller-1  | INFO:     172.18.0.4:40460 - "GET /api/v1/agent/steering?have=126 HTTP/1.0" 200 OK
controller-1  | INFO:     127.0.0.1:56660 - "GET /healthz HTTP/1.1" 200 OK
controller-1  | INFO:     172.18.0.1:50134 - "POST /api/v1/auth/login HTTP/1.1" 200 OK
controller-1  | INFO:     172.18.0.1:50146 - "DELETE /api/v1/customers/4d26813b-aaa6-4be7-9b73-1730be959882/rules/9 HTTP/1.1" 204 No Content
controller-1  | INFO:     172.18.0.4:45956 - "GET /api/v1/agent/desired-state?have=7 HTTP/1.0" 204 No Content
controller-1  | INFO:     172.18.0.4:45934 - "GET /api/v1/agent/desired-state?have=9 HTTP/1.0" 204 No Content
controller-1  | INFO:     172.18.0.4:45950 - "GET /api/v1/agent/desired-state?have=17 HTTP/1.0" 204 No Content
controller-1  | INFO:     172.18.0.4:45958 - "POST /api/v1/agent/telemetry HTTP/1.0" 204 No Content
controller-1  | INFO:     172.18.0.4:45960 - "GET /api/v1/agent/steering?have=96 HTTP/1.0" 200 OK
controller-1  | INFO:     172.18.0.4:45964 - "GET /api/v1/agent/steering?have=63 HTTP/1.0" 200 OK
controller-1  | INFO:     172.18.0.4:45966 - "POST /api/v1/agent/telemetry HTTP/1.0" 204 No Content
controller-1  | INFO:     172.18.0.4:45978 - "GET /api/v1/agent/steering?have=127 HTTP/1.0" 200 OK
controller-1  | INFO:     172.18.0.4:45986 - "POST /api/v1/agent/telemetry HTTP/1.0" 204 No Content
-- host
 18:29:47 up 2 days, 14:54,  0 user,  load average: 3.24, 5.45, 6.05
procs -----------memory---------- ---swap-- -----io---- -system-- -------cpu-------
 r  b   swpd   free   buff  cache   si   so    bi    bo   in   cs us sy id wa st gu
 1  0      0 5836360   7664 1113816    0    0    33   227 4710   16  5 18 76  0  0  0
 1  0      0 5853832   7664 1113892    0    0     0   128 6307 8097  9 21 69  1  0  0
 1  0      0 5844508   7664 1113892    0    0     0   140 5618 6587  3 16 80  0  0  0
make: *** [Makefile:102: lab-ci] Error 1
