commit 93bfea4: Disaster watch: read GDACS through its paged event search; m4 waits for the controller's choice too

== Lab already up; rebuilding the agent (17:56:52)

== Controller (17:57:23)
.env ready (admin: admin@exacarib.local)
time="2026-10-03T19:57:23+02:00" level=warning msg="Docker Compose is configured to build using Bake, but buildx isn't installed"
#0 building with "default" instance using docker driver

#1 [controller internal] load build definition from Dockerfile
#1 transferring dockerfile: 559B 0.0s done
#1 DONE 0.0s

#2 [controller internal] load metadata for docker.io/library/python:3.12-slim
#2 DONE 0.5s

#3 [controller internal] load .dockerignore
#3 transferring context: 2B done
#3 DONE 0.0s

#4 [controller internal] load build context
#4 DONE 0.0s

#5 [controller 1/5] FROM docker.io/library/python:3.12-slim@sha256:dddfd7e07f9d15aeeca61529320492139d21cac7f0070c00609243e51e4e0016
#5 resolve docker.io/library/python:3.12-slim@sha256:dddfd7e07f9d15aeeca61529320492139d21cac7f0070c00609243e51e4e0016 0.1s done
#5 DONE 0.1s

#4 [controller internal] load build context
#4 transferring context: 28.74kB 0.0s done
#4 DONE 0.0s

#6 [controller 2/5] WORKDIR /app
#6 CACHED

#7 [controller 3/5] COPY pyproject.toml ./
#7 CACHED

#8 [controller 4/5] COPY exaconnect_controller ./exaconnect_controller
#8 DONE 0.1s

#9 [controller 5/5] RUN pip install --no-cache-dir . && mkdir -p /data && chown nobody:nogroup /data
#9 3.434 Processing /app
#9 3.437   Installing build dependencies: started
#9 5.844   Installing build dependencies: finished with status 'done'
#9 5.847   Getting requirements to build wheel: started
#9 6.308   Getting requirements to build wheel: finished with status 'done'
#9 6.311   Preparing metadata (pyproject.toml): started
#9 6.738   Preparing metadata (pyproject.toml): finished with status 'done'
#9 6.877 Collecting fastapi>=0.115 (from exaconnect-controller==0.2.0)
#9 6.914   Downloading fastapi-0.142.2-py3-none-any.whl.metadata (27 kB)
#9 6.988 Collecting uvicorn>=0.30 (from uvicorn[standard]>=0.30->exaconnect-controller==0.2.0)
#9 6.996   Downloading uvicorn-0.54.0-py3-none-any.whl.metadata (6.6 kB)
#9 7.237 Collecting pydantic>=2.7 (from exaconnect-controller==0.2.0)
#9 7.246   Downloading pydantic-2.13.5-py3-none-any.whl.metadata (110 kB)
#9 7.285 Collecting psycopg>=3.2 (from psycopg[binary]>=3.2->exaconnect-controller==0.2.0)
#9 7.292   Downloading psycopg-3.3.6-py3-none-any.whl.metadata (4.4 kB)
#9 7.374 Collecting psycopg-pool>=3.2 (from exaconnect-controller==0.2.0)
#9 7.385   Downloading psycopg_pool-3.3.3-py3-none-any.whl.metadata (2.8 kB)
#9 7.780 Collecting cryptography>=43 (from exaconnect-controller==0.2.0)
#9 7.797   Downloading cryptography-50.0.2-cp311-abi3-manylinux_2_34_x86_64.whl.metadata (4.4 kB)
#9 8.018 Collecting cffi>=2.0.0 (from cryptography>=43->exaconnect-controller==0.2.0)
#9 8.026   Downloading cffi-2.1.1-cp312-cp312-manylinux2014_x86_64.manylinux_2_17_x86_64.whl.metadata (2.5 kB)
#9 8.073 Collecting starlette>=0.46.0 (from fastapi>=0.115->exaconnect-controller==0.2.0)
#9 8.082   Downloading starlette-1.7.0-py3-none-any.whl.metadata (6.6 kB)
#9 8.157 Collecting typing-extensions>=4.8.0 (from fastapi>=0.115->exaconnect-controller==0.2.0)
#9 8.210   Downloading typing_extensions-4.16.0-py3-none-any.whl.metadata (3.3 kB)
#9 8.231 Collecting typing-inspection>=0.4.2 (from fastapi>=0.115->exaconnect-controller==0.2.0)
#9 8.236   Downloading typing_inspection-0.4.4-py3-none-any.whl.metadata (2.6 kB)
#9 8.249 Collecting annotated-doc>=0.0.2 (from fastapi>=0.115->exaconnect-controller==0.2.0)
#9 8.256   Downloading annotated_doc-0.0.5-py3-none-any.whl.metadata (6.5 kB)
#9 8.289 Collecting opentelemetry-api>=1.44.0 (from fastapi>=0.115->exaconnect-controller==0.2.0)
#9 8.293   Downloading opentelemetry_api-1.45.0-py3-none-any.whl.metadata (1.4 kB)
#9 8.577 Collecting psycopg-binary==3.3.6 (from psycopg[binary]>=3.2->exaconnect-controller==0.2.0)
#9 8.583   Downloading psycopg_binary-3.3.6-cp312-cp312-manylinux2014_x86_64.manylinux_2_17_x86_64.whl.metadata (2.7 kB)
#9 8.601 Collecting annotated-types>=0.6.0 (from pydantic>=2.7->exaconnect-controller==0.2.0)
#9 8.606   Downloading annotated_types-0.8.0-py3-none-any.whl.metadata (15 kB)
#9 9.940 Collecting pydantic-core==2.46.5 (from pydantic>=2.7->exaconnect-controller==0.2.0)
#9 9.945   Downloading pydantic_core-2.46.5-cp312-cp312-manylinux_2_17_x86_64.manylinux2014_x86_64.whl.metadata (6.6 kB)
#9 9.985 Collecting click>=7.0 (from uvicorn>=0.30->uvicorn[standard]>=0.30->exaconnect-controller==0.2.0)
#9 9.991   Downloading click-8.5.0-py3-none-any.whl.metadata (2.6 kB)
#9 10.08 Collecting h11>=0.8 (from uvicorn>=0.30->uvicorn[standard]>=0.30->exaconnect-controller==0.2.0)
#9 10.09   Downloading h11-0.16.0-py3-none-any.whl.metadata (8.3 kB)
#9 10.14 Collecting httptools>=0.8.0 (from uvicorn[standard]>=0.30->exaconnect-controller==0.2.0)
#9 10.15   Downloading httptools-0.8.0-cp312-cp312-manylinux1_x86_64.manylinux_2_28_x86_64.manylinux_2_5_x86_64.whl.metadata (3.5 kB)
#9 10.18 Collecting python-dotenv>=0.13 (from uvicorn[standard]>=0.30->exaconnect-controller==0.2.0)
#9 10.19   Downloading python_dotenv-1.2.4-py3-none-any.whl.metadata (29 kB)
#9 10.25 Collecting pyyaml>=5.1 (from uvicorn[standard]>=0.30->exaconnect-controller==0.2.0)
#9 10.26   Downloading pyyaml-6.0.3-cp312-cp312-manylinux2014_x86_64.manylinux_2_17_x86_64.manylinux_2_28_x86_64.whl.metadata (2.4 kB)
#9 10.33 Collecting uvloop>=0.15.1 (from uvicorn[standard]>=0.30->exaconnect-controller==0.2.0)
#9 10.33   Downloading uvloop-0.23.0-cp312-cp312-manylinux2014_x86_64.manylinux_2_17_x86_64.manylinux_2_28_x86_64.whl.metadata (5.1 kB)
#9 10.47 Collecting watchfiles>=0.20 (from uvicorn[standard]>=0.30->exaconnect-controller==0.2.0)
#9 10.47   Downloading watchfiles-1.3.0-cp310-abi3-manylinux_2_17_x86_64.manylinux2014_x86_64.whl.metadata (4.9 kB)
#9 10.81 Collecting websockets>=13.0 (from uvicorn[standard]>=0.30->exaconnect-controller==0.2.0)
#9 10.82   Downloading websockets-17.2-cp312-cp312-manylinux1_x86_64.manylinux_2_28_x86_64.manylinux_2_5_x86_64.whl.metadata (6.3 kB)
#9 10.84 Collecting pycparser (from cffi>=2.0.0->cryptography>=43->exaconnect-controller==0.2.0)
#9 10.85   Downloading pycparser-3.0-py3-none-any.whl.metadata (8.2 kB)
#9 10.92 Collecting anyio<5,>=4.0.0 (from starlette>=0.46.0->fastapi>=0.115->exaconnect-controller==0.2.0)
#9 10.93   Downloading anyio-4.15.1-py3-none-any.whl.metadata (4.7 kB)
#9 11.01 Collecting idna>=2.8 (from anyio<5,>=4.0.0->starlette>=0.46.0->fastapi>=0.115->exaconnect-controller==0.2.0)
#9 11.02   Downloading idna-3.20-py3-none-any.whl.metadata (7.2 kB)
#9 11.05 Downloading cryptography-50.0.2-cp311-abi3-manylinux_2_34_x86_64.whl (4.8 MB)
#9 11.26    ━━━━━━━━━━━━━━━━━━━━━━━━━━━━━━━━━━━━━━━━ 4.8/4.8 MB 24.9 MB/s eta 0:00:00
#9 11.28 Downloading fastapi-0.142.2-py3-none-any.whl (144 kB)
#9 11.28 Downloading psycopg-3.3.6-py3-none-any.whl (215 kB)
#9 11.31 Downloading psycopg_pool-3.3.3-py3-none-any.whl (40 kB)
#9 11.32 Downloading psycopg_binary-3.3.6-cp312-cp312-manylinux2014_x86_64.manylinux_2_17_x86_64.whl (5.2 MB)
#9 11.53    ━━━━━━━━━━━━━━━━━━━━━━━━━━━━━━━━━━━━━━━━ 5.2/5.2 MB 24.7 MB/s eta 0:00:00
#9 11.54 Downloading pydantic-2.13.5-py3-none-any.whl (472 kB)
#9 11.56 Downloading pydantic_core-2.46.5-cp312-cp312-manylinux_2_17_x86_64.manylinux2014_x86_64.whl (2.1 MB)
#9 11.80    ━━━━━━━━━━━━━━━━━━━━━━━━━━━━━━━━━━━━━━━━ 2.1/2.1 MB 25.3 MB/s eta 0:00:00
#9 12.02 Downloading uvicorn-0.54.0-py3-none-any.whl (87 kB)
#9 12.04 Downloading annotated_doc-0.0.5-py3-none-any.whl (5.3 kB)
#9 12.05 Downloading annotated_types-0.8.0-py3-none-any.whl (13 kB)
#9 12.06 Downloading cffi-2.1.1-cp312-cp312-manylinux2014_x86_64.manylinux_2_17_x86_64.whl (221 kB)
#9 12.08 Downloading click-8.5.0-py3-none-any.whl (125 kB)
#9 12.11 Downloading h11-0.16.0-py3-none-any.whl (37 kB)
#9 12.13 Downloading httptools-0.8.0-cp312-cp312-manylinux1_x86_64.manylinux_2_28_x86_64.manylinux_2_5_x86_64.whl (523 kB)
#9 12.16 Downloading opentelemetry_api-1.45.0-py3-none-any.whl (60 kB)
#9 12.18 Downloading python_dotenv-1.2.4-py3-none-any.whl (23 kB)
#9 12.24 Downloading pyyaml-6.0.3-cp312-cp312-manylinux2014_x86_64.manylinux_2_17_x86_64.manylinux_2_28_x86_64.whl (807 kB)
#9 12.32    ━━━━━━━━━━━━━━━━━━━━━━━━━━━━━━━━━━━━━━━━ 807.9/807.9 kB 10.0 MB/s eta 0:00:00
#9 12.36 Downloading starlette-1.7.0-py3-none-any.whl (78 kB)
#9 12.37 Downloading typing_extensions-4.16.0-py3-none-any.whl (45 kB)
#9 12.41 Downloading typing_inspection-0.4.4-py3-none-any.whl (14 kB)
#9 12.42 Downloading uvloop-0.23.0-cp312-cp312-manylinux2014_x86_64.manylinux_2_17_x86_64.manylinux_2_28_x86_64.whl (4.5 MB)
#9 12.60    ━━━━━━━━━━━━━━━━━━━━━━━━━━━━━━━━━━━━━━━━ 4.5/4.5 MB 25.7 MB/s eta 0:00:00
#9 12.60 Downloading watchfiles-1.3.0-cp310-abi3-manylinux_2_17_x86_64.manylinux2014_x86_64.whl (458 kB)
#9 12.64 Downloading websockets-17.2-cp312-cp312-manylinux1_x86_64.manylinux_2_28_x86_64.manylinux_2_5_x86_64.whl (225 kB)
#9 12.71 Downloading anyio-4.15.1-py3-none-any.whl (132 kB)
#9 12.72 Downloading pycparser-3.0-py3-none-any.whl (48 kB)
#9 12.75 Downloading idna-3.20-py3-none-any.whl (69 kB)
#9 12.81 Building wheels for collected packages: exaconnect-controller
#9 12.82   Building wheel for exaconnect-controller (pyproject.toml): started
#9 13.50   Building wheel for exaconnect-controller (pyproject.toml): finished with status 'done'
#9 13.50   Created wheel for exaconnect-controller: filename=exaconnect_controller-0.2.0-py3-none-any.whl size=100527 sha256=2d68d73740dd24794aead25a49df5d530c91ab95ce7511053e7854e731c7e5d1
#9 13.50   Stored in directory: /tmp/pip-ephem-wheel-cache-m76cls24/wheels/54/1b/b7/aa63e25c8f14f4f2ae7b04e6097bdecb770e455c5c1ee0a600
#9 13.51 Successfully built exaconnect-controller
#9 13.61 Installing collected packages: websockets, uvloop, typing-extensions, pyyaml, python-dotenv, pycparser, psycopg-binary, idna, httptools, h11, click, annotated-types, annotated-doc, uvicorn, typing-inspection, pydantic-core, psycopg-pool, psycopg, opentelemetry-api, cffi, anyio, watchfiles, starlette, pydantic, cryptography, fastapi, exaconnect-controller
#9 18.51 WARNING: Running pip as the 'root' user can result in broken permissions and conflicting behaviour with the system package manager, possibly rendering your system unusable. It is recommended to use a virtual environment instead: https://pip.pypa.io/warnings/venv. Use the --root-user-action option if you know what you are doing and want to suppress this warning.
#9 18.51 Successfully installed annotated-doc-0.0.5 annotated-types-0.8.0 anyio-4.15.1 cffi-2.1.1 click-8.5.0 cryptography-50.0.2 exaconnect-controller-0.2.0 fastapi-0.142.2 h11-0.16.0 httptools-0.8.0 idna-3.20 opentelemetry-api-1.45.0 psycopg-3.3.6 psycopg-binary-3.3.6 psycopg-pool-3.3.3 pycparser-3.0 pydantic-2.13.5 pydantic-core-2.46.5 python-dotenv-1.2.4 pyyaml-6.0.3 starlette-1.7.0 typing-extensions-4.16.0 typing-inspection-0.4.4 uvicorn-0.54.0 uvloop-0.23.0 watchfiles-1.3.0 websockets-17.2
#9 18.65 
#9 18.65 [notice] A new release of pip is available: 25.0.1 -> 26.2.1
#9 18.65 [notice] To update, run: pip install --upgrade pip
#9 DONE 19.3s

#10 [controller] exporting to image
#10 exporting layers
#10 exporting layers 8.8s done
#10 exporting manifest sha256:f47c6252880d280cf7d955156468ea3d20fb8c198e79315b367bc66e7dadbc6d 0.0s done
#10 exporting config sha256:b51be7350d81093581780bd4ec4a8d94a52839c1d2e673697a19851cf011600b 0.1s done
#10 exporting attestation manifest sha256:f989c8113f0e4c3339d0be3e06b7df7f3442fa182a143de5c613c78e36b332b5
#10 exporting attestation manifest sha256:f989c8113f0e4c3339d0be3e06b7df7f3442fa182a143de5c613c78e36b332b5 0.2s done
#10 exporting manifest list sha256:2600d0eb24983e5c30e23f06214049e7182a5cce2b8ea46238b8070a0897a2ff
#10 exporting manifest list sha256:2600d0eb24983e5c30e23f06214049e7182a5cce2b8ea46238b8070a0897a2ff 0.1s done
#10 naming to docker.io/library/exaconnect-controller:latest done
#10 unpacking to docker.io/library/exaconnect-controller:latest
#10 unpacking to docker.io/library/exaconnect-controller:latest 2.1s done
#10 DONE 11.5s

#11 [controller] resolving provenance for metadata file
#11 DONE 0.0s
 controller  Built
time="2026-10-03T19:57:56+02:00" level=warning msg="Found orphan containers ([exaconnect-web-1]) for this project. If you removed or renamed this service in your compose file, you can run this command with the --remove-orphans flag to clean it up."
 Container exaconnect-db-1  Running
 Container exaconnect-controller-1  Recreate
 Container exaconnect-controller-1  Recreated
 Container exaconnect-proxy-1  Running
 Container exaconnect-db-1  Waiting
 Container exaconnect-db-1  Healthy
 Container exaconnect-controller-1  Starting
 Container exaconnect-controller-1  Started
 Container exaconnect-controller-1  Waiting
 Container exaconnect-controller-1  Healthy
 Container exaconnect-proxy-1  Waiting
 Container exaconnect-db-1  Waiting
 Container exaconnect-controller-1  Waiting
 Container exaconnect-controller-1  Healthy
 Container exaconnect-db-1  Healthy
 Container exaconnect-proxy-1  Healthy
time="2026-10-03T19:58:05+02:00" level=warning msg="Found orphan containers ([exaconnect-web-1]) for this project. If you removed or renamed this service in your compose file, you can run this command with the --remove-orphans flag to clean it up."
 Container exaconnect-proxy-1  Recreate
 Container exaconnect-proxy-1  Recreated
 Container exaconnect-proxy-1  Starting
 Container exaconnect-proxy-1  Started
 Container exaconnect-proxy-1  Waiting
 Container exaconnect-proxy-1  Healthy

== Agents (17:58:07)
pop-miami: agent stopped
site-a: agent stopped
site-b: agent stopped
pop-miami: agent started
site-a: agent started
site-b: agent started

== Public portal (17:58:12)
time="2026-10-03T19:58:12+02:00" level=warning msg="Docker Compose is configured to build using Bake, but buildx isn't installed"
#0 building with "default" instance using docker driver

#1 [controller internal] load build definition from Dockerfile
#1 transferring dockerfile: 559B 0.0s done
#1 DONE 0.1s

#2 [controller internal] load metadata for docker.io/library/python:3.12-slim
#2 DONE 0.2s

#3 [controller internal] load .dockerignore
#3 transferring context: 2B done
#3 DONE 0.1s

#4 [controller internal] load build context
#4 DONE 0.0s

#5 [controller 1/5] FROM docker.io/library/python:3.12-slim@sha256:dddfd7e07f9d15aeeca61529320492139d21cac7f0070c00609243e51e4e0016
#5 resolve docker.io/library/python:3.12-slim@sha256:dddfd7e07f9d15aeeca61529320492139d21cac7f0070c00609243e51e4e0016 0.1s done
#5 DONE 0.1s

#4 [controller internal] load build context
#4 transferring context: 3.10kB 0.0s done
#4 DONE 0.0s

#6 [controller 3/5] COPY pyproject.toml ./
#6 CACHED

#7 [controller 4/5] COPY exaconnect_controller ./exaconnect_controller
#7 CACHED

#8 [controller 2/5] WORKDIR /app
#8 CACHED

#9 [controller 5/5] RUN pip install --no-cache-dir . && mkdir -p /data && chown nobody:nogroup /data
#9 CACHED

#10 [controller] exporting to image
#10 exporting layers 0.0s done
#10 exporting manifest sha256:f47c6252880d280cf7d955156468ea3d20fb8c198e79315b367bc66e7dadbc6d done
#10 exporting config sha256:b51be7350d81093581780bd4ec4a8d94a52839c1d2e673697a19851cf011600b
#10 exporting config sha256:b51be7350d81093581780bd4ec4a8d94a52839c1d2e673697a19851cf011600b done
#10 exporting attestation manifest sha256:26055f60a85c52951abbdcf9118cfb5af758be3731b2d83a30580e173134e394 0.1s done
#10 exporting manifest list sha256:788ed195ffedc7bd78a1a274873f44d0909eea8e9aa0d6117b52eae46cbd1492 0.0s done
#10 naming to docker.io/library/exaconnect-controller:latest
#10 naming to docker.io/library/exaconnect-controller:latest done
#10 unpacking to docker.io/library/exaconnect-controller:latest 0.0s done
#10 DONE 0.3s

#11 [controller] resolving provenance for metadata file
#11 DONE 0.0s

#12 [web internal] load build definition from Dockerfile
#12 transferring dockerfile: 529B done
#12 DONE 0.0s

#13 [web internal] load metadata for docker.io/library/node:22-alpine
#13 ...

#14 [web internal] load metadata for docker.io/library/caddy:2-alpine
#14 DONE 0.2s

#13 [web internal] load metadata for docker.io/library/node:22-alpine
#13 DONE 0.2s

#15 [web internal] load .dockerignore
#15 transferring context: 2B done
#15 DONE 0.0s

#16 [web portal 1/6] FROM docker.io/library/node:22-alpine@sha256:0a7108bf6c7bf5de370ffb1a3ed6be93d405b43ff159f681a8d18c0e2bc2e402
#16 resolve docker.io/library/node:22-alpine@sha256:0a7108bf6c7bf5de370ffb1a3ed6be93d405b43ff159f681a8d18c0e2bc2e402 0.0s done
#16 DONE 0.0s

#17 [web stage-1 1/3] FROM docker.io/library/caddy:2-alpine@sha256:881bbc60f9986d5ab8e7cfd6cf7e4ef3c9c0439fef2429d035d065577882f028
#17 resolve docker.io/library/caddy:2-alpine@sha256:881bbc60f9986d5ab8e7cfd6cf7e4ef3c9c0439fef2429d035d065577882f028 0.1s done
#17 DONE 0.1s

#18 [web internal] load build context
#18 transferring context: 97.40kB 0.1s done
#18 DONE 0.2s

#19 [web portal 4/6] RUN npm ci --no-audit --no-fund
#19 CACHED

#20 [web portal 5/6] COPY portal/ ./
#20 CACHED

#21 [web portal 6/6] RUN npm run build
#21 CACHED

#22 [web stage-1 2/3] COPY deploy/public/Caddyfile /etc/caddy/Caddyfile
#22 CACHED

#23 [web portal 2/6] WORKDIR /src/portal
#23 CACHED

#24 [web portal 3/6] COPY portal/package.json portal/package-lock.json ./
#24 CACHED

#25 [web stage-1 3/3] COPY --from=portal /src/portal/dist /srv/portal
#25 CACHED

#26 [web] exporting to image
#26 exporting layers done
#26 exporting manifest sha256:92aa0163a49c68060cc62861e5906252ca58921920ff5626dc4c1758928c7402 done
#26 exporting config sha256:3f622e4736515d517f7b7557fefeb20329d966937bd50e485d45fac514f79197 done
#26 exporting attestation manifest sha256:96bd3b862f5b8ed5ad37fc13c66895ee515eeea5ffb637c947301b96689e9d8b
#26 exporting attestation manifest sha256:96bd3b862f5b8ed5ad37fc13c66895ee515eeea5ffb637c947301b96689e9d8b 0.1s done
#26 exporting manifest list sha256:2830add1b4dd566668df621b3c1ed7878c0e3aa239462c460e266e08fef7ad6e 0.0s done
#26 naming to docker.io/library/exaconnect-web:latest 0.0s done
#26 unpacking to docker.io/library/exaconnect-web:latest 0.0s done
#26 DONE 0.2s

#27 [web] resolving provenance for metadata file
#27 DONE 0.0s
 controller  Built
 web  Built
 Container exaconnect-db-1  Running
 Container exaconnect-controller-1  Recreate
 Container exaconnect-controller-1  Recreated
 Container exaconnect-web-1  Recreate
 Container exaconnect-web-1  Recreated
 Container exaconnect-db-1  Waiting
 Container exaconnect-db-1  Healthy
 Container exaconnect-controller-1  Starting
 Container exaconnect-controller-1  Started
 Container exaconnect-controller-1  Waiting
 Container exaconnect-controller-1  Healthy
 Container exaconnect-web-1  Starting
 Container exaconnect-web-1  Started
 Container exaconnect-web-1  Waiting
 Container exaconnect-db-1  Waiting
 Container exaconnect-controller-1  Waiting
 Container exaconnect-db-1  Healthy
 Container exaconnect-controller-1  Healthy
 Container exaconnect-web-1  Healthy

== Waiting for tunnels, BGP and BFD (17:58:25)

== Checks (17:58:29)
-- lab/scripts/check-routing.sh
ok    site-a wg-a handshake 17s ago
ok    site-a wg-b handshake 18s ago
ok    site-a wg-sat handshake 18s ago
ok    site-b wg-a handshake 18s ago
ok    site-b wg-b handshake 19s ago
ok    site-b wg-sat handshake 19s ago
ok    pop-miami BGP 6/6 established
ok    pop-miami BFD 6/6 up
ok    site-a BGP 3/3 established
ok    site-a BFD 3/3 up
ok    site-b BGP 3/3 established
ok    site-b BFD 3/3 up
ok    lan-a -> lan-b (site-a to site-b via the PoP)
ok    lan-b -> lan-a
ok    lan-a -> lan-pop

  traceroute to 192.168.20.10 (192.168.20.10), 30 hops max, 46 byte packets
   1  192.168.10.1  0.022 ms
   2  100.64.1.1  26.146 ms
   3  100.64.1.12  58.113 ms
   4  192.168.20.10  92.124 ms
-- lab/ci/checks/m4-steering.sh
-- steering applied
ok    pop-miami nftables classifier
ok    pop-miami 6 steering rules
ok    site-a nftables classifier
ok    site-a 3 steering rules
ok    site-b nftables classifier
ok    site-b 3 steering rules
      voice state at start: site-a carrier-b since 2026-10-03 17:52:06.001745+00 return carrier-a 2026-10-03 17:58:30.699193+00; site-b carrier-b since 2026-10-03 17:42:30.977886+00 return carrier-a 2026-10-03 17:58:11.375478+00
FAIL  site-a voice on 'wg-b' (controller: carrier-b) at start, want wg-a
      state: carrier-b since 2026-10-03 17:52:06.001745+00 return carrier-a 2026-10-03 18:06:37.279138+00 note - updated 2026-10-03 18:06:37.27965+00
      voice class: preferred none, priority realtime
      2026-10-03 17:54:39.441647+00|hold|Kept voice on Carrier B: jitter on Carrier B is 31 ms against a 30 ms SLA, but no other path is forecast within SLA.
      2026-10-03 17:52:06.005546+00|move|Moved voice from Carrier A to Carrier B: loss on Carrier A is 2.0% against a 1% SLA.
      2026-10-03 17:46:04.926935+00|hold|Kept voice on Carrier A: loss on Carrier A is 2.9% against a 1% SLA, but no other path is forecast within SLA.
      2026-10-03 17:45:54.810019+00|hold|Kept voice on Carrier A: loss on Carrier A is 3.1% against a 1% SLA, but no other path is forecast within SLA.
      probes carrier-a: sent 3337 lost 0 rtt 36.4 jitter 11.9
      probes carrier-b: sent 3331 lost 0 rtt 46.7 jitter 13.0
      probes sat: sent 170 lost 0 rtt 57.0 jitter 18.2
      maps: site-a v132, site-b v89, pop-miami v169
-- brownout: carrier A loss 0 -> 3% over 180 s (demo step 2)
FAIL  voice did not move within 330 s of the brownout
ok    bulk stayed on carrier A (3% is under its 5% threshold)
-- hard cut of carrier B while voice is on it (demo step 3)
      voice probe stream: 1450 of 1500 received at 50 packets/s
ok    voice lost 1000 ms of packets (< 3 s)
ok    agent failover on BFD after 1 s
ok    voice on wg-a after the cut
-- recovery: restore B, classes move back only after the hold time (demo step 4)
ok    no moves in the first minute after recovery
      moves since the brownout began: 7
      18:09:49 site-a business move: Moved business from Carrier A to Carrier B: loss on Carrier A rising 1.0% a minute, forecast 2.3% in 60 s against a 2% SLA.
      18:10:20 site-b voice move: Moved voice from Carrier A to Carrier B: loss on Carrier A rising 0.5% a minute, forecast 1.5% in 60 s against a 1% SLA.
      18:11:00 site-b business move: Moved business from Carrier A to Carrier B: loss on Carrier A rising 1.6% a minute, forecast 2.8% in 60 s against a 2% SLA.
      18:12:52 site-b business failover: Moved business from Carrier B to Carrier A: Carrier B is down (BFD reports it down).
      18:12:52 site-a voice failover: Moved voice from Carrier B to Carrier A: Carrier B is down (BFD reports it down).
      18:12:52 site-a business failover: Moved business from Carrier B to Carrier A: Carrier B is down (BFD reports it down).
      18:12:52 site-b voice failover: Moved voice from Carrier B to Carrier A: Carrier B is down (BFD reports it down).
      18:13:12 site-a voice hold: Kept voice on Carrier A: loss on Carrier A is 2.7% against a 1% SLA, but it moved here 20 s ago (hold time 120 s).
      18:13:12 site-b voice hold: Kept voice on Carrier A: loss on Carrier A is 2.6% against a 1% SLA, but it moved here 20 s ago (hold time 120 s).
      18:13:12 site-b business hold: Kept business on Carrier A: loss on Carrier A is 2.6% against a 2% SLA, but it moved here 20 s ago (hold time 120 s).
      18:13:12 site-a business hold: Kept business on Carrier A: loss on Carrier A is 2.7% against a 2% SLA, but it moved here 20 s ago (hold time 120 s).
      18:13:22 site-b voice hold: Kept voice on Carrier A: loss on Carrier A is 2.5% against a 1% SLA, but it moved here 30 s ago (hold time 120 s).
      18:13:22 site-a voice hold: Kept voice on Carrier A: loss on Carrier A is 2.6% against a 1% SLA, but it moved here 30 s ago (hold time 120 s).
      18:13:22 site-a business hold: Kept business on Carrier A: loss on Carrier A is 2.6% against a 2% SLA, but it moved here 30 s ago (hold time 120 s).
      18:13:22 site-b business hold: Kept business on Carrier A: loss on Carrier A is 2.5% against a 2% SLA, but it moved here 30 s ago (hold time 120 s).
      18:13:32 site-a voice hold: Kept voice on Carrier A: loss on Carrier A is 2.6% against a 1% SLA, but it moved here 40 s ago (hold time 120 s).
      18:13:32 site-b voice hold: Kept voice on Carrier A: loss on Carrier A is 2.3% against a 1% SLA, but it moved here 40 s ago (hold time 120 s).
      18:13:32 site-b business hold: Kept business on Carrier A: loss on Carrier A is 2.3% against a 2% SLA, but it moved here 40 s ago (hold time 120 s).
      18:13:32 site-a business hold: Kept business on Carrier A: loss on Carrier A is 2.6% against a 2% SLA, but it moved here 40 s ago (hold time 120 s).
      18:13:42 site-a voice hold: Kept voice on Carrier A: loss on Carrier A is 2.3% against a 1% SLA, but it moved here 50 s ago (hold time 120 s).
      18:13:42 site-a business hold: Kept business on Carrier A: loss on Carrier A is 2.3% against a 2% SLA, but it moved here 50 s ago (hold time 120 s).
      18:13:42 site-b voice hold: Kept voice on Carrier A: loss on Carrier A is 2.2% against a 1% SLA, but it moved here 50 s ago (hold time 120 s).
      18:13:42 site-b business hold: Kept business on Carrier A: loss on Carrier A is 2.2% against a 2% SLA, but it moved here 50 s ago (hold time 120 s).
      18:13:52 site-a business hold: Kept business on Carrier A: loss on Carrier A is 2.1% against a 2% SLA, but it moved here 60 s ago (hold time 120 s).
      18:13:52 site-a voice hold: Kept voice on Carrier A: loss on Carrier A is 2.1% against a 1% SLA, but it moved here 60 s ago (hold time 120 s).
      18:13:52 site-b voice hold: Kept voice on Carrier A: loss on Carrier A is 1.9% against a 1% SLA, but it moved here 60 s ago (hold time 120 s).
      18:14:03 site-b voice hold: Kept voice on Carrier A: loss on Carrier A is 1.8% against a 1% SLA, but it moved here 70 s ago (hold time 120 s).
      18:14:03 site-a voice hold: Kept voice on Carrier A: loss on Carrier A is 1.7% against a 1% SLA, but it moved here 70 s ago (hold time 120 s).
      18:14:13 site-b voice hold: Kept voice on Carrier A: loss on Carrier A is 1.6% against a 1% SLA, but it moved here 80 s ago (hold time 120 s).
      18:14:13 site-a voice hold: Kept voice on Carrier A: loss on Carrier A is 1.6% against a 1% SLA, but it moved here 80 s ago (hold time 120 s).
-- lab/ci/checks/m5-storm.sh
-- Storm Mode on at site-a only
ok    Storm Mode switched on for site-a through the API
ok    site-a agent has the Storm Mode steering map
ok    site-b is not in Storm Mode
ok    satellite warm: 50 probes per 10 s
ok    satellite BGP established
-- both terrestrial links cut
ok    voice continues on satellite
ok    business continues on satellite
ok    bulk paused (blackhole rule)
ok    voice stream lost 1660 ms across the double cut
-- restore and switch Storm Mode off
ok    Storm Mode switched off
ok    voice and business back on terrestrial paths, bulk resumed
      Storm Mode last switched by user:admin@exacarib.local
      18:15:35 storm_off
      18:14:21 storm_on
-- lab/ci/checks/m6-metering.sh
-- traffic: 20 Mbit/s bulk (CS1, TCP) from lan-a to lan-b for 11 minutes
      bulk leaves site-a on wg-a
ok    5-minute samples with traffic for site-a
      iperf: [  5] 580.00-581.00 sec  2.38 MBytes  19.9 Mbits/sec    0    715 KBytes        [  5] 581.00-582.00 sec  2.38 MBytes  20.0 Mbits/sec    0    715 KBytes        [  5] 582.00-583.02 sec  2.38 MBytes  19.5 Mbits/sec    0    715 KBytes        [  5] 583
      site-a carrier-b: samples 11, 95th in 1.462112 out 22.145167, billable 22.145167, commit 50, burst 0.000, total 125.00
ok    billable rate 22.145167 Mbps matches the ~20 Mbit/s offered
-- CSV matches the screen
ok    CSV 95th percentile 22.145 equals the screen
ok    CSV settlement total equals the screen
-- carrier view
ok    carrier user sees only Carrier A links
ok    carrier user cannot open the customer overview
-- lab/ci/checks/m7-outage.sh
-- stop the controller and the agent proxy
ok    all three agents noticed after 62 s and hold the last good state
ok    site A still reaches site B through the PoP
-- BFD failover with the controller down
ok    voice moved from wg-a to wg-b in 3.0 s, without the controller
-- start the controller again
ok    all three agents reconciled 16 s after the restart
-- lab/ci/checks/m8-ai.sh
-- hurricane watch
ok    NHC feed read from the lab host: 2 active storms
ok    example hurricane raised a warning
ok    only site-a (Kingston) is warned
      Hurricane Example (90 kt) is moving at 23 km/h on a heading of 285°. Projecting that motion forward, it passes about 92 km from site-a in about 25 h. Consider switching Storm Mode on so the satellite path is warm before the terrestrial links suffer. This is a straight-line projection; check the NHC advisory for the official forecast track.
-- disaster watch
ok    all disaster feeds read from the lab host: ptwc=2 usgs=15 events=15 failed= 
ok    example earthquake from USGS, GDACS and tsunami.gov raised one alert, for site-b only
      Magnitude 6.4 earthquake, 38 km NE of Port of Spain, Trinidad and Tobago, reported by USGS and GDACS and tsunami.gov. Latest tsunami message: Tsunami Information Statement Number 2. Sites in range: site-b 47 km (critical). Consider switching Storm Mode on for the sites marked critical, so the satellite path is warm if terrestrial links fail. Distances are straight lines from the reported location; check the source's report.
-- insights from this run
      anomaly critical: Carrier B at site-a: loss 7.54%, usually 0.00%
      anomaly critical: Carrier A at site-a: loss 4.56%, usually 0.00%
      anomaly critical: Carrier A at site-b: loss 4.26%, usually 0.00%
      anomaly critical: Carrier B at site-b: loss 7.61%, usually 0.00%
      hazard critical: Example data: Magnitude 6.4 earthquake, 38 km NE of Port of Spain, Trinidad and Tobago: 47 km from site-b
      storm_warning critical: Example data: Hurricane Example may pass 92 km from site-a in about 25 h
      storm_warning critical: Example data: Hurricane Example may pass 92 km from site-a in about 25 h
      anomaly critical: Carrier B at site-a: loss 3.69%, usually 0.00%
      anomaly critical: Carrier B at site-b: loss 3.89%, usually 0.00%
      anomaly critical: Carrier A at site-b: loss 4.22%, usually 0.24%
-- ask your network
ok    answered: Voice is on Carrier A at site-a now, and it last moved there from Carrier B at 18:27:02 UTC because Carrier A's BFD session came back up after a failover to Carrier B at 18:26:59 UTC.
-- lab/ci/checks/m9-public.sh
ok    https://connect.exacarib.com/healthz answers on this host
ok    certificate from Let's Encrypt (issuer=C = US, O = Let's Encrypt, CN = YE1)
ok    portal served
ok    agent endpoints not served publicly
ok    API answers and needs sign-in
ok    connect.exacarib.com reachable from this host over the internet
      web container: running restarts=0
      caddy: {"level":"info","ts":1791050304.8715842,"msg":"using config from file","file":"/etc/caddy/Caddyfile"}
      caddy: {"level":"info","ts":1791050304.8715875,"msg":"adapted config to JSON","adapter":"caddyfile"}
      listening on public addresses: 22 80 443 
ok    controller, database and dev portal stay private
-- lab/ci/checks/m9-traffic.sh
-- priority queues
ok    site-a wg-a: qdisc cake 803a: root refcnt 2 bandwidth 190Mbit diffserv4 triple-isolate nonat nowash no-
ok    site-a wg-b: qdisc cake 803b: root refcnt 2 bandwidth 95Mbit diffserv4 triple-isolate nonat nowash no-a
-- application detection: Zoom-like traffic on UDP 8801 for 4 minutes
ok    site-a reported its flows to UDP 8801
ok    recognised: Zoom meetings seen at site-a: 1 flow(s) to UDP 8801, matches Zoom meetings (calls and meetings); currently unclassified. Suggest voice (real-time priority).
ok    suggests voice
ok    applied as rule 15
ok    site-a classifies UDP 8801-8810 as voice
ok    Zoom flows now report as voice
ok    site-b is unchanged (the rule is for site-a)
-- a customer rule: a subnet and port into business
ok    site-a classifies TCP 5201 to site B as business
ok    the PoP classifies the return direction

== Diagnostics (18:29:19)
pop-miami: running
site-a: running
site-b: running
-- agent log pop-miami
time=2026-10-03T18:26:59.351Z level=INFO msg="class moved" node=pop-miami class=bulk dst=192.168.10.0/24 from=carrier-a to=carrier-b why=bfd
time=2026-10-03T18:26:59.351Z level=INFO msg="class moved" node=pop-miami class=voice dst=192.168.20.0/24 from=carrier-a to=carrier-b why=bfd
time=2026-10-03T18:26:59.351Z level=INFO msg="class moved" node=pop-miami class=business dst=192.168.20.0/24 from=carrier-a to=carrier-b why=bfd
time=2026-10-03T18:26:59.351Z level=INFO msg="class moved" node=pop-miami class=bulk dst=192.168.20.0/24 from=carrier-a to=carrier-b why=bfd
time=2026-10-03T18:27:02.564Z level=INFO msg="bfd change" node=pop-miami peer=100.64.1.12 tunnel=wg-a status=init
time=2026-10-03T18:27:02.564Z level=INFO msg="bfd change" node=pop-miami peer=100.64.1.11 tunnel=wg-a status=up
time=2026-10-03T18:27:02.573Z level=INFO msg="class moved" node=pop-miami class=voice dst=192.168.10.0/24 from=carrier-b to=carrier-a why=bfd
time=2026-10-03T18:27:02.576Z level=INFO msg="class moved" node=pop-miami class=business dst=192.168.10.0/24 from=carrier-b to=carrier-a why=bfd
time=2026-10-03T18:27:02.577Z level=INFO msg="class moved" node=pop-miami class=bulk dst=192.168.10.0/24 from=carrier-b to=carrier-a why=bfd
time=2026-10-03T18:27:02.577Z level=INFO msg="class moved" node=pop-miami class=voice dst=192.168.20.0/24 from=carrier-b to=carrier-a why=bfd
time=2026-10-03T18:27:02.577Z level=INFO msg="class moved" node=pop-miami class=business dst=192.168.20.0/24 from=carrier-b to=carrier-a why=bfd
time=2026-10-03T18:27:02.577Z level=INFO msg="class moved" node=pop-miami class=bulk dst=192.168.20.0/24 from=carrier-b to=carrier-a why=bfd
time=2026-10-03T18:27:02.857Z level=INFO msg="bfd change" node=pop-miami peer=100.64.1.12 tunnel=wg-a status=up
time=2026-10-03T18:27:12.891Z level=INFO msg="controller reachable again; reconciling" node=pop-miami
time=2026-10-03T18:27:12.921Z level=WARN msg="controller unreachable" node=pop-miami err="Post \"https://172.30.0.5:8443/api/v1/agent/telemetry\": dial tcp 172.30.0.5:8443: connect: connection refused"
time=2026-10-03T18:27:12.970Z level=WARN msg="controller unreachable" node=pop-miami err="Get \"https://172.30.0.5:8443/api/v1/agent/steering?have=177\": dial tcp 172.30.0.5:8443: connect: connection refused"
time=2026-10-03T18:27:32.952Z level=INFO msg="new steering map" node=pop-miami version=178 storm=false
time=2026-10-03T18:27:32.959Z level=INFO msg="class moved" node=pop-miami class=voice dst=192.168.20.0/24 from=carrier-a to=carrier-b why=controller
time=2026-10-03T18:27:32.959Z level=INFO msg="class moved" node=pop-miami class=business dst=192.168.20.0/24 from=carrier-a to=carrier-b why=controller
time=2026-10-03T18:27:32.959Z level=INFO msg="class moved" node=pop-miami class=bulk dst=192.168.20.0/24 from=carrier-a to=carrier-b why=controller
time=2026-10-03T18:27:42.902Z level=INFO msg="new steering map" node=pop-miami version=179 storm=false
time=2026-10-03T18:27:42.908Z level=INFO msg="class moved" node=pop-miami class=voice dst=192.168.10.0/24 from=carrier-a to=carrier-b why=controller
time=2026-10-03T18:27:42.908Z level=INFO msg="class moved" node=pop-miami class=business dst=192.168.10.0/24 from=carrier-a to=carrier-b why=controller
time=2026-10-03T18:28:17.825Z level=INFO msg="new steering map" node=pop-miami version=180 storm=false
time=2026-10-03T18:29:17.768Z level=INFO msg="new steering map" node=pop-miami version=182 storm=false
-- agent log site-a
time=2026-10-03T18:15:45.068Z level=INFO msg="bfd change" node=site-a peer=100.64.2.1 tunnel=wg-b status=up
time=2026-10-03T18:15:45.080Z level=INFO msg="class moved" node=site-a class=voice dst="" from=carrier-b to=carrier-a why=bfd
time=2026-10-03T18:15:45.080Z level=INFO msg="class moved" node=site-a class=business dst="" from=carrier-b to=carrier-a why=bfd
time=2026-10-03T18:15:45.080Z level=INFO msg="class moved" node=site-a class=bulk dst="" from=carrier-b to=carrier-a why=bfd
time=2026-10-03T18:26:07.978Z level=WARN msg="controller unreachable" node=site-a err="Get \"https://172.30.0.5:8443/api/v1/agent/desired-state?have=25\": context deadline exceeded (Client.Timeout exceeded while awaiting headers)"
time=2026-10-03T18:26:22.981Z level=WARN msg="controller unreachable" node=site-a err="Get \"https://172.30.0.5:8443/api/v1/agent/desired-state?have=25\": context deadline exceeded (Client.Timeout exceeded while awaiting headers)"
time=2026-10-03T18:26:37.264Z level=WARN msg="controller unreachable" node=site-a err="Get \"https://172.30.0.5:8443/api/v1/agent/steering?have=138\": dial tcp 172.30.0.5:8443: connect: no route to host"
time=2026-10-03T18:26:40.407Z level=WARN msg="controller unreachable" node=site-a err="Get \"https://172.30.0.5:8443/api/v1/agent/steering?have=138\": dial tcp 172.30.0.5:8443: connect: no route to host"
time=2026-10-03T18:26:43.551Z level=WARN msg="controller unreachable" node=site-a err="Get \"https://172.30.0.5:8443/api/v1/agent/desired-state?have=25\": dial tcp 172.30.0.5:8443: connect: no route to host"
time=2026-10-03T18:26:46.699Z level=WARN msg="controller unreachable" node=site-a err="Post \"https://172.30.0.5:8443/api/v1/agent/telemetry\": dial tcp 172.30.0.5:8443: connect: no route to host"
time=2026-10-03T18:26:49.820Z level=WARN msg="controller silent; holding the last good state and current paths" node=site-a since=2026-10-03T18:25:47Z err="Get \"https://172.30.0.5:8443/api/v1/agent/steering?have=138\": dial tcp 172.30.0.5:8443: connect: no route to host"
time=2026-10-03T18:26:59.553Z level=INFO msg="bfd change" node=site-a peer=100.64.1.1 tunnel=wg-a status=down
time=2026-10-03T18:26:59.779Z level=INFO msg="class moved" node=site-a class=voice dst="" from=carrier-a to=carrier-b why=bfd
time=2026-10-03T18:26:59.779Z level=INFO msg="class moved" node=site-a class=business dst="" from=carrier-a to=carrier-b why=bfd
time=2026-10-03T18:26:59.779Z level=INFO msg="class moved" node=site-a class=bulk dst="" from=carrier-a to=carrier-b why=bfd
time=2026-10-03T18:27:02.358Z level=INFO msg="bfd change" node=site-a peer=100.64.1.1 tunnel=wg-a status=up
time=2026-10-03T18:27:02.367Z level=INFO msg="class moved" node=site-a class=voice dst="" from=carrier-b to=carrier-a why=bfd
time=2026-10-03T18:27:02.368Z level=INFO msg="class moved" node=site-a class=business dst="" from=carrier-b to=carrier-a why=bfd
time=2026-10-03T18:27:02.368Z level=INFO msg="class moved" node=site-a class=bulk dst="" from=carrier-b to=carrier-a why=bfd
time=2026-10-03T18:27:18.008Z level=INFO msg="controller reachable again; reconciling" node=site-a
time=2026-10-03T18:27:42.997Z level=INFO msg="new steering map" node=site-a version=139 storm=false
time=2026-10-03T18:27:43.001Z level=INFO msg="class moved" node=site-a class=voice dst="" from=carrier-a to=carrier-b why=controller
time=2026-10-03T18:27:43.001Z level=INFO msg="class moved" node=site-a class=business dst="" from=carrier-a to=carrier-b why=controller
time=2026-10-03T18:28:18.026Z level=INFO msg="new steering map" node=site-a version=140 storm=false
time=2026-10-03T18:29:18.014Z level=INFO msg="new steering map" node=site-a version=142 storm=false
-- agent log site-b
time=2026-10-03T18:15:25.255Z level=INFO msg="class moved" node=site-b class=business dst="" from=bgp to=carrier-a why=bfd
time=2026-10-03T18:15:25.255Z level=INFO msg="class moved" node=site-b class=bulk dst="" from=paused to=carrier-a why=bfd
time=2026-10-03T18:15:25.824Z level=INFO msg="bfd change" node=site-b peer=100.64.1.1 tunnel=wg-a status=up
time=2026-10-03T18:15:26.334Z level=INFO msg="bfd change" node=site-b peer=100.64.2.1 tunnel=wg-b status=up
time=2026-10-03T18:26:08.217Z level=WARN msg="controller unreachable" node=site-b err="Get \"https://172.30.0.5:8443/api/v1/agent/desired-state?have=7\": context deadline exceeded (Client.Timeout exceeded while awaiting headers)"
time=2026-10-03T18:26:23.233Z level=WARN msg="controller unreachable" node=site-b err="Post \"https://172.30.0.5:8443/api/v1/agent/telemetry\": context deadline exceeded (Client.Timeout exceeded while awaiting headers)"
time=2026-10-03T18:26:37.584Z level=WARN msg="controller unreachable" node=site-b err="Post \"https://172.30.0.5:8443/api/v1/agent/telemetry\": dial tcp 172.30.0.5:8443: connect: no route to host"
time=2026-10-03T18:26:40.783Z level=WARN msg="controller unreachable" node=site-b err="Post \"https://172.30.0.5:8443/api/v1/agent/telemetry\": dial tcp 172.30.0.5:8443: connect: no route to host"
time=2026-10-03T18:26:43.859Z level=WARN msg="controller unreachable" node=site-b err="Get \"https://172.30.0.5:8443/api/v1/agent/steering?have=92\": dial tcp 172.30.0.5:8443: connect: no route to host"
time=2026-10-03T18:26:47.186Z level=WARN msg="controller unreachable" node=site-b err="Post \"https://172.30.0.5:8443/api/v1/agent/telemetry\": dial tcp 172.30.0.5:8443: connect: no route to host"
time=2026-10-03T18:26:50.264Z level=WARN msg="controller silent; holding the last good state and current paths" node=site-b since=2026-10-03T18:25:48Z err="Get \"https://172.30.0.5:8443/api/v1/agent/steering?have=92\": dial tcp 172.30.0.5:8443: connect: no route to host"
time=2026-10-03T18:26:59.895Z level=INFO msg="bfd change" node=site-b peer=100.64.1.1 tunnel=wg-a status=down
time=2026-10-03T18:26:59.929Z level=INFO msg="class moved" node=site-b class=voice dst="" from=carrier-a to=carrier-b why=bfd
time=2026-10-03T18:26:59.929Z level=INFO msg="class moved" node=site-b class=business dst="" from=carrier-a to=carrier-b why=bfd
time=2026-10-03T18:26:59.929Z level=INFO msg="class moved" node=site-b class=bulk dst="" from=carrier-a to=carrier-b why=bfd
time=2026-10-03T18:27:02.817Z level=INFO msg="bfd change" node=site-b peer=100.64.1.1 tunnel=wg-a status=up
time=2026-10-03T18:27:02.823Z level=INFO msg="class moved" node=site-b class=voice dst="" from=carrier-b to=carrier-a why=bfd
time=2026-10-03T18:27:02.823Z level=INFO msg="class moved" node=site-b class=business dst="" from=carrier-b to=carrier-a why=bfd
time=2026-10-03T18:27:02.823Z level=INFO msg="class moved" node=site-b class=bulk dst="" from=carrier-b to=carrier-a why=bfd
time=2026-10-03T18:27:14.278Z level=INFO msg="controller reachable again; reconciling" node=site-b
time=2026-10-03T18:27:33.460Z level=INFO msg="new steering map" node=site-b version=93 storm=false
time=2026-10-03T18:27:33.463Z level=INFO msg="class moved" node=site-b class=voice dst="" from=carrier-a to=carrier-b why=controller
time=2026-10-03T18:27:33.463Z level=INFO msg="class moved" node=site-b class=business dst="" from=carrier-a to=carrier-b why=controller
time=2026-10-03T18:27:33.463Z level=INFO msg="class moved" node=site-b class=bulk dst="" from=carrier-a to=carrier-b why=controller
time=2026-10-03T18:29:18.229Z level=INFO msg="new steering map" node=site-b version=94 storm=false
-- controller log
controller-1  | INFO:     172.18.0.4:56934 - "POST /api/v1/agent/telemetry HTTP/1.0" 204 No Content
controller-1  | INFO:     172.18.0.4:56942 - "GET /api/v1/agent/steering?have=180 HTTP/1.0" 204 No Content
controller-1  | INFO:     172.18.0.4:56954 - "GET /api/v1/agent/desired-state?have=25 HTTP/1.0" 204 No Content
controller-1  | INFO:     172.18.0.4:56958 - "GET /api/v1/agent/steering?have=140 HTTP/1.0" 204 No Content
controller-1  | INFO:     172.18.0.4:56962 - "POST /api/v1/agent/telemetry HTTP/1.0" 204 No Content
controller-1  | INFO:     172.18.0.4:56964 - "GET /api/v1/agent/desired-state?have=7 HTTP/1.0" 204 No Content
controller-1  | INFO:     172.18.0.4:56974 - "GET /api/v1/agent/steering?have=93 HTTP/1.0" 204 No Content
controller-1  | INFO:     172.18.0.4:56988 - "POST /api/v1/agent/telemetry HTTP/1.0" 204 No Content
controller-1  | INFO:     127.0.0.1:54830 - "GET /healthz HTTP/1.1" 200 OK
controller-1  | INFO:     172.18.0.4:54632 - "GET /api/v1/agent/steering?have=180 HTTP/1.0" 204 No Content
controller-1  | INFO:     172.18.0.4:54642 - "GET /api/v1/agent/steering?have=140 HTTP/1.0" 204 No Content
controller-1  | INFO:     172.18.0.4:54656 - "GET /api/v1/agent/steering?have=93 HTTP/1.0" 204 No Content
controller-1  | INFO:     127.0.0.1:35158 - "GET /healthz HTTP/1.1" 200 OK
controller-1  | INFO:     172.18.0.4:54670 - "GET /api/v1/agent/desired-state?have=9 HTTP/1.0" 204 No Content
controller-1  | INFO:     172.18.0.4:54680 - "GET /api/v1/agent/steering?have=180 HTTP/1.0" 204 No Content
controller-1  | INFO:     172.18.0.4:54694 - "POST /api/v1/agent/telemetry HTTP/1.0" 204 No Content
controller-1  | INFO:     172.18.0.4:54700 - "GET /api/v1/agent/desired-state?have=25 HTTP/1.0" 204 No Content
controller-1  | INFO:     172.18.0.4:54710 - "GET /api/v1/agent/steering?have=140 HTTP/1.0" 204 No Content
controller-1  | INFO:     172.18.0.4:54714 - "POST /api/v1/agent/telemetry HTTP/1.0" 204 No Content
controller-1  | INFO:     172.18.0.4:54720 - "GET /api/v1/agent/desired-state?have=7 HTTP/1.0" 204 No Content
controller-1  | INFO:     172.18.0.4:54728 - "POST /api/v1/agent/telemetry HTTP/1.0" 204 No Content
controller-1  | INFO:     172.18.0.4:54742 - "GET /api/v1/agent/steering?have=93 HTTP/1.0" 204 No Content
controller-1  | INFO:     127.0.0.1:39486 - "GET /healthz HTTP/1.1" 200 OK
controller-1  | INFO:     172.18.0.4:57624 - "GET /api/v1/agent/steering?have=180 HTTP/1.0" 204 No Content
controller-1  | INFO:     172.18.0.4:57640 - "GET /api/v1/agent/steering?have=140 HTTP/1.0" 204 No Content
controller-1  | INFO:     172.18.0.4:57644 - "GET /api/v1/agent/steering?have=93 HTTP/1.0" 204 No Content
controller-1  | INFO:     127.0.0.1:39502 - "GET /healthz HTTP/1.1" 200 OK
controller-1  | INFO:     172.18.0.4:57652 - "GET /api/v1/agent/desired-state?have=9 HTTP/1.0" 204 No Content
controller-1  | INFO:     172.18.0.4:57658 - "GET /api/v1/agent/steering?have=180 HTTP/1.0" 204 No Content
controller-1  | INFO:     172.18.0.4:57662 - "POST /api/v1/agent/telemetry HTTP/1.0" 204 No Content
controller-1  | INFO:     172.18.0.4:57666 - "GET /api/v1/agent/desired-state?have=25 HTTP/1.0" 204 No Content
controller-1  | INFO:     172.18.0.4:57680 - "GET /api/v1/agent/steering?have=140 HTTP/1.0" 204 No Content
controller-1  | INFO:     172.18.0.4:57684 - "POST /api/v1/agent/telemetry HTTP/1.0" 204 No Content
controller-1  | INFO:     172.18.0.4:57692 - "GET /api/v1/agent/desired-state?have=7 HTTP/1.0" 204 No Content
controller-1  | INFO:     172.18.0.4:57698 - "GET /api/v1/agent/steering?have=93 HTTP/1.0" 204 No Content
controller-1  | INFO:     172.18.0.4:57708 - "POST /api/v1/agent/telemetry HTTP/1.0" 204 No Content
controller-1  | INFO:     172.18.0.4:37752 - "GET /api/v1/agent/steering?have=180 HTTP/1.0" 204 No Content
controller-1  | INFO:     127.0.0.1:42824 - "GET /healthz HTTP/1.1" 200 OK
controller-1  | INFO:     172.18.0.4:37760 - "GET /api/v1/agent/steering?have=140 HTTP/1.0" 204 No Content
controller-1  | INFO:     172.18.0.4:37768 - "GET /api/v1/agent/steering?have=93 HTTP/1.0" 204 No Content
controller-1  | INFO:     172.18.0.4:37784 - "GET /api/v1/agent/desired-state?have=9 HTTP/1.0" 204 No Content
controller-1  | INFO:     172.18.0.4:37794 - "GET /api/v1/agent/steering?have=180 HTTP/1.0" 204 No Content
controller-1  | INFO:     172.18.0.4:37800 - "POST /api/v1/agent/telemetry HTTP/1.0" 204 No Content
controller-1  | INFO:     172.18.0.4:37806 - "GET /api/v1/agent/desired-state?have=25 HTTP/1.0" 204 No Content
controller-1  | INFO:     172.18.0.4:37812 - "GET /api/v1/agent/steering?have=140 HTTP/1.0" 204 No Content
controller-1  | INFO:     172.18.0.4:37824 - "POST /api/v1/agent/telemetry HTTP/1.0" 204 No Content
controller-1  | INFO:     127.0.0.1:42830 - "GET /healthz HTTP/1.1" 200 OK
controller-1  | INFO:     172.18.0.4:37830 - "GET /api/v1/agent/desired-state?have=7 HTTP/1.0" 204 No Content
controller-1  | INFO:     172.18.0.4:37838 - "POST /api/v1/agent/telemetry HTTP/1.0" 204 No Content
controller-1  | INFO:     172.18.0.4:37840 - "GET /api/v1/agent/steering?have=93 HTTP/1.0" 204 No Content
controller-1  | INFO:     172.18.0.1:33694 - "POST /api/v1/auth/login HTTP/1.1" 200 OK
controller-1  | INFO:     172.18.0.1:33710 - "DELETE /api/v1/customers/4d26813b-aaa6-4be7-9b73-1730be959882/rules/15 HTTP/1.1" 204 No Content
controller-1  | INFO:     172.18.0.1:33714 - "POST /api/v1/auth/login HTTP/1.1" 200 OK
controller-1  | INFO:     172.18.0.1:33716 - "POST /api/v1/customers/4d26813b-aaa6-4be7-9b73-1730be959882/rules HTTP/1.1" 201 Created
controller-1  | INFO:     172.18.0.4:51006 - "GET /api/v1/agent/steering?have=180 HTTP/1.0" 200 OK
controller-1  | INFO:     172.18.0.4:51010 - "GET /api/v1/agent/steering?have=140 HTTP/1.0" 200 OK
controller-1  | INFO:     172.18.0.4:51020 - "GET /api/v1/agent/steering?have=93 HTTP/1.0" 200 OK
controller-1  | INFO:     127.0.0.1:54714 - "GET /healthz HTTP/1.1" 200 OK
controller-1  | INFO:     172.18.0.1:60602 - "POST /api/v1/auth/login HTTP/1.1" 200 OK
controller-1  | INFO:     172.18.0.1:60608 - "DELETE /api/v1/customers/4d26813b-aaa6-4be7-9b73-1730be959882/rules/16 HTTP/1.1" 204 No Content
-- host
 20:29:20 up 2 days, 16:53,  0 user,  load average: 4.49, 5.29, 5.66
procs -----------memory---------- ---swap-- -----io---- -system-- -------cpu-------
 r  b   swpd   free   buff  cache   si   so    bi    bo   in   cs us sy id wa st gu
 0  0      0 5843176   7828 1141452    0    0    35   233 4820   17  5 19 75  0  0  0
 0  0      0 5846308   7828 1141636    0    0     0   160 5705 6731  4 26 70  0  0  0
 0  0      0 5837576   7828 1141636    0    0     0   148 4734 5929  5 22 72  0  0  0
make: *** [Makefile:102: lab-ci] Error 1
