commit 9ad951e: Merge CommAI phases 0 to 2 (#2)

== Lab already up; rebuilding the agent (23:04:24)

== Controller (23:07:11)
.env ready (admin: admin@exacarib.local)
time="2026-10-07T01:07:25+02:00" level=warning msg="Docker Compose is configured to build using Bake, but buildx isn't installed"
#0 building with "default" instance using docker driver

#1 [controller internal] load build definition from Dockerfile
#1 transferring dockerfile: 559B 0.0s done
#1 DONE 0.1s

#2 [controller internal] load metadata for docker.io/library/python:3.12-slim
#2 DONE 4.7s

#3 [controller internal] load .dockerignore
#3 transferring context:
#3 transferring context: 2B 0.0s done
#3 DONE 0.4s

#4 [controller internal] load build context
#4 DONE 0.0s

#5 [controller 1/5] FROM docker.io/library/python:3.12-slim@sha256:05cda9777409a9c3ffddd94a4c476b79f0769a0b4857f0c7ed9226b6800b0d6f
#5 resolve docker.io/library/python:3.12-slim@sha256:05cda9777409a9c3ffddd94a4c476b79f0769a0b4857f0c7ed9226b6800b0d6f
#5 resolve docker.io/library/python:3.12-slim@sha256:05cda9777409a9c3ffddd94a4c476b79f0769a0b4857f0c7ed9226b6800b0d6f 0.1s done
#5 ...

#4 [controller internal] load build context
#4 transferring context: 1.09MB 0.3s done
#4 DONE 0.9s

#5 [controller 1/5] FROM docker.io/library/python:3.12-slim@sha256:05cda9777409a9c3ffddd94a4c476b79f0769a0b4857f0c7ed9226b6800b0d6f
#5 DONE 1.4s

#5 [controller 1/5] FROM docker.io/library/python:3.12-slim@sha256:05cda9777409a9c3ffddd94a4c476b79f0769a0b4857f0c7ed9226b6800b0d6f
#5 sha256:bbc5a12237474ec0b23b5051260d56d6436a24d70d9cad961adebe7a037ed813 249B / 249B 0.1s done
#5 sha256:6912e23eb44595b44dc6d9882b34f305ad6f6e9667cec70b13e5dbc4f8cd97f4 0B / 12.12MB 0.2s
#5 sha256:75b6a36c64a1cf3520fc4b4aae4739d5caa8a6a05c27835a920a61784c9c32f8 0B / 1.29MB 0.2s
#5 sha256:ecc510c1e359bdc007b39802570bb7e4dec7d6ebccf357c3201a74299113e05e 0B / 29.84MB 0.2s
#5 sha256:6912e23eb44595b44dc6d9882b34f305ad6f6e9667cec70b13e5dbc4f8cd97f4 1.05MB / 12.12MB 0.3s
#5 sha256:6912e23eb44595b44dc6d9882b34f305ad6f6e9667cec70b13e5dbc4f8cd97f4 2.10MB / 12.12MB 2.1s
#5 sha256:75b6a36c64a1cf3520fc4b4aae4739d5caa8a6a05c27835a920a61784c9c32f8 1.29MB / 1.29MB 2.3s
#5 sha256:6912e23eb44595b44dc6d9882b34f305ad6f6e9667cec70b13e5dbc4f8cd97f4 5.24MB / 12.12MB 2.4s
#5 sha256:6912e23eb44595b44dc6d9882b34f305ad6f6e9667cec70b13e5dbc4f8cd97f4 8.39MB / 12.12MB 2.6s
#5 sha256:75b6a36c64a1cf3520fc4b4aae4739d5caa8a6a05c27835a920a61784c9c32f8 1.29MB / 1.29MB 2.3s done
#5 sha256:6912e23eb44595b44dc6d9882b34f305ad6f6e9667cec70b13e5dbc4f8cd97f4 9.44MB / 12.12MB 2.8s
#5 sha256:6912e23eb44595b44dc6d9882b34f305ad6f6e9667cec70b13e5dbc4f8cd97f4 10.49MB / 12.12MB 2.9s
#5 sha256:6912e23eb44595b44dc6d9882b34f305ad6f6e9667cec70b13e5dbc4f8cd97f4 11.53MB / 12.12MB 3.0s
#5 sha256:ecc510c1e359bdc007b39802570bb7e4dec7d6ebccf357c3201a74299113e05e 2.10MB / 29.84MB 4.5s
#5 sha256:ecc510c1e359bdc007b39802570bb7e4dec7d6ebccf357c3201a74299113e05e 4.19MB / 29.84MB 5.7s
#5 sha256:ecc510c1e359bdc007b39802570bb7e4dec7d6ebccf357c3201a74299113e05e 6.29MB / 29.84MB 8.6s
#5 sha256:ecc510c1e359bdc007b39802570bb7e4dec7d6ebccf357c3201a74299113e05e 8.39MB / 29.84MB 9.3s
#5 sha256:ecc510c1e359bdc007b39802570bb7e4dec7d6ebccf357c3201a74299113e05e 11.53MB / 29.84MB 9.9s
#5 sha256:ecc510c1e359bdc007b39802570bb7e4dec7d6ebccf357c3201a74299113e05e 13.28MB / 29.84MB 10.4s
#5 sha256:ecc510c1e359bdc007b39802570bb7e4dec7d6ebccf357c3201a74299113e05e 15.73MB / 29.84MB 10.9s
#5 sha256:ecc510c1e359bdc007b39802570bb7e4dec7d6ebccf357c3201a74299113e05e 18.87MB / 29.84MB 11.1s
#5 sha256:ecc510c1e359bdc007b39802570bb7e4dec7d6ebccf357c3201a74299113e05e 22.02MB / 29.84MB 11.8s
#5 sha256:ecc510c1e359bdc007b39802570bb7e4dec7d6ebccf357c3201a74299113e05e 24.12MB / 29.84MB 12.2s
#5 sha256:ecc510c1e359bdc007b39802570bb7e4dec7d6ebccf357c3201a74299113e05e 28.31MB / 29.84MB 12.5s
#5 sha256:ecc510c1e359bdc007b39802570bb7e4dec7d6ebccf357c3201a74299113e05e 29.84MB / 29.84MB 13.0s done
#5 DONE 14.7s

#5 [controller 1/5] FROM docker.io/library/python:3.12-slim@sha256:05cda9777409a9c3ffddd94a4c476b79f0769a0b4857f0c7ed9226b6800b0d6f
#5 extracting sha256:ecc510c1e359bdc007b39802570bb7e4dec7d6ebccf357c3201a74299113e05e
#5 extracting sha256:ecc510c1e359bdc007b39802570bb7e4dec7d6ebccf357c3201a74299113e05e 15.5s done
#5 DONE 30.2s

#5 [controller 1/5] FROM docker.io/library/python:3.12-slim@sha256:05cda9777409a9c3ffddd94a4c476b79f0769a0b4857f0c7ed9226b6800b0d6f
#5 extracting sha256:75b6a36c64a1cf3520fc4b4aae4739d5caa8a6a05c27835a920a61784c9c32f8
#5 extracting sha256:75b6a36c64a1cf3520fc4b4aae4739d5caa8a6a05c27835a920a61784c9c32f8 6.1s done
#5 extracting sha256:6912e23eb44595b44dc6d9882b34f305ad6f6e9667cec70b13e5dbc4f8cd97f4
#5 extracting sha256:6912e23eb44595b44dc6d9882b34f305ad6f6e9667cec70b13e5dbc4f8cd97f4 2.2s done
#5 extracting sha256:bbc5a12237474ec0b23b5051260d56d6436a24d70d9cad961adebe7a037ed813
#5 extracting sha256:bbc5a12237474ec0b23b5051260d56d6436a24d70d9cad961adebe7a037ed813 0.1s done
#5 DONE 38.7s

#6 [controller 2/5] WORKDIR /app
#6 DONE 7.4s

#7 [controller 3/5] COPY pyproject.toml ./
#7 DONE 0.4s

#8 [controller 4/5] COPY exaconnect_controller ./exaconnect_controller
#8 DONE 1.2s

#9 [controller 5/5] RUN pip install --no-cache-dir . && mkdir -p /data && chown nobody:nogroup /data
#9 22.25 Processing /app
#9 22.26   Installing build dependencies: started
#9 47.03   Installing build dependencies: finished with status 'done'
#9 47.04   Getting requirements to build wheel: started
#9 49.56   Getting requirements to build wheel: finished with status 'done'
#9 49.56   Preparing metadata (pyproject.toml): started
#9 50.89   Preparing metadata (pyproject.toml): finished with status 'done'
#9 51.80 Collecting fastapi>=0.115 (from exaconnect-controller==0.2.0)
#9 51.90   Downloading fastapi-0.142.2-py3-none-any.whl.metadata (27 kB)
#9 52.09 Collecting uvicorn>=0.30 (from uvicorn[standard]>=0.30->exaconnect-controller==0.2.0)
#9 52.09   Downloading uvicorn-0.54.0-py3-none-any.whl.metadata (6.6 kB)
#9 52.29 Collecting pydantic>=2.7 (from exaconnect-controller==0.2.0)
#9 52.31   Downloading pydantic-2.13.5-py3-none-any.whl.metadata (110 kB)
#9 52.43 Collecting psycopg>=3.2 (from psycopg[binary]>=3.2->exaconnect-controller==0.2.0)
#9 52.47   Downloading psycopg-3.3.6-py3-none-any.whl.metadata (4.4 kB)
#9 52.69 Collecting psycopg-pool>=3.2 (from exaconnect-controller==0.2.0)
#9 52.70   Downloading psycopg_pool-3.3.3-py3-none-any.whl.metadata (2.8 kB)
#9 54.43 Collecting cryptography>=43 (from exaconnect-controller==0.2.0)
#9 54.51   Downloading cryptography-50.0.2-cp311-abi3-manylinux_2_34_x86_64.whl.metadata (4.4 kB)
#9 54.56 Collecting webauthn>=2.0 (from exaconnect-controller==0.2.0)
#9 54.62   Downloading webauthn-3.0.1-py3-none-any.whl.metadata (5.8 kB)
#9 56.30 Collecting cffi>=2.0.0 (from cryptography>=43->exaconnect-controller==0.2.0)
#9 56.34   Downloading cffi-2.1.1-cp312-cp312-manylinux2014_x86_64.manylinux_2_17_x86_64.whl.metadata (2.5 kB)
#9 56.96 Collecting starlette>=0.46.0 (from fastapi>=0.115->exaconnect-controller==0.2.0)
#9 57.22   Downloading starlette-1.7.0-py3-none-any.whl.metadata (6.6 kB)
#9 57.22 Collecting typing-extensions>=4.8.0 (from fastapi>=0.115->exaconnect-controller==0.2.0)
#9 57.23   Downloading typing_extensions-4.16.0-py3-none-any.whl.metadata (3.3 kB)
#9 57.28 Collecting typing-inspection>=0.4.2 (from fastapi>=0.115->exaconnect-controller==0.2.0)
#9 57.29   Downloading typing_inspection-0.4.4-py3-none-any.whl.metadata (2.6 kB)
#9 57.32 Collecting annotated-doc>=0.0.2 (from fastapi>=0.115->exaconnect-controller==0.2.0)
#9 57.33   Downloading annotated_doc-0.0.5-py3-none-any.whl.metadata (6.5 kB)
#9 57.38 Collecting opentelemetry-api>=1.44.0 (from fastapi>=0.115->exaconnect-controller==0.2.0)
#9 57.44   Downloading opentelemetry_api-1.45.1-py3-none-any.whl.metadata (1.4 kB)
#9 57.96 Collecting psycopg-binary==3.3.6 (from psycopg[binary]>=3.2->exaconnect-controller==0.2.0)
#9 57.97   Downloading psycopg_binary-3.3.6-cp312-cp312-manylinux2014_x86_64.manylinux_2_17_x86_64.whl.metadata (2.7 kB)
#9 58.00 Collecting annotated-types>=0.6.0 (from pydantic>=2.7->exaconnect-controller==0.2.0)
#9 58.00   Downloading annotated_types-0.8.0-py3-none-any.whl.metadata (15 kB)
#9 62.36 Collecting pydantic-core==2.46.5 (from pydantic>=2.7->exaconnect-controller==0.2.0)
#9 62.37   Downloading pydantic_core-2.46.5-cp312-cp312-manylinux_2_17_x86_64.manylinux2014_x86_64.whl.metadata (6.6 kB)
#9 62.70 Collecting click>=7.0 (from uvicorn>=0.30->uvicorn[standard]>=0.30->exaconnect-controller==0.2.0)
#9 62.79   Downloading click-8.5.0-py3-none-any.whl.metadata (2.6 kB)
#9 62.80 Collecting h11>=0.8 (from uvicorn>=0.30->uvicorn[standard]>=0.30->exaconnect-controller==0.2.0)
#9 62.82   Downloading h11-0.16.0-py3-none-any.whl.metadata (8.3 kB)
#9 62.95 Collecting httptools>=0.8.0 (from uvicorn[standard]>=0.30->exaconnect-controller==0.2.0)
#9 62.99   Downloading httptools-0.8.0-cp312-cp312-manylinux1_x86_64.manylinux_2_28_x86_64.manylinux_2_5_x86_64.whl.metadata (3.5 kB)
#9 64.20 Collecting python-dotenv>=0.13 (from uvicorn[standard]>=0.30->exaconnect-controller==0.2.0)
#9 64.20   Downloading python_dotenv-1.2.4-py3-none-any.whl.metadata (29 kB)
#9 64.87 Collecting pyyaml>=5.1 (from uvicorn[standard]>=0.30->exaconnect-controller==0.2.0)
#9 64.92   Downloading pyyaml-6.0.3-cp312-cp312-manylinux2014_x86_64.manylinux_2_17_x86_64.manylinux_2_28_x86_64.whl.metadata (2.4 kB)
#9 65.92 Collecting uvloop>=0.15.1 (from uvicorn[standard]>=0.30->exaconnect-controller==0.2.0)
#9 66.02   Downloading uvloop-0.23.0-cp312-cp312-manylinux2014_x86_64.manylinux_2_17_x86_64.manylinux_2_28_x86_64.whl.metadata (5.1 kB)
#9 66.47 Collecting watchfiles>=0.20 (from uvicorn[standard]>=0.30->exaconnect-controller==0.2.0)
#9 66.54   Downloading watchfiles-1.3.0-cp310-abi3-manylinux_2_17_x86_64.manylinux2014_x86_64.whl.metadata (4.9 kB)
#9 66.89 Collecting websockets>=13.0 (from uvicorn[standard]>=0.30->exaconnect-controller==0.2.0)
#9 66.90   Downloading websockets-17.2-cp312-cp312-manylinux1_x86_64.manylinux_2_28_x86_64.manylinux_2_5_x86_64.whl.metadata (6.3 kB)
#9 67.00 Collecting pyasn1>=0.6.2 (from webauthn>=2.0->exaconnect-controller==0.2.0)
#9 67.00   Downloading pyasn1-0.6.4-py3-none-any.whl.metadata (8.4 kB)
#9 67.03 Collecting pyasn1-modules>=0.4.2 (from webauthn>=2.0->exaconnect-controller==0.2.0)
#9 67.04   Downloading pyasn1_modules-0.4.2-py3-none-any.whl.metadata (3.5 kB)
#9 67.19 Collecting cbor2>=6.1.2 (from webauthn>=2.0->exaconnect-controller==0.2.0)
#9 67.21   Downloading cbor2-6.1.5-cp312-cp312-manylinux_2_28_x86_64.whl.metadata (5.5 kB)
#9 67.28 Collecting pyOpenSSL>=26.3.0 (from webauthn>=2.0->exaconnect-controller==0.2.0)
#9 67.28   Downloading pyopenssl-26.4.0-py3-none-any.whl.metadata (22 kB)
#9 67.33 Collecting pycparser (from cffi>=2.0.0->cryptography>=43->exaconnect-controller==0.2.0)
#9 67.49   Downloading pycparser-3.0-py3-none-any.whl.metadata (8.2 kB)
#9 67.72 Collecting anyio<5,>=4.0.0 (from starlette>=0.46.0->fastapi>=0.115->exaconnect-controller==0.2.0)
#9 67.74   Downloading anyio-4.15.1-py3-none-any.whl.metadata (4.7 kB)
#9 67.82 Collecting idna>=2.8 (from anyio<5,>=4.0.0->starlette>=0.46.0->fastapi>=0.115->exaconnect-controller==0.2.0)
#9 67.82   Downloading idna-3.20-py3-none-any.whl.metadata (7.2 kB)
#9 67.90 Downloading cryptography-50.0.2-cp311-abi3-manylinux_2_34_x86_64.whl (4.8 MB)
#9 68.09    ━━━━━━━━━━━━━━━━━━━━━━━━━━━━━━━━━━━━━━━━ 4.8/4.8 MB 24.9 MB/s eta 0:00:00
#9 68.11 Downloading fastapi-0.142.2-py3-none-any.whl (144 kB)
#9 68.12 Downloading psycopg-3.3.6-py3-none-any.whl (215 kB)
#9 68.16 Downloading psycopg_pool-3.3.3-py3-none-any.whl (40 kB)
#9 68.17 Downloading psycopg_binary-3.3.6-cp312-cp312-manylinux2014_x86_64.manylinux_2_17_x86_64.whl (5.2 MB)
#9 68.40    ━━━━━━━━━━━━━━━━━━━━━━━━━━━━━━━━━━━━━━━━ 5.2/5.2 MB 25.1 MB/s eta 0:00:00
#9 68.40 Downloading pydantic-2.13.5-py3-none-any.whl (472 kB)
#9 68.44 Downloading pydantic_core-2.46.5-cp312-cp312-manylinux_2_17_x86_64.manylinux2014_x86_64.whl (2.1 MB)
#9 68.77    ━━━━━━━━━━━━━━━━━━━━━━━━━━━━━━━━━━━━━━━━ 2.1/2.1 MB 18.6 MB/s eta 0:00:00
#9 68.99 Downloading uvicorn-0.54.0-py3-none-any.whl (87 kB)
#9 69.48 Downloading webauthn-3.0.1-py3-none-any.whl (73 kB)
#9 69.61 Downloading annotated_doc-0.0.5-py3-none-any.whl (5.3 kB)
#9 69.63 Downloading annotated_types-0.8.0-py3-none-any.whl (13 kB)
#9 70.19 Downloading cbor2-6.1.5-cp312-cp312-manylinux_2_28_x86_64.whl (463 kB)
#9 71.34 Downloading cffi-2.1.1-cp312-cp312-manylinux2014_x86_64.manylinux_2_17_x86_64.whl (221 kB)
#9 71.82 Downloading click-8.5.0-py3-none-any.whl (125 kB)
#9 71.82 Downloading h11-0.16.0-py3-none-any.whl (37 kB)
#9 72.25 Downloading httptools-0.8.0-cp312-cp312-manylinux1_x86_64.manylinux_2_28_x86_64.manylinux_2_5_x86_64.whl (523 kB)
#9 72.62 Downloading opentelemetry_api-1.45.1-py3-none-any.whl (60 kB)
#9 72.67 Downloading pyasn1-0.6.4-py3-none-any.whl (84 kB)
#9 72.99 Downloading pyasn1_modules-0.4.2-py3-none-any.whl (181 kB)
#9 73.00 Downloading pyopenssl-26.4.0-py3-none-any.whl (56 kB)
#9 74.02 Downloading python_dotenv-1.2.4-py3-none-any.whl (23 kB)
#9 74.43 Downloading pyyaml-6.0.3-cp312-cp312-manylinux2014_x86_64.manylinux_2_17_x86_64.manylinux_2_28_x86_64.whl (807 kB)
#9 74.43    ━━━━━━━━━━━━━━━━━━━━━━━━━━━━━━━━━━━━━━━ 807.9/807.9 kB 171.9 MB/s eta 0:00:00
#9 74.73 Downloading starlette-1.7.0-py3-none-any.whl (78 kB)
#9 74.97 Downloading typing_extensions-4.16.0-py3-none-any.whl (45 kB)
#9 76.00 Downloading typing_inspection-0.4.4-py3-none-any.whl (14 kB)
#9 76.07 Downloading uvloop-0.23.0-cp312-cp312-manylinux2014_x86_64.manylinux_2_17_x86_64.manylinux_2_28_x86_64.whl (4.5 MB)
#9 77.19    ━━━━━━━━━━━━━━━━━━━━━━━━━━━━━━━━━━━━━━━━ 4.5/4.5 MB 4.0 MB/s eta 0:00:00
#9 77.20 Downloading watchfiles-1.3.0-cp310-abi3-manylinux_2_17_x86_64.manylinux2014_x86_64.whl (458 kB)
#9 77.39 Downloading websockets-17.2-cp312-cp312-manylinux1_x86_64.manylinux_2_28_x86_64.manylinux_2_5_x86_64.whl (225 kB)
#9 77.65 Downloading anyio-4.15.1-py3-none-any.whl (132 kB)
#9 78.18 Downloading pycparser-3.0-py3-none-any.whl (48 kB)
#9 78.24 Downloading idna-3.20-py3-none-any.whl (69 kB)
#9 80.24 Building wheels for collected packages: exaconnect-controller
#9 80.24   Building wheel for exaconnect-controller (pyproject.toml): started
#9 83.22   Building wheel for exaconnect-controller (pyproject.toml): finished with status 'done'
#9 83.23   Created wheel for exaconnect-controller: filename=exaconnect_controller-0.2.0-py3-none-any.whl size=462495 sha256=6adfb8b7fde92d34f29a1278258ea83205c1984e2c79a6b8fee6eab33dcba5bf
#9 83.23   Stored in directory: /tmp/pip-ephem-wheel-cache-4n_hc04j/wheels/54/1b/b7/aa63e25c8f14f4f2ae7b04e6097bdecb770e455c5c1ee0a600
#9 83.25 Successfully built exaconnect-controller
#9 83.94 Installing collected packages: websockets, uvloop, typing-extensions, pyyaml, python-dotenv, pycparser, pyasn1, psycopg-binary, idna, httptools, h11, click, cbor2, annotated-types, annotated-doc, uvicorn, typing-inspection, pydantic-core, pyasn1-modules, psycopg-pool, psycopg, opentelemetry-api, cffi, anyio, watchfiles, starlette, pydantic, cryptography, pyOpenSSL, fastapi, webauthn, exaconnect-controller
#9 125.0 Successfully installed annotated-doc-0.0.5 annotated-types-0.8.0 anyio-4.15.1 cbor2-6.1.5 cffi-2.1.1 click-8.5.0 cryptography-50.0.2 exaconnect-controller-0.2.0 fastapi-0.142.2 h11-0.16.0 httptools-0.8.0 idna-3.20 opentelemetry-api-1.45.1 psycopg-3.3.6 psycopg-binary-3.3.6 psycopg-pool-3.3.3 pyOpenSSL-26.4.0 pyasn1-0.6.4 pyasn1-modules-0.4.2 pycparser-3.0 pydantic-2.13.5 pydantic-core-2.46.5 python-dotenv-1.2.4 pyyaml-6.0.3 starlette-1.7.0 typing-extensions-4.16.0 typing-inspection-0.4.4 uvicorn-0.54.0 uvloop-0.23.0 watchfiles-1.3.0 webauthn-3.0.1 websockets-17.2
#9 125.0 WARNING: Running pip as the 'root' user can result in broken permissions and conflicting behaviour with the system package manager, possibly rendering your system unusable. It is recommended to use a virtual environment instead: https://pip.pypa.io/warnings/venv. Use the --root-user-action option if you know what you are doing and want to suppress this warning.
#9 126.4 
#9 126.4 [notice] A new release of pip is available: 25.0.1 -> 26.2.1
#9 126.4 [notice] To update, run: pip install --upgrade pip
#9 DONE 129.0s

#10 [controller] exporting to image
#10 exporting layers
#10 exporting layers 43.9s done
#10 exporting manifest sha256:ac62030e917efb38d9ffc5808193b1614e6a51c68fe216f7fb6034ac7ebf9fd3
#10 exporting manifest sha256:ac62030e917efb38d9ffc5808193b1614e6a51c68fe216f7fb6034ac7ebf9fd3 1.3s done
#10 exporting config sha256:9b3dcd0400915c833395f0a2f100b7700519e029d6be0fd1bcebc4774b68f613
#10 exporting config sha256:9b3dcd0400915c833395f0a2f100b7700519e029d6be0fd1bcebc4774b68f613 1.3s done
#10 exporting attestation manifest sha256:29c74624756a94c4778679e78e6f01036d8edabd82c360896f7a2fc2e915c1b2
#10 exporting attestation manifest sha256:29c74624756a94c4778679e78e6f01036d8edabd82c360896f7a2fc2e915c1b2 0.8s done
#10 exporting manifest list sha256:6fe648e391ace71ea7324f4dbd6cbbcf0e9bfda2dbf1f4ced315ffcb5ab5d6a7
#10 exporting manifest list sha256:6fe648e391ace71ea7324f4dbd6cbbcf0e9bfda2dbf1f4ced315ffcb5ab5d6a7 0.5s done
#10 naming to docker.io/library/exaconnect-controller:latest
#10 naming to docker.io/library/exaconnect-controller:latest 0.1s done
#10 unpacking to docker.io/library/exaconnect-controller:latest
#10 unpacking to docker.io/library/exaconnect-controller:latest 14.5s done
#10 DONE 62.9s

#11 [controller] resolving provenance for metadata file
#11 DONE 0.5s
 controller  Built
time="2026-10-07T01:11:45+02:00" level=warning msg="Found orphan containers ([exaconnect-web-1]) for this project. If you removed or renamed this service in your compose file, you can run this command with the --remove-orphans flag to clean it up."
 Container exaconnect-db-1  Running
 Container exaconnect-controller-1  Recreate
 Container exaconnect-controller-1  Recreated
 Container exaconnect-proxy-1  Running
 Container exaconnect-db-1  Waiting
 Container exaconnect-db-1  Healthy
 Container exaconnect-controller-1  Starting
 Container exaconnect-controller-1  Started
 Container exaconnect-controller-1  Waiting
 Container exaconnect-controller-1  Healthy
 Container exaconnect-db-1  Waiting
 Container exaconnect-controller-1  Waiting
 Container exaconnect-proxy-1  Waiting
 Container exaconnect-db-1  Healthy
 Container exaconnect-controller-1  Healthy
 Container exaconnect-proxy-1  Healthy
time="2026-10-07T01:13:12+02:00" level=warning msg="Found orphan containers ([exaconnect-web-1]) for this project. If you removed or renamed this service in your compose file, you can run this command with the --remove-orphans flag to clean it up."
 Container exaconnect-proxy-1  Recreate
 Container exaconnect-proxy-1  Recreated
 Container exaconnect-proxy-1  Starting
 Container exaconnect-proxy-1  Started
 Container exaconnect-proxy-1  Waiting
 Container exaconnect-proxy-1  Healthy

== Agents (23:13:40)
pop-miami: agent stopped
site-a: agent stopped
site-b: agent stopped
pop-miami: agent started
site-a: agent started
site-b: agent started

== Public portal (23:14:12)
time="2026-10-07T01:14:26+02:00" level=warning msg="Docker Compose is configured to build using Bake, but buildx isn't installed"
#0 building with "default" instance using docker driver

#1 [controller internal] load build definition from Dockerfile
#1 transferring dockerfile: 559B done
#1 DONE 0.0s

#2 [controller internal] load metadata for docker.io/library/python:3.12-slim
#2 DONE 1.0s

#3 [controller internal] load .dockerignore
#3 transferring context:
#3 transferring context: 2B 0.0s done
#3 DONE 0.3s

#4 [controller internal] load build context
#4 DONE 0.0s

#5 [controller 1/5] FROM docker.io/library/python:3.12-slim@sha256:05cda9777409a9c3ffddd94a4c476b79f0769a0b4857f0c7ed9226b6800b0d6f
#5 resolve docker.io/library/python:3.12-slim@sha256:05cda9777409a9c3ffddd94a4c476b79f0769a0b4857f0c7ed9226b6800b0d6f
#5 resolve docker.io/library/python:3.12-slim@sha256:05cda9777409a9c3ffddd94a4c476b79f0769a0b4857f0c7ed9226b6800b0d6f 0.3s done
#5 DONE 0.3s

#4 [controller internal] load build context
#4 transferring context: 9.16kB 0.2s done
#4 DONE 0.4s

#6 [controller 2/5] WORKDIR /app
#6 CACHED

#7 [controller 3/5] COPY pyproject.toml ./
#7 CACHED

#8 [controller 4/5] COPY exaconnect_controller ./exaconnect_controller
#8 CACHED

#9 [controller 5/5] RUN pip install --no-cache-dir . && mkdir -p /data && chown nobody:nogroup /data
#9 CACHED

#10 [controller] exporting to image
#10 exporting layers
#10 exporting layers 1.0s done
#10 exporting manifest sha256:ac62030e917efb38d9ffc5808193b1614e6a51c68fe216f7fb6034ac7ebf9fd3 0.0s done
#10 exporting config sha256:9b3dcd0400915c833395f0a2f100b7700519e029d6be0fd1bcebc4774b68f613 0.1s done
#10 exporting attestation manifest sha256:7a8cd4635833b58ab8fd5d2f82bf17dffa05558caf47dcf9ff5503d0f37a8cc9
#10 exporting attestation manifest sha256:7a8cd4635833b58ab8fd5d2f82bf17dffa05558caf47dcf9ff5503d0f37a8cc9 2.4s done
#10 exporting manifest list sha256:16dff56bd7c0ab882ddd3eef6a4acb8f3dc0ed8191902fb894b5138c31e2e6b9
#10 exporting manifest list sha256:16dff56bd7c0ab882ddd3eef6a4acb8f3dc0ed8191902fb894b5138c31e2e6b9 0.1s done
#10 naming to docker.io/library/exaconnect-controller:latest 0.0s done
#10 unpacking to docker.io/library/exaconnect-controller:latest 0.0s done
#10 DONE 6.9s

#11 [controller] resolving provenance for metadata file
#11 DONE 0.1s

#12 [web internal] load build definition from Dockerfile
#12 transferring dockerfile: 529B 0.0s done
#12 DONE 0.0s

#13 [web internal] load metadata for docker.io/library/node:22-alpine
#13 DONE 2.6s

#14 [web internal] load metadata for docker.io/library/caddy:2-alpine
#14 DONE 5.9s

#15 [web internal] load .dockerignore
#15 transferring context: 2B done
#15 DONE 0.0s

#16 [web internal] load build context
#16 DONE 0.0s

#17 [web stage-1 1/3] FROM docker.io/library/caddy:2-alpine@sha256:d8542f48d34a9cf4e4c11a478865229840e87e4c96ea3f439101f31a5d35f75f
#17 resolve docker.io/library/caddy:2-alpine@sha256:d8542f48d34a9cf4e4c11a478865229840e87e4c96ea3f439101f31a5d35f75f
#17 resolve docker.io/library/caddy:2-alpine@sha256:d8542f48d34a9cf4e4c11a478865229840e87e4c96ea3f439101f31a5d35f75f 0.4s done
#17 DONE 0.4s

#18 [web portal 1/6] FROM docker.io/library/node:22-alpine@sha256:0a7108bf6c7bf5de370ffb1a3ed6be93d405b43ff159f681a8d18c0e2bc2e402
#18 resolve docker.io/library/node:22-alpine@sha256:0a7108bf6c7bf5de370ffb1a3ed6be93d405b43ff159f681a8d18c0e2bc2e402
#18 resolve docker.io/library/node:22-alpine@sha256:0a7108bf6c7bf5de370ffb1a3ed6be93d405b43ff159f681a8d18c0e2bc2e402 1.6s done
#18 DONE 1.7s

#16 [web internal] load build context
#16 transferring context: 47.23kB 4.5s
#16 transferring context: 552.39kB 7.1s done
#16 DONE 8.6s

#17 [web stage-1 1/3] FROM docker.io/library/caddy:2-alpine@sha256:d8542f48d34a9cf4e4c11a478865229840e87e4c96ea3f439101f31a5d35f75f
#17 sha256:eed965aa3fb17721d598fd2368bc2b66d35e7951cb042b9cf26af61a93585dfd 2.10MB / 18.23MB 1.1s
#17 sha256:c36f8763f5d03e6f21be82e5ca5027359049d3e75c20fc875c6781150882193e 7.50kB / 7.50kB 0.6s done
#17 sha256:c556e15ef95ecd401bdb0f857408b15673caeae3cd8cb9dd41017302ae906af5 2.78MB / 2.78MB 0.8s
#17 ...

#19 [web portal 3/6] COPY portal/package.json portal/package-lock.json ./
#19 CACHED

#20 [web portal 2/6] WORKDIR /src/portal
#20 CACHED

#21 [web portal 4/6] RUN npm ci --no-audit --no-fund
#21 CACHED

#22 [web portal 5/6] COPY portal/ ./
#22 ...

#17 [web stage-1 1/3] FROM docker.io/library/caddy:2-alpine@sha256:d8542f48d34a9cf4e4c11a478865229840e87e4c96ea3f439101f31a5d35f75f
#17 sha256:eed965aa3fb17721d598fd2368bc2b66d35e7951cb042b9cf26af61a93585dfd 13.63MB / 18.23MB 7.0s
#17 extracting sha256:c556e15ef95ecd401bdb0f857408b15673caeae3cd8cb9dd41017302ae906af5 1.1s done
#17 extracting sha256:c36f8763f5d03e6f21be82e5ca5027359049d3e75c20fc875c6781150882193e
#17 sha256:eed965aa3fb17721d598fd2368bc2b66d35e7951cb042b9cf26af61a93585dfd 14.68MB / 18.23MB 9.4s
#17 sha256:eed965aa3fb17721d598fd2368bc2b66d35e7951cb042b9cf26af61a93585dfd 15.73MB / 18.23MB 10.4s
#17 extracting sha256:c36f8763f5d03e6f21be82e5ca5027359049d3e75c20fc875c6781150882193e 4.4s done
#17 sha256:eed965aa3fb17721d598fd2368bc2b66d35e7951cb042b9cf26af61a93585dfd 17.83MB / 18.23MB 10.5s
#17 sha256:eed965aa3fb17721d598fd2368bc2b66d35e7951cb042b9cf26af61a93585dfd 18.23MB / 18.23MB 11.9s done
#17 DONE 19.0s

#22 [web portal 5/6] COPY portal/ ./
#22 ...

#17 [web stage-1 1/3] FROM docker.io/library/caddy:2-alpine@sha256:d8542f48d34a9cf4e4c11a478865229840e87e4c96ea3f439101f31a5d35f75f
#17 extracting sha256:eed965aa3fb17721d598fd2368bc2b66d35e7951cb042b9cf26af61a93585dfd
#17 extracting sha256:eed965aa3fb17721d598fd2368bc2b66d35e7951cb042b9cf26af61a93585dfd 15.1s done
#17 DONE 34.1s

#22 [web portal 5/6] COPY portal/ ./
#22 ...

#17 [web stage-1 1/3] FROM docker.io/library/caddy:2-alpine@sha256:d8542f48d34a9cf4e4c11a478865229840e87e4c96ea3f439101f31a5d35f75f
#17 extracting sha256:4f4fb700ef54461cfa02571ae0db9a0dc1e0cdb5577484a6d75e68dc38e8acc1
#17 extracting sha256:4f4fb700ef54461cfa02571ae0db9a0dc1e0cdb5577484a6d75e68dc38e8acc1 0.8s done
#17 DONE 34.9s

#22 [web portal 5/6] COPY portal/ ./
#22 ...

#23 [web stage-1 2/3] COPY deploy/public/Caddyfile /etc/caddy/Caddyfile
#23 DONE 2.6s

#22 [web portal 5/6] COPY portal/ ./
#22 DONE 40.2s

#24 [web portal 6/6] RUN npm run build
#24 18.49 
#24 18.49 > exaconnect-portal@0.0.1 build
#24 18.49 > tsc -b && vite build
#24 18.49 
#24 43.19 vite v8.3.1 building client environment for production...
#24 43.24 transforming...
#24 44.29 ✓ 80 modules transformed.
#24 44.66 rendering chunks...
#24 45.04 computing gzip size...
#24 45.12 dist/index.html                    0.75 kB │ gzip:   0.41 kB
#24 45.12 dist/assets/commai-mEECIram.css   13.21 kB │ gzip:   3.08 kB
#24 45.12 dist/assets/index-DLZ8-TR8.css    52.75 kB │ gzip:  10.69 kB
#24 45.12 dist/assets/commai-DsKE4DD0.js   236.95 kB │ gzip:  54.23 kB
#24 45.12 dist/assets/index-32iL4_Y8.js    498.40 kB │ gzip: 141.24 kB
#24 45.12 
#24 45.13 ✓ built in 1.94s
#24 DONE 47.8s

#25 [web stage-1 3/3] COPY --from=portal /src/portal/dist /srv/portal
#25 DONE 0.6s

#26 [web] exporting to image
#26 exporting layers
#26 exporting layers 4.7s done
#26 exporting manifest sha256:e198c0777e2db5f62584b8f4fe8babf78c5e7e06bf9dc77b2177d4c8738bc1df
#26 exporting manifest sha256:e198c0777e2db5f62584b8f4fe8babf78c5e7e06bf9dc77b2177d4c8738bc1df 0.2s done
#26 exporting config sha256:28ac8660df3c039c9475c4c4cdfce32c0c4e9df5f76dd6cffbfc198ba18b0dba
#26 exporting config sha256:28ac8660df3c039c9475c4c4cdfce32c0c4e9df5f76dd6cffbfc198ba18b0dba 0.1s done
#26 exporting attestation manifest sha256:bb941abb60eefc3913d88d4785315011765dca6c886230042bc6f72f59b38152
#26 exporting attestation manifest sha256:bb941abb60eefc3913d88d4785315011765dca6c886230042bc6f72f59b38152 0.3s done
#26 exporting manifest list sha256:aa75affb29b9a97874a4944a86169b705a5b37fd384a7b3360937761432b97fa
#26 exporting manifest list sha256:aa75affb29b9a97874a4944a86169b705a5b37fd384a7b3360937761432b97fa 0.1s done
#26 naming to docker.io/library/exaconnect-web:latest done
#26 unpacking to docker.io/library/exaconnect-web:latest
#26 unpacking to docker.io/library/exaconnect-web:latest 0.2s done
#26 DONE 5.6s

#27 [web] resolving provenance for metadata file
#27 DONE 0.2s
 controller  Built
 web  Built
 Container exaconnect-db-1  Running
 Container exaconnect-controller-1  Recreate
 Container exaconnect-controller-1  Recreated
 Container exaconnect-web-1  Recreate
 Container exaconnect-web-1  Recreated
 Container exaconnect-db-1  Waiting
 Container exaconnect-db-1  Healthy
 Container exaconnect-controller-1  Starting
 Container exaconnect-controller-1  Started
 Container exaconnect-controller-1  Waiting
 Container exaconnect-controller-1  Healthy
 Container exaconnect-web-1  Starting
 Container exaconnect-web-1  Started
 Container exaconnect-controller-1  Waiting
 Container exaconnect-web-1  Waiting
 Container exaconnect-db-1  Waiting
 Container exaconnect-web-1  Healthy
 Container exaconnect-controller-1  Healthy
 Container exaconnect-db-1  Healthy

== Waiting for tunnels, BGP and BFD (23:18:44)

== Checks (23:20:57)
-- lab/scripts/check-routing.sh
ok    site-a wg-a handshake 56s ago
ok    site-a wg-b handshake 56s ago
ok    site-a wg-sat handshake 55s ago
ok    site-b wg-a handshake 54s ago
ok    site-b wg-b handshake 55s ago
ok    site-b wg-sat handshake 56s ago
ok    pop-miami BGP 6/6 established
ok    pop-miami BFD 6/6 up
FAIL  site-a BGP 2/3 established
ok    site-a BFD 3/3 up
ok    site-b BGP 3/3 established
ok    site-b BFD 3/3 up
ok    lan-a -> lan-b (site-a to site-b via the PoP)
ok    lan-b -> lan-a
ok    lan-a -> lan-pop

  traceroute to 192.168.20.10 (192.168.20.10), 30 hops max, 46 byte packets
   1  192.168.10.1  0.010 ms
   2  100.64.3.1  218.401 ms
   3  100.64.3.12  165.304 ms
   4  192.168.20.10  202.309 ms
-- lab/ci/checks/m0-timing.sh
-- host timing
      clocksource kvm-clock, available: kvm-clock hpet acpi_pm 
      kernel 6.8.0-139-generic, timers: hres_active    : 1, resolution: 1 nsecs
      HZ 1000, 4 CPUs, load 16.79 17.71 15.20
      netem on carrier-a: qdisc netem 8084: root refcnt 5 limit 10000 delay 12.5ms  1ms seed 9717127554986641972
      cpuidle driver none, governor menu
      (netem asks for 25 ms on A and 35 ms on B round trip, with 2 and 4 ms jitter; min/avg/max/mdev)
      site-a to lan-a (no netem):              0.044/1.646/108.521/11.254 ms
      site-a to carrier-a router (one netem):  10.624/22.037/137.319/19.477 ms
      site-a to PoP underlay via carrier A:    22.448/44.929/146.313/28.278 ms, pipe 2
      site-a to PoP through wg-a:              25.365/89.481/317.822/69.581 ms, pipe 4
      site-a to PoP underlay via carrier B:    28.735/58.983/161.161/27.715 ms, pipe 2
-- busiest containers
      185.97% clab-exaconnect-site-a
      169.11% clab-exaconnect-site-b
      134.51% clab-exaconnect-pop-miami
      111.25% exaconnect-controller-1
      59.90% exaconnect-db-1
      12.11% clab-exaconnect-lan-a
      9.38% clab-exaconnect-cloud-azure
      7.88% clab-exaconnect-carrier-b
-- busiest processes
       600 ps
      16.2 uvicorn
      10.3 sshd
      10.2 exa-agent
      10.1 exa-agent
      10.1 exa-agent
       9.0 sshd
       8.5 sshd
-- lab/ci/checks/m4-steering.sh
-- steering applied
ok    pop-miami nftables classifier
ok    pop-miami 6 steering rules
ok    site-a nftables classifier
ok    site-a 3 steering rules
ok    site-b nftables classifier
ok    site-b 3 steering rules
      voice state at start: site-a carrier-a since 2026-10-06 23:19:28.019658+00 return - -; site-b carrier-b since 2026-10-06 23:09:42.240912+00 return - -
      probe jitter, last 3 min, carrier-a avg 87.0 p95 158.7, carrier-b avg 95.4 p95 182.7, sat avg 235.7 p95 335.4
      host load 11.88 15.90 14.77 on 4 CPUs, CPU steal 0.0% over 5 s
ok    site-a voice on wg-a at start (moved back after 6 s; an earlier run left it on B)
      maps: site-a v724, site-b v511, pop-miami v979
-- brownout: carrier A loss 0 -> 3% over 180 s (demo step 2)
ok    voice moved 124 s into the ramp
      
FAIL  reason has no measurement: 
FAIL  moved at measured loss ?%, not before the 1% SLA
      
ok    site-a kernel sends voice on wg-b
FAIL  bulk moved during the brownout
-- hard cut of carrier B while voice is on it (demo step 3)
      voice probe stream: 1421 of 1500 received at 50 packets/s
ok    voice lost 1580 ms of packets (< 3 s)
ok    agent failover on BFD after 3 s
ok    voice on wg-a after the cut
-- recovery: restore B, classes move back only after the hold time (demo step 4)
ok    no moves in the first minute after recovery
      moves since the brownout began: 17
      23:23:15 site-b voice hold: Kept voice on Carrier B: latency on Carrier B is 198 ms against a 150 ms SLA, but no other path is forecast within SLA.
      23:23:15 site-a voice hold: Kept voice on Carrier A: jitter on Carrier A is 84 ms against a 30 ms SLA, but no other path is forecast within SLA.
      23:23:25 site-a voice hold: Kept voice on Carrier A: jitter on Carrier A is 82 ms against a 30 ms SLA, but no other path is forecast within SLA.
      23:23:25 site-b voice hold: Kept voice on Carrier B: jitter on Carrier B is 73 ms against a 30 ms SLA, but no other path is forecast within SLA.
      23:23:36 site-a voice hold: Kept voice on Carrier A: jitter on Carrier A is 59 ms against a 30 ms SLA, but no other path is forecast within SLA.
      23:23:36 site-b voice hold: Kept voice on Carrier B: jitter on Carrier B is 66 ms against a 30 ms SLA, but no other path is forecast within SLA.
      23:23:47 site-b voice hold: Kept voice on Carrier B: jitter on Carrier B is 59 ms against a 30 ms SLA, but no other path is forecast within SLA.
      23:23:47 site-a voice hold: Kept voice on Carrier A: jitter on Carrier A is 56 ms against a 30 ms SLA, but no other path is forecast within SLA.
      23:23:59 site-b voice hold: Kept voice on Carrier B: latency on Carrier B is 171 ms against a 150 ms SLA, but no other path is forecast within SLA.
      23:23:59 site-a voice hold: Kept voice on Carrier A: latency on Carrier A is 167 ms against a 150 ms SLA, but no other path is forecast within SLA.
      23:24:20 site-a voice hold: Kept voice on Carrier A: latency on Carrier A is 181 ms against a 150 ms SLA, but no other path is forecast within SLA.
      23:24:20 site-b voice hold: Kept voice on Carrier B: latency on Carrier B is 178 ms against a 150 ms SLA, but no other path is forecast within SLA.
      23:24:41 site-a voice hold: Kept voice on Carrier A: latency on Carrier A is 182 ms against a 150 ms SLA, but no other path is forecast within SLA.
      23:24:52 site-a voice hold: Kept voice on Carrier A: latency on Carrier A is 212 ms against a 150 ms SLA, but no other path is forecast within SLA.
      23:24:52 site-b voice hold: Kept voice on Carrier B: latency on Carrier B is 193 ms against a 150 ms SLA, but no other path is forecast within SLA.
      23:25:04 site-a voice hold: Kept voice on Carrier A: latency on Carrier A is 178 ms against a 150 ms SLA, but no other path is forecast within SLA.
      23:25:04 site-b voice hold: Kept voice on Carrier B: latency on Carrier B is 189 ms against a 150 ms SLA, but no other path is forecast within SLA.
      23:25:15 site-a business failover: Moved business from Carrier A to Carrier B: Carrier A is down (BFD reports it down).
      23:25:15 site-a voice failover: Moved voice from Carrier A to Carrier B: Carrier A is down (BFD reports it down).
      23:25:15 site-a bulk failover: Moved bulk from Carrier A to Carrier B: Carrier A is down (BFD reports it down).
      23:25:15 site-b voice hold: Kept voice on Carrier B: latency on Carrier B is 192 ms against a 150 ms SLA, but no other path is forecast within SLA.
      23:25:15 site-b bulk move_back: Moved bulk back from Carrier B to Carrier A: Carrier A has scored well for 5 minutes (0.1% loss).
      23:25:25 site-b voice hold: Kept voice on Carrier B: latency on Carrier B is 197 ms against a 150 ms SLA, but no other path is forecast within SLA.
      23:25:35 site-b voice hold: Kept voice on Carrier B: latency on Carrier B is 192 ms against a 150 ms SLA, but no other path is forecast within SLA.
      23:25:35 site-a voice hold: Kept voice on Carrier B: latency on Carrier B is 184 ms against a 150 ms SLA, but it moved here 20 s ago (hold time 120 s).
      23:25:46 site-a voice hold: Kept voice on Carrier B: jitter on Carrier B is 78 ms against a 30 ms SLA, but it moved here 30 s ago (hold time 120 s).
      23:25:56 site-b business failover: Moved business from Carrier B to Carrier A: Carrier B is down (BFD reports it down).
      23:25:56 site-a voice hold: Kept voice on Carrier B: jitter on Carrier B is 84 ms against a 30 ms SLA, but it moved here 41 s ago (hold time 120 s).
      23:25:56 site-b voice failover: Moved voice from Carrier B to Carrier A: Carrier B is down (BFD reports it down).
      23:26:07 site-a voice hold: Kept voice on Carrier B: latency on Carrier B is 166 ms against a 150 ms SLA, but it moved here 52 s ago (hold time 120 s).
      23:26:18 site-a voice hold: Kept voice on Carrier B: latency on Carrier B is 178 ms against a 150 ms SLA, but it moved here 62 s ago (hold time 120 s).
      23:26:18 site-b voice hold: Kept voice on Carrier A: latency on Carrier A is 170 ms against a 150 ms SLA, but it moved here 21 s ago (hold time 120 s).
      23:26:30 site-b voice hold: Kept voice on Carrier A: latency on Carrier A is 190 ms against a 150 ms SLA, but it moved here 33 s ago (hold time 120 s).
      23:26:30 site-a voice hold: Kept voice on Carrier B: latency on Carrier B is 247 ms against a 150 ms SLA, but it moved here 75 s ago (hold time 120 s).
      23:26:41 site-b voice hold: Kept voice on Carrier A: latency on Carrier A is 185 ms against a 150 ms SLA, but it moved here 44 s ago (hold time 120 s).
      23:26:41 site-a voice hold: Kept voice on Carrier B: latency on Carrier B is 237 ms against a 150 ms SLA, but it moved here 86 s ago (hold time 120 s).
      23:26:53 site-a voice hold: Kept voice on Carrier B: latency on Carrier B is 235 ms against a 150 ms SLA, but it moved here 97 s ago (hold time 120 s).
      23:26:53 site-b voice hold: Kept voice on Carrier A: latency on Carrier A is 200 ms against a 150 ms SLA, but it moved here 56 s ago (hold time 120 s).
      23:27:03 site-b voice hold: Kept voice on Carrier A: latency on Carrier A is 179 ms against a 150 ms SLA, but it moved here 66 s ago (hold time 120 s).
      23:27:03 site-a voice hold: Kept voice on Carrier B: latency on Carrier B is 226 ms against a 150 ms SLA, but it moved here 108 s ago (hold time 120 s).
      23:27:14 site-a voice hold: Kept voice on Carrier B: latency on Carrier B is 226 ms against a 150 ms SLA, but it moved here 118 s ago (hold time 120 s).
      23:27:14 site-b voice hold: Kept voice on Carrier A: it is down (BFD reports it down) and no other path is up.
      23:27:14 site-b business hold: Kept business on Carrier A: it is down (BFD reports it down) and no other path is up.
      23:27:14 site-b bulk hold: Kept bulk on Carrier A: it is down (BFD reports it down) and no other path is up.
      23:27:24 site-a voice hold: Kept voice on Carrier B: latency on Carrier B is 177 ms against a 150 ms SLA, but no other path is forecast within SLA.
      23:27:24 site-b voice hold: Kept voice on Carrier A: latency on Carrier A is 158 ms against a 150 ms SLA, but it moved here 87 s ago (hold time 120 s).
      23:27:34 site-a voice hold: Kept voice on Carrier B: latency on Carrier B is 179 ms against a 150 ms SLA, but no other path is forecast within SLA.
      23:27:34 site-b voice hold: Kept voice on Carrier A: latency on Carrier A is 150 ms against a 150 ms SLA, but it moved here 98 s ago (hold time 120 s).
      23:27:46 site-a voice hold: Kept voice on Carrier B: latency on Carrier B is 184 ms against a 150 ms SLA, but no other path is forecast within SLA.
      23:27:46 site-b voice hold: Kept voice on Carrier A: jitter on Carrier A is 82 ms against a 30 ms SLA, but it moved here 109 s ago (hold time 120 s).
      23:27:56 site-a voice hold: Kept voice on Carrier B: jitter on Carrier B is 109 ms against a 30 ms SLA, but no other path is forecast within SLA.
      23:27:56 site-b voice hold: Kept voice on Carrier A: jitter on Carrier A is 87 ms against a 30 ms SLA, but it moved here 119 s ago (hold time 120 s).
      23:28:06 site-b bulk hold: Kept bulk on Carrier A: it is down (BFD reports it down) and no other path is up.
      23:28:06 site-b voice hold: Kept voice on Carrier A: it is down (BFD reports it down) and no other path is up.
      23:28:06 site-a voice hold: Kept voice on Carrier B: jitter on Carrier B is 113 ms against a 30 ms SLA, but no other path is forecast within SLA.
      23:28:06 site-b business hold: Kept business on Carrier A: it is down (BFD reports it down) and no other path is up.
      23:28:19 site-b voice hold: Kept voice on Carrier A: jitter on Carrier A is 115 ms against a 30 ms SLA, but no other path is forecast within SLA.
      23:28:19 site-a voice hold: Kept voice on Carrier B: jitter on Carrier B is 114 ms against a 30 ms SLA, but no other path is forecast within SLA.
      23:28:30 site-b voice hold: Kept voice on Carrier A: latency on Carrier A is 170 ms against a 150 ms SLA, but no other path is forecast within SLA.
      23:28:30 site-a voice hold: Kept voice on Carrier B: jitter on Carrier B is 122 ms against a 30 ms SLA, but no other path is forecast within SLA.
      23:28:43 site-a voice hold: Kept voice on Carrier B: latency on Carrier B is 225 ms against a 150 ms SLA, but no other path is forecast within SLA.
      23:28:43 site-b voice hold: Kept voice on Carrier A: latency on Carrier A is 232 ms against a 150 ms SLA, but no other path is forecast within SLA.
      23:29:02 site-a voice hold: Kept voice on Carrier B: latency on Carrier B is 270 ms against a 150 ms SLA, but no other path is forecast within SLA.
      23:29:02 site-b voice hold: Kept voice on Carrier A: latency on Carrier A is 263 ms against a 150 ms SLA, but no other path is forecast within SLA.
      23:29:02 site-b business hold: Kept business on Carrier A: latency on Carrier A is 263 ms against a 250 ms SLA, but no other path is forecast within SLA.
      23:29:13 site-a business hold: Kept business on Carrier B: latency on Carrier B is 273 ms against a 250 ms SLA, but no other path is forecast within SLA.
      23:29:13 site-a voice hold: Kept voice on Carrier B: latency on Carrier B is 273 ms against a 150 ms SLA, but no other path is forecast within SLA.
      23:29:13 site-b voice hold: Kept voice on Carrier A: latency on Carrier A is 283 ms against a 150 ms SLA, but no other path is forecast within SLA.
      23:29:13 site-b business hold: Kept business on Carrier A: latency on Carrier A is 283 ms against a 250 ms SLA, but no other path is forecast within SLA.
      23:29:25 site-b voice hold: Kept voice on Carrier A: latency on Carrier A is 257 ms against a 150 ms SLA, but no other path is forecast within SLA.
      23:29:25 site-a business hold: Kept business on Carrier B: latency on Carrier B is 261 ms against a 250 ms SLA, but no other path is forecast within SLA.
      23:29:25 site-a voice hold: Kept voice on Carrier B: latency on Carrier B is 261 ms against a 150 ms SLA, but no other path is forecast within SLA.
      23:29:25 site-b business move: Moved business from Carrier A to Carrier B: latency on Carrier A is 257 ms against a 250 ms SLA.
      23:29:35 site-a business hold: Kept business on Carrier B: latency on Carrier B is 266 ms against a 250 ms SLA, but no other path is forecast within SLA.
      23:29:35 site-b voice hold: Kept voice on Carrier A: latency on Carrier A is 256 ms against a 150 ms SLA, but no other path is forecast within SLA.
      23:29:35 site-a voice hold: Kept voice on Carrier B: latency on Carrier B is 266 ms against a 150 ms SLA, but no other path is forecast within SLA.
      23:29:46 site-a voice hold: Kept voice on Carrier B: latency on Carrier B is 247 ms against a 150 ms SLA, but no other path is forecast within SLA.
      23:29:46 site-b voice hold: Kept voice on Carrier A: latency on Carrier A is 251 ms against a 150 ms SLA, but no other path is forecast within SLA.
      23:29:56 site-b voice failover: Moved voice from Carrier A to Carrier B: Carrier A is down (BFD reports it down).
      23:29:56 site-a voice hold: Kept voice on Carrier B: latency on Carrier B is 194 ms against a 150 ms SLA, but no other path is forecast within SLA.
      23:29:56 site-b bulk failover: Moved bulk from Carrier A to Carrier B: Carrier A is down (BFD reports it down).
      23:30:08 site-a voice hold: Kept voice on Carrier B: latency on Carrier B is 202 ms against a 150 ms SLA, but no other path is forecast within SLA.
      23:30:19 site-a business failover: Moved business from Carrier B to Carrier A: Carrier B is down (BFD reports it down).
      23:30:19 site-a voice failover: Moved voice from Carrier B to Carrier A: Carrier B is down (BFD reports it down).
      23:30:19 site-b voice hold: Kept voice on Carrier B: latency on Carrier B is 237 ms against a 150 ms SLA, but it moved here 22 s ago (hold time 120 s).
      23:30:19 site-a bulk failover: Moved bulk from Carrier B to Carrier A: Carrier B is down (BFD reports it down).
      23:30:30 site-b voice hold: Kept voice on Carrier B: latency on Carrier B is 217 ms against a 150 ms SLA, but it moved here 33 s ago (hold time 120 s).
      23:30:41 site-a voice hold: Kept voice on Carrier A: jitter on Carrier A is 84 ms against a 30 ms SLA, but it moved here 22 s ago (hold time 120 s).
      23:30:41 site-b voice hold: Kept voice on Carrier B: latency on Carrier B is 217 ms against a 150 ms SLA, but it moved here 44 s ago (hold time 120 s).
      23:30:52 site-b voice hold: Kept voice on Carrier B: latency on Carrier B is 191 ms against a 150 ms SLA, but it moved here 55 s ago (hold time 120 s).
      23:30:52 site-a voice hold: Kept voice on Carrier A: latency on Carrier A is 215 ms against a 150 ms SLA, but it moved here 33 s ago (hold time 120 s).
      23:30:52 site-a business hold: Kept business on Carrier A: loss on Carrier A rising 0.5% a minute, forecast 2.5% in 60 s against a 2% SLA, but it moved here 33 s ago (hold time 120 s).
      23:31:03 site-a voice hold: Kept voice on Carrier A: latency on Carrier A is 206 ms against a 150 ms SLA, but it moved here 43 s ago (hold time 120 s).
      23:31:03 site-b voice hold: Kept voice on Carrier B: latency on Carrier B is 190 ms against a 150 ms SLA, but it moved here 66 s ago (hold time 120 s).
      23:31:03 site-a business hold: Kept business on Carrier A: loss on Carrier A is 2.0% against a 2% SLA, but it moved here 43 s ago (hold time 120 s).
      23:31:15 site-a voice hold: Kept voice on Carrier A: jitter on Carrier A is 94 ms against a 30 ms SLA, but it moved here 56 s ago (hold time 120 s).
      23:31:15 site-a business hold: Kept business on Carrier A: loss on Carrier A is 2.3% against a 2% SLA, but it moved here 56 s ago (hold time 120 s).
      23:31:15 site-b voice hold: Kept voice on Carrier B: jitter on Carrier B is 97 ms against a 30 ms SLA, but it moved here 78 s ago (hold time 120 s).
      23:31:26 site-a voice hold: Kept voice on Carrier A: jitter on Carrier A is 91 ms against a 30 ms SLA, but it moved here 66 s ago (hold time 120 s).
      23:31:26 site-a business hold: Kept business on Carrier A: loss on Carrier A is 2.3% against a 2% SLA, but it moved here 66 s ago (hold time 120 s).
      23:31:26 site-b voice hold: Kept voice on Carrier B: latency on Carrier B is 173 ms against a 150 ms SLA, but it moved here 89 s ago (hold time 120 s).
      23:31:39 site-a voice hold: Kept voice on Carrier A: jitter on Carrier A is 89 ms against a 30 ms SLA, but it moved here 79 s ago (hold time 120 s).
      23:31:39 site-b voice hold: Kept voice on Carrier B: latency on Carrier B is 179 ms against a 150 ms SLA, but it moved here 102 s ago (hold time 120 s).
      23:31:39 site-a business hold: Kept business on Carrier A: loss on Carrier A is 2.4% against a 2% SLA, but it moved here 79 s ago (hold time 120 s).
      23:31:50 site-a business hold: Kept business on Carrier A: loss on Carrier A is 2.5% against a 2% SLA, but it moved here 90 s ago (hold time 120 s).
      23:31:50 site-a voice hold: Kept voice on Carrier A: jitter on Carrier A is 90 ms against a 30 ms SLA, but it moved here 90 s ago (hold time 120 s).
      23:31:50 site-b voice hold: Kept voice on Carrier B: jitter on Carrier B is 86 ms against a 30 ms SLA, but it moved here 113 s ago (hold time 120 s).
      23:32:00 site-b voice hold: Kept voice on Carrier B: jitter on Carrier B is 83 ms against a 30 ms SLA, but no other path is forecast within SLA.
      23:32:00 site-a business hold: Kept business on Carrier A: loss on Carrier A is 2.4% against a 2% SLA, but it moved here 101 s ago (hold time 120 s).
      23:32:00 site-a voice hold: Kept voice on Carrier A: jitter on Carrier A is 73 ms against a 30 ms SLA, but it moved here 101 s ago (hold time 120 s).
      23:32:11 site-b voice hold: Kept voice on Carrier B: latency on Carrier B is 173 ms against a 150 ms SLA, but no other path is forecast within SLA.
      23:32:11 site-a business hold: Kept business on Carrier A: loss on Carrier A is 2.5% against a 2% SLA, but it moved here 111 s ago (hold time 120 s).
      23:32:11 site-a voice hold: Kept voice on Carrier A: jitter on Carrier A is 77 ms against a 30 ms SLA, but it moved here 111 s ago (hold time 120 s).
      23:32:21 site-a business move: Moved business from Carrier A to Carrier B: loss on Carrier A is 2.6% against a 2% SLA.
      23:32:21 site-b voice hold: Kept voice on Carrier B: jitter on Carrier B is 60 ms against a 30 ms SLA, but no other path is forecast within SLA.
      23:32:21 site-a voice hold: Kept voice on Carrier A: jitter on Carrier A is 67 ms against a 30 ms SLA, but no other path is forecast within SLA.
      23:32:31 site-a voice hold: Kept voice on Carrier A: jitter on Carrier A is 63 ms against a 30 ms SLA, but no other path is forecast within SLA.
      23:32:31 site-b voice hold: Kept voice on Carrier B: jitter on Carrier B is 55 ms against a 30 ms SLA, but no other path is forecast within SLA.
      23:32:42 site-a voice hold: Kept voice on Carrier A: loss on Carrier A is 2.9% against a 1% SLA, but no other path is forecast within SLA.
      23:32:42 site-b voice hold: Kept voice on Carrier B: jitter on Carrier B is 47 ms against a 30 ms SLA, but no other path is forecast within SLA.
      23:32:52 site-a voice hold: Kept voice on Carrier A: loss on Carrier A is 3.0% against a 1% SLA, but no other path is forecast within SLA.
      23:32:52 site-b voice hold: Kept voice on Carrier B: jitter on Carrier B is 50 ms against a 30 ms SLA, but no other path is forecast within SLA.
      23:33:03 site-a voice hold: Kept voice on Carrier A: jitter on Carrier A is 65 ms against a 30 ms SLA, but no other path is forecast within SLA.
      23:33:13 site-b voice hold: Kept voice on Carrier B: jitter on Carrier B is 60 ms against a 30 ms SLA, but no other path is forecast within SLA.
      23:33:13 site-a voice hold: Kept voice on Carrier A: jitter on Carrier A is 62 ms against a 30 ms SLA, but no other path is forecast within SLA.
      23:33:23 site-b voice hold: Kept voice on Carrier B: it is down (BFD reports it down) and no other path is up.
      23:33:23 site-b bulk hold: Kept bulk on Carrier B: it is down (BFD reports it down) and no other path is up.
      23:33:23 site-b business hold: Kept business on Carrier B: it is down (BFD reports it down) and no other path is up.
      23:33:23 site-a voice hold: Kept voice on Carrier A: latency on Carrier A is 151 ms against a 150 ms SLA, but no other path is forecast within SLA.
      23:33:23 site-a business failover: Moved business from Carrier B to Carrier A: Carrier B is down (BFD reports it down).
      23:33:34 site-a voice hold: Kept voice on Carrier A: latency on Carrier A is 155 ms against a 150 ms SLA, but no other path is forecast within SLA.
      23:33:34 site-b business failover: Moved business from Carrier B to Carrier A: Carrier B is down (BFD reports it down).
      23:33:34 site-b bulk failover: Moved bulk from Carrier B to Carrier A: Carrier B is down (BFD reports it down).
      23:33:34 site-b voice failover: Moved voice from Carrier B to Carrier A: Carrier B is down (BFD reports it down).
      23:33:45 site-a business hold: Kept business on Carrier A: loss on Carrier A is 2.6% against a 2% SLA, but it moved here 21 s ago (hold time 120 s).
      23:33:45 site-a voice hold: Kept voice on Carrier A: latency on Carrier A is 151 ms against a 150 ms SLA, but no other path is forecast within SLA.
      23:33:56 site-a voice hold: Kept voice on Carrier A: latency on Carrier A is 165 ms against a 150 ms SLA, but no other path is forecast within SLA.
      23:33:56 site-b voice hold: Kept voice on Carrier A: latency on Carrier A is 151 ms against a 150 ms SLA, but it moved here 21 s ago (hold time 120 s).
      23:33:56 site-a business hold: Kept business on Carrier A: loss on Carrier A is 2.5% against a 2% SLA, but it moved here 32 s ago (hold time 120 s).
      23:34:06 site-a voice hold: Kept voice on Carrier A: latency on Carrier A is 171 ms against a 150 ms SLA, but no other path is forecast within SLA.
      23:34:06 site-a business hold: Kept business on Carrier A: loss on Carrier A is 2.2% against a 2% SLA, but it moved here 42 s ago (hold time 120 s).
      23:34:06 site-b voice hold: Kept voice on Carrier A: latency on Carrier A is 153 ms against a 150 ms SLA, but it moved here 32 s ago (hold time 120 s).
      23:34:16 site-b voice hold: Kept voice on Carrier A: jitter on Carrier A is 67 ms against a 30 ms SLA, but it moved here 42 s ago (hold time 120 s).
      23:34:16 site-a voice hold: Kept voice on Carrier A: latency on Carrier A is 151 ms against a 150 ms SLA, but no other path is forecast within SLA.
      23:34:16 site-a business hold: Kept business on Carrier A: loss on Carrier A is 2.1% against a 2% SLA, but it moved here 52 s ago (hold time 120 s).
      23:34:26 site-b voice hold: Kept voice on Carrier A: jitter on Carrier A is 66 ms against a 30 ms SLA, but it moved here 52 s ago (hold time 120 s).
      23:34:26 site-a voice hold: Kept voice on Carrier A: jitter on Carrier A is 65 ms against a 30 ms SLA, but no other path is forecast within SLA.
      23:34:36 site-a voice hold: Kept voice on Carrier A: jitter on Carrier A is 53 ms against a 30 ms SLA, but no other path is forecast within SLA.
      23:34:36 site-b voice hold: Kept voice on Carrier A: jitter on Carrier A is 54 ms against a 30 ms SLA, but it moved here 62 s ago (hold time 120 s).
      23:34:48 site-b voice hold: Kept voice on Carrier A: jitter on Carrier A is 58 ms against a 30 ms SLA, but it moved here 73 s ago (hold time 120 s).
      23:34:48 site-a voice hold: Kept voice on Carrier A: jitter on Carrier A is 58 ms against a 30 ms SLA, but no other path is forecast within SLA.
      23:34:58 site-b voice hold: Kept voice on Carrier A: jitter on Carrier A is 57 ms against a 30 ms SLA, but it moved here 84 s ago (hold time 120 s).
      23:34:58 site-a voice hold: Kept voice on Carrier A: jitter on Carrier A is 67 ms against a 30 ms SLA, but no other path is forecast within SLA.
      23:35:08 site-a voice hold: Kept voice on Carrier A: jitter on Carrier A is 73 ms against a 30 ms SLA, but no other path is forecast within SLA.
      23:35:08 site-b voice hold: Kept voice on Carrier A: jitter on Carrier A is 61 ms against a 30 ms SLA, but it moved here 94 s ago (hold time 120 s).
      23:35:19 site-b voice hold: Kept voice on Carrier A: jitter on Carrier A is 65 ms against a 30 ms SLA, but it moved here 104 s ago (hold time 120 s).
-- lab/ci/checks/m5-storm.sh
-- Storm Mode on at site-a only
ok    Storm Mode switched on for site-a through the API
ok    site-a agent has the Storm Mode steering map
ok    site-b is not in Storm Mode
ok    satellite warm: 43 probes per 10 s
ok    satellite BGP established
-- both terrestrial links cut
ok    voice continues on satellite
ok    business continues on satellite
ok    bulk paused (blackhole rule)
ok    voice stream lost 2960 ms across the double cut
-- restore and switch Storm Mode off
ok    Storm Mode switched off
ok    voice and business back on terrestrial paths, bulk resumed
      Storm Mode last switched by user:admin@exacarib.local
      23:37:52 storm_off
      23:35:45 storm_on
-- lab/ci/checks/m6-metering.sh
-- traffic: 20 Mbit/s bulk (CS1, TCP) from lan-a to lan-b for 11 minutes
      bulk leaves site-a on wg-a
FAIL  no 5-minute samples with traffic after 15 minutes
      iperf: [  5]   0.00-660.00 sec   257 MBytes  3.27 Mbits/sec  2772             sender [  5]   0.00-660.92 sec   253 MBytes  3.22 Mbits/sec                  receiver  iperf Done. 
      site-a carrier-a: samples 11, 95th in 0.258432 out 3.493972, billable 3.493972, commit 100, burst 0.000, total 400.00
FAIL  billable rate 3.493972
-- CSV matches the screen
ok    CSV 95th percentile 3.494 equals the screen
ok    CSV settlement total equals the screen
-- carrier view
ok    carrier user sees only Carrier A links
ok    carrier user cannot open the customer overview
-- lab/ci/checks/m7-outage.sh
-- stop the controller and the agent proxy
ok    all three agents noticed after 46 s and hold the last good state
ok    site A still reaches site B through the PoP
-- BFD failover with the controller down
ok    voice moved from wg-a to wg-b in 4.7 s, without the controller
-- start the controller again
ok    all three agents reconciled 31 s after the restart
-- lab/ci/checks/m8-ai.sh
-- hurricane watch
ok    NHC feed read from the lab host: 2 active storms
ok    example hurricane raised a warning
ok    only site-a (Kingston) is warned
      Hurricane Example (90 kt) is moving at 23 km/h on a heading of 285°. Projecting that motion forward, it passes about 92 km from site-a in about 25 h. Consider switching Storm Mode on so the satellite path is warm before the terrestrial links suffer. This is a straight-line projection; check the NHC advisory for the official forecast track.
-- disaster watch
ok    all disaster feeds read from the lab host: ptwc=2 usgs=17 events=17 failed= 
ok    example earthquake from USGS, GDACS and tsunami.gov raised one alert, for site-b only
      Magnitude 6.4 earthquake, 38 km NE of Port of Spain, Trinidad and Tobago, reported by USGS and GDACS and tsunami.gov. Latest tsunami message: Tsunami Information Statement Number 2. Sites in range: site-b 47 km (critical). Consider switching Storm Mode on for the sites marked critical, so the satellite path is warm if terrestrial links fail. Distances are straight lines from the reported location; check the source's report.
-- insights from this run
      anomaly critical: Satellite at site-b: latency 223.3 ms, usually 67.5 ms
      anomaly critical: Carrier A at site-b: latency 138.8 ms, usually 41.9 ms
      anomaly critical: Carrier B at site-b: latency 153.1 ms, usually 53.0 ms
      anomaly critical: Carrier A at site-a: latency 146.7 ms, usually 42.2 ms
      anomaly critical: Satellite at site-a: latency 237.7 ms, usually 68.1 ms
      anomaly critical: Carrier B at site-a: latency 157.9 ms, usually 52.9 ms
      anomaly warning: Carrier A at site-b: jitter 76.9 ms, usually 17.4 ms
      anomaly warning: Satellite at site-b: jitter 180.6 ms, usually 31.9 ms
      anomaly warning: Carrier A at site-b: loss 0.67%, usually 0.00%
      anomaly warning: Carrier B at site-a: jitter 81.3 ms, usually 18.0 ms
-- ask your network
ok    answered: Voice is on Carrier A at site-a now; it last moved to Carrier A from Carrier B at 2026-10-06 23:55:36Z because Carrier B's BFD went down (event at 23:55:42Z shows bfd_down for wg-b, and the routing decision at 23:55:53Z confirms it was kept on Carrier A due to no other path forecast within SLA).
ok    proposed: Add the traffic rule "lab assistant check": put ports udp:7777 in bulk at site-b.
ok    applied, then undone
-- lab/ci/checks/m9-fabric.sh
-- simulated cloud gateways
ok    AWS and Azure gateways configured
-- cloud circuits
ok    created circuits 82 (AWS) and 83 (Azure)
ok    both circuits up (IPsec and BGP) 21 s after they were created
      AWS: up, BGP Established, routes 10.100.0.0/16
ok    site-a learned the AWS VPC route from the PoP
ok    lan-a reaches the AWS VPC (10.100.0.1) through the PoP
ok    site-a puts traffic for AWS in business
-- cloud router
ok    AWS reaches Azure through the PoP
-- elastic bandwidth
ok    20 Mbps reached the PoP's shaper on vc82
      charges so far: [{"mbps":50,"hours":0.01},{"mbps":20,"hours":0.0}]
-- layer 2 circuit
ok    VLAN 100 at site A and VLAN 200 at site B are one segment (lan-a pings lan-b)
ok    layer 2 circuit up and monitored: round trip 240.3 ms, 2.48% loss over the last minute
-- clean up
ok    deleted circuits are torn down at the PoP
-- lab/ci/checks/m9-internet.sh
-- through the PoP (the default)
ok    lan-a reaches the internet through the PoP, translated to the PoP's address
      site-a exits by: wg-a
-- firewall at the PoP
ok    a deny rule stops lan-a's pings at the PoP
ok    the rule's hits reach the portal
ok    deleting the rule lets the pings through again
-- port forward on the PoP's address
      server on lan-a:8080 answers locally
ok    a connection to 100.64.0.2:8080 from the internet reaches lan-a
ok    the internet cannot reach lan-a directly through the PoP
-- straight out at the site
FAIL  no local breakout over carrier A (exits by eth1)
ok    with carrier A cut, it leaves by carrier B within 12 s
ok    site-a reports it exits by eth2
-- clean up
ok    back through the PoP
-- lab/ci/checks/m9-order.sh
-- a layer 2 circuit ordered in plain English
      draft: {"actions":["site_circuit"],"summary":["New layer 2 circuit joining site-a and site-b, VLAN 100 at site-a and VLAN 200 at site-b, 20 Mbps."],"problems":[],"monthly_estimate":40.0}
ok    the draft reads a VLAN 100 to VLAN 200 circuit between site-a and site-b
ok    drafting changed nothing
ok    confirmed: Created circuit lab order l2.
ok    the ordered circuit carries traffic (lan-a pings lan-b over VLAN 100/200)
-- two changes in one order
      draft: {"actions":["bandwidth","internet_mode"],"summary":["Change lab order l2 from 20 to 30 Mbps, billed by the hour from now.","Send site-a's internet straight out of its own links (now through ExaCarib's PoP)."],"monthly_estimate":20.0}
ok    the draft has a bandwidth change and an internet change
ok    the circuit is now 30 Mbps
ok    site-a's internet now goes straight out (local eth1)
-- a draft with a problem
ok    a draft with VLAN 5000 says why and can't be confirmed
      AI draft (not confirmed): engine ai, [{"action":"cloud_circuit","provider":"aws","region":"us-east-1","site":"site-a","bandwidth_mbps":50}]
-- clean up
ok    circuit deleted and site-a back through the PoP
-- lab/ci/checks/m9-protection.sh
-- a resilient pair to the simulated AWS
ok    both tunnels of the pair up (IPsec and BGP)
ok    lan-a reaches the AWS VPC over the pair
-- encryption report
      summary: {"encrypted":8,"total":8}
ok    both tunnels encrypted: IKE AES_CBC-256/HMAC_SHA2_256_128/PRF_HMAC_SHA2_256/MODP_2048, ESP AES_CBC-256/HMAC_SHA2_256_128
ok    every site path is WireGuard-encrypted (6 encrypted)
-- the first tunnel fails
ok    the portal shows the first tunnel down and the second up
ok    the circuit stays up on one tunnel
ok    lan-a kept reaching the VPC: 300 of 300 pings answered (about 0.0 s lost; the BGP hold time is 30 s)
ok    the first tunnel recovers
-- DDoS protection at the PoP
ok    the internet reaches the PoP's public address
ok    the flooding source was blocked automatically ({"blocked":0,"auto":384,"flood":1,"syn":0})
ok    the blocked source can't reach the public address
ok    lifting the block lets it back in
ok    customers see the drop counts, not the addresses
-- the block list
ok    a block list entry stops the source
ok    removing it lets the source back in
-- clean up
ok    both tunnels torn down at the PoP
-- lab/ci/checks/m9-public-e2e.sh
-- API through https://connect.exacarib.com
ok    admin signs in at https://connect.exacarib.com
ok    every portal screen's data answers 200 through the public site
      settlement CSV: 200 text/csv; charset=utf-8
-- browser
ok    signed in through the browser
ok    Overview renders without errors
ok    Sites renders without errors
ok    Traffic: seen on your network renders without errors
ok    Traffic: rules renders without errors
ok    Traffic: classes renders without errors
ok    Decisions renders without errors
ok    Fabric renders without errors
ok    Internet renders without errors
ok    Order renders without errors
ok    Encryption renders without errors
ok    Metering renders without errors
ok    Insights renders without errors
ok    Ask your network renders without errors
ok    Carrier view renders without errors
ok    Account renders without errors
ok    Admin: agents renders without errors
ok    Admin: sites renders without errors
ok    Admin: classes renders without errors
ok    Admin: users renders without errors
ok    Admin: settings renders without errors
ok    Admin: partners renders without errors
ok    Admin: protection renders without errors
ok    Admin: audit renders without errors
ok    CommAI: inbox renders without errors
ok    CommAI: contacts renders without errors
ok    CommAI: channels renders without errors
ok    CommAI: AI agents renders without errors
ok    CommAI: workflows renders without errors
ok    CommAI: integrations renders without errors
ok    CommAI: voice renders without errors
ok    CommAI: reports renders without errors
ok    CommAI: assistant renders without errors
ok    CommAI: set up renders without errors
ok    CommAI: settings renders without errors
ok    CommAI: sign-in settings renders without errors
ok    example hurricane and earthquake alerts appear on Insights
-- lab/ci/checks/m9-public.sh
ok    https://connect.exacarib.com/healthz answers on this host
ok    certificate from Let's Encrypt (issuer=C = US, O = Let's Encrypt, CN = YE1)
ok    portal served
ok    agent endpoints not served publicly
ok    API answers and needs sign-in
ok    connect.exacarib.com reachable from this host over the internet
      web container: running restarts=0
      listening on public addresses: 22 80 443 
ok    controller, database and dev portal stay private
ok    an API key works through the public address
ok    a revoked key is refused at once
-- lab/ci/checks/m9-traffic.sh
-- priority queues
ok    site-a wg-a: qdisc cake 8090: root refcnt 2 bandwidth 190Mbit diffserv4 triple-isolate nonat nowash no-
ok    site-a wg-b: qdisc cake 8091: root refcnt 2 bandwidth 95Mbit diffserv4 triple-isolate nonat nowash no-a
-- application detection: Zoom-like traffic on UDP 8801 for 4 minutes
ok    site-a reported its flows to UDP 8801
FAIL  Zoom was not detected
      udp|8801|voice|2567|0 
-- a customer rule: a subnet and port into business
ok    site-a classifies TCP 5201 to site B as business
ok    the PoP classifies the return direction

== Diagnostics (00:13:55)
pop-miami: running
site-a: running
site-b: running
-- agent log pop-miami
time=2026-10-07T00:13:29.180Z level=INFO msg="class moved" node=pop-miami class=voice dst=192.168.10.0/24 from=carrier-a to=carrier-b why=bfd
time=2026-10-07T00:13:29.180Z level=INFO msg="class moved" node=pop-miami class=business dst=192.168.10.0/24 from=carrier-a to=carrier-b why=bfd
time=2026-10-07T00:13:29.180Z level=INFO msg="class moved" node=pop-miami class=bulk dst=192.168.10.0/24 from=carrier-a to=carrier-b why=bfd
time=2026-10-07T00:13:31.484Z level=INFO msg="bfd change" node=pop-miami peer=100.64.2.11 tunnel=wg-b status=down
time=2026-10-07T00:13:31.497Z level=INFO msg="class moved" node=pop-miami class=voice dst=192.168.10.0/24 from=carrier-b to=carrier-a why=bfd
time=2026-10-07T00:13:31.497Z level=INFO msg="class moved" node=pop-miami class=business dst=192.168.10.0/24 from=carrier-b to=carrier-a why=bfd
time=2026-10-07T00:13:31.497Z level=INFO msg="class moved" node=pop-miami class=bulk dst=192.168.10.0/24 from=carrier-b to=carrier-a why=bfd
time=2026-10-07T00:13:33.199Z level=INFO msg="bfd change" node=pop-miami peer=100.64.2.11 tunnel=wg-b status=up
time=2026-10-07T00:13:33.287Z level=INFO msg="class moved" node=pop-miami class=voice dst=192.168.10.0/24 from=carrier-a to=carrier-b why=bfd
time=2026-10-07T00:13:33.287Z level=INFO msg="class moved" node=pop-miami class=business dst=192.168.10.0/24 from=carrier-a to=carrier-b why=bfd
time=2026-10-07T00:13:33.287Z level=INFO msg="class moved" node=pop-miami class=bulk dst=192.168.10.0/24 from=carrier-a to=carrier-b why=bfd
time=2026-10-07T00:13:37.579Z level=INFO msg="bfd change" node=pop-miami peer=100.64.2.11 tunnel=wg-b status=init
time=2026-10-07T00:13:38.443Z level=INFO msg="bfd change" node=pop-miami peer=100.64.2.11 tunnel=wg-b status=up
time=2026-10-07T00:13:41.478Z level=INFO msg="bfd change" node=pop-miami peer=100.64.2.11 tunnel=wg-b status=down
time=2026-10-07T00:13:41.572Z level=INFO msg="class moved" node=pop-miami class=voice dst=192.168.10.0/24 from=carrier-b to=carrier-a why=bfd
time=2026-10-07T00:13:41.572Z level=INFO msg="class moved" node=pop-miami class=business dst=192.168.10.0/24 from=carrier-b to=carrier-a why=bfd
time=2026-10-07T00:13:41.572Z level=INFO msg="class moved" node=pop-miami class=bulk dst=192.168.10.0/24 from=carrier-b to=carrier-a why=bfd
time=2026-10-07T00:13:41.950Z level=INFO msg="bfd change" node=pop-miami peer=100.64.2.11 tunnel=wg-b status=init
time=2026-10-07T00:13:42.028Z level=INFO msg="class moved" node=pop-miami class=voice dst=192.168.10.0/24 from=carrier-a to=carrier-b why=bfd
time=2026-10-07T00:13:42.028Z level=INFO msg="class moved" node=pop-miami class=business dst=192.168.10.0/24 from=carrier-a to=carrier-b why=bfd
time=2026-10-07T00:13:42.028Z level=INFO msg="class moved" node=pop-miami class=bulk dst=192.168.10.0/24 from=carrier-a to=carrier-b why=bfd
time=2026-10-07T00:13:43.276Z level=INFO msg="bfd change" node=pop-miami peer=100.64.2.11 tunnel=wg-b status=up
time=2026-10-07T00:13:43.859Z level=INFO msg="new steering map" node=pop-miami version=1012 storm=false
time=2026-10-07T00:13:52.508Z level=INFO msg="bfd change" node=pop-miami peer=100.64.1.12 tunnel=wg-a status=init
time=2026-10-07T00:13:52.750Z level=INFO msg="bfd change" node=pop-miami peer=100.64.1.12 tunnel=wg-a status=up
-- agent log site-a
time=2026-10-07T00:13:11.230Z level=INFO msg="internet exit changed" node=site-a from=wg-b to=wg-a
time=2026-10-07T00:13:11.363Z level=INFO msg="bfd change" node=site-a peer=100.64.2.1 tunnel=wg-b status=up
time=2026-10-07T00:13:11.378Z level=INFO msg="class moved" node=site-a class=voice dst="" from=carrier-a to=carrier-b why=bfd
time=2026-10-07T00:13:11.378Z level=INFO msg="class moved" node=site-a class=business dst="" from=carrier-a to=carrier-b why=bfd
time=2026-10-07T00:13:11.378Z level=INFO msg="class moved" node=site-a class=bulk dst="" from=carrier-a to=carrier-b why=bfd
time=2026-10-07T00:13:15.018Z level=INFO msg="bfd change" node=site-a peer=100.64.2.1 tunnel=wg-b status=init
time=2026-10-07T00:13:16.605Z level=INFO msg="bfd change" node=site-a peer=100.64.2.1 tunnel=wg-b status=up
time=2026-10-07T00:13:27.590Z level=INFO msg="bfd change" node=site-a peer=100.64.1.1 tunnel=wg-a status=down
time=2026-10-07T00:13:27.617Z level=INFO msg="internet exit changed" node=site-a from=wg-a to=wg-b
time=2026-10-07T00:13:28.705Z level=INFO msg="bfd change" node=site-a peer=100.64.1.1 tunnel=wg-a status=up
time=2026-10-07T00:13:28.714Z level=INFO msg="internet exit changed" node=site-a from=wg-b to=wg-a
time=2026-10-07T00:13:30.875Z level=INFO msg="bfd change" node=site-a peer=100.64.2.1 tunnel=wg-b status=down
time=2026-10-07T00:13:30.878Z level=INFO msg="class moved" node=site-a class=voice dst="" from=carrier-b to=carrier-a why=bfd
time=2026-10-07T00:13:30.879Z level=INFO msg="class moved" node=site-a class=business dst="" from=carrier-b to=carrier-a why=bfd
time=2026-10-07T00:13:30.879Z level=INFO msg="class moved" node=site-a class=bulk dst="" from=carrier-b to=carrier-a why=bfd
time=2026-10-07T00:13:31.281Z level=INFO msg="bfd change" node=site-a peer=100.64.2.1 tunnel=wg-b status=init
time=2026-10-07T00:13:31.302Z level=INFO msg="class moved" node=site-a class=voice dst="" from=carrier-a to=carrier-b why=bfd
time=2026-10-07T00:13:31.304Z level=INFO msg="class moved" node=site-a class=business dst="" from=carrier-a to=carrier-b why=bfd
time=2026-10-07T00:13:31.304Z level=INFO msg="class moved" node=site-a class=bulk dst="" from=carrier-a to=carrier-b why=bfd
time=2026-10-07T00:13:32.668Z level=INFO msg="bfd change" node=site-a peer=100.64.2.1 tunnel=wg-b status=up
time=2026-10-07T00:13:37.407Z level=INFO msg="bfd change" node=site-a peer=100.64.2.1 tunnel=wg-b status=init
time=2026-10-07T00:13:38.552Z level=INFO msg="bfd change" node=site-a peer=100.64.2.1 tunnel=wg-b status=up
time=2026-10-07T00:13:41.974Z level=INFO msg="bfd change" node=site-a peer=100.64.2.1 tunnel=wg-b status=init
time=2026-10-07T00:13:42.502Z level=INFO msg="bfd change" node=site-a peer=100.64.2.1 tunnel=wg-b status=up
time=2026-10-07T00:13:48.396Z level=INFO msg="new steering map" node=site-a version=746 storm=false
-- agent log site-b
time=2026-10-07T00:12:58.736Z level=INFO msg="internet exit changed" node=site-b from=wg-sat to=wg-a
time=2026-10-07T00:13:21.246Z level=INFO msg="bfd change" node=site-b peer=100.64.1.1 tunnel=wg-a status=down
time=2026-10-07T00:13:21.247Z level=INFO msg="bfd change" node=site-b peer=100.64.2.1 tunnel=wg-b status=down
time=2026-10-07T00:13:21.260Z level=INFO msg="class moved" node=site-b class=voice dst="" from=carrier-a to=bgp why=bfd
time=2026-10-07T00:13:21.260Z level=INFO msg="class moved" node=site-b class=business dst="" from=carrier-a to=bgp why=bfd
time=2026-10-07T00:13:21.260Z level=INFO msg="class moved" node=site-b class=bulk dst="" from=carrier-a to=paused why=bfd
time=2026-10-07T00:13:21.270Z level=INFO msg="internet exit changed" node=site-b from=wg-a to=wg-sat
time=2026-10-07T00:13:22.603Z level=INFO msg="bfd change" node=site-b peer=100.64.1.1 tunnel=wg-a status=up
time=2026-10-07T00:13:22.603Z level=INFO msg="bfd change" node=site-b peer=100.64.2.1 tunnel=wg-b status=up
time=2026-10-07T00:13:22.614Z level=INFO msg="class moved" node=site-b class=voice dst="" from=bgp to=carrier-a why=bfd
time=2026-10-07T00:13:22.615Z level=INFO msg="class moved" node=site-b class=business dst="" from=bgp to=carrier-a why=bfd
time=2026-10-07T00:13:22.615Z level=INFO msg="class moved" node=site-b class=bulk dst="" from=paused to=carrier-a why=bfd
time=2026-10-07T00:13:22.754Z level=INFO msg="internet exit changed" node=site-b from=wg-sat to=wg-a
time=2026-10-07T00:13:27.326Z level=INFO msg="bfd change" node=site-b peer=100.64.2.1 tunnel=wg-b status=init
time=2026-10-07T00:13:29.103Z level=INFO msg="bfd change" node=site-b peer=100.64.2.1 tunnel=wg-b status=up
time=2026-10-07T00:13:37.113Z level=INFO msg="bfd change" node=site-b peer=100.64.1.1 tunnel=wg-a status=init
time=2026-10-07T00:13:37.113Z level=INFO msg="bfd change" node=site-b peer=100.64.2.1 tunnel=wg-b status=init
time=2026-10-07T00:13:37.406Z level=INFO msg="bfd change" node=site-b peer=100.64.1.1 tunnel=wg-a status=up
time=2026-10-07T00:13:37.407Z level=INFO msg="bfd change" node=site-b peer=100.64.2.1 tunnel=wg-b status=up
time=2026-10-07T00:13:41.639Z level=INFO msg="bfd change" node=site-b peer=100.64.1.1 tunnel=wg-a status=init
time=2026-10-07T00:13:42.060Z level=INFO msg="bfd change" node=site-b peer=100.64.1.1 tunnel=wg-a status=up
time=2026-10-07T00:13:43.877Z level=INFO msg="new steering map" node=site-b version=532 storm=false
time=2026-10-07T00:13:52.630Z level=INFO msg="bfd change" node=site-b peer=100.64.1.1 tunnel=wg-a status=init
time=2026-10-07T00:13:52.910Z level=INFO msg="bfd change" node=site-b peer=100.64.1.1 tunnel=wg-a status=up
time=2026-10-07T00:13:59.044Z level=INFO msg="new steering map" node=site-b version=533 storm=false
-- controller log
controller-1  | INFO:     172.18.0.1:58248 - "POST /api/v1/auth/login HTTP/1.1" 200 OK
controller-1  | INFO:     127.0.0.1:58916 - "GET /healthz HTTP/1.1" 200 OK
controller-1  | INFO:     172.18.0.1:58264 - "POST /api/v1/customers/4d26813b-aaa6-4be7-9b73-1730be959882/applications/detect HTTP/1.1" 200 OK
controller-1  | INFO:     172.18.0.1:58276 - "POST /api/v1/auth/login HTTP/1.1" 200 OK
controller-1  | INFO:     172.18.0.1:60024 - "GET /api/v1/customers/4d26813b-aaa6-4be7-9b73-1730be959882/applications HTTP/1.1" 200 OK
controller-1  | INFO:     172.18.0.4:37680 - "GET /api/v1/agent/steering?have=531 HTTP/1.0" 204 No Content
controller-1  | INFO:     172.18.0.1:60038 - "POST /api/v1/auth/login HTTP/1.1" 200 OK
controller-1  | INFO:     172.18.0.4:37698 - "GET /api/v1/agent/desired-state?have=214 HTTP/1.0" 204 No Content
controller-1  | INFO:     172.18.0.1:60046 - "POST /api/v1/customers/4d26813b-aaa6-4be7-9b73-1730be959882/applications/detect HTTP/1.1" 200 OK
controller-1  | INFO:     172.18.0.4:37688 - "POST /api/v1/agent/telemetry HTTP/1.0" 204 No Content
controller-1  | INFO:     127.0.0.1:51382 - "GET /healthz HTTP/1.1" 200 OK
controller-1  | INFO:     172.18.0.4:37708 - "POST /api/v1/agent/telemetry HTTP/1.0" 204 No Content
controller-1  | INFO:     172.18.0.4:37710 - "GET /api/v1/agent/steering?have=1011 HTTP/1.0" 204 No Content
controller-1  | INFO:     172.18.0.1:60050 - "POST /api/v1/auth/login HTTP/1.1" 200 OK
controller-1  | INFO:     172.18.0.4:37716 - "GET /api/v1/agent/desired-state?have=90 HTTP/1.0" 204 No Content
controller-1  | INFO:     172.18.0.4:37724 - "GET /api/v1/agent/steering?have=745 HTTP/1.0" 204 No Content
controller-1  | INFO:     172.18.0.1:60056 - "GET /api/v1/customers/4d26813b-aaa6-4be7-9b73-1730be959882/applications HTTP/1.1" 200 OK
controller-1  | INFO:     172.18.0.4:37730 - "GET /api/v1/agent/steering?have=745 HTTP/1.0" 204 No Content
controller-1  | INFO:     172.18.0.4:37732 - "POST /api/v1/agent/telemetry HTTP/1.0" 204 No Content
controller-1  | INFO:     172.18.0.4:37742 - "GET /api/v1/agent/steering?have=531 HTTP/1.0" 204 No Content
controller-1  | INFO:     172.18.0.4:37756 - "GET /api/v1/agent/steering?have=1011 HTTP/1.0" 204 No Content
controller-1  | INFO:     127.0.0.1:37514 - "GET /healthz HTTP/1.1" 200 OK
controller-1  | INFO:     172.18.0.4:43000 - "GET /api/v1/agent/steering?have=745 HTTP/1.0" 204 No Content
controller-1  | INFO:     172.18.0.4:43012 - "GET /api/v1/agent/desired-state?have=90 HTTP/1.0" 204 No Content
controller-1  | INFO:     172.18.0.4:43022 - "POST /api/v1/agent/telemetry HTTP/1.0" 204 No Content
controller-1  | INFO:     172.18.0.4:43038 - "GET /api/v1/agent/steering?have=531 HTTP/1.0" 204 No Content
controller-1  | INFO:     172.18.0.4:43040 - "GET /api/v1/agent/desired-state?have=281 HTTP/1.0" 204 No Content
controller-1  | INFO:     172.18.0.4:43060 - "GET /api/v1/agent/steering?have=745 HTTP/1.0" 204 No Content
controller-1  | INFO:     172.18.0.4:43064 - "GET /api/v1/agent/steering?have=1011 HTTP/1.0" 204 No Content
controller-1  | INFO:     172.18.0.1:53040 - "POST /api/v1/auth/login HTTP/1.1" 200 OK
controller-1  | INFO:     172.18.0.1:53054 - "POST /api/v1/customers/4d26813b-aaa6-4be7-9b73-1730be959882/rules HTTP/1.1" 201 Created
controller-1  | INFO:     172.18.0.4:43076 - "GET /api/v1/agent/steering?have=531 HTTP/1.0" 200 OK
controller-1  | INFO:     172.18.0.4:43086 - "GET /api/v1/agent/steering?have=1011 HTTP/1.0" 200 OK
controller-1  | INFO:     127.0.0.1:55602 - "GET /healthz HTTP/1.1" 200 OK
controller-1  | INFO:     172.18.0.4:54564 - "GET /api/v1/agent/desired-state?have=214 HTTP/1.0" 204 No Content
controller-1  | INFO:     172.18.0.4:54574 - "GET /api/v1/agent/steering?have=745 HTTP/1.0" 200 OK
controller-1  | INFO:     172.18.0.4:54576 - "POST /api/v1/agent/telemetry HTTP/1.0" 204 No Content
controller-1  | INFO:     172.18.0.4:54580 - "GET /api/v1/agent/desired-state?have=90 HTTP/1.0" 204 No Content
controller-1  | INFO:     172.18.0.4:54594 - "GET /api/v1/agent/steering?have=532 HTTP/1.0" 204 No Content
controller-1  | INFO:     172.18.0.4:54604 - "GET /api/v1/agent/desired-state?have=281 HTTP/1.0" 204 No Content
controller-1  | INFO:     172.18.0.4:54618 - "GET /api/v1/agent/steering?have=1012 HTTP/1.0" 204 No Content
controller-1  | INFO:     172.18.0.4:54620 - "POST /api/v1/agent/telemetry HTTP/1.0" 204 No Content
controller-1  | INFO:     172.18.0.4:54628 - "GET /api/v1/agent/steering?have=746 HTTP/1.0" 204 No Content
controller-1  | INFO:     127.0.0.1:55616 - "GET /healthz HTTP/1.1" 200 OK
controller-1  | INFO:     172.18.0.4:54642 - "GET /api/v1/agent/steering?have=1012 HTTP/1.0" 204 No Content
controller-1  | INFO:     172.18.0.4:54650 - "GET /api/v1/agent/steering?have=532 HTTP/1.0" 204 No Content
controller-1  | INFO:     172.18.0.5:33198 - "GET /api/v1/customers/mine HTTP/1.1" 200 OK
controller-1  | INFO:     172.18.0.1:55660 - "POST /api/v1/auth/login HTTP/1.1" 200 OK
controller-1  | INFO:     172.18.0.5:33190 - "GET /api/v1/commai/customers/4d26813b-aaa6-4be7-9b73-1730be959882/integrations HTTP/1.1" 200 OK
controller-1  | INFO:     172.18.0.1:55674 - "DELETE /api/v1/customers/4d26813b-aaa6-4be7-9b73-1730be959882/rules/74 HTTP/1.1" 204 No Content
controller-1  | INFO:     172.18.0.4:54244 - "GET /api/v1/agent/desired-state?have=214 HTTP/1.0" 204 No Content
controller-1  | INFO:     172.18.0.4:54252 - "GET /api/v1/agent/desired-state?have=90 HTTP/1.0" 204 No Content
controller-1  | INFO:     172.18.0.4:54246 - "GET /api/v1/agent/desired-state?have=281 HTTP/1.0" 204 No Content
controller-1  | INFO:     172.18.0.4:54268 - "POST /api/v1/agent/telemetry HTTP/1.0" 204 No Content
controller-1  | INFO:     172.18.0.4:54270 - "GET /api/v1/agent/steering?have=532 HTTP/1.0" 200 OK
controller-1  | INFO:     172.18.0.4:54282 - "GET /api/v1/agent/steering?have=1012 HTTP/1.0" 200 OK
controller-1  | INFO:     172.18.0.4:54298 - "GET /api/v1/agent/steering?have=746 HTTP/1.0" 200 OK
controller-1  | INFO:     172.18.0.4:54314 - "POST /api/v1/agent/telemetry HTTP/1.0" 204 No Content
controller-1  | INFO:     172.18.0.4:54310 - "POST /api/v1/agent/telemetry HTTP/1.0" 204 No Content
controller-1  | INFO:     127.0.0.1:46782 - "GET /healthz HTTP/1.1" 200 OK
-- controller containers
exaconnect-controller-1 Up 19 minutes (healthy)
exaconnect-db-1 Up 5 days (healthy)
exaconnect-proxy-1 Up 18 minutes
exaconnect-web-1 Up 55 minutes
/exaconnect-controller-1 restarts 0, started 2026-10-06T23:55:02.81735433Z, OOM killed false
/exaconnect-db-1 restarts 0, started 2026-10-01T05:06:52.589123103Z, OOM killed false
/exaconnect-proxy-1 restarts 0, started 2026-10-06T23:55:23.396223838Z, OOM killed false
/exaconnect-web-1 restarts 0, started 2026-10-06T23:18:33.749113265Z, OOM killed false
-- host
 02:14:09 up 5 days, 22:38,  0 user,  load average: 7.98, 9.39, 10.64
               total        used        free      shared  buff/cache   available
Mem:            7941        2055        4686         254        1760        5885
Swap:              0           0           0
procs -----------memory---------- ---swap-- -----io---- -system-- -------cpu-------
 r  b   swpd   free   buff  cache   si   so    bi    bo   in   cs us sy id wa st gu
12  0      0 4799236  14772 1788168    0    0    49   243 4998   20  7 21 72  0  0  0
18  0      0 4805804  14772 1788260    0    0     0     8 1168 2361  8 22 68  2  0  0
16  0      0 4823212  14780 1788268    0    0     0   480 2122 4514 18 50 29  3  0  0
make: *** [Makefile:102: lab-ci] Error 1
