commit a14f9fa: Lab: isolate whether the agents or the controller cause latency spikes

== Lab already up; rebuilding the agent (00:53:19)

== Controller (00:53:52)
.env ready (admin: admin@exacarib.local)
time="2026-10-04T02:53:53+02:00" level=warning msg="Docker Compose is configured to build using Bake, but buildx isn't installed"
#0 building with "default" instance using docker driver

#1 [controller internal] load build definition from Dockerfile
#1 transferring dockerfile: 559B done
#1 DONE 0.0s

#2 [controller internal] load metadata for docker.io/library/python:3.12-slim
#2 DONE 0.2s

#3 [controller internal] load .dockerignore
#3 transferring context: 2B done
#3 DONE 0.0s

#4 [controller internal] load build context
#4 DONE 0.0s

#5 [controller 1/5] FROM docker.io/library/python:3.12-slim@sha256:dddfd7e07f9d15aeeca61529320492139d21cac7f0070c00609243e51e4e0016
#5 resolve docker.io/library/python:3.12-slim@sha256:dddfd7e07f9d15aeeca61529320492139d21cac7f0070c00609243e51e4e0016 0.1s done
#5 DONE 0.1s

#4 [controller internal] load build context
#4 transferring context: 3.21kB 0.1s done
#4 DONE 0.1s

#6 [controller 2/5] WORKDIR /app
#6 CACHED

#7 [controller 3/5] COPY pyproject.toml ./
#7 CACHED

#8 [controller 4/5] COPY exaconnect_controller ./exaconnect_controller
#8 CACHED

#9 [controller 5/5] RUN pip install --no-cache-dir . && mkdir -p /data && chown nobody:nogroup /data
#9 CACHED

#10 [controller] exporting to image
#10 exporting layers 0.0s done
#10 exporting manifest sha256:a75b141f77d746647eba5b49d73a9053d97e6bf67872954719235559ec84fd7c done
#10 exporting config sha256:f925ee3666a84a5bc70f9b019df679405896aac2d5513879fb1cccab43457d3b done
#10 exporting attestation manifest sha256:6af54984a49c97075153657619794a55449cc3e00699cd8b2ce7f7f6d16c7df5 0.1s done
#10 exporting manifest list sha256:8c3264ee9b03e78f15cc28462f297632347d8fb24383392284fe742be6168952
#10 exporting manifest list sha256:8c3264ee9b03e78f15cc28462f297632347d8fb24383392284fe742be6168952 0.0s done
#10 naming to docker.io/library/exaconnect-controller:latest done
#10 unpacking to docker.io/library/exaconnect-controller:latest 0.0s done
#10 DONE 0.2s

#11 [controller] resolving provenance for metadata file
#11 DONE 0.0s
 controller  Built
time="2026-10-04T02:53:55+02:00" level=warning msg="Found orphan containers ([exaconnect-web-1]) for this project. If you removed or renamed this service in your compose file, you can run this command with the --remove-orphans flag to clean it up."
 Container exaconnect-db-1  Running
 Container exaconnect-controller-1  Recreate
 Container exaconnect-controller-1  Recreated
 Container exaconnect-proxy-1  Running
 Container exaconnect-db-1  Waiting
 Container exaconnect-db-1  Healthy
 Container exaconnect-controller-1  Starting
 Container exaconnect-controller-1  Started
 Container exaconnect-controller-1  Waiting
 Container exaconnect-controller-1  Healthy
 Container exaconnect-db-1  Waiting
 Container exaconnect-controller-1  Waiting
 Container exaconnect-proxy-1  Waiting
 Container exaconnect-proxy-1  Healthy
 Container exaconnect-db-1  Healthy
 Container exaconnect-controller-1  Healthy
time="2026-10-04T02:54:05+02:00" level=warning msg="Found orphan containers ([exaconnect-web-1]) for this project. If you removed or renamed this service in your compose file, you can run this command with the --remove-orphans flag to clean it up."
 Container exaconnect-proxy-1  Recreate
 Container exaconnect-proxy-1  Recreated
 Container exaconnect-proxy-1  Starting
 Container exaconnect-proxy-1  Started
 Container exaconnect-proxy-1  Waiting
 Container exaconnect-proxy-1  Healthy

== Agents (00:54:08)
pop-miami: agent stopped
site-a: agent stopped
site-b: agent stopped
pop-miami: agent started
site-a: agent started
site-b: agent started

== Public portal (00:54:14)
time="2026-10-04T02:54:14+02:00" level=warning msg="Docker Compose is configured to build using Bake, but buildx isn't installed"
#0 building with "default" instance using docker driver

#1 [controller internal] load build definition from Dockerfile
#1 transferring dockerfile: 559B done
#1 DONE 0.0s

#2 [controller internal] load metadata for docker.io/library/python:3.12-slim
#2 DONE 0.1s

#3 [controller internal] load .dockerignore
#3 transferring context: 2B done
#3 DONE 0.0s

#4 [controller internal] load build context
#4 DONE 0.0s

#5 [controller 1/5] FROM docker.io/library/python:3.12-slim@sha256:dddfd7e07f9d15aeeca61529320492139d21cac7f0070c00609243e51e4e0016
#5 resolve docker.io/library/python:3.12-slim@sha256:dddfd7e07f9d15aeeca61529320492139d21cac7f0070c00609243e51e4e0016 0.1s done
#5 DONE 0.1s

#4 [controller internal] load build context
#4 transferring context: 3.21kB done
#4 DONE 0.0s

#6 [controller 2/5] WORKDIR /app
#6 CACHED

#7 [controller 3/5] COPY pyproject.toml ./
#7 CACHED

#8 [controller 4/5] COPY exaconnect_controller ./exaconnect_controller
#8 CACHED

#9 [controller 5/5] RUN pip install --no-cache-dir . && mkdir -p /data && chown nobody:nogroup /data
#9 CACHED

#10 [controller] exporting to image
#10 exporting layers done
#10 exporting manifest sha256:a75b141f77d746647eba5b49d73a9053d97e6bf67872954719235559ec84fd7c done
#10 exporting config sha256:f925ee3666a84a5bc70f9b019df679405896aac2d5513879fb1cccab43457d3b done
#10 exporting attestation manifest sha256:9c78b5284ced9304d2d5ea42983a0a1a01b9dff4f3803a7f7baea27391731a39 0.1s done
#10 exporting manifest list sha256:4618c56d460e402a392d24dd9f8edcd10baa2a800d30d74e052605d56c5aa7b0
#10 exporting manifest list sha256:4618c56d460e402a392d24dd9f8edcd10baa2a800d30d74e052605d56c5aa7b0 0.0s done
#10 naming to docker.io/library/exaconnect-controller:latest done
#10 unpacking to docker.io/library/exaconnect-controller:latest 0.0s done
#10 DONE 0.3s

#11 [controller] resolving provenance for metadata file
#11 DONE 0.0s

#12 [web internal] load build definition from Dockerfile
#12 transferring dockerfile: 529B done
#12 DONE 0.1s

#13 [web internal] load metadata for docker.io/library/node:22-alpine
#13 DONE 0.4s

#14 [web internal] load metadata for docker.io/library/caddy:2-alpine
#14 DONE 0.4s

#15 [web internal] load .dockerignore
#15 transferring context: 2B done
#15 DONE 0.0s

#16 [web internal] load build context
#16 DONE 0.0s

#17 [web stage-1 1/3] FROM docker.io/library/caddy:2-alpine@sha256:881bbc60f9986d5ab8e7cfd6cf7e4ef3c9c0439fef2429d035d065577882f028
#17 resolve docker.io/library/caddy:2-alpine@sha256:881bbc60f9986d5ab8e7cfd6cf7e4ef3c9c0439fef2429d035d065577882f028
#17 resolve docker.io/library/caddy:2-alpine@sha256:881bbc60f9986d5ab8e7cfd6cf7e4ef3c9c0439fef2429d035d065577882f028 0.2s done
#17 DONE 0.2s

#18 [web portal 1/6] FROM docker.io/library/node:22-alpine@sha256:0a7108bf6c7bf5de370ffb1a3ed6be93d405b43ff159f681a8d18c0e2bc2e402
#18 resolve docker.io/library/node:22-alpine@sha256:0a7108bf6c7bf5de370ffb1a3ed6be93d405b43ff159f681a8d18c0e2bc2e402 0.2s done
#18 DONE 0.2s

#16 [web internal] load build context
#16 transferring context: 97.45kB 0.1s done
#16 DONE 0.2s

#19 [web portal 2/6] WORKDIR /src/portal
#19 CACHED

#20 [web portal 5/6] COPY portal/ ./
#20 CACHED

#21 [web portal 6/6] RUN npm run build
#21 CACHED

#22 [web stage-1 2/3] COPY deploy/public/Caddyfile /etc/caddy/Caddyfile
#22 CACHED

#23 [web portal 3/6] COPY portal/package.json portal/package-lock.json ./
#23 CACHED

#24 [web portal 4/6] RUN npm ci --no-audit --no-fund
#24 CACHED

#25 [web stage-1 3/3] COPY --from=portal /src/portal/dist /srv/portal
#25 CACHED

#26 [web] exporting to image
#26 exporting layers 0.0s done
#26 exporting manifest sha256:39f643100491909d6b36c2cc901e6be54345e024a617ae855015c393b21bca38 done
#26 exporting config sha256:17c84f3a37b5bffc64ffccd74a6fb132a6bd6f81a4be050313b119f68e9e18c8 done
#26 exporting attestation manifest sha256:9ec54075897dc1b677ca7e0a3ff66301f531659df6fcd87f13fbcd2597aaa793
#26 exporting attestation manifest sha256:9ec54075897dc1b677ca7e0a3ff66301f531659df6fcd87f13fbcd2597aaa793 0.1s done
#26 exporting manifest list sha256:8a8da30f6cfecaf916320c19dc2c4611423e73cfc69d30cf9c5c084c5c58b270 0.1s done
#26 naming to docker.io/library/exaconnect-web:latest
#26 naming to docker.io/library/exaconnect-web:latest 0.0s done
#26 unpacking to docker.io/library/exaconnect-web:latest 0.1s done
#26 DONE 0.5s

#27 [web] resolving provenance for metadata file
#27 DONE 0.0s
 controller  Built
 web  Built
 Container exaconnect-db-1  Running
 Container exaconnect-controller-1  Recreate
 Container exaconnect-controller-1  Recreated
 Container exaconnect-web-1  Recreate
 Container exaconnect-web-1  Recreated
 Container exaconnect-db-1  Waiting
 Container exaconnect-db-1  Healthy
 Container exaconnect-controller-1  Starting
 Container exaconnect-controller-1  Started
 Container exaconnect-controller-1  Waiting
 Container exaconnect-controller-1  Healthy
 Container exaconnect-web-1  Starting
 Container exaconnect-web-1  Started
 Container exaconnect-db-1  Waiting
 Container exaconnect-controller-1  Waiting
 Container exaconnect-web-1  Waiting
 Container exaconnect-web-1  Healthy
 Container exaconnect-controller-1  Healthy
 Container exaconnect-db-1  Healthy

== Waiting for tunnels, BGP and BFD (00:54:30)

== Checks (00:54:35)
-- lab/scripts/check-routing.sh
ok    site-a wg-a handshake 23s ago
ok    site-a wg-b handshake 22s ago
ok    site-a wg-sat handshake 23s ago
ok    site-b wg-a handshake 22s ago
ok    site-b wg-b handshake 22s ago
ok    site-b wg-sat handshake 22s ago
ok    pop-miami BGP 6/6 established
ok    pop-miami BFD 6/6 up
ok    site-a BGP 3/3 established
ok    site-a BFD 3/3 up
ok    site-b BGP 3/3 established
ok    site-b BFD 3/3 up
ok    lan-a -> lan-b (site-a to site-b via the PoP)
ok    lan-b -> lan-a
ok    lan-a -> lan-pop

  traceroute to 192.168.20.10 (192.168.20.10), 30 hops max, 46 byte packets
   1  192.168.10.1  0.011 ms
   2  100.64.1.1  27.721 ms
   3  100.64.1.12  68.802 ms
   4  192.168.20.10  93.605 ms
-- lab/ci/checks/m0-timing.sh
-- host timing
      clocksource kvm-clock, available: kvm-clock hpet acpi_pm 
      kernel 6.8.0-139-generic, timers: hres_active    : 1, resolution: 1 nsecs
      HZ 1000, 4 CPUs, load 6.76 7.43 7.15
      netem on carrier-a: qdisc netem 8040: root refcnt 5 limit 10000 delay 12.5ms  1ms seed 2563082753635852984
      cpuidle driver none, governor menu
      (netem asks for 25 ms on A and 35 ms on B round trip, with 2 and 4 ms jitter; min/avg/max/mdev)
      site-a to lan-a (no netem):              0.045/0.118/1.726/0.217 ms
      site-a to carrier-a router (one netem):  10.799/13.185/18.785/1.528 ms
      site-a to PoP underlay via carrier A:    22.600/26.786/62.711/4.202 ms
      site-a to PoP through wg-a:              22.922/35.046/69.694/9.796 ms, pipe 2
      site-a to PoP underlay via carrier B:    30.780/37.723/60.834/4.867 ms
      site-a to PoP underlay via carrier A:    21.565/30.274/106.518/12.823 ms, pipe 2   (as is)
      site-a to PoP underlay via carrier A:    22.054/29.876/145.741/16.714 ms, pipe 2   (agents frozen)
      site-a to PoP underlay via carrier A:    21.823/29.958/93.316/10.895 ms, pipe 2   (controller paused)
      site-a to PoP underlay via carrier A:    21.810/28.343/94.113/8.194 ms, pipe 2   (as is)
-- busiest containers
      43.54% clab-exaconnect-pop-miami
      40.58% clab-exaconnect-site-b
      34.46% clab-exaconnect-site-a
      25.12% clab-exaconnect-lan-a
      13.53% exaconnect-db-1
      4.45% clab-exaconnect-lan-b
      3.75% exaconnect-proxy-1
      3.13% clab-exaconnect-ix
-- busiest processes
       300 ps
       9.0 exa-agent
       7.1 exa-agent
       7.0 bash
       6.7 exa-agent
       6.1 uvicorn
       3.5 bfdd
       3.3 rcu_preempt
-- lab/ci/checks/m4-steering.sh
-- steering applied
ok    pop-miami nftables classifier
ok    pop-miami 6 steering rules
ok    site-a nftables classifier
ok    site-a 3 steering rules
ok    site-b nftables classifier
ok    site-b 3 steering rules
      voice state at start: site-a carrier-b since 2026-10-04 00:47:25.954552+00 return carrier-a 2026-10-04 00:50:40.244767+00; site-b carrier-a since 2026-10-04 00:54:24.684798+00 return - -
      probe jitter, last 3 min, carrier-a avg 15.3 p95 36.8, carrier-b avg 18.3 p95 43.7, sat avg 28.8 p95 51.9
      host load 6.28 7.15 7.07 on 4 CPUs, CPU steal 0.0% over 5 s
ok    site-a voice on wg-a at start
      maps: pop-miami v285, site-a v228, site-b v146
-- brownout: carrier A loss 0 -> 3% over 180 s (demo step 2)
ok    voice moved 130 s into the ramp
      Moved voice from Carrier A to Carrier B: loss on Carrier A rising 0.9% a minute, forecast 1.5% in 60 s against a 1% SLA.
ok    moved before the 1% SLA was breached (measured 0.84%)
ok    site-a kernel sends voice on wg-b
ok    bulk stayed on carrier A (3% is under its 5% threshold)
-- hard cut of carrier B while voice is on it (demo step 3)
      voice probe stream: 1438 of 1500 received at 50 packets/s
ok    voice lost 1240 ms of packets (< 3 s)
ok    agent failover on BFD after 1 s
ok    voice on wg-a after the cut
-- recovery: restore B, classes move back only after the hold time (demo step 4)
ok    no moves in the first minute after recovery
      moves since the brownout began: 8
      00:57:59 site-a voice move: Moved voice from Carrier A to Carrier B: loss on Carrier A rising 0.9% a minute, forecast 1.5% in 60 s against a 1% SLA.
      00:58:10 site-b voice move: Moved voice from Carrier A to Carrier B: loss on Carrier A rising 1.1% a minute, forecast 1.4% in 60 s against a 1% SLA.
      01:00:01 site-a business move: Moved business from Carrier A to Carrier B: loss on Carrier A rising 1.1% a minute, forecast 2.8% in 60 s against a 2% SLA.
      01:00:12 site-b business move: Moved business from Carrier A to Carrier B: loss on Carrier A rising 0.9% a minute, forecast 2.4% in 60 s against a 2% SLA.
      01:00:42 site-a business failover: Moved business from Carrier B to Carrier A: Carrier B is down (BFD reports it down).
      01:00:42 site-b business failover: Moved business from Carrier B to Carrier A: Carrier B is down (BFD reports it down).
      01:00:42 site-b voice failover: Moved voice from Carrier B to Carrier A: Carrier B is down (BFD reports it down).
      01:00:42 site-a voice failover: Moved voice from Carrier B to Carrier A: Carrier B is down (BFD reports it down).
      01:01:02 site-b voice hold: Kept voice on Carrier A: loss on Carrier A is 1.7% against a 1% SLA, but it moved here 20 s ago (hold time 120 s).
      01:01:02 site-a voice hold: Kept voice on Carrier A: loss on Carrier A is 1.7% against a 1% SLA, but it moved here 20 s ago (hold time 120 s).
      01:01:13 site-a voice hold: Kept voice on Carrier A: loss on Carrier A is 1.6% against a 1% SLA, but it moved here 30 s ago (hold time 120 s).
      01:01:13 site-b voice hold: Kept voice on Carrier A: loss on Carrier A is 1.6% against a 1% SLA, but it moved here 30 s ago (hold time 120 s).
      01:01:23 site-a voice hold: Kept voice on Carrier A: loss on Carrier A is 1.4% against a 1% SLA, but it moved here 40 s ago (hold time 120 s).
      01:01:23 site-b voice hold: Kept voice on Carrier A: loss on Carrier A is 1.5% against a 1% SLA, but it moved here 40 s ago (hold time 120 s).
      01:01:33 site-b voice hold: Kept voice on Carrier A: loss on Carrier A is 1.4% against a 1% SLA, but it moved here 50 s ago (hold time 120 s).
      01:01:33 site-a voice hold: Kept voice on Carrier A: loss on Carrier A is 1.4% against a 1% SLA, but it moved here 50 s ago (hold time 120 s).
      01:01:43 site-a voice hold: Kept voice on Carrier A: loss on Carrier A is 1.3% against a 1% SLA, but it moved here 60 s ago (hold time 120 s).
      01:01:43 site-b voice hold: Kept voice on Carrier A: loss on Carrier A is 1.3% against a 1% SLA, but it moved here 60 s ago (hold time 120 s).
      01:01:53 site-b voice hold: Kept voice on Carrier A: loss on Carrier A is 1.3% against a 1% SLA, but it moved here 71 s ago (hold time 120 s).
      01:01:53 site-a voice hold: Kept voice on Carrier A: loss on Carrier A is 1.2% against a 1% SLA, but it moved here 71 s ago (hold time 120 s).
      01:02:03 site-b voice hold: Kept voice on Carrier A: loss on Carrier A is 1.2% against a 1% SLA, but it moved here 81 s ago (hold time 120 s).
      01:02:03 site-a voice hold: Kept voice on Carrier A: loss on Carrier A is 1.1% against a 1% SLA, but it moved here 81 s ago (hold time 120 s).
-- lab/ci/checks/m5-storm.sh
-- Storm Mode on at site-a only
ok    Storm Mode switched on for site-a through the API
ok    site-a agent has the Storm Mode steering map
ok    site-b is not in Storm Mode
ok    satellite warm: 50 probes per 10 s
ok    satellite BGP established
-- both terrestrial links cut
ok    voice continues on satellite
ok    business continues on satellite
ok    bulk paused (blackhole rule)
ok    voice stream lost 1360 ms across the double cut
-- restore and switch Storm Mode off
ok    Storm Mode switched off
ok    voice and business back on terrestrial paths, bulk resumed
      Storm Mode last switched by user:admin@exacarib.local
      01:03:32 storm_off
      01:02:10 storm_on
-- lab/ci/checks/m6-metering.sh
-- traffic: 20 Mbit/s bulk (CS1, TCP) from lan-a to lan-b for 11 minutes
      bulk leaves site-a on wg-a
ok    5-minute samples with traffic for site-a
      iperf: [  5] 411.01-412.00 sec  1.38 MBytes  11.6 Mbits/sec    0    124 KBytes        [  5] 412.00-413.00 sec  2.75 MBytes  23.0 Mbits/sec    0    134 KBytes        [  5] 413.00-414.00 sec  1.38 MBytes  11.5 Mbits/sec    0    143 KBytes        [  5] 414.00-415.00 sec  1.25 MBytes  10.5 Mbits/sec    0    15
      site-a carrier-a: samples 11, 95th in 1.447934 out 21.918501, billable 21.918501, commit 100, burst 0.000, total 400.00
ok    billable rate 21.918501 Mbps matches the ~20 Mbit/s offered
-- CSV matches the screen
ok    CSV 95th percentile 21.919 equals the screen
ok    CSV settlement total equals the screen
-- carrier view
ok    carrier user sees only Carrier A links
ok    carrier user cannot open the customer overview
-- lab/ci/checks/m7-outage.sh
-- stop the controller and the agent proxy
ok    all three agents noticed after 61 s and hold the last good state
ok    site A still reaches site B through the PoP
-- BFD failover with the controller down
ok    voice moved from wg-a to wg-b in 3.5 s, without the controller
-- start the controller again
ok    all three agents reconciled 20 s after the restart
-- lab/ci/checks/m8-ai.sh
-- hurricane watch
ok    NHC feed read from the lab host: 2 active storms
ok    example hurricane raised a warning
ok    only site-a (Kingston) is warned
      Hurricane Example (90 kt) is moving at 23 km/h on a heading of 285°. Projecting that motion forward, it passes about 92 km from site-a in about 25 h. Consider switching Storm Mode on so the satellite path is warm before the terrestrial links suffer. This is a straight-line projection; check the NHC advisory for the official forecast track.
-- disaster watch
ok    all disaster feeds read from the lab host: ptwc=2 usgs=10 events=10 failed= 
ok    example earthquake from USGS, GDACS and tsunami.gov raised one alert, for site-b only
      Magnitude 6.4 earthquake, 38 km NE of Port of Spain, Trinidad and Tobago, reported by USGS and GDACS and tsunami.gov. Latest tsunami message: Tsunami Information Statement Number 2. Sites in range: site-b 47 km (critical). Consider switching Storm Mode on for the sites marked critical, so the satellite path is warm if terrestrial links fail. Distances are straight lines from the reported location; check the source's report.
-- insights from this run
      anomaly critical: Carrier A at site-a: loss 5.39%, usually 0.00%
      anomaly critical: Carrier B at site-b: loss 9.30%, usually 0.00%
      anomaly critical: Carrier A at site-b: loss 4.96%, usually 0.00%
      anomaly critical: Carrier B at site-a: loss 9.91%, usually 0.00%
      anomaly warning: Carrier B at site-b: jitter 30.4 ms, usually 11.4 ms
      anomaly warning: Carrier B at site-b: latency 61.5 ms, usually 46.5 ms
      anomaly warning: Carrier B at site-a: jitter 26.4 ms, usually 11.3 ms
      storm_warning critical: Example data: Hurricane Example may pass 92 km from site-a in about 25 h
      hazard critical: Example data: Magnitude 6.4 earthquake, 38 km NE of Port of Spain, Trinidad and Tobago: 47 km from site-b
      storm_warning critical: Example data: Hurricane Example may pass 92 km from site-a in about 25 h
-- ask your network
ok    answered: Voice is on carrier-a at site-a now, and it last moved there from carrier-b at 01:12:09 UTC because BFD reported carrier-a had come back up.
-- lab/ci/checks/m9-fabric.sh
-- simulated cloud gateways
ok    AWS and Azure gateways configured
-- cloud circuits
ok    created circuits 13 (AWS) and 14 (Azure)
ok    both circuits up (IPsec and BGP) 20 s after they were created
      AWS: up, BGP Established, routes 10.100.0.0/16
ok    site-a learned the AWS VPC route from the PoP
ok    lan-a reaches the AWS VPC (10.100.0.1) through the PoP
ok    site-a puts traffic for AWS in business
-- cloud router
ok    AWS reaches Azure through the PoP
-- elastic bandwidth
ok    20 Mbps reached the PoP's shaper on vc13
      charges so far: [{"mbps":50,"hours":0.01},{"mbps":20,"hours":0.0}]
-- layer 2 circuit
ok    VLAN 100 at site A and VLAN 200 at site B are one segment (lan-a pings lan-b)
ok    layer 2 circuit up and monitored: round trip 82.4 ms, 0.0% loss over the last minute
-- clean up
ok    deleted circuits are torn down at the PoP
-- lab/ci/checks/m9-public-e2e.sh
-- API through https://connect.exacarib.com
ok    admin signs in at https://connect.exacarib.com
ok    every portal screen's data answers 200 through the public site
      settlement CSV: 200 text/csv; charset=utf-8
-- browser
ok    signed in through the browser
ok    Overview renders without errors
ok    Sites renders without errors
ok    Traffic: seen on your network renders without errors
ok    Traffic: rules renders without errors
ok    Traffic: classes renders without errors
ok    Decisions renders without errors
ok    Fabric renders without errors
ok    Metering renders without errors
ok    Insights renders without errors
ok    Ask your network renders without errors
ok    Carrier view renders without errors
ok    Account renders without errors
ok    Admin: agents renders without errors
ok    Admin: sites renders without errors
ok    Admin: classes renders without errors
ok    Admin: users renders without errors
ok    Admin: settings renders without errors
ok    Admin: audit renders without errors
ok    example hurricane and earthquake alerts appear on Insights
-- lab/ci/checks/m9-public.sh
ok    https://connect.exacarib.com/healthz answers on this host
ok    certificate from Let's Encrypt (issuer=C = US, O = Let's Encrypt, CN = YE1)
ok    portal served
ok    agent endpoints not served publicly
ok    API answers and needs sign-in
ok    connect.exacarib.com reachable from this host over the internet
      web container: running restarts=0
      caddy: {"level":"info","ts":1791075269.7723994,"msg":"using config from file","file":"/etc/caddy/Caddyfile"}
      caddy: {"level":"info","ts":1791075269.7724028,"msg":"adapted config to JSON","adapter":"caddyfile"}
      caddy: {"level":"warn","ts":1791076498.677004,"logger":"http.handlers.reverse_proxy","msg":"aborting with incomplete response","upstream":"controller-api:8000","duration":0.017753954,"request":{"remote_ip":"172.18.0.1","remote_port":"36942","client_ip":"172.18.0.1","proto":"HTTP/2.0","method":"GET","host":
      listening on public addresses: 22 80 443 
ok    controller, database and dev portal stay private
-- lab/ci/checks/m9-traffic.sh
-- priority queues
ok    site-a wg-a: qdisc cake 804b: root refcnt 2 bandwidth 190Mbit diffserv4 triple-isolate nonat nowash no-
ok    site-a wg-b: qdisc cake 804c: root refcnt 2 bandwidth 95Mbit diffserv4 triple-isolate nonat nowash no-a
-- application detection: Zoom-like traffic on UDP 8801 for 4 minutes
ok    site-a reported its flows to UDP 8801
ok    recognised: Zoom meetings seen at site-a: 1 flow(s) to UDP 8801, matches Zoom meetings (calls and meetings); currently unclassified. Suggest voice (real-time priority).
ok    suggests voice
ok    applied as rule 29
ok    site-a classifies UDP 8801-8810 as voice
ok    Zoom flows now report as voice
ok    site-b is unchanged (the rule is for site-a)
-- a customer rule: a subnet and port into business
ok    site-a classifies TCP 5201 to site B as business
ok    the PoP classifies the return direction

== Diagnostics (01:17:32)
pop-miami: running
site-a: running
site-b: running
-- agent log pop-miami
time=2026-10-04T01:14:58.232Z level=INFO msg="bfd change" node=pop-miami peer=100.64.1.12 tunnel=wg-a status=up
time=2026-10-04T01:14:58.232Z level=INFO msg="bfd change" node=pop-miami peer=100.64.3.11 tunnel=wg-sat status=up
time=2026-10-04T01:14:58.232Z level=INFO msg="bfd change" node=pop-miami peer=100.64.2.12 tunnel=wg-b status=up
time=2026-10-04T01:14:58.232Z level=INFO msg="bfd change" node=pop-miami peer=100.64.1.11 tunnel=wg-a status=up
time=2026-10-04T01:14:58.232Z level=INFO msg="bfd change" node=pop-miami peer=100.64.3.12 tunnel=wg-sat status=up
time=2026-10-04T01:14:58.376Z level=INFO msg="class moved" node=pop-miami class=voice dst=192.168.10.0/24 from=carrier-a to=carrier-b why=bfd
time=2026-10-04T01:14:58.376Z level=INFO msg="class moved" node=pop-miami class=business dst=192.168.10.0/24 from=carrier-a to=carrier-b why=bfd
time=2026-10-04T01:14:58.376Z level=INFO msg="class moved" node=pop-miami class=voice dst=192.168.20.0/24 from=bgp to=carrier-b why=bfd
time=2026-10-04T01:14:58.376Z level=INFO msg="class moved" node=pop-miami class=bulk dst=192.168.20.0/24 from=carrier-a to=carrier-b why=bfd
time=2026-10-04T01:16:19.867Z level=INFO msg="new steering map" node=pop-miami version=298 storm=false
time=2026-10-04T01:17:01.121Z level=INFO msg="bfd change" node=pop-miami peer=100.64.2.11 tunnel=wg-b status=down
time=2026-10-04T01:17:01.144Z level=INFO msg="class moved" node=pop-miami class=voice dst=192.168.10.0/24 from=carrier-b to=carrier-a why=bfd
time=2026-10-04T01:17:01.144Z level=INFO msg="class moved" node=pop-miami class=business dst=192.168.10.0/24 from=carrier-b to=carrier-a why=bfd
time=2026-10-04T01:17:01.144Z level=INFO msg="class moved" node=pop-miami class=bulk dst=192.168.10.0/24 from=carrier-b to=carrier-a why=bfd
time=2026-10-04T01:17:01.144Z level=INFO msg="class moved" node=pop-miami class=voice dst=192.168.20.0/24 from=carrier-b to=carrier-a why=bfd
time=2026-10-04T01:17:01.144Z level=INFO msg="class moved" node=pop-miami class=business dst=192.168.20.0/24 from=carrier-b to=carrier-a why=bfd
time=2026-10-04T01:17:01.144Z level=INFO msg="class moved" node=pop-miami class=bulk dst=192.168.20.0/24 from=carrier-b to=carrier-a why=bfd
time=2026-10-04T01:17:03.145Z level=INFO msg="bfd change" node=pop-miami peer=100.64.2.11 tunnel=wg-b status=up
time=2026-10-04T01:17:03.156Z level=INFO msg="class moved" node=pop-miami class=voice dst=192.168.10.0/24 from=carrier-a to=carrier-b why=bfd
time=2026-10-04T01:17:03.156Z level=INFO msg="class moved" node=pop-miami class=business dst=192.168.10.0/24 from=carrier-a to=carrier-b why=bfd
time=2026-10-04T01:17:03.156Z level=INFO msg="class moved" node=pop-miami class=bulk dst=192.168.10.0/24 from=carrier-a to=carrier-b why=bfd
time=2026-10-04T01:17:03.156Z level=INFO msg="class moved" node=pop-miami class=voice dst=192.168.20.0/24 from=carrier-a to=carrier-b why=bfd
time=2026-10-04T01:17:03.156Z level=INFO msg="class moved" node=pop-miami class=business dst=192.168.20.0/24 from=carrier-a to=carrier-b why=bfd
time=2026-10-04T01:17:03.156Z level=INFO msg="class moved" node=pop-miami class=bulk dst=192.168.20.0/24 from=carrier-a to=carrier-b why=bfd
time=2026-10-04T01:17:29.853Z level=INFO msg="new steering map" node=pop-miami version=300 storm=false
-- agent log site-a
time=2026-10-04T01:13:36.618Z level=INFO msg="class moved" node=site-a class=voice dst="" from=carrier-b to=bgp why=bfd
time=2026-10-04T01:13:36.618Z level=INFO msg="class moved" node=site-a class=business dst="" from=carrier-b to=bgp why=bfd
time=2026-10-04T01:13:36.618Z level=INFO msg="class moved" node=site-a class=bulk dst="" from=carrier-b to=paused why=bfd
time=2026-10-04T01:13:37.599Z level=INFO msg="bfd change" node=site-a peer=100.64.3.1 tunnel=wg-sat status=up
time=2026-10-04T01:13:37.600Z level=INFO msg="bfd change" node=site-a peer=100.64.2.1 tunnel=wg-b status=up
time=2026-10-04T01:13:37.600Z level=INFO msg="bfd change" node=site-a peer=100.64.1.1 tunnel=wg-a status=up
time=2026-10-04T01:13:37.606Z level=INFO msg="class moved" node=site-a class=voice dst="" from=bgp to=carrier-b why=bfd
time=2026-10-04T01:13:37.607Z level=INFO msg="class moved" node=site-a class=business dst="" from=bgp to=carrier-b why=bfd
time=2026-10-04T01:13:37.607Z level=INFO msg="class moved" node=site-a class=bulk dst="" from=paused to=carrier-b why=bfd
time=2026-10-04T01:14:50.060Z level=INFO msg="new steering map" node=site-a version=237 storm=false
time=2026-10-04T01:14:55.314Z level=INFO msg="new desired state" node=site-a version=51
time=2026-10-04T01:14:56.533Z level=INFO msg="bfd change" node=site-a peer=100.64.1.1 tunnel=wg-a status=down
time=2026-10-04T01:14:56.533Z level=INFO msg="bfd change" node=site-a peer=100.64.2.1 tunnel=wg-b status=down
time=2026-10-04T01:14:56.533Z level=INFO msg="bfd change" node=site-a peer=100.64.3.1 tunnel=wg-sat status=down
time=2026-10-04T01:14:56.539Z level=INFO msg="class moved" node=site-a class=voice dst="" from=carrier-b to=bgp why=bfd
time=2026-10-04T01:14:56.539Z level=INFO msg="class moved" node=site-a class=business dst="" from=carrier-b to=bgp why=bfd
time=2026-10-04T01:14:56.539Z level=INFO msg="class moved" node=site-a class=bulk dst="" from=carrier-b to=paused why=bfd
time=2026-10-04T01:14:58.428Z level=INFO msg="bfd change" node=site-a peer=100.64.1.1 tunnel=wg-a status=up
time=2026-10-04T01:14:58.428Z level=INFO msg="bfd change" node=site-a peer=100.64.2.1 tunnel=wg-b status=up
time=2026-10-04T01:14:58.428Z level=INFO msg="bfd change" node=site-a peer=100.64.3.1 tunnel=wg-sat status=up
time=2026-10-04T01:14:58.432Z level=INFO msg="class moved" node=site-a class=voice dst="" from=bgp to=carrier-b why=bfd
time=2026-10-04T01:14:58.432Z level=INFO msg="class moved" node=site-a class=business dst="" from=bgp to=carrier-b why=bfd
time=2026-10-04T01:14:58.432Z level=INFO msg="class moved" node=site-a class=bulk dst="" from=paused to=carrier-b why=bfd
time=2026-10-04T01:16:20.220Z level=INFO msg="new steering map" node=site-a version=238 storm=false
time=2026-10-04T01:17:30.052Z level=INFO msg="new steering map" node=site-a version=240 storm=false
-- agent log site-b
time=2026-10-04T01:13:36.600Z level=INFO msg="class moved" node=site-b class=business dst="" from=carrier-b to=bgp why=bfd
time=2026-10-04T01:13:36.600Z level=INFO msg="class moved" node=site-b class=bulk dst="" from=carrier-b to=paused why=bfd
time=2026-10-04T01:13:37.302Z level=INFO msg="bfd change" node=site-b peer=100.64.3.1 tunnel=wg-sat status=init
time=2026-10-04T01:13:37.302Z level=INFO msg="bfd change" node=site-b peer=100.64.2.1 tunnel=wg-b status=init
time=2026-10-04T01:13:37.306Z level=INFO msg="class moved" node=site-b class=voice dst="" from=bgp to=carrier-b why=bfd
time=2026-10-04T01:13:37.307Z level=INFO msg="class moved" node=site-b class=business dst="" from=bgp to=carrier-b why=bfd
time=2026-10-04T01:13:37.307Z level=INFO msg="class moved" node=site-b class=bulk dst="" from=paused to=carrier-b why=bfd
time=2026-10-04T01:13:37.808Z level=INFO msg="bfd change" node=site-b peer=100.64.3.1 tunnel=wg-sat status=up
time=2026-10-04T01:13:37.808Z level=INFO msg="bfd change" node=site-b peer=100.64.2.1 tunnel=wg-b status=up
time=2026-10-04T01:13:38.811Z level=INFO msg="bfd change" node=site-b peer=100.64.1.1 tunnel=wg-a status=up
time=2026-10-04T01:14:50.400Z level=INFO msg="new steering map" node=site-b version=152 storm=false
time=2026-10-04T01:14:55.325Z level=INFO msg="new desired state" node=site-b version=19
time=2026-10-04T01:14:56.664Z level=INFO msg="bfd change" node=site-b peer=100.64.3.1 tunnel=wg-sat status=down
time=2026-10-04T01:14:56.664Z level=INFO msg="bfd change" node=site-b peer=100.64.2.1 tunnel=wg-b status=down
time=2026-10-04T01:14:56.664Z level=INFO msg="bfd change" node=site-b peer=100.64.1.1 tunnel=wg-a status=down
time=2026-10-04T01:14:56.669Z level=INFO msg="class moved" node=site-b class=voice dst="" from=carrier-b to=bgp why=bfd
time=2026-10-04T01:14:56.669Z level=INFO msg="class moved" node=site-b class=business dst="" from=carrier-b to=bgp why=bfd
time=2026-10-04T01:14:56.669Z level=INFO msg="class moved" node=site-b class=bulk dst="" from=carrier-b to=paused why=bfd
time=2026-10-04T01:14:59.053Z level=INFO msg="bfd change" node=site-b peer=100.64.3.1 tunnel=wg-sat status=up
time=2026-10-04T01:14:59.053Z level=INFO msg="bfd change" node=site-b peer=100.64.2.1 tunnel=wg-b status=up
time=2026-10-04T01:14:59.053Z level=INFO msg="bfd change" node=site-b peer=100.64.1.1 tunnel=wg-a status=up
time=2026-10-04T01:14:59.098Z level=INFO msg="class moved" node=site-b class=voice dst="" from=bgp to=carrier-b why=bfd
time=2026-10-04T01:14:59.098Z level=INFO msg="class moved" node=site-b class=business dst="" from=bgp to=carrier-b why=bfd
time=2026-10-04T01:14:59.098Z level=INFO msg="class moved" node=site-b class=bulk dst="" from=paused to=carrier-b why=bfd
time=2026-10-04T01:17:30.291Z level=INFO msg="new steering map" node=site-b version=153 storm=false
-- controller log
controller-1  | INFO:     172.18.0.4:59288 - "GET /api/v1/agent/steering?have=298 HTTP/1.0" 204 No Content
controller-1  | INFO:     172.18.0.4:59300 - "POST /api/v1/agent/telemetry HTTP/1.0" 204 No Content
controller-1  | INFO:     172.18.0.4:59304 - "GET /api/v1/agent/desired-state?have=51 HTTP/1.0" 204 No Content
controller-1  | INFO:     172.18.0.4:59308 - "GET /api/v1/agent/steering?have=238 HTTP/1.0" 204 No Content
controller-1  | INFO:     172.18.0.4:59312 - "POST /api/v1/agent/telemetry HTTP/1.0" 204 No Content
controller-1  | INFO:     172.18.0.4:59324 - "GET /api/v1/agent/desired-state?have=19 HTTP/1.0" 204 No Content
controller-1  | INFO:     172.18.0.4:59336 - "POST /api/v1/agent/telemetry HTTP/1.0" 204 No Content
controller-1  | INFO:     172.18.0.4:59338 - "GET /api/v1/agent/steering?have=152 HTTP/1.0" 204 No Content
controller-1  | INFO:     127.0.0.1:45128 - "GET /healthz HTTP/1.1" 200 OK
controller-1  | INFO:     172.18.0.4:46962 - "GET /api/v1/agent/steering?have=298 HTTP/1.0" 204 No Content
controller-1  | INFO:     172.18.0.4:46984 - "GET /api/v1/agent/steering?have=152 HTTP/1.0" 204 No Content
controller-1  | INFO:     172.18.0.4:46968 - "GET /api/v1/agent/steering?have=238 HTTP/1.0" 204 No Content
controller-1  | INFO:     172.18.0.4:46998 - "GET /api/v1/agent/desired-state?have=51 HTTP/1.0" 204 No Content
controller-1  | INFO:     172.18.0.4:46990 - "GET /api/v1/agent/desired-state?have=37 HTTP/1.0" 204 No Content
controller-1  | INFO:     172.18.0.4:47022 - "GET /api/v1/agent/steering?have=298 HTTP/1.0" 204 No Content
controller-1  | INFO:     172.18.0.4:47012 - "GET /api/v1/agent/steering?have=238 HTTP/1.0" 204 No Content
controller-1  | INFO:     172.18.0.4:47034 - "GET /api/v1/agent/desired-state?have=19 HTTP/1.0" 204 No Content
controller-1  | INFO:     172.18.0.4:47048 - "POST /api/v1/agent/telemetry HTTP/1.0" 204 No Content
controller-1  | INFO:     172.18.0.4:47056 - "POST /api/v1/agent/telemetry HTTP/1.0" 204 No Content
controller-1  | INFO:     172.18.0.4:47072 - "POST /api/v1/agent/telemetry HTTP/1.0" 204 No Content
controller-1  | INFO:     172.18.0.4:47088 - "GET /api/v1/agent/steering?have=152 HTTP/1.0" 204 No Content
controller-1  | INFO:     127.0.0.1:48486 - "GET /healthz HTTP/1.1" 200 OK
controller-1  | INFO:     172.18.0.4:52448 - "GET /api/v1/agent/steering?have=298 HTTP/1.0" 204 No Content
controller-1  | INFO:     172.18.0.4:52462 - "GET /api/v1/agent/steering?have=238 HTTP/1.0" 204 No Content
controller-1  | INFO:     172.18.0.4:52478 - "GET /api/v1/agent/steering?have=152 HTTP/1.0" 204 No Content
controller-1  | INFO:     127.0.0.1:48492 - "GET /healthz HTTP/1.1" 200 OK
controller-1  | INFO:     172.18.0.4:52488 - "GET /api/v1/agent/desired-state?have=37 HTTP/1.0" 204 No Content
controller-1  | INFO:     172.18.0.4:52496 - "GET /api/v1/agent/desired-state?have=51 HTTP/1.0" 204 No Content
controller-1  | INFO:     172.18.0.4:52492 - "POST /api/v1/agent/telemetry HTTP/1.0" 204 No Content
controller-1  | INFO:     172.18.0.4:52520 - "GET /api/v1/agent/steering?have=298 HTTP/1.0" 204 No Content
controller-1  | INFO:     172.18.0.4:52510 - "GET /api/v1/agent/steering?have=238 HTTP/1.0" 204 No Content
controller-1  | INFO:     172.18.0.4:52532 - "POST /api/v1/agent/telemetry HTTP/1.0" 204 No Content
controller-1  | INFO:     172.18.0.4:52534 - "GET /api/v1/agent/desired-state?have=19 HTTP/1.0" 204 No Content
controller-1  | INFO:     172.18.0.4:52548 - "GET /api/v1/agent/steering?have=152 HTTP/1.0" 204 No Content
controller-1  | INFO:     172.18.0.4:52554 - "POST /api/v1/agent/telemetry HTTP/1.0" 204 No Content
controller-1  | INFO:     127.0.0.1:52500 - "GET /healthz HTTP/1.1" 200 OK
controller-1  | INFO:     172.18.0.4:60006 - "GET /api/v1/agent/steering?have=298 HTTP/1.0" 204 No Content
controller-1  | INFO:     172.18.0.4:60020 - "GET /api/v1/agent/steering?have=238 HTTP/1.0" 204 No Content
controller-1  | INFO:     172.18.0.4:60022 - "GET /api/v1/agent/steering?have=152 HTTP/1.0" 204 No Content
controller-1  | INFO:     127.0.0.1:52508 - "GET /healthz HTTP/1.1" 200 OK
controller-1  | INFO:     172.18.0.4:60034 - "GET /api/v1/agent/desired-state?have=37 HTTP/1.0" 204 No Content
controller-1  | INFO:     172.18.0.4:60040 - "GET /api/v1/agent/steering?have=298 HTTP/1.0" 204 No Content
controller-1  | INFO:     172.18.0.4:60044 - "POST /api/v1/agent/telemetry HTTP/1.0" 204 No Content
controller-1  | INFO:     172.18.0.4:60058 - "GET /api/v1/agent/desired-state?have=51 HTTP/1.0" 204 No Content
controller-1  | INFO:     172.18.0.4:60070 - "GET /api/v1/agent/steering?have=238 HTTP/1.0" 204 No Content
controller-1  | INFO:     172.18.0.4:60072 - "POST /api/v1/agent/telemetry HTTP/1.0" 204 No Content
controller-1  | INFO:     172.18.0.4:60076 - "GET /api/v1/agent/desired-state?have=19 HTTP/1.0" 204 No Content
controller-1  | INFO:     172.18.0.4:60088 - "POST /api/v1/agent/telemetry HTTP/1.0" 204 No Content
controller-1  | INFO:     172.18.0.4:60104 - "GET /api/v1/agent/steering?have=152 HTTP/1.0" 204 No Content
controller-1  | INFO:     172.18.0.1:33342 - "POST /api/v1/auth/login HTTP/1.1" 200 OK
controller-1  | INFO:     172.18.0.1:33348 - "DELETE /api/v1/customers/4d26813b-aaa6-4be7-9b73-1730be959882/rules/29 HTTP/1.1" 204 No Content
controller-1  | INFO:     172.18.0.1:33358 - "POST /api/v1/auth/login HTTP/1.1" 200 OK
controller-1  | INFO:     172.18.0.1:33364 - "POST /api/v1/customers/4d26813b-aaa6-4be7-9b73-1730be959882/rules HTTP/1.1" 201 Created
controller-1  | INFO:     127.0.0.1:58250 - "GET /healthz HTTP/1.1" 200 OK
controller-1  | INFO:     172.18.0.4:42806 - "GET /api/v1/agent/steering?have=298 HTTP/1.0" 200 OK
controller-1  | INFO:     172.18.0.4:42816 - "GET /api/v1/agent/steering?have=238 HTTP/1.0" 200 OK
controller-1  | INFO:     172.18.0.4:42818 - "GET /api/v1/agent/steering?have=152 HTTP/1.0" 200 OK
controller-1  | INFO:     172.18.0.1:33378 - "POST /api/v1/auth/login HTTP/1.1" 200 OK
controller-1  | INFO:     172.18.0.1:33390 - "DELETE /api/v1/customers/4d26813b-aaa6-4be7-9b73-1730be959882/rules/30 HTTP/1.1" 204 No Content
controller-1  | INFO:     127.0.0.1:58278 - "GET /healthz HTTP/1.1" 200 OK
-- controller containers
exaconnect-controller-1 Up 5 minutes (healthy)
exaconnect-db-1 Up 2 days (healthy)
exaconnect-proxy-1 Up 5 minutes
exaconnect-web-1 Up 23 minutes
/exaconnect-controller-1 restarts 0, started 2026-10-04T01:12:13.350002041Z, OOM killed false
/exaconnect-db-1 restarts 0, started 2026-10-01T05:06:52.589123103Z, OOM killed false
/exaconnect-proxy-1 restarts 0, started 2026-10-04T01:12:26.05878406Z, OOM killed false
/exaconnect-web-1 restarts 0, started 2026-10-04T00:54:28.282451808Z, OOM killed false
-- host
 03:17:37 up 2 days, 23:42,  0 user,  load average: 7.04, 8.22, 7.94
               total        used        free      shared  buff/cache   available
Mem:            7941        1755        5495         140        1137        6185
Swap:              0           0           0
procs -----------memory---------- ---swap-- -----io---- -system-- -------cpu-------
 r  b   swpd   free   buff  cache   si   so    bi    bo   in   cs us sy id wa st gu
 4  0      0 5627680   3768 1160980    0    0    48   250 4940   18  6 20 74  0  0  0
 2  0      0 5627680   3772 1161084    0    0     4   148 5442 6366  5 26 69  0  0  0
 4  0      0 5623148   3772 1161092    0    0     0   172 5238 6900  9 23 68  0  0  0
