commit ab56c6d: Faster failover for resilient pairs and local breakout

== Lab already up; rebuilding the agent (05:05:19)

== Controller (05:05:52)
.env ready (admin: admin@exacarib.local)
time="2026-10-04T07:05:53+02:00" level=warning msg="Docker Compose is configured to build using Bake, but buildx isn't installed"
#0 building with "default" instance using docker driver

#1 [controller internal] load build definition from Dockerfile
#1 transferring dockerfile: 559B done
#1 DONE 0.0s

#2 [controller internal] load metadata for docker.io/library/python:3.12-slim
#2 DONE 0.3s

#3 [controller internal] load .dockerignore
#3 transferring context: 2B done
#3 DONE 0.0s

#4 [controller 1/5] FROM docker.io/library/python:3.12-slim@sha256:dddfd7e07f9d15aeeca61529320492139d21cac7f0070c00609243e51e4e0016
#4 resolve docker.io/library/python:3.12-slim@sha256:dddfd7e07f9d15aeeca61529320492139d21cac7f0070c00609243e51e4e0016 0.0s done
#4 DONE 0.0s

#5 [controller internal] load build context
#5 transferring context: 3.60kB done
#5 DONE 0.0s

#6 [controller 2/5] WORKDIR /app
#6 CACHED

#7 [controller 3/5] COPY pyproject.toml ./
#7 CACHED

#8 [controller 4/5] COPY exaconnect_controller ./exaconnect_controller
#8 CACHED

#9 [controller 5/5] RUN pip install --no-cache-dir . && mkdir -p /data && chown nobody:nogroup /data
#9 CACHED

#10 [controller] exporting to image
#10 exporting layers done
#10 exporting manifest sha256:ddf7e501bedc1f7af0462d6845c41b65a4c0d13b491039927bbfac8ebfd05266 done
#10 exporting config sha256:793bc860eac4e8828ae15ad1f232ff4c61fd43af40fb8cdfe65a6b163ddbb646 done
#10 exporting attestation manifest sha256:9f82392b41c4d2822901aa88860b199fb249df38dcdab64e997e311dfc2b2752
#10 exporting attestation manifest sha256:9f82392b41c4d2822901aa88860b199fb249df38dcdab64e997e311dfc2b2752 0.1s done
#10 exporting manifest list sha256:a010e0d13c5e1c8deafbb51f90951ea0b04f49ea640b72aff2e314e4162be38f 0.0s done
#10 naming to docker.io/library/exaconnect-controller:latest
#10 naming to docker.io/library/exaconnect-controller:latest done
#10 unpacking to docker.io/library/exaconnect-controller:latest 0.0s done
#10 DONE 0.3s

#11 [controller] resolving provenance for metadata file
#11 DONE 0.0s
 controller  Built
time="2026-10-04T07:05:54+02:00" level=warning msg="Found orphan containers ([exaconnect-web-1]) for this project. If you removed or renamed this service in your compose file, you can run this command with the --remove-orphans flag to clean it up."
 Container exaconnect-db-1  Running
 Container exaconnect-controller-1  Recreate
 Container exaconnect-controller-1  Recreated
 Container exaconnect-proxy-1  Running
 Container exaconnect-db-1  Waiting
 Container exaconnect-db-1  Healthy
 Container exaconnect-controller-1  Starting
 Container exaconnect-controller-1  Started
 Container exaconnect-controller-1  Waiting
 Container exaconnect-controller-1  Healthy
 Container exaconnect-db-1  Waiting
 Container exaconnect-controller-1  Waiting
 Container exaconnect-proxy-1  Waiting
 Container exaconnect-controller-1  Healthy
 Container exaconnect-db-1  Healthy
 Container exaconnect-proxy-1  Healthy
time="2026-10-04T07:06:04+02:00" level=warning msg="Found orphan containers ([exaconnect-web-1]) for this project. If you removed or renamed this service in your compose file, you can run this command with the --remove-orphans flag to clean it up."
 Container exaconnect-proxy-1  Recreate
 Container exaconnect-proxy-1  Recreated
 Container exaconnect-proxy-1  Starting
 Container exaconnect-proxy-1  Started
 Container exaconnect-proxy-1  Waiting
 Container exaconnect-proxy-1  Healthy

== Agents (05:06:07)
pop-miami: agent stopped
site-a: agent stopped
site-b: agent stopped
pop-miami: agent started
site-a: agent started
site-b: agent started

== Public portal (05:06:12)
time="2026-10-04T07:06:13+02:00" level=warning msg="Docker Compose is configured to build using Bake, but buildx isn't installed"
#0 building with "default" instance using docker driver

#1 [controller internal] load build definition from Dockerfile
#1 transferring dockerfile: 559B done
#1 DONE 0.0s

#2 [controller internal] load metadata for docker.io/library/python:3.12-slim
#2 DONE 0.1s

#3 [controller internal] load .dockerignore
#3 transferring context: 2B done
#3 DONE 0.0s

#4 [controller internal] load build context
#4 DONE 0.0s

#5 [controller 1/5] FROM docker.io/library/python:3.12-slim@sha256:dddfd7e07f9d15aeeca61529320492139d21cac7f0070c00609243e51e4e0016
#5 resolve docker.io/library/python:3.12-slim@sha256:dddfd7e07f9d15aeeca61529320492139d21cac7f0070c00609243e51e4e0016 0.1s done
#5 DONE 0.1s

#4 [controller internal] load build context
#4 transferring context: 3.60kB 0.0s done
#4 DONE 0.0s

#6 [controller 2/5] WORKDIR /app
#6 CACHED

#7 [controller 3/5] COPY pyproject.toml ./
#7 CACHED

#8 [controller 4/5] COPY exaconnect_controller ./exaconnect_controller
#8 CACHED

#9 [controller 5/5] RUN pip install --no-cache-dir . && mkdir -p /data && chown nobody:nogroup /data
#9 CACHED

#10 [controller] exporting to image
#10 exporting layers done
#10 exporting manifest sha256:ddf7e501bedc1f7af0462d6845c41b65a4c0d13b491039927bbfac8ebfd05266 done
#10 exporting config sha256:793bc860eac4e8828ae15ad1f232ff4c61fd43af40fb8cdfe65a6b163ddbb646 done
#10 exporting attestation manifest sha256:45dfcdb995a8614c523ffcc8b27455340b4ce23a91151d610463872b678d6410 0.0s done
#10 exporting manifest list sha256:70ced399e3ccee5b0f73894da4ef0e3bd65ffe9df11a4784681f4b6406ffd270
#10 exporting manifest list sha256:70ced399e3ccee5b0f73894da4ef0e3bd65ffe9df11a4784681f4b6406ffd270 0.0s done
#10 naming to docker.io/library/exaconnect-controller:latest done
#10 unpacking to docker.io/library/exaconnect-controller:latest 0.0s done
#10 DONE 0.2s

#11 [controller] resolving provenance for metadata file
#11 DONE 0.0s

#12 [web internal] load build definition from Dockerfile
#12 transferring dockerfile: 529B done
#12 DONE 0.0s

#13 [web internal] load metadata for docker.io/library/node:22-alpine
#13 DONE 0.8s

#14 [web internal] load metadata for docker.io/library/caddy:2-alpine
#14 DONE 0.8s

#15 [web internal] load .dockerignore
#15 transferring context: 2B done
#15 DONE 0.0s

#16 [web internal] load build context
#16 DONE 0.0s

#17 [web stage-1 1/3] FROM docker.io/library/caddy:2-alpine@sha256:881bbc60f9986d5ab8e7cfd6cf7e4ef3c9c0439fef2429d035d065577882f028
#17 resolve docker.io/library/caddy:2-alpine@sha256:881bbc60f9986d5ab8e7cfd6cf7e4ef3c9c0439fef2429d035d065577882f028
#17 resolve docker.io/library/caddy:2-alpine@sha256:881bbc60f9986d5ab8e7cfd6cf7e4ef3c9c0439fef2429d035d065577882f028 0.2s done
#17 DONE 0.2s

#18 [web portal 1/6] FROM docker.io/library/node:22-alpine@sha256:0a7108bf6c7bf5de370ffb1a3ed6be93d405b43ff159f681a8d18c0e2bc2e402
#18 resolve docker.io/library/node:22-alpine@sha256:0a7108bf6c7bf5de370ffb1a3ed6be93d405b43ff159f681a8d18c0e2bc2e402
#18 resolve docker.io/library/node:22-alpine@sha256:0a7108bf6c7bf5de370ffb1a3ed6be93d405b43ff159f681a8d18c0e2bc2e402 0.3s done
#18 DONE 0.3s

#16 [web internal] load build context
#16 transferring context: 97.71kB 0.2s done
#16 DONE 0.2s

#19 [web portal 5/6] COPY portal/ ./
#19 CACHED

#20 [web portal 2/6] WORKDIR /src/portal
#20 CACHED

#21 [web portal 4/6] RUN npm ci --no-audit --no-fund
#21 CACHED

#22 [web portal 6/6] RUN npm run build
#22 CACHED

#23 [web stage-1 2/3] COPY deploy/public/Caddyfile /etc/caddy/Caddyfile
#23 CACHED

#24 [web portal 3/6] COPY portal/package.json portal/package-lock.json ./
#24 CACHED

#25 [web stage-1 3/3] COPY --from=portal /src/portal/dist /srv/portal
#25 CACHED

#26 [web] exporting to image
#26 exporting layers 0.0s done
#26 exporting manifest sha256:10de3f37168fbb5c119f90fc68b4ac89367ee8d528551509ae13762706aeb7f1 done
#26 exporting config sha256:143d7b95917b8c6cdb415de37aff0977843ee5bca43ae18f413cf974f93bda90 done
#26 exporting attestation manifest sha256:0eab0a39f7a11d8860cf1fc97101a65e6c2e2265d59c8627e7d18f281712b009
#26 exporting attestation manifest sha256:0eab0a39f7a11d8860cf1fc97101a65e6c2e2265d59c8627e7d18f281712b009 0.0s done
#26 exporting manifest list sha256:92583205960e1226fff130bc83b9ca248c7a906473f2c40f5613bf654d2a0930 0.0s done
#26 naming to docker.io/library/exaconnect-web:latest 0.0s done
#26 unpacking to docker.io/library/exaconnect-web:latest 0.0s done
#26 DONE 0.2s

#27 [web] resolving provenance for metadata file
#27 DONE 0.0s
 controller  Built
 web  Built
 Container exaconnect-db-1  Running
 Container exaconnect-controller-1  Recreate
 Container exaconnect-controller-1  Recreated
 Container exaconnect-web-1  Recreate
 Container exaconnect-web-1  Recreated
 Container exaconnect-db-1  Waiting
 Container exaconnect-db-1  Healthy
 Container exaconnect-controller-1  Starting
 Container exaconnect-controller-1  Started
 Container exaconnect-controller-1  Waiting
 Container exaconnect-controller-1  Healthy
 Container exaconnect-web-1  Starting
 Container exaconnect-web-1  Started
 Container exaconnect-db-1  Waiting
 Container exaconnect-web-1  Waiting
 Container exaconnect-controller-1  Waiting
 Container exaconnect-web-1  Healthy
 Container exaconnect-db-1  Healthy
 Container exaconnect-controller-1  Healthy

== Waiting for tunnels, BGP and BFD (05:06:28)

== Checks (05:06:33)
-- lab/scripts/check-routing.sh
ok    site-a wg-a handshake 21s ago
ok    site-a wg-b handshake 21s ago
ok    site-a wg-sat handshake 21s ago
ok    site-b wg-a handshake 21s ago
ok    site-b wg-b handshake 21s ago
ok    site-b wg-sat handshake 21s ago
ok    pop-miami BGP 6/6 established
ok    pop-miami BFD 6/6 up
ok    site-a BGP 3/3 established
ok    site-a BFD 3/3 up
ok    site-b BGP 3/3 established
ok    site-b BFD 3/3 up
ok    lan-a -> lan-b (site-a to site-b via the PoP)
ok    lan-b -> lan-a
ok    lan-a -> lan-pop

  traceroute to 192.168.20.10 (192.168.20.10), 30 hops max, 46 byte packets
   1  192.168.10.1  0.009 ms
   2  100.64.1.1  26.475 ms
   3  100.64.1.12  59.853 ms
   4  192.168.20.10  63.266 ms
-- lab/ci/checks/m0-timing.sh
-- host timing
      clocksource kvm-clock, available: kvm-clock hpet acpi_pm 
      kernel 6.8.0-139-generic, timers: hres_active    : 1, resolution: 1 nsecs
      HZ 1000, 4 CPUs, load 4.50 3.95 5.27
      netem on carrier-a: qdisc netem 8084: root refcnt 5 limit 10000 delay 12.5ms  1ms seed 9717127554986641972
      cpuidle driver none, governor menu
      (netem asks for 25 ms on A and 35 ms on B round trip, with 2 and 4 ms jitter; min/avg/max/mdev)
      site-a to lan-a (no netem):              0.042/0.141/3.244/0.350 ms
      site-a to carrier-a router (one netem):  10.194/15.668/76.369/9.487 ms
      site-a to PoP underlay via carrier A:    21.863/27.334/71.152/6.102 ms, pipe 2
      site-a to PoP through wg-a:              22.432/30.182/59.701/6.611 ms, pipe 2
      site-a to PoP underlay via carrier B:    29.784/40.044/137.024/13.668 ms, pipe 2
-- busiest containers
      30.14% clab-exaconnect-pop-miami
      27.87% clab-exaconnect-site-b
      21.09% clab-exaconnect-site-a
      6.02% exaconnect-db-1
      0.62% exaconnect-controller-1
      0.34% clab-exaconnect-ix
      0.09% exaconnect-proxy-1
      0.07% clab-exaconnect-cloud-azure
-- busiest processes
       400 ps
       9.6 exa-agent
       8.2 uvicorn
       7.1 exa-agent
       7.0 exa-agent
       3.3 rcu_preempt
       3.3 bfdd
       2.6 postgres
-- lab/ci/checks/m4-steering.sh
-- steering applied
ok    pop-miami nftables classifier
ok    pop-miami 6 steering rules
ok    site-a nftables classifier
ok    site-a 3 steering rules
ok    site-b nftables classifier
ok    site-b 3 steering rules
      voice state at start: site-a carrier-b since 2026-10-04 04:55:46.608493+00 return carrier-a 2026-10-04 05:04:44.581206+00; site-b carrier-b since 2026-10-04 04:59:00.260903+00 return carrier-a 2026-10-04 05:04:54.663175+00
      probe jitter, last 3 min, carrier-a avg 10.6 p95 24.3, carrier-b avg 12.1 p95 22.8, sat avg 16.3 p95 23.2
      host load 3.21 3.70 5.13 on 4 CPUs, CPU steal 0.0% over 5 s
ok    site-a voice on wg-a at start (moved back after 150 s; an earlier run left it on B)
      maps: pop-miami v420, site-a v349, site-b v214
-- brownout: carrier A loss 0 -> 3% over 180 s (demo step 2)
ok    voice moved 128 s into the ramp
      Moved voice from Carrier A to Carrier B: loss on Carrier A rising 1.3% a minute, forecast 1.6% in 60 s against a 1% SLA.
ok    moved before the 1% SLA was breached (measured 0.65%)
ok    site-a kernel sends voice on wg-b
ok    bulk stayed on carrier A (3% is under its 5% threshold)
-- hard cut of carrier B while voice is on it (demo step 3)
      voice probe stream: 1446 of 1500 received at 50 packets/s
ok    voice lost 1080 ms of packets (< 3 s)
ok    agent failover on BFD after 2 s
ok    voice on wg-a after the cut
-- recovery: restore B, classes move back only after the hold time (demo step 4)
ok    no moves in the first minute after recovery
      moves since the brownout began: 9
      05:09:57 site-b voice move_back: Moved voice back from Carrier B to Carrier A: Carrier A has scored well for 5 minutes (37 ms, 0.0% loss).
      05:11:59 site-a voice move: Moved voice from Carrier A to Carrier B: loss on Carrier A rising 1.3% a minute, forecast 1.6% in 60 s against a 1% SLA.
      05:13:00 site-b voice move: Moved voice from Carrier A to Carrier B: loss on Carrier A rising 0.3% a minute, forecast 1.3% in 60 s against a 1% SLA.
      05:13:30 site-a business move: Moved business from Carrier A to Carrier B: loss on Carrier A rising 0.8% a minute, forecast 2.6% in 60 s against a 2% SLA.
      05:14:11 site-b business move: Moved business from Carrier A to Carrier B: loss on Carrier A rising 0.9% a minute, forecast 2.6% in 60 s against a 2% SLA.
      05:14:21 site-b voice failover: Moved voice from Carrier B to Carrier A: Carrier B is down (BFD reports it down).
      05:14:21 site-a voice failover: Moved voice from Carrier B to Carrier A: Carrier B is down (BFD reports it down).
      05:14:21 site-a business failover: Moved business from Carrier B to Carrier A: Carrier B is down (BFD reports it down).
      05:14:21 site-b business failover: Moved business from Carrier B to Carrier A: Carrier B is down (BFD reports it down).
      05:14:42 site-b voice hold: Kept voice on Carrier A: loss on Carrier A is 1.6% against a 1% SLA, but it moved here 20 s ago (hold time 120 s).
      05:14:42 site-a voice hold: Kept voice on Carrier A: loss on Carrier A is 2.1% against a 1% SLA, but it moved here 20 s ago (hold time 120 s).
      05:14:42 site-a business hold: Kept business on Carrier A: loss on Carrier A is 2.1% against a 2% SLA, but it moved here 20 s ago (hold time 120 s).
      05:14:52 site-a voice hold: Kept voice on Carrier A: loss on Carrier A is 2.0% against a 1% SLA, but it moved here 30 s ago (hold time 120 s).
      05:14:52 site-b voice hold: Kept voice on Carrier A: loss on Carrier A is 1.6% against a 1% SLA, but it moved here 30 s ago (hold time 120 s).
      05:15:02 site-a voice hold: Kept voice on Carrier A: loss on Carrier A is 1.8% against a 1% SLA, but it moved here 40 s ago (hold time 120 s).
      05:15:02 site-b voice hold: Kept voice on Carrier A: loss on Carrier A is 1.5% against a 1% SLA, but it moved here 40 s ago (hold time 120 s).
      05:15:12 site-a voice hold: Kept voice on Carrier A: loss on Carrier A is 1.7% against a 1% SLA, but it moved here 50 s ago (hold time 120 s).
      05:15:12 site-b voice hold: Kept voice on Carrier A: loss on Carrier A is 1.4% against a 1% SLA, but it moved here 50 s ago (hold time 120 s).
      05:15:23 site-b voice hold: Kept voice on Carrier A: loss on Carrier A is 1.4% against a 1% SLA, but it moved here 61 s ago (hold time 120 s).
      05:15:23 site-a voice hold: Kept voice on Carrier A: loss on Carrier A is 1.7% against a 1% SLA, but it moved here 61 s ago (hold time 120 s).
      05:15:33 site-b voice hold: Kept voice on Carrier A: loss on Carrier A is 1.3% against a 1% SLA, but it moved here 71 s ago (hold time 120 s).
      05:15:33 site-a voice hold: Kept voice on Carrier A: loss on Carrier A is 1.6% against a 1% SLA, but it moved here 71 s ago (hold time 120 s).
      05:15:43 site-b voice hold: Kept voice on Carrier A: loss on Carrier A is 1.2% against a 1% SLA, but it moved here 81 s ago (hold time 120 s).
      05:15:43 site-a voice hold: Kept voice on Carrier A: loss on Carrier A is 1.5% against a 1% SLA, but it moved here 81 s ago (hold time 120 s).
-- lab/ci/checks/m5-storm.sh
-- Storm Mode on at site-a only
ok    Storm Mode switched on for site-a through the API
ok    site-a agent has the Storm Mode steering map
ok    site-b is not in Storm Mode
ok    satellite warm: 50 probes per 10 s
ok    satellite BGP established
-- both terrestrial links cut
ok    voice continues on satellite
ok    business continues on satellite
ok    bulk paused (blackhole rule)
ok    voice stream lost 1980 ms across the double cut
-- restore and switch Storm Mode off
ok    Storm Mode switched off
ok    voice and business back on terrestrial paths, bulk resumed
      Storm Mode last switched by user:admin@exacarib.local
      05:17:09 storm_off
      05:15:50 storm_on
-- lab/ci/checks/m6-metering.sh
-- traffic: 20 Mbit/s bulk (CS1, TCP) from lan-a to lan-b for 11 minutes
      bulk leaves site-a on wg-b
ok    5-minute samples with traffic for site-a
      iperf: [  5] 489.00-490.00 sec  2.38 MBytes  19.9 Mbits/sec    0    259 KBytes        [  5] 490.00-491.00 sec  2.50 MBytes  21.0 Mbits/sec    0    259 KBytes        [  5] 491.00-492.05 sec  2.38 MBytes  19.0 Mbits/sec    0    322 KBytes        [  5] 492
      site-a carrier-b: samples 11, 95th in 1.460068 out 22.154735, billable 22.154735, commit 50, burst 0.000, total 125.00
ok    billable rate 22.154735 Mbps matches the ~20 Mbit/s offered
-- CSV matches the screen
ok    CSV 95th percentile 22.155 equals the screen
ok    CSV settlement total equals the screen
-- carrier view
ok    carrier user sees only Carrier A links
ok    carrier user cannot open the customer overview
-- lab/ci/checks/m7-outage.sh
-- stop the controller and the agent proxy
ok    all three agents noticed after 61 s and hold the last good state
ok    site A still reaches site B through the PoP
-- BFD failover with the controller down
ok    voice moved from wg-b to wg-a in 4.0 s, without the controller
-- start the controller again
ok    all three agents reconciled 26 s after the restart
-- lab/ci/checks/m8-ai.sh
-- hurricane watch
ok    NHC feed read from the lab host: 2 active storms
ok    example hurricane raised a warning
ok    only site-a (Kingston) is warned
      Hurricane Example (90 kt) is moving at 23 km/h on a heading of 285°. Projecting that motion forward, it passes about 92 km from site-a in about 25 h. Consider switching Storm Mode on so the satellite path is warm before the terrestrial links suffer. This is a straight-line projection; check the NHC advisory for the official forecast track.
-- disaster watch
ok    all disaster feeds read from the lab host: ptwc=2 usgs=11 events=11 failed= 
ok    example earthquake from USGS, GDACS and tsunami.gov raised one alert, for site-b only
      Magnitude 6.4 earthquake, 38 km NE of Port of Spain, Trinidad and Tobago, reported by USGS and GDACS and tsunami.gov. Latest tsunami message: Tsunami Information Statement Number 2. Sites in range: site-b 47 km (critical). Consider switching Storm Mode on for the sites marked critical, so the satellite path is warm if terrestrial links fail. Distances are straight lines from the reported location; check the source's report.
-- insights from this run
      anomaly critical: Carrier B at site-b: loss 8.22%, usually 0.00%
      anomaly critical: Carrier B at site-a: loss 8.08%, usually 0.00%
      anomaly critical: Carrier A at site-a: loss 4.27%, usually 0.00%
      anomaly critical: Carrier A at site-b: loss 4.20%, usually 0.00%
      anomaly warning: Carrier A at site-a: jitter 16.0 ms, usually 8.1 ms
      anomaly warning: Satellite at site-b: jitter 27.9 ms, usually 15.2 ms
      anomaly warning: Satellite at site-b: latency 65.0 ms, usually 54.1 ms
      anomaly warning: Carrier B at site-a: latency 56.6 ms, usually 43.6 ms
      anomaly warning: Carrier B at site-a: jitter 17.9 ms, usually 9.1 ms
      anomaly warning: Carrier A at site-b: jitter 15.1 ms, usually 8.1 ms
-- ask your network
ok    answered: Voice is on carrier-b at site-a now, last moved there at 05:21:49 UTC because jitter on carrier-a hit 33 ms, exceeding the 30 ms SLA limit.
-- lab/ci/checks/m9-fabric.sh
-- simulated cloud gateways
ok    AWS and Azure gateways configured
-- cloud circuits
ok    created circuits 37 (AWS) and 38 (Azure)
ok    both circuits up (IPsec and BGP) 16 s after they were created
      AWS: up, BGP Established, routes 10.100.0.0/16
ok    site-a learned the AWS VPC route from the PoP
ok    lan-a reaches the AWS VPC (10.100.0.1) through the PoP
ok    site-a puts traffic for AWS in business
-- cloud router
ok    AWS reaches Azure through the PoP
-- elastic bandwidth
ok    20 Mbps reached the PoP's shaper on vc37
      charges so far: [{"mbps":50,"hours":0.01},{"mbps":20,"hours":0.0}]
-- layer 2 circuit
ok    VLAN 100 at site A and VLAN 200 at site B are one segment (lan-a pings lan-b)
ok    layer 2 circuit up and monitored: round trip 69.3 ms, 0.0% loss over the last minute
-- clean up
ok    deleted circuits are torn down at the PoP
-- lab/ci/checks/m9-internet.sh
-- through the PoP (the default)
ok    lan-a reaches the internet through the PoP, translated to the PoP's address
      site-a exits by: wg-a
-- firewall at the PoP
ok    a deny rule stops lan-a's pings at the PoP
ok    the rule's hits reach the portal
ok    deleting the rule lets the pings through again
-- port forward on the PoP's address
      server on lan-a:8080 answers locally
ok    a connection to 100.64.0.2:8080 from the internet reaches lan-a
ok    the internet cannot reach lan-a directly through the PoP
-- straight out at the site
ok    lan-a reaches the internet over carrier A, translated to site-a's address
ok    with carrier A cut, it leaves by carrier B within 4 s
ok    site-a reports it exits by eth1
-- clean up
ok    back through the PoP
-- lab/ci/checks/m9-order.sh
-- a layer 2 circuit ordered in plain English
      draft: {"actions":["site_circuit"],"summary":["New layer 2 circuit joining site-a and site-b, VLAN 100 at site-a and VLAN 200 at site-b, 20 Mbps."],"problems":[],"monthly_estimate":40.0}
ok    the draft reads a VLAN 100 to VLAN 200 circuit between site-a and site-b
ok    drafting changed nothing
ok    confirmed: Created circuit lab order l2.
ok    the ordered circuit carries traffic (lan-a pings lan-b over VLAN 100/200)
-- two changes in one order
      draft: {"actions":["bandwidth","internet_mode"],"summary":["Change lab order l2 from 20 to 30 Mbps, billed by the hour from now.","Send site-a's internet straight out of its own links (now through ExaCarib's PoP)."],"monthly_estimate":20.0}
ok    the draft has a bandwidth change and an internet change
ok    the circuit is now 30 Mbps
ok    site-a's internet now goes straight out (local eth1)
-- a draft with a problem
ok    a draft with VLAN 5000 says why and can't be confirmed
      AI draft (not confirmed): engine ai, [{"action":"cloud_circuit","provider":"aws","region":"us-east-1","site":"site-a","bandwidth_mbps":50}]
-- clean up
ok    circuit deleted and site-a back through the PoP
-- lab/ci/checks/m9-protection.sh
-- a resilient pair to the simulated AWS
ok    both tunnels of the pair up (IPsec and BGP)
ok    lan-a reaches the AWS VPC over the pair
-- encryption report
      summary: {"encrypted":8,"total":8}
ok    both tunnels encrypted: IKE AES_CBC-256/HMAC_SHA2_256_128/PRF_HMAC_SHA2_256/MODP_2048, ESP AES_CBC-256/HMAC_SHA2_256_128
ok    every site path is WireGuard-encrypted (6 encrypted)
-- the first tunnel fails
ok    the portal shows the first tunnel down and the second up
ok    the circuit stays up on one tunnel
ok    lan-a kept reaching the VPC: 300 of 300 pings answered (about 0.0 s lost; the BGP hold time is 30 s)
ok    the first tunnel recovers
-- DDoS protection at the PoP
ok    the internet reaches the PoP's public address
ok    the flooding source was blocked automatically ({"blocked":0,"auto":307,"flood":1,"syn":0})
ok    the blocked source can't reach the public address
ok    lifting the block lets it back in
ok    customers see the drop counts, not the addresses
-- the block list
ok    a block list entry stops the source
ok    removing it lets the source back in
-- clean up
ok    both tunnels torn down at the PoP
-- lab/ci/checks/m9-public-e2e.sh
-- API through https://connect.exacarib.com
ok    admin signs in at https://connect.exacarib.com
ok    every portal screen's data answers 200 through the public site
      settlement CSV: 200 text/csv; charset=utf-8
-- browser
ok    signed in through the browser
ok    Overview renders without errors
ok    Sites renders without errors
ok    Traffic: seen on your network renders without errors
ok    Traffic: rules renders without errors
ok    Traffic: classes renders without errors
ok    Decisions renders without errors
ok    Fabric renders without errors
ok    Internet renders without errors
ok    Order renders without errors
ok    Encryption renders without errors
ok    Metering renders without errors
ok    Insights renders without errors
ok    Ask your network renders without errors
ok    Carrier view renders without errors
ok    Account renders without errors
ok    Admin: agents renders without errors
ok    Admin: sites renders without errors
ok    Admin: classes renders without errors
ok    Admin: users renders without errors
ok    Admin: settings renders without errors
ok    Admin: partners renders without errors
ok    Admin: protection renders without errors
ok    Admin: audit renders without errors
ok    example hurricane and earthquake alerts appear on Insights
-- lab/ci/checks/m9-public.sh
ok    https://connect.exacarib.com/healthz answers on this host
ok    certificate from Let's Encrypt (issuer=C = US, O = Let's Encrypt, CN = YE1)
ok    portal served
ok    agent endpoints not served publicly
ok    API answers and needs sign-in
ok    connect.exacarib.com reachable from this host over the internet
      web container: running restarts=0
      caddy: {"level":"info","ts":1791090388.1004827,"msg":"using config from file","file":"/etc/caddy/Caddyfile"}
      caddy: {"level":"info","ts":1791090388.1004887,"msg":"adapted config to JSON","adapter":"caddyfile"}
      listening on public addresses: 22 80 443 
ok    controller, database and dev portal stay private
-- lab/ci/checks/m9-traffic.sh
-- priority queues
ok    site-a wg-a: qdisc cake 8090: root refcnt 2 bandwidth 190Mbit diffserv4 triple-isolate nonat nowash no-
ok    site-a wg-b: qdisc cake 8091: root refcnt 2 bandwidth 95Mbit diffserv4 triple-isolate nonat nowash no-a
-- application detection: Zoom-like traffic on UDP 8801 for 4 minutes
ok    site-a reported its flows to UDP 8801
ok    recognised: Zoom meetings seen at site-a: 1 flow(s) to UDP 8801, matches Zoom meetings (calls and meetings); currently unclassified. Suggest voice (real-time priority).
ok    suggests voice
ok    applied as rule 43
ok    site-a classifies UDP 8801-8810 as voice
ok    Zoom flows now report as voice
ok    site-b is unchanged (the rule is for site-a)
-- a customer rule: a subnet and port into business
ok    site-a classifies TCP 5201 to site B as business
ok    the PoP classifies the return direction

== Diagnostics (05:37:19)
pop-miami: running
site-a: running
site-b: running
-- agent log pop-miami
time=2026-10-04T05:34:05.760Z level=INFO msg="class moved" node=pop-miami class=business dst=192.168.10.0/24 from=carrier-b to=bgp why=bfd
time=2026-10-04T05:34:05.760Z level=INFO msg="class moved" node=pop-miami class=bulk dst=192.168.10.0/24 from=carrier-b to=paused why=bfd
time=2026-10-04T05:34:05.760Z level=INFO msg="class moved" node=pop-miami class=voice dst=192.168.20.0/24 from=carrier-b to=bgp why=bfd
time=2026-10-04T05:34:05.760Z level=INFO msg="class moved" node=pop-miami class=business dst=192.168.20.0/24 from=carrier-b to=bgp why=bfd
time=2026-10-04T05:34:05.760Z level=INFO msg="class moved" node=pop-miami class=bulk dst=192.168.20.0/24 from=carrier-b to=paused why=bfd
time=2026-10-04T05:34:06.633Z level=INFO msg="bfd change" node=pop-miami peer=100.64.2.11 tunnel=wg-b status=init
time=2026-10-04T05:34:06.634Z level=INFO msg="bfd change" node=pop-miami peer=100.64.1.11 tunnel=wg-a status=init
time=2026-10-04T05:34:06.634Z level=INFO msg="bfd change" node=pop-miami peer=100.64.3.11 tunnel=wg-sat status=init
time=2026-10-04T05:34:06.634Z level=INFO msg="bfd change" node=pop-miami peer=100.64.3.12 tunnel=wg-sat status=init
time=2026-10-04T05:34:06.634Z level=INFO msg="bfd change" node=pop-miami peer=100.64.1.12 tunnel=wg-a status=init
time=2026-10-04T05:34:06.634Z level=INFO msg="bfd change" node=pop-miami peer=100.64.2.12 tunnel=wg-b status=init
time=2026-10-04T05:34:06.661Z level=INFO msg="class moved" node=pop-miami class=voice dst=192.168.10.0/24 from=bgp to=carrier-b why=bfd
time=2026-10-04T05:34:06.661Z level=INFO msg="class moved" node=pop-miami class=business dst=192.168.10.0/24 from=bgp to=carrier-b why=bfd
time=2026-10-04T05:34:06.661Z level=INFO msg="class moved" node=pop-miami class=bulk dst=192.168.10.0/24 from=paused to=carrier-b why=bfd
time=2026-10-04T05:34:06.661Z level=INFO msg="class moved" node=pop-miami class=voice dst=192.168.20.0/24 from=bgp to=carrier-b why=bfd
time=2026-10-04T05:34:06.661Z level=INFO msg="class moved" node=pop-miami class=business dst=192.168.20.0/24 from=bgp to=carrier-b why=bfd
time=2026-10-04T05:34:06.661Z level=INFO msg="class moved" node=pop-miami class=bulk dst=192.168.20.0/24 from=paused to=carrier-b why=bfd
time=2026-10-04T05:34:07.215Z level=INFO msg="bfd change" node=pop-miami peer=100.64.2.11 tunnel=wg-b status=up
time=2026-10-04T05:34:07.215Z level=INFO msg="bfd change" node=pop-miami peer=100.64.1.11 tunnel=wg-a status=up
time=2026-10-04T05:34:07.215Z level=INFO msg="bfd change" node=pop-miami peer=100.64.3.11 tunnel=wg-sat status=up
time=2026-10-04T05:34:07.215Z level=INFO msg="bfd change" node=pop-miami peer=100.64.3.12 tunnel=wg-sat status=up
time=2026-10-04T05:34:07.215Z level=INFO msg="bfd change" node=pop-miami peer=100.64.1.12 tunnel=wg-a status=up
time=2026-10-04T05:34:07.215Z level=INFO msg="bfd change" node=pop-miami peer=100.64.2.12 tunnel=wg-b status=up
time=2026-10-04T05:36:18.567Z level=INFO msg="new steering map" node=pop-miami version=438 storm=false
time=2026-10-04T05:37:18.597Z level=INFO msg="new steering map" node=pop-miami version=440 storm=false
-- agent log site-a
time=2026-10-04T05:33:54.894Z level=INFO msg="class moved" node=site-a class=voice dst="" from=carrier-b to=bgp why=bfd
time=2026-10-04T05:33:54.894Z level=INFO msg="class moved" node=site-a class=business dst="" from=carrier-b to=bgp why=bfd
time=2026-10-04T05:33:54.894Z level=INFO msg="class moved" node=site-a class=bulk dst="" from=carrier-b to=paused why=bfd
time=2026-10-04T05:33:55.850Z level=INFO msg="bfd change" node=site-a peer=100.64.2.1 tunnel=wg-b status=up
time=2026-10-04T05:33:55.850Z level=INFO msg="bfd change" node=site-a peer=100.64.3.1 tunnel=wg-sat status=up
time=2026-10-04T05:33:55.850Z level=INFO msg="bfd change" node=site-a peer=100.64.1.1 tunnel=wg-a status=up
time=2026-10-04T05:33:55.856Z level=INFO msg="class moved" node=site-a class=voice dst="" from=bgp to=carrier-b why=bfd
time=2026-10-04T05:33:55.856Z level=INFO msg="class moved" node=site-a class=business dst="" from=bgp to=carrier-b why=bfd
time=2026-10-04T05:33:55.856Z level=INFO msg="class moved" node=site-a class=bulk dst="" from=paused to=carrier-b why=bfd
time=2026-10-04T05:34:04.481Z level=INFO msg="bfd change" node=site-a peer=100.64.2.1 tunnel=wg-b status=down
time=2026-10-04T05:34:04.481Z level=INFO msg="bfd change" node=site-a peer=100.64.1.1 tunnel=wg-a status=down
time=2026-10-04T05:34:04.486Z level=INFO msg="class moved" node=site-a class=voice dst="" from=carrier-b to=bgp why=bfd
time=2026-10-04T05:34:04.486Z level=INFO msg="class moved" node=site-a class=business dst="" from=carrier-b to=bgp why=bfd
time=2026-10-04T05:34:04.486Z level=INFO msg="class moved" node=site-a class=bulk dst="" from=carrier-b to=paused why=bfd
time=2026-10-04T05:34:04.488Z level=INFO msg="internet exit changed" node=site-a from=wg-a to=wg-sat
time=2026-10-04T05:34:04.907Z level=INFO msg="bfd change" node=site-a peer=100.64.3.1 tunnel=wg-sat status=down
time=2026-10-04T05:34:04.911Z level=INFO msg="internet exit changed" node=site-a from=wg-sat to=wg-a
time=2026-10-04T05:34:06.959Z level=INFO msg="bfd change" node=site-a peer=100.64.2.1 tunnel=wg-b status=up
time=2026-10-04T05:34:06.959Z level=INFO msg="bfd change" node=site-a peer=100.64.3.1 tunnel=wg-sat status=up
time=2026-10-04T05:34:06.959Z level=INFO msg="bfd change" node=site-a peer=100.64.1.1 tunnel=wg-a status=up
time=2026-10-04T05:34:06.966Z level=INFO msg="class moved" node=site-a class=voice dst="" from=bgp to=carrier-b why=bfd
time=2026-10-04T05:34:06.966Z level=INFO msg="class moved" node=site-a class=business dst="" from=bgp to=carrier-b why=bfd
time=2026-10-04T05:34:06.966Z level=INFO msg="class moved" node=site-a class=bulk dst="" from=paused to=carrier-b why=bfd
time=2026-10-04T05:36:18.844Z level=INFO msg="new steering map" node=site-a version=367 storm=false
time=2026-10-04T05:37:18.869Z level=INFO msg="new steering map" node=site-a version=369 storm=false
-- agent log site-b
time=2026-10-04T05:33:54.607Z level=INFO msg="class moved" node=site-b class=bulk dst="" from=carrier-b to=paused why=bfd
time=2026-10-04T05:33:54.612Z level=INFO msg="internet exit changed" node=site-b from=wg-a to=wg-sat
time=2026-10-04T05:33:55.106Z level=INFO msg="bfd change" node=site-b peer=100.64.3.1 tunnel=wg-sat status=down
time=2026-10-04T05:33:55.110Z level=INFO msg="internet exit changed" node=site-b from=wg-sat to=wg-a
time=2026-10-04T05:33:56.077Z level=INFO msg="bfd change" node=site-b peer=100.64.2.1 tunnel=wg-b status=up
time=2026-10-04T05:33:56.077Z level=INFO msg="bfd change" node=site-b peer=100.64.1.1 tunnel=wg-a status=up
time=2026-10-04T05:33:56.077Z level=INFO msg="bfd change" node=site-b peer=100.64.3.1 tunnel=wg-sat status=up
time=2026-10-04T05:33:56.083Z level=INFO msg="class moved" node=site-b class=voice dst="" from=bgp to=carrier-b why=bfd
time=2026-10-04T05:33:56.083Z level=INFO msg="class moved" node=site-b class=business dst="" from=bgp to=carrier-b why=bfd
time=2026-10-04T05:33:56.083Z level=INFO msg="class moved" node=site-b class=bulk dst="" from=paused to=carrier-b why=bfd
time=2026-10-04T05:34:04.634Z level=INFO msg="bfd change" node=site-b peer=100.64.2.1 tunnel=wg-b status=down
time=2026-10-04T05:34:04.634Z level=INFO msg="bfd change" node=site-b peer=100.64.1.1 tunnel=wg-a status=down
time=2026-10-04T05:34:04.639Z level=INFO msg="class moved" node=site-b class=voice dst="" from=carrier-b to=bgp why=bfd
time=2026-10-04T05:34:04.640Z level=INFO msg="class moved" node=site-b class=business dst="" from=carrier-b to=bgp why=bfd
time=2026-10-04T05:34:04.640Z level=INFO msg="class moved" node=site-b class=bulk dst="" from=carrier-b to=paused why=bfd
time=2026-10-04T05:34:04.660Z level=INFO msg="internet exit changed" node=site-b from=wg-a to=wg-sat
time=2026-10-04T05:34:05.147Z level=INFO msg="bfd change" node=site-b peer=100.64.3.1 tunnel=wg-sat status=down
time=2026-10-04T05:34:05.152Z level=INFO msg="internet exit changed" node=site-b from=wg-sat to=wg-a
time=2026-10-04T05:34:07.217Z level=INFO msg="bfd change" node=site-b peer=100.64.2.1 tunnel=wg-b status=up
time=2026-10-04T05:34:07.217Z level=INFO msg="bfd change" node=site-b peer=100.64.1.1 tunnel=wg-a status=up
time=2026-10-04T05:34:07.217Z level=INFO msg="bfd change" node=site-b peer=100.64.3.1 tunnel=wg-sat status=up
time=2026-10-04T05:34:07.227Z level=INFO msg="class moved" node=site-b class=voice dst="" from=bgp to=carrier-b why=bfd
time=2026-10-04T05:34:07.228Z level=INFO msg="class moved" node=site-b class=business dst="" from=bgp to=carrier-b why=bfd
time=2026-10-04T05:34:07.228Z level=INFO msg="class moved" node=site-b class=bulk dst="" from=paused to=carrier-b why=bfd
time=2026-10-04T05:37:19.069Z level=INFO msg="new steering map" node=site-b version=222 storm=false
-- controller log
controller-1  | INFO:     172.18.0.4:33860 - "GET /api/v1/agent/desired-state?have=109 HTTP/1.0" 204 No Content
controller-1  | INFO:     172.18.0.4:33874 - "GET /api/v1/agent/steering?have=367 HTTP/1.0" 204 No Content
controller-1  | INFO:     172.18.0.4:33868 - "POST /api/v1/agent/telemetry HTTP/1.0" 204 No Content
controller-1  | INFO:     172.18.0.4:33876 - "POST /api/v1/agent/telemetry HTTP/1.0" 204 No Content
controller-1  | INFO:     172.18.0.4:33878 - "GET /api/v1/agent/desired-state?have=45 HTTP/1.0" 204 No Content
controller-1  | INFO:     172.18.0.4:33882 - "GET /api/v1/agent/steering?have=438 HTTP/1.0" 204 No Content
controller-1  | INFO:     172.18.0.4:33890 - "GET /api/v1/agent/steering?have=221 HTTP/1.0" 204 No Content
controller-1  | INFO:     172.18.0.4:33896 - "POST /api/v1/agent/telemetry HTTP/1.0" 204 No Content
controller-1  | INFO:     127.0.0.1:55376 - "GET /healthz HTTP/1.1" 200 OK
controller-1  | INFO:     172.18.0.4:35214 - "GET /api/v1/agent/steering?have=438 HTTP/1.0" 204 No Content
controller-1  | INFO:     172.18.0.4:35216 - "GET /api/v1/agent/steering?have=367 HTTP/1.0" 204 No Content
controller-1  | INFO:     172.18.0.4:35232 - "GET /api/v1/agent/steering?have=221 HTTP/1.0" 204 No Content
controller-1  | INFO:     172.18.0.4:35240 - "GET /api/v1/agent/desired-state?have=128 HTTP/1.0" 204 No Content
controller-1  | INFO:     172.18.0.4:35250 - "GET /api/v1/agent/steering?have=438 HTTP/1.0" 204 No Content
controller-1  | INFO:     172.18.0.4:35258 - "GET /api/v1/agent/desired-state?have=109 HTTP/1.0" 204 No Content
controller-1  | INFO:     172.18.0.4:35270 - "GET /api/v1/agent/steering?have=367 HTTP/1.0" 204 No Content
controller-1  | INFO:     172.18.0.4:35290 - "POST /api/v1/agent/telemetry HTTP/1.0" 204 No Content
controller-1  | INFO:     172.18.0.4:35284 - "POST /api/v1/agent/telemetry HTTP/1.0" 204 No Content
controller-1  | INFO:     127.0.0.1:55384 - "GET /healthz HTTP/1.1" 200 OK
controller-1  | INFO:     172.18.0.4:35304 - "GET /api/v1/agent/desired-state?have=45 HTTP/1.0" 204 No Content
controller-1  | INFO:     172.18.0.4:35318 - "POST /api/v1/agent/telemetry HTTP/1.0" 204 No Content
controller-1  | INFO:     172.18.0.4:35326 - "GET /api/v1/agent/steering?have=221 HTTP/1.0" 204 No Content
controller-1  | INFO:     172.18.0.4:44566 - "GET /api/v1/agent/steering?have=438 HTTP/1.0" 204 No Content
controller-1  | INFO:     172.18.0.4:44572 - "GET /api/v1/agent/steering?have=367 HTTP/1.0" 204 No Content
controller-1  | INFO:     172.18.0.4:44582 - "GET /api/v1/agent/steering?have=221 HTTP/1.0" 204 No Content
controller-1  | INFO:     127.0.0.1:46598 - "GET /healthz HTTP/1.1" 200 OK
controller-1  | INFO:     172.18.0.4:44592 - "GET /api/v1/agent/desired-state?have=128 HTTP/1.0" 204 No Content
controller-1  | INFO:     172.18.0.4:44596 - "POST /api/v1/agent/telemetry HTTP/1.0" 204 No Content
controller-1  | INFO:     172.18.0.4:44606 - "GET /api/v1/agent/steering?have=438 HTTP/1.0" 204 No Content
controller-1  | INFO:     172.18.0.4:44612 - "GET /api/v1/agent/desired-state?have=109 HTTP/1.0" 204 No Content
controller-1  | INFO:     172.18.0.4:44628 - "POST /api/v1/agent/telemetry HTTP/1.0" 204 No Content
controller-1  | INFO:     172.18.0.4:44632 - "GET /api/v1/agent/steering?have=367 HTTP/1.0" 204 No Content
controller-1  | INFO:     172.18.0.4:44644 - "GET /api/v1/agent/desired-state?have=45 HTTP/1.0" 204 No Content
controller-1  | INFO:     172.18.0.4:44652 - "POST /api/v1/agent/telemetry HTTP/1.0" 204 No Content
controller-1  | INFO:     172.18.0.4:44666 - "GET /api/v1/agent/steering?have=221 HTTP/1.0" 204 No Content
controller-1  | INFO:     127.0.0.1:46604 - "GET /healthz HTTP/1.1" 200 OK
controller-1  | INFO:     172.18.0.4:39194 - "GET /api/v1/agent/steering?have=438 HTTP/1.0" 204 No Content
controller-1  | INFO:     172.18.0.4:39204 - "GET /api/v1/agent/steering?have=367 HTTP/1.0" 204 No Content
controller-1  | INFO:     172.18.0.4:39216 - "GET /api/v1/agent/steering?have=221 HTTP/1.0" 204 No Content
controller-1  | INFO:     127.0.0.1:39396 - "GET /healthz HTTP/1.1" 200 OK
controller-1  | INFO:     172.18.0.4:39224 - "GET /api/v1/agent/desired-state?have=128 HTTP/1.0" 204 No Content
controller-1  | INFO:     172.18.0.4:39238 - "GET /api/v1/agent/steering?have=438 HTTP/1.0" 204 No Content
controller-1  | INFO:     172.18.0.4:39248 - "POST /api/v1/agent/telemetry HTTP/1.0" 204 No Content
controller-1  | INFO:     172.18.0.4:39262 - "GET /api/v1/agent/desired-state?have=109 HTTP/1.0" 204 No Content
controller-1  | INFO:     172.18.0.4:39278 - "GET /api/v1/agent/steering?have=367 HTTP/1.0" 204 No Content
controller-1  | INFO:     172.18.0.4:39290 - "POST /api/v1/agent/telemetry HTTP/1.0" 204 No Content
controller-1  | INFO:     172.18.0.4:39304 - "GET /api/v1/agent/desired-state?have=45 HTTP/1.0" 204 No Content
controller-1  | INFO:     172.18.0.4:39306 - "GET /api/v1/agent/steering?have=221 HTTP/1.0" 204 No Content
controller-1  | INFO:     172.18.0.4:39310 - "POST /api/v1/agent/telemetry HTTP/1.0" 204 No Content
controller-1  | INFO:     127.0.0.1:39412 - "GET /healthz HTTP/1.1" 200 OK
controller-1  | INFO:     172.18.0.1:41436 - "POST /api/v1/auth/login HTTP/1.1" 200 OK
controller-1  | INFO:     172.18.0.1:41438 - "DELETE /api/v1/customers/4d26813b-aaa6-4be7-9b73-1730be959882/rules/43 HTTP/1.1" 204 No Content
controller-1  | INFO:     172.18.0.1:41442 - "POST /api/v1/auth/login HTTP/1.1" 200 OK
controller-1  | INFO:     172.18.0.1:41446 - "POST /api/v1/customers/4d26813b-aaa6-4be7-9b73-1730be959882/rules HTTP/1.1" 201 Created
controller-1  | INFO:     172.18.0.4:51004 - "GET /api/v1/agent/steering?have=438 HTTP/1.0" 200 OK
controller-1  | INFO:     172.18.0.4:51008 - "GET /api/v1/agent/steering?have=367 HTTP/1.0" 200 OK
controller-1  | INFO:     172.18.0.4:51024 - "GET /api/v1/agent/steering?have=221 HTTP/1.0" 200 OK
controller-1  | INFO:     172.18.0.1:43348 - "POST /api/v1/auth/login HTTP/1.1" 200 OK
controller-1  | INFO:     172.18.0.1:43356 - "DELETE /api/v1/customers/4d26813b-aaa6-4be7-9b73-1730be959882/rules/44 HTTP/1.1" 204 No Content
controller-1  | INFO:     127.0.0.1:53480 - "GET /healthz HTTP/1.1" 200 OK
-- controller containers
exaconnect-controller-1 Up 10 minutes (healthy)
exaconnect-db-1 Up 3 days (healthy)
exaconnect-proxy-1 Up 9 minutes
exaconnect-web-1 Up 30 minutes
/exaconnect-controller-1 restarts 0, started 2026-10-04T05:27:06.238295685Z, OOM killed false
/exaconnect-db-1 restarts 0, started 2026-10-01T05:06:52.589123103Z, OOM killed false
/exaconnect-proxy-1 restarts 0, started 2026-10-04T05:27:22.946509685Z, OOM killed false
/exaconnect-web-1 restarts 0, started 2026-10-04T05:06:27.108135497Z, OOM killed false
-- host
 07:37:23 up 3 days,  4:01,  0 user,  load average: 4.22, 4.37, 5.26
               total        used        free      shared  buff/cache   available
Mem:            7941        1808        5079         148        1508        6132
Swap:              0           0           0
procs -----------memory---------- ---swap-- -----io---- -system-- -------cpu-------
 r  b   swpd   free   buff  cache   si   so    bi    bo   in   cs us sy id wa st gu
 5  0      0 5195560   9040 1535592    0    0    57   256 5104   19  6 20 73  0  0  0
 1  0      0 5163388   9040 1535772    0    0     0   348 5971 7445  7 22 71  0  0  0
 4  0      0 5167292   9048 1535796    0    0     0   616 5575 7256  7 25 67  1  0  0
