commit b47fe16: Fabric step 6: API keys, Python SDK and Terraform provider

== Lab already up; rebuilding the agent (06:02:53)

== Controller (06:03:24)
.env ready (admin: admin@exacarib.local)
time="2026-10-04T08:03:25+02:00" level=warning msg="Docker Compose is configured to build using Bake, but buildx isn't installed"
#0 building with "default" instance using docker driver

#1 [controller internal] load build definition from Dockerfile
#1 transferring dockerfile: 559B 0.0s done
#1 DONE 0.0s

#2 [controller internal] load metadata for docker.io/library/python:3.12-slim
#2 DONE 0.3s

#3 [controller internal] load .dockerignore
#3 transferring context: 2B done
#3 DONE 0.0s

#4 [controller internal] load build context
#4 DONE 0.0s

#5 [controller 1/5] FROM docker.io/library/python:3.12-slim@sha256:dddfd7e07f9d15aeeca61529320492139d21cac7f0070c00609243e51e4e0016
#5 resolve docker.io/library/python:3.12-slim@sha256:dddfd7e07f9d15aeeca61529320492139d21cac7f0070c00609243e51e4e0016 0.1s done
#5 DONE 0.1s

#4 [controller internal] load build context
#4 transferring context: 61.09kB 0.0s done
#4 DONE 0.1s

#6 [controller 2/5] WORKDIR /app
#6 CACHED

#7 [controller 3/5] COPY pyproject.toml ./
#7 CACHED

#8 [controller 4/5] COPY exaconnect_controller ./exaconnect_controller
#8 DONE 0.1s

#9 [controller 5/5] RUN pip install --no-cache-dir . && mkdir -p /data && chown nobody:nogroup /data
#9 5.420 Processing /app
#9 5.432   Installing build dependencies: started
#9 8.365   Installing build dependencies: finished with status 'done'
#9 8.365   Getting requirements to build wheel: started
#9 8.983   Getting requirements to build wheel: finished with status 'done'
#9 8.989   Preparing metadata (pyproject.toml): started
#9 9.475   Preparing metadata (pyproject.toml): finished with status 'done'
#9 9.877 Collecting fastapi>=0.115 (from exaconnect-controller==0.2.0)
#9 9.928   Downloading fastapi-0.142.2-py3-none-any.whl.metadata (27 kB)
#9 10.18 Collecting uvicorn>=0.30 (from uvicorn[standard]>=0.30->exaconnect-controller==0.2.0)
#9 10.19   Downloading uvicorn-0.54.0-py3-none-any.whl.metadata (6.6 kB)
#9 10.39 Collecting pydantic>=2.7 (from exaconnect-controller==0.2.0)
#9 10.40   Downloading pydantic-2.13.5-py3-none-any.whl.metadata (110 kB)
#9 10.44 Collecting psycopg>=3.2 (from psycopg[binary]>=3.2->exaconnect-controller==0.2.0)
#9 10.45   Downloading psycopg-3.3.6-py3-none-any.whl.metadata (4.4 kB)
#9 10.55 Collecting psycopg-pool>=3.2 (from exaconnect-controller==0.2.0)
#9 10.56   Downloading psycopg_pool-3.3.3-py3-none-any.whl.metadata (2.8 kB)
#9 10.96 Collecting cryptography>=43 (from exaconnect-controller==0.2.0)
#9 10.97   Downloading cryptography-50.0.2-cp311-abi3-manylinux_2_34_x86_64.whl.metadata (4.4 kB)
#9 11.18 Collecting cffi>=2.0.0 (from cryptography>=43->exaconnect-controller==0.2.0)
#9 11.19   Downloading cffi-2.1.1-cp312-cp312-manylinux2014_x86_64.manylinux_2_17_x86_64.whl.metadata (2.5 kB)
#9 11.26 Collecting starlette>=0.46.0 (from fastapi>=0.115->exaconnect-controller==0.2.0)
#9 11.28   Downloading starlette-1.7.0-py3-none-any.whl.metadata (6.6 kB)
#9 11.33 Collecting typing-extensions>=4.8.0 (from fastapi>=0.115->exaconnect-controller==0.2.0)
#9 11.34   Downloading typing_extensions-4.16.0-py3-none-any.whl.metadata (3.3 kB)
#9 11.35 Collecting typing-inspection>=0.4.2 (from fastapi>=0.115->exaconnect-controller==0.2.0)
#9 11.36   Downloading typing_inspection-0.4.4-py3-none-any.whl.metadata (2.6 kB)
#9 11.39 Collecting annotated-doc>=0.0.2 (from fastapi>=0.115->exaconnect-controller==0.2.0)
#9 11.40   Downloading annotated_doc-0.0.5-py3-none-any.whl.metadata (6.5 kB)
#9 11.44 Collecting opentelemetry-api>=1.44.0 (from fastapi>=0.115->exaconnect-controller==0.2.0)
#9 11.44   Downloading opentelemetry_api-1.45.0-py3-none-any.whl.metadata (1.4 kB)
#9 11.79 Collecting psycopg-binary==3.3.6 (from psycopg[binary]>=3.2->exaconnect-controller==0.2.0)
#9 11.80   Downloading psycopg_binary-3.3.6-cp312-cp312-manylinux2014_x86_64.manylinux_2_17_x86_64.whl.metadata (2.7 kB)
#9 11.85 Collecting annotated-types>=0.6.0 (from pydantic>=2.7->exaconnect-controller==0.2.0)
#9 11.87   Downloading annotated_types-0.8.0-py3-none-any.whl.metadata (15 kB)
#9 13.21 Collecting pydantic-core==2.46.5 (from pydantic>=2.7->exaconnect-controller==0.2.0)
#9 13.21   Downloading pydantic_core-2.46.5-cp312-cp312-manylinux_2_17_x86_64.manylinux2014_x86_64.whl.metadata (6.6 kB)
#9 13.25 Collecting click>=7.0 (from uvicorn>=0.30->uvicorn[standard]>=0.30->exaconnect-controller==0.2.0)
#9 13.28   Downloading click-8.5.0-py3-none-any.whl.metadata (2.6 kB)
#9 13.29 Collecting h11>=0.8 (from uvicorn>=0.30->uvicorn[standard]>=0.30->exaconnect-controller==0.2.0)
#9 13.29   Downloading h11-0.16.0-py3-none-any.whl.metadata (8.3 kB)
#9 13.36 Collecting httptools>=0.8.0 (from uvicorn[standard]>=0.30->exaconnect-controller==0.2.0)
#9 13.37   Downloading httptools-0.8.0-cp312-cp312-manylinux1_x86_64.manylinux_2_28_x86_64.manylinux_2_5_x86_64.whl.metadata (3.5 kB)
#9 13.40 Collecting python-dotenv>=0.13 (from uvicorn[standard]>=0.30->exaconnect-controller==0.2.0)
#9 13.42   Downloading python_dotenv-1.2.4-py3-none-any.whl.metadata (29 kB)
#9 13.52 Collecting pyyaml>=5.1 (from uvicorn[standard]>=0.30->exaconnect-controller==0.2.0)
#9 13.53   Downloading pyyaml-6.0.3-cp312-cp312-manylinux2014_x86_64.manylinux_2_17_x86_64.manylinux_2_28_x86_64.whl.metadata (2.4 kB)
#9 13.60 Collecting uvloop>=0.15.1 (from uvicorn[standard]>=0.30->exaconnect-controller==0.2.0)
#9 13.61   Downloading uvloop-0.23.0-cp312-cp312-manylinux2014_x86_64.manylinux_2_17_x86_64.manylinux_2_28_x86_64.whl.metadata (5.1 kB)
#9 13.75 Collecting watchfiles>=0.20 (from uvicorn[standard]>=0.30->exaconnect-controller==0.2.0)
#9 13.76   Downloading watchfiles-1.3.0-cp310-abi3-manylinux_2_17_x86_64.manylinux2014_x86_64.whl.metadata (4.9 kB)
#9 14.04 Collecting websockets>=13.0 (from uvicorn[standard]>=0.30->exaconnect-controller==0.2.0)
#9 14.05   Downloading websockets-17.2-cp312-cp312-manylinux1_x86_64.manylinux_2_28_x86_64.manylinux_2_5_x86_64.whl.metadata (6.3 kB)
#9 14.08 Collecting pycparser (from cffi>=2.0.0->cryptography>=43->exaconnect-controller==0.2.0)
#9 14.09   Downloading pycparser-3.0-py3-none-any.whl.metadata (8.2 kB)
#9 14.17 Collecting anyio<5,>=4.0.0 (from starlette>=0.46.0->fastapi>=0.115->exaconnect-controller==0.2.0)
#9 14.21   Downloading anyio-4.15.1-py3-none-any.whl.metadata (4.7 kB)
#9 14.32 Collecting idna>=2.8 (from anyio<5,>=4.0.0->starlette>=0.46.0->fastapi>=0.115->exaconnect-controller==0.2.0)
#9 14.37   Downloading idna-3.20-py3-none-any.whl.metadata (7.2 kB)
#9 14.40 Downloading cryptography-50.0.2-cp311-abi3-manylinux_2_34_x86_64.whl (4.8 MB)
#9 14.75    ━━━━━━━━━━━━━━━━━━━━━━━━━━━━━━━━━━━━━━━━ 4.8/4.8 MB 13.4 MB/s eta 0:00:00
#9 14.77 Downloading fastapi-0.142.2-py3-none-any.whl (144 kB)
#9 14.78 Downloading psycopg-3.3.6-py3-none-any.whl (215 kB)
#9 14.79 Downloading psycopg_pool-3.3.3-py3-none-any.whl (40 kB)
#9 14.80 Downloading psycopg_binary-3.3.6-cp312-cp312-manylinux2014_x86_64.manylinux_2_17_x86_64.whl (5.2 MB)
#9 15.02    ━━━━━━━━━━━━━━━━━━━━━━━━━━━━━━━━━━━━━━━━ 5.2/5.2 MB 27.3 MB/s eta 0:00:00
#9 15.03 Downloading pydantic-2.13.5-py3-none-any.whl (472 kB)
#9 15.04 Downloading pydantic_core-2.46.5-cp312-cp312-manylinux_2_17_x86_64.manylinux2014_x86_64.whl (2.1 MB)
#9 15.13    ━━━━━━━━━━━━━━━━━━━━━━━━━━━━━━━━━━━━━━━━ 2.1/2.1 MB 27.4 MB/s eta 0:00:00
#9 15.15 Downloading uvicorn-0.54.0-py3-none-any.whl (87 kB)
#9 15.15 Downloading annotated_doc-0.0.5-py3-none-any.whl (5.3 kB)
#9 15.16 Downloading annotated_types-0.8.0-py3-none-any.whl (13 kB)
#9 15.17 Downloading cffi-2.1.1-cp312-cp312-manylinux2014_x86_64.manylinux_2_17_x86_64.whl (221 kB)
#9 15.18 Downloading click-8.5.0-py3-none-any.whl (125 kB)
#9 15.19 Downloading h11-0.16.0-py3-none-any.whl (37 kB)
#9 15.20 Downloading httptools-0.8.0-cp312-cp312-manylinux1_x86_64.manylinux_2_28_x86_64.manylinux_2_5_x86_64.whl (523 kB)
#9 15.25 Downloading opentelemetry_api-1.45.0-py3-none-any.whl (60 kB)
#9 15.27 Downloading python_dotenv-1.2.4-py3-none-any.whl (23 kB)
#9 15.28 Downloading pyyaml-6.0.3-cp312-cp312-manylinux2014_x86_64.manylinux_2_17_x86_64.manylinux_2_28_x86_64.whl (807 kB)
#9 15.31    ━━━━━━━━━━━━━━━━━━━━━━━━━━━━━━━━━━━━━━━━ 807.9/807.9 kB 28.2 MB/s eta 0:00:00
#9 15.32 Downloading starlette-1.7.0-py3-none-any.whl (78 kB)
#9 15.32 Downloading typing_extensions-4.16.0-py3-none-any.whl (45 kB)
#9 15.33 Downloading typing_inspection-0.4.4-py3-none-any.whl (14 kB)
#9 15.33 Downloading uvloop-0.23.0-cp312-cp312-manylinux2014_x86_64.manylinux_2_17_x86_64.manylinux_2_28_x86_64.whl (4.5 MB)
#9 15.52    ━━━━━━━━━━━━━━━━━━━━━━━━━━━━━━━━━━━━━━━━ 4.5/4.5 MB 25.0 MB/s eta 0:00:00
#9 15.55 Downloading watchfiles-1.3.0-cp310-abi3-manylinux_2_17_x86_64.manylinux2014_x86_64.whl (458 kB)
#9 15.59 Downloading websockets-17.2-cp312-cp312-manylinux1_x86_64.manylinux_2_28_x86_64.manylinux_2_5_x86_64.whl (225 kB)
#9 15.60 Downloading anyio-4.15.1-py3-none-any.whl (132 kB)
#9 15.61 Downloading pycparser-3.0-py3-none-any.whl (48 kB)
#9 15.62 Downloading idna-3.20-py3-none-any.whl (69 kB)
#9 15.69 Building wheels for collected packages: exaconnect-controller
#9 15.69   Building wheel for exaconnect-controller (pyproject.toml): started
#9 16.26   Building wheel for exaconnect-controller (pyproject.toml): finished with status 'done'
#9 16.26   Created wheel for exaconnect-controller: filename=exaconnect_controller-0.2.0-py3-none-any.whl size=142875 sha256=fa2b810b71e629f25462543ad4aa0da8ef354954b9a8f4088d6266b5c310f024
#9 16.26   Stored in directory: /tmp/pip-ephem-wheel-cache-rx8irxsf/wheels/54/1b/b7/aa63e25c8f14f4f2ae7b04e6097bdecb770e455c5c1ee0a600
#9 16.26 Successfully built exaconnect-controller
#9 16.36 Installing collected packages: websockets, uvloop, typing-extensions, pyyaml, python-dotenv, pycparser, psycopg-binary, idna, httptools, h11, click, annotated-types, annotated-doc, uvicorn, typing-inspection, pydantic-core, psycopg-pool, psycopg, opentelemetry-api, cffi, anyio, watchfiles, starlette, pydantic, cryptography, fastapi, exaconnect-controller
#9 20.88 Successfully installed annotated-doc-0.0.5 annotated-types-0.8.0 anyio-4.15.1 cffi-2.1.1 click-8.5.0 cryptography-50.0.2 exaconnect-controller-0.2.0 fastapi-0.142.2 h11-0.16.0 httptools-0.8.0 idna-3.20 opentelemetry-api-1.45.0 psycopg-3.3.6 psycopg-binary-3.3.6 psycopg-pool-3.3.3 pycparser-3.0 pydantic-2.13.5 pydantic-core-2.46.5 python-dotenv-1.2.4 pyyaml-6.0.3 starlette-1.7.0 typing-extensions-4.16.0 typing-inspection-0.4.4 uvicorn-0.54.0 uvloop-0.23.0 watchfiles-1.3.0 websockets-17.2
#9 20.88 WARNING: Running pip as the 'root' user can result in broken permissions and conflicting behaviour with the system package manager, possibly rendering your system unusable. It is recommended to use a virtual environment instead: https://pip.pypa.io/warnings/venv. Use the --root-user-action option if you know what you are doing and want to suppress this warning.
#9 21.02 
#9 21.02 [notice] A new release of pip is available: 25.0.1 -> 26.2.1
#9 21.02 [notice] To update, run: pip install --upgrade pip
#9 DONE 21.8s

#10 [controller] exporting to image
#10 exporting layers
#10 exporting layers 8.3s done
#10 exporting manifest sha256:ba725977e4748841e4aba114dba844c41edf3ae1dfc96d11daa70ee48535650b
#10 exporting manifest sha256:ba725977e4748841e4aba114dba844c41edf3ae1dfc96d11daa70ee48535650b 0.0s done
#10 exporting config sha256:bf9c163cc1401526f2d2f018dc3d8617068455c6e61f5e15d95519bd6eddc9ab 0.0s done
#10 exporting attestation manifest sha256:7d146ecffde1f592888ae4f9e8d34ac7d2ef0744251211ef35a0efd3e53aaee4
#10 exporting attestation manifest sha256:7d146ecffde1f592888ae4f9e8d34ac7d2ef0744251211ef35a0efd3e53aaee4 0.2s done
#10 exporting manifest list sha256:b7b026bb8350af624a0f8c657fa74fcea049c9020f2c31b1f3d5cbc9a8be022b
#10 exporting manifest list sha256:b7b026bb8350af624a0f8c657fa74fcea049c9020f2c31b1f3d5cbc9a8be022b 0.0s done
#10 naming to docker.io/library/exaconnect-controller:latest done
#10 unpacking to docker.io/library/exaconnect-controller:latest
#10 unpacking to docker.io/library/exaconnect-controller:latest 2.2s done
#10 DONE 11.0s

#11 [controller] resolving provenance for metadata file
#11 DONE 0.0s
 controller  Built
time="2026-10-04T08:04:00+02:00" level=warning msg="Found orphan containers ([exaconnect-web-1]) for this project. If you removed or renamed this service in your compose file, you can run this command with the --remove-orphans flag to clean it up."
 Container exaconnect-db-1  Running
 Container exaconnect-controller-1  Recreate
 Container exaconnect-controller-1  Recreated
 Container exaconnect-proxy-1  Running
 Container exaconnect-db-1  Waiting
 Container exaconnect-db-1  Healthy
 Container exaconnect-controller-1  Starting
 Container exaconnect-controller-1  Started
 Container exaconnect-controller-1  Waiting
 Container exaconnect-controller-1  Healthy
 Container exaconnect-proxy-1  Waiting
 Container exaconnect-db-1  Waiting
 Container exaconnect-controller-1  Waiting
 Container exaconnect-controller-1  Healthy
 Container exaconnect-proxy-1  Healthy
 Container exaconnect-db-1  Healthy
time="2026-10-04T08:04:11+02:00" level=warning msg="Found orphan containers ([exaconnect-web-1]) for this project. If you removed or renamed this service in your compose file, you can run this command with the --remove-orphans flag to clean it up."
 Container exaconnect-proxy-1  Recreate
 Container exaconnect-proxy-1  Recreated
 Container exaconnect-proxy-1  Starting
 Container exaconnect-proxy-1  Started
 Container exaconnect-proxy-1  Waiting
 Container exaconnect-proxy-1  Healthy

== Agents (06:04:13)
pop-miami: agent stopped
site-a: agent stopped
site-b: agent stopped
pop-miami: agent started
site-a: agent started
site-b: agent started

== Public portal (06:04:19)
time="2026-10-04T08:04:19+02:00" level=warning msg="Docker Compose is configured to build using Bake, but buildx isn't installed"
#0 building with "default" instance using docker driver

#1 [controller internal] load build definition from Dockerfile
#1 transferring dockerfile: 559B 0.0s done
#1 DONE 0.0s

#2 [controller internal] load metadata for docker.io/library/python:3.12-slim
#2 DONE 0.2s

#3 [controller internal] load .dockerignore
#3 transferring context: 2B done
#3 DONE 0.0s

#4 [controller 1/5] FROM docker.io/library/python:3.12-slim@sha256:dddfd7e07f9d15aeeca61529320492139d21cac7f0070c00609243e51e4e0016
#4 resolve docker.io/library/python:3.12-slim@sha256:dddfd7e07f9d15aeeca61529320492139d21cac7f0070c00609243e51e4e0016 0.0s done
#4 DONE 0.0s

#5 [controller internal] load build context
#5 transferring context: 3.60kB 0.0s done
#5 DONE 0.0s

#6 [controller 2/5] WORKDIR /app
#6 CACHED

#7 [controller 3/5] COPY pyproject.toml ./
#7 CACHED

#8 [controller 4/5] COPY exaconnect_controller ./exaconnect_controller
#8 CACHED

#9 [controller 5/5] RUN pip install --no-cache-dir . && mkdir -p /data && chown nobody:nogroup /data
#9 CACHED

#10 [controller] exporting to image
#10 exporting layers done
#10 exporting manifest sha256:ba725977e4748841e4aba114dba844c41edf3ae1dfc96d11daa70ee48535650b done
#10 exporting config sha256:bf9c163cc1401526f2d2f018dc3d8617068455c6e61f5e15d95519bd6eddc9ab done
#10 exporting attestation manifest sha256:43ba0b4658a8ad7f4dcc1229dbcc7621f0edc02ced069ea921e513965d705632 0.0s done
#10 exporting manifest list sha256:65d00a8b06b9d263104ad293d3a29b0208f0424594f9fd1a23522178275ebb43
#10 exporting manifest list sha256:65d00a8b06b9d263104ad293d3a29b0208f0424594f9fd1a23522178275ebb43 0.0s done
#10 naming to docker.io/library/exaconnect-controller:latest 0.0s done
#10 unpacking to docker.io/library/exaconnect-controller:latest 0.0s done
#10 DONE 0.3s

#11 [controller] resolving provenance for metadata file
#11 DONE 0.0s

#12 [web internal] load build definition from Dockerfile
#12 transferring dockerfile: 529B done
#12 DONE 0.0s

#13 [web internal] load metadata for docker.io/library/node:22-alpine
#13 ...

#14 [web internal] load metadata for docker.io/library/caddy:2-alpine
#14 DONE 0.3s

#13 [web internal] load metadata for docker.io/library/node:22-alpine
#13 DONE 0.4s

#15 [web internal] load .dockerignore
#15 transferring context: 2B done
#15 DONE 0.0s

#16 [web internal] load build context
#16 DONE 0.0s

#17 [web portal 1/6] FROM docker.io/library/node:22-alpine@sha256:0a7108bf6c7bf5de370ffb1a3ed6be93d405b43ff159f681a8d18c0e2bc2e402
#17 resolve docker.io/library/node:22-alpine@sha256:0a7108bf6c7bf5de370ffb1a3ed6be93d405b43ff159f681a8d18c0e2bc2e402 0.1s done
#17 DONE 0.1s

#18 [web stage-1 1/3] FROM docker.io/library/caddy:2-alpine@sha256:881bbc60f9986d5ab8e7cfd6cf7e4ef3c9c0439fef2429d035d065577882f028
#18 resolve docker.io/library/caddy:2-alpine@sha256:881bbc60f9986d5ab8e7cfd6cf7e4ef3c9c0439fef2429d035d065577882f028
#18 resolve docker.io/library/caddy:2-alpine@sha256:881bbc60f9986d5ab8e7cfd6cf7e4ef3c9c0439fef2429d035d065577882f028 0.1s done
#18 DONE 0.1s

#16 [web internal] load build context
#16 transferring context: 155.36kB 0.2s done
#16 DONE 0.2s

#19 [web portal 3/6] COPY portal/package.json portal/package-lock.json ./
#19 CACHED

#20 [web portal 2/6] WORKDIR /src/portal
#20 CACHED

#21 [web portal 4/6] RUN npm ci --no-audit --no-fund
#21 CACHED

#22 [web portal 5/6] COPY portal/ ./
#22 DONE 3.7s

#23 [web portal 6/6] RUN npm run build
#23 1.755 
#23 1.755 > exaconnect-portal@0.0.1 build
#23 1.755 > tsc -b && vite build
#23 1.755 
#23 4.123 vite v8.3.1 building client environment for production...
#23 4.211 transforming...
#23 4.594 ✓ 46 modules transformed.
#23 4.756 rendering chunks...
#23 5.035 computing gzip size...
#23 5.061 dist/index.html                   0.82 kB │ gzip:   0.43 kB
#23 5.061 dist/assets/index-BFGABw6_.css   16.10 kB │ gzip:   4.16 kB
#23 5.061 dist/assets/index-DrDDiBT1.js   436.22 kB │ gzip: 124.00 kB
#23 5.061 
#23 5.077 ✓ built in 942ms
#23 DONE 5.3s

#24 [web stage-1 2/3] COPY deploy/public/Caddyfile /etc/caddy/Caddyfile
#24 CACHED

#25 [web stage-1 3/3] COPY --from=portal /src/portal/dist /srv/portal
#25 DONE 0.1s

#26 [web] exporting to image
#26 exporting layers
#26 exporting layers 0.2s done
#26 exporting manifest sha256:5d7c2f33a7b63b6951a59e382c79cd4a8af7448e2531007ba06416fe60f4a421 0.0s done
#26 exporting config sha256:d5261d3ca35845833297787872ff158d4b710e306a34191689fd4e3dce9f2bf0 0.0s done
#26 exporting attestation manifest sha256:150765e15d3ec9ba85139050e0faa242a58b601032ccc2af9083e712f3e093cb 0.0s done
#26 exporting manifest list sha256:9a0963b617214b30928152ab94cd1585de9dd94b291cb1e81dda4e4fe46c7234
#26 exporting manifest list sha256:9a0963b617214b30928152ab94cd1585de9dd94b291cb1e81dda4e4fe46c7234 0.0s done
#26 naming to docker.io/library/exaconnect-web:latest done
#26 unpacking to docker.io/library/exaconnect-web:latest 0.1s done
#26 DONE 0.5s

#27 [web] resolving provenance for metadata file
#27 DONE 0.1s
 controller  Built
 web  Built
 Container exaconnect-db-1  Running
 Container exaconnect-controller-1  Recreate
 Container exaconnect-controller-1  Recreated
 Container exaconnect-web-1  Recreate
 Container exaconnect-web-1  Recreated
 Container exaconnect-db-1  Waiting
 Container exaconnect-db-1  Healthy
 Container exaconnect-controller-1  Starting
 Container exaconnect-controller-1  Started
 Container exaconnect-controller-1  Waiting
 Container exaconnect-controller-1  Healthy
 Container exaconnect-web-1  Starting
 Container exaconnect-web-1  Started
 Container exaconnect-controller-1  Waiting
 Container exaconnect-web-1  Waiting
 Container exaconnect-db-1  Waiting
 Container exaconnect-web-1  Healthy
 Container exaconnect-db-1  Healthy
 Container exaconnect-controller-1  Healthy

== Waiting for tunnels, BGP and BFD (06:04:44)

== Checks (06:04:49)
-- lab/scripts/check-routing.sh
ok    site-a wg-a handshake 30s ago
ok    site-a wg-b handshake 30s ago
ok    site-a wg-sat handshake 30s ago
ok    site-b wg-a handshake 31s ago
ok    site-b wg-b handshake 31s ago
ok    site-b wg-sat handshake 31s ago
ok    pop-miami BGP 6/6 established
ok    pop-miami BFD 6/6 up
ok    site-a BGP 3/3 established
ok    site-a BFD 3/3 up
ok    site-b BGP 3/3 established
ok    site-b BFD 3/3 up
ok    lan-a -> lan-b (site-a to site-b via the PoP)
ok    lan-b -> lan-a
ok    lan-a -> lan-pop

  traceroute to 192.168.20.10 (192.168.20.10), 30 hops max, 46 byte packets
   1  192.168.10.1  0.012 ms
   2  100.64.1.1  25.154 ms
   3  100.64.1.12  51.430 ms
   4  192.168.20.10  63.831 ms
-- lab/ci/checks/m0-timing.sh
-- host timing
      clocksource kvm-clock, available: kvm-clock hpet acpi_pm 
      kernel 6.8.0-139-generic, timers: hres_active    : 1, resolution: 1 nsecs
      HZ 1000, 4 CPUs, load 4.40 3.10 3.49
      netem on carrier-a: qdisc netem 8084: root refcnt 5 limit 10000 delay 12.5ms  1ms seed 9717127554986641972
      cpuidle driver none, governor menu
      (netem asks for 25 ms on A and 35 ms on B round trip, with 2 and 4 ms jitter; min/avg/max/mdev)
      site-a to lan-a (no netem):              0.043/0.105/0.597/0.094 ms
      site-a to carrier-a router (one netem):  10.029/15.058/149.954/13.990 ms
      site-a to PoP underlay via carrier A:    21.963/26.979/49.919/3.426 ms
      site-a to PoP through wg-a:              23.558/36.380/188.820/24.049 ms, pipe 4
      site-a to PoP underlay via carrier B:    29.568/41.740/172.873/19.192 ms, pipe 2
-- busiest containers
      28.18% clab-exaconnect-site-a
      25.09% clab-exaconnect-pop-miami
      20.95% clab-exaconnect-site-b
      0.81% clab-exaconnect-carrier-b
      0.59% exaconnect-controller-1
      0.53% exaconnect-db-1
      0.13% clab-exaconnect-cloud-aws
      0.12% clab-exaconnect-lan-pop
-- busiest processes
       300 ps
       9.7 uvicorn
       9.6 exa-agent
       8.4 exa-agent
       7.3 exa-agent
       5.5 sshd
       3.3 rcu_preempt
       3.3 bfdd
-- lab/ci/checks/m4-steering.sh
-- steering applied
ok    pop-miami nftables classifier
ok    pop-miami 6 steering rules
ok    site-a nftables classifier
ok    site-a 3 steering rules
ok    site-b nftables classifier
ok    site-b 3 steering rules
      voice state at start: site-a carrier-a since 2026-10-04 05:48:54.495762+00 return - -; site-b carrier-a since 2026-10-04 05:49:24.858594+00 return - -
      probe jitter, last 3 min, carrier-a avg 8.7 p95 21.5, carrier-b avg 10.6 p95 21.5, sat avg 28.5 p95 62.9
      host load 3.52 3.01 3.45 on 4 CPUs, CPU steal 0.0% over 5 s
ok    site-a voice on wg-a at start
      maps: site-b v225, site-a v372, pop-miami v444
-- brownout: carrier A loss 0 -> 3% over 180 s (demo step 2)
ok    voice moved 200 s into the ramp
      Moved voice from Carrier A to Carrier B: loss on Carrier A rising 1.1% a minute, forecast 1.5% in 60 s against a 1% SLA.
ok    moved before the 1% SLA was breached (measured 0.65%)
ok    site-a kernel sends voice on wg-b
ok    bulk stayed on carrier A (3% is under its 5% threshold)
-- hard cut of carrier B while voice is on it (demo step 3)
      voice probe stream: 1446 of 1500 received at 50 packets/s
ok    voice lost 1080 ms of packets (< 3 s)
ok    agent failover on BFD after 2 s
ok    voice on wg-a after the cut
-- recovery: restore B, classes move back only after the hold time (demo step 4)
ok    no moves in the first minute after recovery
      moves since the brownout began: 8
      06:07:53 site-b voice move: Moved voice from Carrier A to Carrier B: loss on Carrier A rising 1.1% a minute, forecast 1.5% in 60 s against a 1% SLA.
      06:08:54 site-a voice move: Moved voice from Carrier A to Carrier B: loss on Carrier A is 1.0% against a 1% SLA.
      06:08:54 site-b business move: Moved business from Carrier A to Carrier B: loss on Carrier A rising 1.1% a minute, forecast 2.4% in 60 s against a 2% SLA.
      06:10:05 site-a business move: Moved business from Carrier A to Carrier B: loss on Carrier A rising 1.0% a minute, forecast 2.6% in 60 s against a 2% SLA.
      06:10:15 site-b voice failover: Moved voice from Carrier B to Carrier A: Carrier B is down (BFD reports it down).
      06:10:15 site-b business failover: Moved business from Carrier B to Carrier A: Carrier B is down (BFD reports it down).
      06:10:15 site-a voice failover: Moved voice from Carrier B to Carrier A: Carrier B is down (BFD reports it down).
      06:10:15 site-a business failover: Moved business from Carrier B to Carrier A: Carrier B is down (BFD reports it down).
      06:10:35 site-b business hold: Kept business on Carrier A: loss on Carrier A is 2.2% against a 2% SLA, but it moved here 20 s ago (hold time 120 s).
      06:10:35 site-a voice hold: Kept voice on Carrier A: loss on Carrier A is 1.5% against a 1% SLA, but it moved here 20 s ago (hold time 120 s).
      06:10:35 site-b voice hold: Kept voice on Carrier A: loss on Carrier A is 2.2% against a 1% SLA, but it moved here 20 s ago (hold time 120 s).
      06:10:45 site-b voice hold: Kept voice on Carrier A: loss on Carrier A is 2.0% against a 1% SLA, but it moved here 30 s ago (hold time 120 s).
      06:10:45 site-a voice hold: Kept voice on Carrier A: loss on Carrier A is 1.5% against a 1% SLA, but it moved here 30 s ago (hold time 120 s).
      06:10:45 site-b business hold: Kept business on Carrier A: loss on Carrier A is 2.0% against a 2% SLA, but it moved here 30 s ago (hold time 120 s).
      06:10:56 site-a voice hold: Kept voice on Carrier A: loss on Carrier A is 1.5% against a 1% SLA, but it moved here 40 s ago (hold time 120 s).
      06:10:56 site-b voice hold: Kept voice on Carrier A: loss on Carrier A is 1.9% against a 1% SLA, but it moved here 40 s ago (hold time 120 s).
      06:11:06 site-b voice hold: Kept voice on Carrier A: loss on Carrier A is 1.8% against a 1% SLA, but it moved here 50 s ago (hold time 120 s).
      06:11:06 site-a voice hold: Kept voice on Carrier A: loss on Carrier A is 1.4% against a 1% SLA, but it moved here 50 s ago (hold time 120 s).
      06:11:16 site-b voice hold: Kept voice on Carrier A: loss on Carrier A is 1.7% against a 1% SLA, but it moved here 60 s ago (hold time 120 s).
      06:11:16 site-a voice hold: Kept voice on Carrier A: loss on Carrier A is 1.4% against a 1% SLA, but it moved here 60 s ago (hold time 120 s).
      06:11:26 site-b voice hold: Kept voice on Carrier A: loss on Carrier A is 1.6% against a 1% SLA, but it moved here 70 s ago (hold time 120 s).
      06:11:26 site-a voice hold: Kept voice on Carrier A: loss on Carrier A is 1.3% against a 1% SLA, but it moved here 70 s ago (hold time 120 s).
      06:11:36 site-a voice hold: Kept voice on Carrier A: loss on Carrier A is 1.2% against a 1% SLA, but it moved here 81 s ago (hold time 120 s).
      06:11:36 site-b voice hold: Kept voice on Carrier A: loss on Carrier A is 1.4% against a 1% SLA, but it moved here 81 s ago (hold time 120 s).
-- lab/ci/checks/m5-storm.sh
-- Storm Mode on at site-a only
ok    Storm Mode switched on for site-a through the API
ok    site-a agent has the Storm Mode steering map
ok    site-b is not in Storm Mode
ok    satellite warm: 43 probes per 10 s
ok    satellite BGP established
-- both terrestrial links cut
ok    voice continues on satellite
ok    business continues on satellite
ok    bulk paused (blackhole rule)
ok    voice stream lost 1560 ms across the double cut
-- restore and switch Storm Mode off
ok    Storm Mode switched off
ok    voice and business back on terrestrial paths, bulk resumed
      Storm Mode last switched by user:admin@exacarib.local
      06:13:04 storm_off
      06:11:45 storm_on
-- lab/ci/checks/m6-metering.sh
-- traffic: 20 Mbit/s bulk (CS1, TCP) from lan-a to lan-b for 11 minutes
      bulk leaves site-a on wg-a
ok    5-minute samples with traffic for site-a
      iperf: [  5] 463.01-464.00 sec  4.00 MBytes  33.7 Mbits/sec    0    298 KBytes        [  5] 464.00-465.02 sec  4.12 MBytes  33.9 Mbits/sec    0    298 KBytes        [  5] 465.02-466.00 sec  2.75 MBytes  23.6 Mbits/sec   89    107 KBytes        [  5] 466.00-467.
      site-a carrier-a: samples 11, 95th in 1.406686 out 21.157685, billable 21.157685, commit 100, burst 0.000, total 400.00
ok    billable rate 21.157685 Mbps matches the ~20 Mbit/s offered
-- CSV matches the screen
ok    CSV 95th percentile 21.158 equals the screen
ok    CSV settlement total equals the screen
-- carrier view
ok    carrier user sees only Carrier A links
ok    carrier user cannot open the customer overview
-- lab/ci/checks/m7-outage.sh
-- stop the controller and the agent proxy
ok    all three agents noticed after 60 s and hold the last good state
ok    site A still reaches site B through the PoP
-- BFD failover with the controller down
ok    voice moved from wg-a to wg-b in 3.4 s, without the controller
-- start the controller again
ok    all three agents reconciled 22 s after the restart
-- lab/ci/checks/m8-ai.sh
-- hurricane watch
ok    NHC feed read from the lab host: 2 active storms
ok    example hurricane raised a warning
ok    only site-a (Kingston) is warned
      Hurricane Example (90 kt) is moving at 23 km/h on a heading of 285°. Projecting that motion forward, it passes about 92 km from site-a in about 25 h. Consider switching Storm Mode on so the satellite path is warm before the terrestrial links suffer. This is a straight-line projection; check the NHC advisory for the official forecast track.
-- disaster watch
ok    all disaster feeds read from the lab host: ptwc=2 usgs=10 events=10 failed= 
ok    example earthquake from USGS, GDACS and tsunami.gov raised one alert, for site-b only
      Magnitude 6.4 earthquake, 38 km NE of Port of Spain, Trinidad and Tobago, reported by USGS and GDACS and tsunami.gov. Latest tsunami message: Tsunami Information Statement Number 2. Sites in range: site-b 47 km (critical). Consider switching Storm Mode on for the sites marked critical, so the satellite path is warm if terrestrial links fail. Distances are straight lines from the reported location; check the source's report.
-- insights from this run
      anomaly critical: Carrier B at site-a: jitter 21.1 ms, usually 8.6 ms
      anomaly critical: Carrier B at site-b: loss 8.13%, usually 0.00%
      anomaly critical: Carrier B at site-a: loss 8.23%, usually 0.00%
      anomaly critical: Carrier B at site-b: jitter 19.0 ms, usually 8.7 ms
      anomaly critical: Carrier A at site-b: loss 4.66%, usually 0.00%
      anomaly critical: Carrier A at site-a: loss 4.50%, usually 0.00%
      anomaly warning: Carrier A at site-b: jitter 17.4 ms, usually 7.7 ms
      anomaly warning: Carrier B at site-b: latency 54.3 ms, usually 43.8 ms
      anomaly warning: Carrier A at site-a: jitter 16.1 ms, usually 7.9 ms
      anomaly warning: Carrier B at site-a: latency 56.0 ms, usually 44.2 ms
-- ask your network
ok    answered: Voice is on Carrier A at site-a now, and it last moved there at 06:22:28 UTC because BFD came up on Carrier A after a brief failover to Carrier B at 06:22:25 UTC when BFD went down.
-- lab/ci/checks/m9-fabric.sh
-- simulated cloud gateways
ok    AWS and Azure gateways configured
-- cloud circuits
ok    created circuits 42 (AWS) and 43 (Azure)
ok    both circuits up (IPsec and BGP) 15 s after they were created
      AWS: up, BGP Established, routes 10.100.0.0/16
ok    site-a learned the AWS VPC route from the PoP
ok    lan-a reaches the AWS VPC (10.100.0.1) through the PoP
ok    site-a puts traffic for AWS in business
-- cloud router
ok    AWS reaches Azure through the PoP
-- elastic bandwidth
ok    20 Mbps reached the PoP's shaper on vc42
      charges so far: [{"mbps":50,"hours":0.01},{"mbps":20,"hours":0.0}]
-- layer 2 circuit
ok    VLAN 100 at site A and VLAN 200 at site B are one segment (lan-a pings lan-b)
ok    layer 2 circuit up and monitored: round trip 68.3 ms, 0.0% loss over the last minute
-- clean up
ok    deleted circuits are torn down at the PoP
-- lab/ci/checks/m9-internet.sh
-- through the PoP (the default)
ok    lan-a reaches the internet through the PoP, translated to the PoP's address
      site-a exits by: wg-a
-- firewall at the PoP
ok    a deny rule stops lan-a's pings at the PoP
ok    the rule's hits reach the portal
ok    deleting the rule lets the pings through again
-- port forward on the PoP's address
      server on lan-a:8080 answers locally
ok    a connection to 100.64.0.2:8080 from the internet reaches lan-a
ok    the internet cannot reach lan-a directly through the PoP
-- straight out at the site
ok    lan-a reaches the internet over carrier A, translated to site-a's address
ok    with carrier A cut, it leaves by carrier B within 20 s
ok    site-a reports it exits by eth2
-- clean up
ok    back through the PoP
-- lab/ci/checks/m9-order.sh
-- a layer 2 circuit ordered in plain English
      draft: {"actions":["site_circuit"],"summary":["New layer 2 circuit joining site-a and site-b, VLAN 100 at site-a and VLAN 200 at site-b, 20 Mbps."],"problems":[],"monthly_estimate":40.0}
ok    the draft reads a VLAN 100 to VLAN 200 circuit between site-a and site-b
ok    drafting changed nothing
ok    confirmed: Created circuit lab order l2.
ok    the ordered circuit carries traffic (lan-a pings lan-b over VLAN 100/200)
-- two changes in one order
      draft: {"actions":["bandwidth","internet_mode"],"summary":["Change lab order l2 from 20 to 30 Mbps, billed by the hour from now.","Send site-a's internet straight out of its own links (now through ExaCarib's PoP)."],"monthly_estimate":20.0}
ok    the draft has a bandwidth change and an internet change
ok    the circuit is now 30 Mbps
ok    site-a's internet now goes straight out (local eth1)
-- a draft with a problem
ok    a draft with VLAN 5000 says why and can't be confirmed
      AI draft (not confirmed): engine ai, [{"action":"cloud_circuit","provider":"aws","region":"us-east-1","site":"site-a","bandwidth_mbps":50}]
-- clean up
ok    circuit deleted and site-a back through the PoP
-- lab/ci/checks/m9-protection.sh
-- a resilient pair to the simulated AWS
ok    both tunnels of the pair up (IPsec and BGP)
ok    lan-a reaches the AWS VPC over the pair
-- encryption report
      summary: {"encrypted":8,"total":8}
ok    both tunnels encrypted: IKE AES_CBC-256/HMAC_SHA2_256_128/PRF_HMAC_SHA2_256/MODP_2048, ESP AES_CBC-256/HMAC_SHA2_256_128
ok    every site path is WireGuard-encrypted (6 encrypted)
-- the first tunnel fails
ok    the portal shows the first tunnel down and the second up
ok    the circuit stays up on one tunnel
ok    lan-a kept reaching the VPC: 300 of 300 pings answered (about 0.0 s lost; the BGP hold time is 30 s)
ok    the first tunnel recovers
-- DDoS protection at the PoP
ok    the internet reaches the PoP's public address
ok    the flooding source was blocked automatically ({"blocked":0,"auto":299,"flood":1,"syn":0})
ok    the blocked source can't reach the public address
ok    lifting the block lets it back in
ok    customers see the drop counts, not the addresses
-- the block list
ok    a block list entry stops the source
ok    removing it lets the source back in
-- clean up
ok    both tunnels torn down at the PoP
-- lab/ci/checks/m9-public-e2e.sh
-- API through https://connect.exacarib.com
ok    admin signs in at https://connect.exacarib.com
ok    every portal screen's data answers 200 through the public site
      settlement CSV: 200 text/csv; charset=utf-8
-- browser
ok    signed in through the browser
ok    Overview renders without errors
ok    Sites renders without errors
ok    Traffic: seen on your network renders without errors
ok    Traffic: rules renders without errors
ok    Traffic: classes renders without errors
ok    Decisions renders without errors
ok    Fabric renders without errors
ok    Internet renders without errors
ok    Order renders without errors
ok    Encryption renders without errors
ok    Metering renders without errors
ok    Insights renders without errors
ok    Ask your network renders without errors
ok    Carrier view renders without errors
ok    Account renders without errors
ok    Admin: agents renders without errors
ok    Admin: sites renders without errors
ok    Admin: classes renders without errors
ok    Admin: users renders without errors
ok    Admin: settings renders without errors
ok    Admin: partners renders without errors
ok    Admin: protection renders without errors
ok    Admin: audit renders without errors
ok    example hurricane and earthquake alerts appear on Insights
-- lab/ci/checks/m9-public.sh
ok    https://connect.exacarib.com/healthz answers on this host
ok    certificate from Let's Encrypt (issuer=C = US, O = Let's Encrypt, CN = YE1)
ok    portal served
ok    agent endpoints not served publicly
ok    API answers and needs sign-in
ok    connect.exacarib.com reachable from this host over the internet
      web container: running restarts=0
      caddy: {"level":"info","ts":1791093883.5209937,"msg":"using config from file","file":"/etc/caddy/Caddyfile"}
      caddy: {"level":"info","ts":1791093883.5209966,"msg":"adapted config to JSON","adapter":"caddyfile"}
      listening on public addresses: 22 80 443 
ok    controller, database and dev portal stay private
ok    an API key works through the public address
ok    a revoked key is refused at once
-- lab/ci/checks/m9-traffic.sh
-- priority queues
ok    site-a wg-a: qdisc cake 8090: root refcnt 2 bandwidth 190Mbit diffserv4 triple-isolate nonat nowash no-
ok    site-a wg-b: qdisc cake 8091: root refcnt 2 bandwidth 95Mbit diffserv4 triple-isolate nonat nowash no-a
-- application detection: Zoom-like traffic on UDP 8801 for 4 minutes
ok    site-a reported its flows to UDP 8801
ok    recognised: Zoom meetings seen at site-a: 1 flow(s) to UDP 8801, matches Zoom meetings (calls and meetings); currently unclassified. Suggest voice (real-time priority).
ok    suggests voice
ok    applied as rule 45
ok    site-a classifies UDP 8801-8810 as voice
ok    Zoom flows now report as voice
ok    site-b is unchanged (the rule is for site-a)
-- a customer rule: a subnet and port into business
ok    site-a classifies TCP 5201 to site B as business
ok    the PoP classifies the return direction

== Diagnostics (06:32:40)
pop-miami: running
site-a: running
site-b: running
-- agent log pop-miami
time=2026-10-04T06:29:02.112Z level=INFO msg="class moved" node=pop-miami class=voice dst=192.168.20.0/24 from=carrier-b to=bgp why=bfd
time=2026-10-04T06:29:02.112Z level=INFO msg="class moved" node=pop-miami class=business dst=192.168.20.0/24 from=carrier-b to=bgp why=bfd
time=2026-10-04T06:29:02.112Z level=INFO msg="class moved" node=pop-miami class=bulk dst=192.168.20.0/24 from=carrier-b to=paused why=bfd
time=2026-10-04T06:29:02.388Z level=INFO msg="bfd change" node=pop-miami peer=100.64.2.11 tunnel=wg-b status=init
time=2026-10-04T06:29:02.388Z level=INFO msg="bfd change" node=pop-miami peer=100.64.3.12 tunnel=wg-sat status=init
time=2026-10-04T06:29:02.409Z level=INFO msg="class moved" node=pop-miami class=business dst=192.168.10.0/24 from=bgp to=carrier-b why=bfd
time=2026-10-04T06:29:02.610Z level=INFO msg="bfd change" node=pop-miami peer=100.64.1.11 tunnel=wg-a status=init
time=2026-10-04T06:29:02.610Z level=INFO msg="bfd change" node=pop-miami peer=100.64.1.12 tunnel=wg-a status=init
time=2026-10-04T06:29:02.620Z level=INFO msg="class moved" node=pop-miami class=voice dst=192.168.10.0/24 from=bgp to=carrier-a why=bfd
time=2026-10-04T06:29:02.620Z level=INFO msg="class moved" node=pop-miami class=business dst=192.168.10.0/24 from=carrier-b to=carrier-a why=bfd
time=2026-10-04T06:29:02.620Z level=INFO msg="class moved" node=pop-miami class=bulk dst=192.168.10.0/24 from=paused to=carrier-b why=bfd
time=2026-10-04T06:29:02.620Z level=INFO msg="class moved" node=pop-miami class=voice dst=192.168.20.0/24 from=bgp to=carrier-a why=bfd
time=2026-10-04T06:29:02.620Z level=INFO msg="class moved" node=pop-miami class=business dst=192.168.20.0/24 from=bgp to=carrier-b why=bfd
time=2026-10-04T06:29:02.620Z level=INFO msg="class moved" node=pop-miami class=bulk dst=192.168.20.0/24 from=paused to=carrier-b why=bfd
time=2026-10-04T06:29:03.100Z level=INFO msg="bfd change" node=pop-miami peer=100.64.2.11 tunnel=wg-b status=up
time=2026-10-04T06:29:03.100Z level=INFO msg="bfd change" node=pop-miami peer=100.64.1.11 tunnel=wg-a status=up
time=2026-10-04T06:29:03.100Z level=INFO msg="bfd change" node=pop-miami peer=100.64.3.11 tunnel=wg-sat status=up
time=2026-10-04T06:29:03.100Z level=INFO msg="bfd change" node=pop-miami peer=100.64.2.12 tunnel=wg-b status=up
time=2026-10-04T06:29:03.100Z level=INFO msg="bfd change" node=pop-miami peer=100.64.3.12 tunnel=wg-sat status=up
time=2026-10-04T06:29:03.100Z level=INFO msg="bfd change" node=pop-miami peer=100.64.1.12 tunnel=wg-a status=up
time=2026-10-04T06:29:03.107Z level=INFO msg="class moved" node=pop-miami class=voice dst=192.168.10.0/24 from=carrier-a to=carrier-b why=bfd
time=2026-10-04T06:29:03.107Z level=INFO msg="class moved" node=pop-miami class=business dst=192.168.10.0/24 from=carrier-a to=carrier-b why=bfd
time=2026-10-04T06:29:03.107Z level=INFO msg="class moved" node=pop-miami class=voice dst=192.168.20.0/24 from=carrier-a to=carrier-b why=bfd
time=2026-10-04T06:31:34.574Z level=INFO msg="new steering map" node=pop-miami version=457 storm=false
time=2026-10-04T06:32:34.542Z level=INFO msg="new steering map" node=pop-miami version=459 storm=false
-- agent log site-a
time=2026-10-04T06:28:50.556Z level=INFO msg="class moved" node=site-a class=business dst="" from=carrier-b to=bgp why=bfd
time=2026-10-04T06:28:50.556Z level=INFO msg="class moved" node=site-a class=bulk dst="" from=carrier-b to=paused why=bfd
time=2026-10-04T06:28:52.013Z level=INFO msg="bfd change" node=site-a peer=100.64.1.1 tunnel=wg-a status=up
time=2026-10-04T06:28:52.013Z level=INFO msg="bfd change" node=site-a peer=100.64.2.1 tunnel=wg-b status=up
time=2026-10-04T06:28:52.013Z level=INFO msg="bfd change" node=site-a peer=100.64.3.1 tunnel=wg-sat status=up
time=2026-10-04T06:28:52.017Z level=INFO msg="class moved" node=site-a class=voice dst="" from=bgp to=carrier-b why=bfd
time=2026-10-04T06:28:52.017Z level=INFO msg="class moved" node=site-a class=business dst="" from=bgp to=carrier-b why=bfd
time=2026-10-04T06:28:52.017Z level=INFO msg="class moved" node=site-a class=bulk dst="" from=paused to=carrier-b why=bfd
time=2026-10-04T06:29:00.562Z level=INFO msg="bfd change" node=site-a peer=100.64.1.1 tunnel=wg-a status=down
time=2026-10-04T06:29:00.575Z level=INFO msg="internet exit changed" node=site-a from=wg-a to=wg-b
time=2026-10-04T06:29:01.167Z level=INFO msg="bfd change" node=site-a peer=100.64.2.1 tunnel=wg-b status=down
time=2026-10-04T06:29:01.167Z level=INFO msg="bfd change" node=site-a peer=100.64.3.1 tunnel=wg-sat status=down
time=2026-10-04T06:29:01.178Z level=INFO msg="class moved" node=site-a class=voice dst="" from=carrier-b to=bgp why=bfd
time=2026-10-04T06:29:01.178Z level=INFO msg="class moved" node=site-a class=business dst="" from=carrier-b to=bgp why=bfd
time=2026-10-04T06:29:01.179Z level=INFO msg="class moved" node=site-a class=bulk dst="" from=carrier-b to=paused why=bfd
time=2026-10-04T06:29:01.193Z level=INFO msg="internet exit changed" node=site-a from=wg-b to=wg-a
time=2026-10-04T06:29:03.070Z level=INFO msg="bfd change" node=site-a peer=100.64.1.1 tunnel=wg-a status=up
time=2026-10-04T06:29:03.070Z level=INFO msg="bfd change" node=site-a peer=100.64.2.1 tunnel=wg-b status=up
time=2026-10-04T06:29:03.070Z level=INFO msg="bfd change" node=site-a peer=100.64.3.1 tunnel=wg-sat status=up
time=2026-10-04T06:29:03.074Z level=INFO msg="class moved" node=site-a class=voice dst="" from=bgp to=carrier-b why=bfd
time=2026-10-04T06:29:03.074Z level=INFO msg="class moved" node=site-a class=business dst="" from=bgp to=carrier-b why=bfd
time=2026-10-04T06:29:03.074Z level=INFO msg="class moved" node=site-a class=bulk dst="" from=paused to=carrier-b why=bfd
time=2026-10-04T06:31:35.142Z level=INFO msg="new steering map" node=site-a version=387 storm=false
time=2026-10-04T06:32:35.016Z level=INFO msg="new steering map" node=site-a version=389 storm=false
time=2026-10-04T06:32:40.303Z level=INFO msg="new steering map" node=site-a version=390 storm=false
-- agent log site-b
time=2026-10-04T06:28:50.447Z level=INFO msg="internet exit changed" node=site-b from=wg-b to=wg-sat
time=2026-10-04T06:28:50.947Z level=INFO msg="bfd change" node=site-b peer=100.64.3.1 tunnel=wg-sat status=down
time=2026-10-04T06:28:50.961Z level=INFO msg="internet exit changed" node=site-b from=wg-sat to=wg-a
time=2026-10-04T06:28:52.333Z level=INFO msg="bfd change" node=site-b peer=100.64.1.1 tunnel=wg-a status=up
time=2026-10-04T06:28:52.333Z level=INFO msg="bfd change" node=site-b peer=100.64.3.1 tunnel=wg-sat status=up
time=2026-10-04T06:28:52.333Z level=INFO msg="bfd change" node=site-b peer=100.64.2.1 tunnel=wg-b status=up
time=2026-10-04T06:28:52.338Z level=INFO msg="class moved" node=site-b class=voice dst="" from=bgp to=carrier-b why=bfd
time=2026-10-04T06:28:52.338Z level=INFO msg="class moved" node=site-b class=business dst="" from=bgp to=carrier-b why=bfd
time=2026-10-04T06:28:52.338Z level=INFO msg="class moved" node=site-b class=bulk dst="" from=paused to=carrier-b why=bfd
time=2026-10-04T06:29:00.939Z level=INFO msg="bfd change" node=site-b peer=100.64.1.1 tunnel=wg-a status=down
time=2026-10-04T06:29:00.939Z level=INFO msg="bfd change" node=site-b peer=100.64.2.1 tunnel=wg-b status=down
time=2026-10-04T06:29:00.947Z level=INFO msg="class moved" node=site-b class=voice dst="" from=carrier-b to=bgp why=bfd
time=2026-10-04T06:29:00.947Z level=INFO msg="class moved" node=site-b class=business dst="" from=carrier-b to=bgp why=bfd
time=2026-10-04T06:29:00.947Z level=INFO msg="class moved" node=site-b class=bulk dst="" from=carrier-b to=paused why=bfd
time=2026-10-04T06:29:00.951Z level=INFO msg="internet exit changed" node=site-b from=wg-a to=wg-sat
time=2026-10-04T06:29:01.397Z level=INFO msg="bfd change" node=site-b peer=100.64.3.1 tunnel=wg-sat status=down
time=2026-10-04T06:29:01.403Z level=INFO msg="internet exit changed" node=site-b from=wg-sat to=wg-a
time=2026-10-04T06:29:03.483Z level=INFO msg="bfd change" node=site-b peer=100.64.1.1 tunnel=wg-a status=up
time=2026-10-04T06:29:03.484Z level=INFO msg="bfd change" node=site-b peer=100.64.3.1 tunnel=wg-sat status=up
time=2026-10-04T06:29:03.484Z level=INFO msg="bfd change" node=site-b peer=100.64.2.1 tunnel=wg-b status=up
time=2026-10-04T06:29:03.491Z level=INFO msg="class moved" node=site-b class=voice dst="" from=bgp to=carrier-b why=bfd
time=2026-10-04T06:29:03.491Z level=INFO msg="class moved" node=site-b class=business dst="" from=bgp to=carrier-b why=bfd
time=2026-10-04T06:29:03.491Z level=INFO msg="class moved" node=site-b class=bulk dst="" from=paused to=carrier-b why=bfd
time=2026-10-04T06:32:35.303Z level=INFO msg="new steering map" node=site-b version=233 storm=false
time=2026-10-04T06:32:40.437Z level=INFO msg="new steering map" node=site-b version=234 storm=false
-- controller log
controller-1  | INFO:     127.0.0.1:47984 - "GET /healthz HTTP/1.1" 200 OK
controller-1  | INFO:     172.18.0.4:33262 - "GET /api/v1/agent/steering?have=387 HTTP/1.0" 204 No Content
controller-1  | INFO:     172.18.0.4:33272 - "GET /api/v1/agent/steering?have=232 HTTP/1.0" 204 No Content
controller-1  | INFO:     172.18.0.4:48314 - "GET /api/v1/agent/desired-state?have=145 HTTP/1.0" 204 No Content
controller-1  | INFO:     172.18.0.4:48326 - "GET /api/v1/agent/steering?have=457 HTTP/1.0" 204 No Content
controller-1  | INFO:     172.18.0.4:48342 - "POST /api/v1/agent/telemetry HTTP/1.0" 204 No Content
controller-1  | INFO:     172.18.0.4:48344 - "GET /api/v1/agent/desired-state?have=120 HTTP/1.0" 204 No Content
controller-1  | INFO:     172.18.0.4:48352 - "GET /api/v1/agent/steering?have=387 HTTP/1.0" 204 No Content
controller-1  | INFO:     172.18.0.4:48354 - "POST /api/v1/agent/telemetry HTTP/1.0" 204 No Content
controller-1  | INFO:     127.0.0.1:37464 - "GET /healthz HTTP/1.1" 200 OK
controller-1  | INFO:     172.18.0.4:48364 - "GET /api/v1/agent/desired-state?have=50 HTTP/1.0" 204 No Content
controller-1  | INFO:     172.18.0.4:48376 - "POST /api/v1/agent/telemetry HTTP/1.0" 204 No Content
controller-1  | INFO:     172.18.0.4:48388 - "GET /api/v1/agent/steering?have=232 HTTP/1.0" 204 No Content
controller-1  | INFO:     172.18.0.4:48398 - "GET /api/v1/agent/steering?have=457 HTTP/1.0" 204 No Content
controller-1  | INFO:     172.18.0.4:48410 - "GET /api/v1/agent/steering?have=387 HTTP/1.0" 204 No Content
controller-1  | INFO:     172.18.0.4:48416 - "GET /api/v1/agent/steering?have=232 HTTP/1.0" 204 No Content
controller-1  | INFO:     127.0.0.1:37478 - "GET /healthz HTTP/1.1" 200 OK
controller-1  | INFO:     172.18.0.4:45706 - "GET /api/v1/agent/desired-state?have=145 HTTP/1.0" 204 No Content
controller-1  | INFO:     172.18.0.4:45714 - "GET /api/v1/agent/steering?have=457 HTTP/1.0" 204 No Content
controller-1  | INFO:     172.18.0.4:45724 - "POST /api/v1/agent/telemetry HTTP/1.0" 204 No Content
controller-1  | INFO:     172.18.0.4:45730 - "GET /api/v1/agent/desired-state?have=120 HTTP/1.0" 204 No Content
controller-1  | INFO:     172.18.0.4:45746 - "GET /api/v1/agent/steering?have=387 HTTP/1.0" 204 No Content
controller-1  | INFO:     172.18.0.4:45762 - "POST /api/v1/agent/telemetry HTTP/1.0" 204 No Content
controller-1  | INFO:     172.18.0.4:45768 - "GET /api/v1/agent/desired-state?have=50 HTTP/1.0" 204 No Content
controller-1  | INFO:     172.18.0.4:45780 - "GET /api/v1/agent/steering?have=232 HTTP/1.0" 204 No Content
controller-1  | INFO:     172.18.0.4:45788 - "POST /api/v1/agent/telemetry HTTP/1.0" 204 No Content
controller-1  | INFO:     127.0.0.1:39702 - "GET /healthz HTTP/1.1" 200 OK
controller-1  | INFO:     172.18.0.4:45802 - "GET /api/v1/agent/steering?have=457 HTTP/1.0" 204 No Content
controller-1  | INFO:     172.18.0.4:45812 - "GET /api/v1/agent/steering?have=387 HTTP/1.0" 204 No Content
controller-1  | INFO:     172.18.0.4:45826 - "GET /api/v1/agent/steering?have=232 HTTP/1.0" 204 No Content
controller-1  | INFO:     127.0.0.1:55482 - "GET /healthz HTTP/1.1" 200 OK
controller-1  | INFO:     172.18.0.4:53952 - "GET /api/v1/agent/desired-state?have=145 HTTP/1.0" 204 No Content
controller-1  | INFO:     172.18.0.4:53968 - "POST /api/v1/agent/telemetry HTTP/1.0" 204 No Content
controller-1  | INFO:     172.18.0.4:53978 - "GET /api/v1/agent/steering?have=457 HTTP/1.0" 204 No Content
controller-1  | INFO:     172.18.0.4:53988 - "GET /api/v1/agent/desired-state?have=120 HTTP/1.0" 204 No Content
controller-1  | INFO:     172.18.0.4:54002 - "POST /api/v1/agent/telemetry HTTP/1.0" 204 No Content
controller-1  | INFO:     172.18.0.4:54006 - "GET /api/v1/agent/steering?have=387 HTTP/1.0" 204 No Content
controller-1  | INFO:     172.18.0.4:54020 - "GET /api/v1/agent/desired-state?have=50 HTTP/1.0" 204 No Content
controller-1  | INFO:     172.18.0.4:54024 - "GET /api/v1/agent/steering?have=232 HTTP/1.0" 204 No Content
controller-1  | INFO:     172.18.0.4:54030 - "POST /api/v1/agent/telemetry HTTP/1.0" 204 No Content
controller-1  | INFO:     127.0.0.1:55504 - "GET /healthz HTTP/1.1" 200 OK
controller-1  | INFO:     172.18.0.1:37018 - "POST /api/v1/auth/login HTTP/1.1" 200 OK
controller-1  | INFO:     172.18.0.1:37030 - "DELETE /api/v1/customers/4d26813b-aaa6-4be7-9b73-1730be959882/rules/45 HTTP/1.1" 204 No Content
controller-1  | INFO:     172.18.0.1:37032 - "POST /api/v1/auth/login HTTP/1.1" 200 OK
controller-1  | INFO:     172.18.0.1:37048 - "POST /api/v1/customers/4d26813b-aaa6-4be7-9b73-1730be959882/rules HTTP/1.1" 201 Created
controller-1  | INFO:     172.18.0.4:54040 - "GET /api/v1/agent/steering?have=457 HTTP/1.0" 200 OK
controller-1  | INFO:     172.18.0.4:54042 - "GET /api/v1/agent/steering?have=387 HTTP/1.0" 200 OK
controller-1  | INFO:     172.18.0.4:54052 - "GET /api/v1/agent/steering?have=232 HTTP/1.0" 200 OK
controller-1  | INFO:     127.0.0.1:53772 - "GET /healthz HTTP/1.1" 200 OK
controller-1  | INFO:     172.18.0.4:43770 - "GET /api/v1/agent/desired-state?have=145 HTTP/1.0" 204 No Content
controller-1  | INFO:     172.18.0.4:43780 - "GET /api/v1/agent/steering?have=459 HTTP/1.0" 204 No Content
controller-1  | INFO:     172.18.0.1:59398 - "POST /api/v1/auth/login HTTP/1.1" 200 OK
controller-1  | INFO:     172.18.0.1:59412 - "DELETE /api/v1/customers/4d26813b-aaa6-4be7-9b73-1730be959882/rules/46 HTTP/1.1" 204 No Content
controller-1  | INFO:     172.18.0.4:43806 - "GET /api/v1/agent/desired-state?have=120 HTTP/1.0" 204 No Content
controller-1  | INFO:     172.18.0.4:43794 - "POST /api/v1/agent/telemetry HTTP/1.0" 204 No Content
controller-1  | INFO:     172.18.0.4:43810 - "POST /api/v1/agent/telemetry HTTP/1.0" 204 No Content
controller-1  | INFO:     172.18.0.4:43826 - "GET /api/v1/agent/steering?have=389 HTTP/1.0" 200 OK
controller-1  | INFO:     172.18.0.4:43838 - "GET /api/v1/agent/desired-state?have=50 HTTP/1.0" 204 No Content
controller-1  | INFO:     172.18.0.4:43846 - "POST /api/v1/agent/telemetry HTTP/1.0" 204 No Content
controller-1  | INFO:     172.18.0.4:43854 - "GET /api/v1/agent/steering?have=233 HTTP/1.0" 200 OK
-- controller containers
exaconnect-controller-1 Up 10 minutes (healthy)
exaconnect-db-1 Up 3 days (healthy)
exaconnect-proxy-1 Up 9 minutes
exaconnect-web-1 Up 27 minutes
/exaconnect-controller-1 restarts 0, started 2026-10-04T06:22:31.133002586Z, OOM killed false
/exaconnect-db-1 restarts 0, started 2026-10-01T05:06:52.589123103Z, OOM killed false
/exaconnect-proxy-1 restarts 0, started 2026-10-04T06:22:48.253832775Z, OOM killed false
/exaconnect-web-1 restarts 0, started 2026-10-04T06:04:42.681591729Z, OOM killed false
-- host
 08:32:43 up 3 days,  4:57,  0 user,  load average: 3.87, 5.04, 5.62
               total        used        free      shared  buff/cache   available
Mem:            7941        1761        5117         150        1519        6180
Swap:              0           0           0
procs -----------memory---------- ---swap-- -----io---- -system-- -------cpu-------
 r  b   swpd   free   buff  cache   si   so    bi    bo   in   cs us sy id wa st gu
 1  0      0 5240752   9776 1546212    0    0    59   257 5122   19  6 20 73  0  0  0
 0  0      0 5239996   9784 1546392    0    0     0   400 5175 6010  4 17 78  1  0  0
 2  0      0 5256896   9784 1546392    0    0     0   352 5290 6897  6 24 70  0  0  0
