commit c9fb087: Fabric step 4: partner directory and plain-English ordering

== Lab already up; rebuilding the agent (03:48:52)

== Controller (03:49:24)
.env ready (admin: admin@exacarib.local)
time="2026-10-04T05:49:25+02:00" level=warning msg="Docker Compose is configured to build using Bake, but buildx isn't installed"
#0 building with "default" instance using docker driver

#1 [controller internal] load build definition from Dockerfile
#1 transferring dockerfile: 559B done
#1 DONE 0.0s

#2 [controller internal] load metadata for docker.io/library/python:3.12-slim
#2 DONE 0.5s

#3 [controller internal] load .dockerignore
#3 transferring context: 2B done
#3 DONE 0.0s

#4 [controller 1/5] FROM docker.io/library/python:3.12-slim@sha256:dddfd7e07f9d15aeeca61529320492139d21cac7f0070c00609243e51e4e0016
#4 resolve docker.io/library/python:3.12-slim@sha256:dddfd7e07f9d15aeeca61529320492139d21cac7f0070c00609243e51e4e0016 0.0s done
#4 DONE 0.0s

#5 [controller internal] load build context
#5 transferring context: 86.89kB 0.0s done
#5 DONE 0.0s

#6 [controller 2/5] WORKDIR /app
#6 CACHED

#7 [controller 3/5] COPY pyproject.toml ./
#7 CACHED

#8 [controller 4/5] COPY exaconnect_controller ./exaconnect_controller
#8 DONE 0.1s

#9 [controller 5/5] RUN pip install --no-cache-dir . && mkdir -p /data && chown nobody:nogroup /data
#9 5.915 Processing /app
#9 5.922   Installing build dependencies: started
#9 8.936   Installing build dependencies: finished with status 'done'
#9 8.939   Getting requirements to build wheel: started
#9 9.698   Getting requirements to build wheel: finished with status 'done'
#9 9.698   Preparing metadata (pyproject.toml): started
#9 10.15   Preparing metadata (pyproject.toml): finished with status 'done'
#9 10.37 Collecting fastapi>=0.115 (from exaconnect-controller==0.2.0)
#9 10.41   Downloading fastapi-0.142.2-py3-none-any.whl.metadata (27 kB)
#9 10.49 Collecting uvicorn>=0.30 (from uvicorn[standard]>=0.30->exaconnect-controller==0.2.0)
#9 10.50   Downloading uvicorn-0.54.0-py3-none-any.whl.metadata (6.6 kB)
#9 10.72 Collecting pydantic>=2.7 (from exaconnect-controller==0.2.0)
#9 10.75   Downloading pydantic-2.13.5-py3-none-any.whl.metadata (110 kB)
#9 10.79 Collecting psycopg>=3.2 (from psycopg[binary]>=3.2->exaconnect-controller==0.2.0)
#9 10.80   Downloading psycopg-3.3.6-py3-none-any.whl.metadata (4.4 kB)
#9 10.89 Collecting psycopg-pool>=3.2 (from exaconnect-controller==0.2.0)
#9 10.90   Downloading psycopg_pool-3.3.3-py3-none-any.whl.metadata (2.8 kB)
#9 11.28 Collecting cryptography>=43 (from exaconnect-controller==0.2.0)
#9 11.31   Downloading cryptography-50.0.2-cp311-abi3-manylinux_2_34_x86_64.whl.metadata (4.4 kB)
#9 11.51 Collecting cffi>=2.0.0 (from cryptography>=43->exaconnect-controller==0.2.0)
#9 11.51   Downloading cffi-2.1.1-cp312-cp312-manylinux2014_x86_64.manylinux_2_17_x86_64.whl.metadata (2.5 kB)
#9 11.56 Collecting starlette>=0.46.0 (from fastapi>=0.115->exaconnect-controller==0.2.0)
#9 11.58   Downloading starlette-1.7.0-py3-none-any.whl.metadata (6.6 kB)
#9 11.65 Collecting typing-extensions>=4.8.0 (from fastapi>=0.115->exaconnect-controller==0.2.0)
#9 11.66   Downloading typing_extensions-4.16.0-py3-none-any.whl.metadata (3.3 kB)
#9 11.67 Collecting typing-inspection>=0.4.2 (from fastapi>=0.115->exaconnect-controller==0.2.0)
#9 11.68   Downloading typing_inspection-0.4.4-py3-none-any.whl.metadata (2.6 kB)
#9 11.69 Collecting annotated-doc>=0.0.2 (from fastapi>=0.115->exaconnect-controller==0.2.0)
#9 11.70   Downloading annotated_doc-0.0.5-py3-none-any.whl.metadata (6.5 kB)
#9 11.74 Collecting opentelemetry-api>=1.44.0 (from fastapi>=0.115->exaconnect-controller==0.2.0)
#9 11.75   Downloading opentelemetry_api-1.45.0-py3-none-any.whl.metadata (1.4 kB)
#9 12.03 Collecting psycopg-binary==3.3.6 (from psycopg[binary]>=3.2->exaconnect-controller==0.2.0)
#9 12.04   Downloading psycopg_binary-3.3.6-cp312-cp312-manylinux2014_x86_64.manylinux_2_17_x86_64.whl.metadata (2.7 kB)
#9 12.07 Collecting annotated-types>=0.6.0 (from pydantic>=2.7->exaconnect-controller==0.2.0)
#9 12.16   Downloading annotated_types-0.8.0-py3-none-any.whl.metadata (15 kB)
#9 13.67 Collecting pydantic-core==2.46.5 (from pydantic>=2.7->exaconnect-controller==0.2.0)
#9 13.68   Downloading pydantic_core-2.46.5-cp312-cp312-manylinux_2_17_x86_64.manylinux2014_x86_64.whl.metadata (6.6 kB)
#9 13.73 Collecting click>=7.0 (from uvicorn>=0.30->uvicorn[standard]>=0.30->exaconnect-controller==0.2.0)
#9 13.74   Downloading click-8.5.0-py3-none-any.whl.metadata (2.6 kB)
#9 13.76 Collecting h11>=0.8 (from uvicorn>=0.30->uvicorn[standard]>=0.30->exaconnect-controller==0.2.0)
#9 13.76   Downloading h11-0.16.0-py3-none-any.whl.metadata (8.3 kB)
#9 13.82 Collecting httptools>=0.8.0 (from uvicorn[standard]>=0.30->exaconnect-controller==0.2.0)
#9 13.82   Downloading httptools-0.8.0-cp312-cp312-manylinux1_x86_64.manylinux_2_28_x86_64.manylinux_2_5_x86_64.whl.metadata (3.5 kB)
#9 13.85 Collecting python-dotenv>=0.13 (from uvicorn[standard]>=0.30->exaconnect-controller==0.2.0)
#9 13.85   Downloading python_dotenv-1.2.4-py3-none-any.whl.metadata (29 kB)
#9 13.92 Collecting pyyaml>=5.1 (from uvicorn[standard]>=0.30->exaconnect-controller==0.2.0)
#9 13.98   Downloading pyyaml-6.0.3-cp312-cp312-manylinux2014_x86_64.manylinux_2_17_x86_64.manylinux_2_28_x86_64.whl.metadata (2.4 kB)
#9 14.05 Collecting uvloop>=0.15.1 (from uvicorn[standard]>=0.30->exaconnect-controller==0.2.0)
#9 14.06   Downloading uvloop-0.23.0-cp312-cp312-manylinux2014_x86_64.manylinux_2_17_x86_64.manylinux_2_28_x86_64.whl.metadata (5.1 kB)
#9 14.22 Collecting watchfiles>=0.20 (from uvicorn[standard]>=0.30->exaconnect-controller==0.2.0)
#9 14.22   Downloading watchfiles-1.3.0-cp310-abi3-manylinux_2_17_x86_64.manylinux2014_x86_64.whl.metadata (4.9 kB)
#9 14.51 Collecting websockets>=13.0 (from uvicorn[standard]>=0.30->exaconnect-controller==0.2.0)
#9 14.52   Downloading websockets-17.2-cp312-cp312-manylinux1_x86_64.manylinux_2_28_x86_64.manylinux_2_5_x86_64.whl.metadata (6.3 kB)
#9 14.55 Collecting pycparser (from cffi>=2.0.0->cryptography>=43->exaconnect-controller==0.2.0)
#9 14.56   Downloading pycparser-3.0-py3-none-any.whl.metadata (8.2 kB)
#9 14.61 Collecting anyio<5,>=4.0.0 (from starlette>=0.46.0->fastapi>=0.115->exaconnect-controller==0.2.0)
#9 14.63   Downloading anyio-4.15.1-py3-none-any.whl.metadata (4.7 kB)
#9 14.75 Collecting idna>=2.8 (from anyio<5,>=4.0.0->starlette>=0.46.0->fastapi>=0.115->exaconnect-controller==0.2.0)
#9 14.76   Downloading idna-3.20-py3-none-any.whl.metadata (7.2 kB)
#9 14.79 Downloading cryptography-50.0.2-cp311-abi3-manylinux_2_34_x86_64.whl (4.8 MB)
#9 14.99    ━━━━━━━━━━━━━━━━━━━━━━━━━━━━━━━━━━━━━━━━ 4.8/4.8 MB 24.2 MB/s eta 0:00:00
#9 15.01 Downloading fastapi-0.142.2-py3-none-any.whl (144 kB)
#9 15.01 Downloading psycopg-3.3.6-py3-none-any.whl (215 kB)
#9 15.02 Downloading psycopg_pool-3.3.3-py3-none-any.whl (40 kB)
#9 15.03 Downloading psycopg_binary-3.3.6-cp312-cp312-manylinux2014_x86_64.manylinux_2_17_x86_64.whl (5.2 MB)
#9 15.27    ━━━━━━━━━━━━━━━━━━━━━━━━━━━━━━━━━━━━━━━━ 5.2/5.2 MB 23.1 MB/s eta 0:00:00
#9 15.29 Downloading pydantic-2.13.5-py3-none-any.whl (472 kB)
#9 15.32 Downloading pydantic_core-2.46.5-cp312-cp312-manylinux_2_17_x86_64.manylinux2014_x86_64.whl (2.1 MB)
#9 15.40    ━━━━━━━━━━━━━━━━━━━━━━━━━━━━━━━━━━━━━━━━ 2.1/2.1 MB 26.7 MB/s eta 0:00:00
#9 15.41 Downloading uvicorn-0.54.0-py3-none-any.whl (87 kB)
#9 15.41 Downloading annotated_doc-0.0.5-py3-none-any.whl (5.3 kB)
#9 15.42 Downloading annotated_types-0.8.0-py3-none-any.whl (13 kB)
#9 15.42 Downloading cffi-2.1.1-cp312-cp312-manylinux2014_x86_64.manylinux_2_17_x86_64.whl (221 kB)
#9 15.45 Downloading click-8.5.0-py3-none-any.whl (125 kB)
#9 15.45 Downloading h11-0.16.0-py3-none-any.whl (37 kB)
#9 15.46 Downloading httptools-0.8.0-cp312-cp312-manylinux1_x86_64.manylinux_2_28_x86_64.manylinux_2_5_x86_64.whl (523 kB)
#9 15.49 Downloading opentelemetry_api-1.45.0-py3-none-any.whl (60 kB)
#9 15.50 Downloading python_dotenv-1.2.4-py3-none-any.whl (23 kB)
#9 15.50 Downloading pyyaml-6.0.3-cp312-cp312-manylinux2014_x86_64.manylinux_2_17_x86_64.manylinux_2_28_x86_64.whl (807 kB)
#9 15.53    ━━━━━━━━━━━━━━━━━━━━━━━━━━━━━━━━━━━━━━━━ 807.9/807.9 kB 26.0 MB/s eta 0:00:00
#9 15.55 Downloading starlette-1.7.0-py3-none-any.whl (78 kB)
#9 15.56 Downloading typing_extensions-4.16.0-py3-none-any.whl (45 kB)
#9 15.56 Downloading typing_inspection-0.4.4-py3-none-any.whl (14 kB)
#9 15.57 Downloading uvloop-0.23.0-cp312-cp312-manylinux2014_x86_64.manylinux_2_17_x86_64.manylinux_2_28_x86_64.whl (4.5 MB)
#9 15.76    ━━━━━━━━━━━━━━━━━━━━━━━━━━━━━━━━━━━━━━━━ 4.5/4.5 MB 25.0 MB/s eta 0:00:00
#9 15.76 Downloading watchfiles-1.3.0-cp310-abi3-manylinux_2_17_x86_64.manylinux2014_x86_64.whl (458 kB)
#9 15.80 Downloading websockets-17.2-cp312-cp312-manylinux1_x86_64.manylinux_2_28_x86_64.manylinux_2_5_x86_64.whl (225 kB)
#9 15.83 Downloading anyio-4.15.1-py3-none-any.whl (132 kB)
#9 15.84 Downloading pycparser-3.0-py3-none-any.whl (48 kB)
#9 15.85 Downloading idna-3.20-py3-none-any.whl (69 kB)
#9 15.93 Building wheels for collected packages: exaconnect-controller
#9 15.93   Building wheel for exaconnect-controller (pyproject.toml): started
#9 16.53   Building wheel for exaconnect-controller (pyproject.toml): finished with status 'done'
#9 16.53   Created wheel for exaconnect-controller: filename=exaconnect_controller-0.2.0-py3-none-any.whl size=134472 sha256=f2ab7432e4e65a3e9cfa82b9d148b4cceed3684bb5c2276b998a7200c6b33e1b
#9 16.53   Stored in directory: /tmp/pip-ephem-wheel-cache-kc2_s8jp/wheels/54/1b/b7/aa63e25c8f14f4f2ae7b04e6097bdecb770e455c5c1ee0a600
#9 16.53 Successfully built exaconnect-controller
#9 16.61 Installing collected packages: websockets, uvloop, typing-extensions, pyyaml, python-dotenv, pycparser, psycopg-binary, idna, httptools, h11, click, annotated-types, annotated-doc, uvicorn, typing-inspection, pydantic-core, psycopg-pool, psycopg, opentelemetry-api, cffi, anyio, watchfiles, starlette, pydantic, cryptography, fastapi, exaconnect-controller
#9 21.87 Successfully installed annotated-doc-0.0.5 annotated-types-0.8.0 anyio-4.15.1 cffi-2.1.1 click-8.5.0 cryptography-50.0.2 exaconnect-controller-0.2.0 fastapi-0.142.2 h11-0.16.0 httptools-0.8.0 idna-3.20 opentelemetry-api-1.45.0 psycopg-3.3.6 psycopg-binary-3.3.6 psycopg-pool-3.3.3 pycparser-3.0 pydantic-2.13.5 pydantic-core-2.46.5 python-dotenv-1.2.4 pyyaml-6.0.3 starlette-1.7.0 typing-extensions-4.16.0 typing-inspection-0.4.4 uvicorn-0.54.0 uvloop-0.23.0 watchfiles-1.3.0 websockets-17.2
#9 21.87 WARNING: Running pip as the 'root' user can result in broken permissions and conflicting behaviour with the system package manager, possibly rendering your system unusable. It is recommended to use a virtual environment instead: https://pip.pypa.io/warnings/venv. Use the --root-user-action option if you know what you are doing and want to suppress this warning.
#9 22.06 
#9 22.06 [notice] A new release of pip is available: 25.0.1 -> 26.2.1
#9 22.06 [notice] To update, run: pip install --upgrade pip
#9 DONE 23.3s

#10 [controller] exporting to image
#10 exporting layers
#10 exporting layers 8.0s done
#10 exporting manifest sha256:e0dae5dfd9489123aa531389430569f469c665f6ce189396ebefbef2e592499f 0.0s done
#10 exporting config sha256:3e22023f228aaec8e5201061cbafdb81d54894f4a78faca108f448ef4cec587b 0.0s done
#10 exporting attestation manifest sha256:33d7b68a923015305d27d4dae983f9e920c7a3dee633d25fd45b2de7851a1fbb 0.1s done
#10 exporting manifest list sha256:f0d9d4571ae5e675e8b5a897e7db282df9a9542181ab4971e0cf0143bdab74ac
#10 exporting manifest list sha256:f0d9d4571ae5e675e8b5a897e7db282df9a9542181ab4971e0cf0143bdab74ac 0.0s done
#10 naming to docker.io/library/exaconnect-controller:latest done
#10 unpacking to docker.io/library/exaconnect-controller:latest
#10 unpacking to docker.io/library/exaconnect-controller:latest 2.0s done
#10 DONE 10.5s

#11 [controller] resolving provenance for metadata file
#11 DONE 0.0s
 controller  Built
time="2026-10-04T05:50:01+02:00" level=warning msg="Found orphan containers ([exaconnect-web-1]) for this project. If you removed or renamed this service in your compose file, you can run this command with the --remove-orphans flag to clean it up."
 Container exaconnect-db-1  Running
 Container exaconnect-controller-1  Recreate
 Container exaconnect-controller-1  Recreated
 Container exaconnect-proxy-1  Running
 Container exaconnect-db-1  Waiting
 Container exaconnect-db-1  Healthy
 Container exaconnect-controller-1  Starting
 Container exaconnect-controller-1  Started
 Container exaconnect-controller-1  Waiting
 Container exaconnect-controller-1  Healthy
 Container exaconnect-proxy-1  Waiting
 Container exaconnect-db-1  Waiting
 Container exaconnect-controller-1  Waiting
 Container exaconnect-db-1  Healthy
 Container exaconnect-proxy-1  Healthy
 Container exaconnect-controller-1  Healthy
time="2026-10-04T05:50:13+02:00" level=warning msg="Found orphan containers ([exaconnect-web-1]) for this project. If you removed or renamed this service in your compose file, you can run this command with the --remove-orphans flag to clean it up."
 Container exaconnect-proxy-1  Recreate
 Container exaconnect-proxy-1  Recreated
 Container exaconnect-proxy-1  Starting
 Container exaconnect-proxy-1  Started
 Container exaconnect-proxy-1  Waiting
 Container exaconnect-proxy-1  Healthy

== Agents (03:50:15)
pop-miami: agent stopped
site-a: agent stopped
site-b: agent stopped
pop-miami: agent started
site-a: agent started
site-b: agent started

== Public portal (03:50:20)
time="2026-10-04T05:50:21+02:00" level=warning msg="Docker Compose is configured to build using Bake, but buildx isn't installed"
#0 building with "default" instance using docker driver

#1 [controller internal] load build definition from Dockerfile
#1 transferring dockerfile: 559B 0.0s done
#1 DONE 0.0s

#2 [controller internal] load metadata for docker.io/library/python:3.12-slim
#2 DONE 0.3s

#3 [controller internal] load .dockerignore
#3 transferring context: 2B 0.0s done
#3 DONE 0.0s

#4 [controller internal] load build context
#4 DONE 0.0s

#5 [controller 1/5] FROM docker.io/library/python:3.12-slim@sha256:dddfd7e07f9d15aeeca61529320492139d21cac7f0070c00609243e51e4e0016
#5 resolve docker.io/library/python:3.12-slim@sha256:dddfd7e07f9d15aeeca61529320492139d21cac7f0070c00609243e51e4e0016 0.1s done
#5 DONE 0.1s

#4 [controller internal] load build context
#4 transferring context: 3.43kB 0.0s done
#4 DONE 0.0s

#6 [controller 4/5] COPY exaconnect_controller ./exaconnect_controller
#6 CACHED

#7 [controller 2/5] WORKDIR /app
#7 CACHED

#8 [controller 3/5] COPY pyproject.toml ./
#8 CACHED

#9 [controller 5/5] RUN pip install --no-cache-dir . && mkdir -p /data && chown nobody:nogroup /data
#9 CACHED

#10 [controller] exporting to image
#10 exporting layers done
#10 exporting manifest sha256:e0dae5dfd9489123aa531389430569f469c665f6ce189396ebefbef2e592499f done
#10 exporting config sha256:3e22023f228aaec8e5201061cbafdb81d54894f4a78faca108f448ef4cec587b done
#10 exporting attestation manifest sha256:509321532f029b2436d2cb546975708cb815cfdd7b68a4ead0be5b5a2100d3f9 0.0s done
#10 exporting manifest list sha256:1fb4c61be55a33db2925e44e55cb9e09bfdab79d4531e2f2be25ece616d657f1
#10 exporting manifest list sha256:1fb4c61be55a33db2925e44e55cb9e09bfdab79d4531e2f2be25ece616d657f1 0.0s done
#10 naming to docker.io/library/exaconnect-controller:latest done
#10 unpacking to docker.io/library/exaconnect-controller:latest 0.1s done
#10 DONE 0.5s

#11 [controller] resolving provenance for metadata file
#11 DONE 0.1s

#12 [web internal] load build definition from Dockerfile
#12 transferring dockerfile: 529B done
#12 DONE 0.0s

#13 [web internal] load metadata for docker.io/library/node:22-alpine
#13 DONE 0.3s

#14 [web internal] load metadata for docker.io/library/caddy:2-alpine
#14 DONE 0.3s

#15 [web internal] load .dockerignore
#15 transferring context: 2B done
#15 DONE 0.0s

#16 [web internal] load build context
#16 DONE 0.0s

#17 [web portal 1/6] FROM docker.io/library/node:22-alpine@sha256:0a7108bf6c7bf5de370ffb1a3ed6be93d405b43ff159f681a8d18c0e2bc2e402
#17 resolve docker.io/library/node:22-alpine@sha256:0a7108bf6c7bf5de370ffb1a3ed6be93d405b43ff159f681a8d18c0e2bc2e402 0.1s done
#17 DONE 0.1s

#18 [web stage-1 1/3] FROM docker.io/library/caddy:2-alpine@sha256:881bbc60f9986d5ab8e7cfd6cf7e4ef3c9c0439fef2429d035d065577882f028
#18 resolve docker.io/library/caddy:2-alpine@sha256:881bbc60f9986d5ab8e7cfd6cf7e4ef3c9c0439fef2429d035d065577882f028
#18 resolve docker.io/library/caddy:2-alpine@sha256:881bbc60f9986d5ab8e7cfd6cf7e4ef3c9c0439fef2429d035d065577882f028 0.1s done
#18 DONE 0.1s

#16 [web internal] load build context
#16 transferring context: 238.83kB 0.6s done
#16 DONE 0.6s

#19 [web portal 2/6] WORKDIR /src/portal
#19 CACHED

#20 [web portal 3/6] COPY portal/package.json portal/package-lock.json ./
#20 CACHED

#21 [web portal 4/6] RUN npm ci --no-audit --no-fund
#21 CACHED

#22 [web portal 5/6] COPY portal/ ./
#22 DONE 3.3s

#23 [web portal 6/6] RUN npm run build
#23 2.875 
#23 2.875 > exaconnect-portal@0.0.1 build
#23 2.875 > tsc -b && vite build
#23 2.875 
#23 5.335 vite v8.3.1 building client environment for production...
#23 5.368 transforming...
#23 5.753 ✓ 43 modules transformed.
#23 5.954 rendering chunks...
#23 6.371 computing gzip size...
#23 6.396 dist/index.html                   0.82 kB │ gzip:   0.43 kB
#23 6.396 dist/assets/index-1Jp2EB8F.css   14.79 kB │ gzip:   3.89 kB
#23 6.396 dist/assets/index-mHcCy0VP.js   407.64 kB │ gzip: 117.49 kB
#23 6.396 
#23 6.404 ✓ built in 1.06s
#23 DONE 6.9s

#24 [web stage-1 2/3] COPY deploy/public/Caddyfile /etc/caddy/Caddyfile
#24 CACHED

#25 [web stage-1 3/3] COPY --from=portal /src/portal/dist /srv/portal
#25 DONE 0.1s

#26 [web] exporting to image
#26 exporting layers
#26 exporting layers 0.2s done
#26 exporting manifest sha256:f8ab15a982c4ea6710496c89a8c0fd40d06a3f2a467fd9253a596481eb5d9004 0.1s done
#26 exporting config sha256:bebc6142bcdede17b303b22904455602274bde5b45c597d23d26cc0cda628063 0.0s done
#26 exporting attestation manifest sha256:579de25552e488695b0accd67f6c5f29e15dea6f8a6ee9ae986f276d10058c5c
#26 exporting attestation manifest sha256:579de25552e488695b0accd67f6c5f29e15dea6f8a6ee9ae986f276d10058c5c 0.1s done
#26 exporting manifest list sha256:95431769c46812e428d0663a1fb7888ea6a69e25226ec6f5bbb43d36d70775de 0.1s done
#26 naming to docker.io/library/exaconnect-web:latest
#26 naming to docker.io/library/exaconnect-web:latest done
#26 unpacking to docker.io/library/exaconnect-web:latest 0.1s done
#26 DONE 0.6s

#27 [web] resolving provenance for metadata file
#27 DONE 0.1s
 controller  Built
 web  Built
 Container exaconnect-db-1  Running
 Container exaconnect-controller-1  Recreate
 Container exaconnect-controller-1  Recreated
 Container exaconnect-web-1  Recreate
 Container exaconnect-web-1  Recreated
 Container exaconnect-db-1  Waiting
 Container exaconnect-db-1  Healthy
 Container exaconnect-controller-1  Starting
 Container exaconnect-controller-1  Started
 Container exaconnect-controller-1  Waiting
 Container exaconnect-controller-1  Healthy
 Container exaconnect-web-1  Starting
 Container exaconnect-web-1  Started
 Container exaconnect-controller-1  Waiting
 Container exaconnect-web-1  Waiting
 Container exaconnect-db-1  Waiting
 Container exaconnect-web-1  Healthy
 Container exaconnect-db-1  Healthy
 Container exaconnect-controller-1  Healthy

== Waiting for tunnels, BGP and BFD (03:50:49)

== Checks (03:50:53)
-- lab/scripts/check-routing.sh
ok    site-a wg-a handshake 34s ago
ok    site-a wg-b handshake 34s ago
ok    site-a wg-sat handshake 34s ago
ok    site-b wg-a handshake 34s ago
ok    site-b wg-b handshake 34s ago
ok    site-b wg-sat handshake 34s ago
ok    pop-miami BGP 6/6 established
ok    pop-miami BFD 6/6 up
ok    site-a BGP 3/3 established
ok    site-a BFD 3/3 up
ok    site-b BGP 3/3 established
ok    site-b BFD 3/3 up
ok    lan-a -> lan-b (site-a to site-b via the PoP)
ok    lan-b -> lan-a
ok    lan-a -> lan-pop

  traceroute to 192.168.20.10 (192.168.20.10), 30 hops max, 46 byte packets
   1  192.168.10.1  0.010 ms
   2  100.64.1.1  28.414 ms
   3  100.64.1.12  54.693 ms
   4  192.168.20.10  53.656 ms
-- lab/ci/checks/m0-timing.sh
-- host timing
      clocksource kvm-clock, available: kvm-clock hpet acpi_pm 
      kernel 6.8.0-139-generic, timers: hres_active    : 1, resolution: 1 nsecs
      HZ 1000, 4 CPUs, load 5.06 4.94 4.87
      netem on carrier-a: qdisc netem 8084: root refcnt 5 limit 10000 delay 12.5ms  1ms seed 9717127554986641972
      cpuidle driver none, governor menu
      (netem asks for 25 ms on A and 35 ms on B round trip, with 2 and 4 ms jitter; min/avg/max/mdev)
      site-a to lan-a (no netem):              0.044/0.081/0.488/0.056 ms
      site-a to carrier-a router (one netem):  10.070/14.717/126.692/11.884 ms
      site-a to PoP underlay via carrier A:    22.597/28.317/96.464/9.270 ms, pipe 2
      site-a to PoP through wg-a:              24.712/38.488/216.797/27.692 ms, pipe 3
      site-a to PoP underlay via carrier B:    30.405/38.178/160.328/12.774 ms, pipe 2
-- busiest containers
      60.59% clab-exaconnect-pop-miami
      49.46% clab-exaconnect-site-a
      37.02% clab-exaconnect-site-b
      1.50% clab-exaconnect-ix
      1.19% exaconnect-controller-1
      0.11% clab-exaconnect-sat
      0.09% clab-exaconnect-lan-b
      0.09% clab-exaconnect-cloud-aws
-- busiest processes
       300 ps
       9.4 exa-agent
       8.4 uvicorn
       8.4 exa-agent
       7.5 exa-agent
       3.3 rcu_preempt
       3.3 bfdd
       2.3 dockerd
-- lab/ci/checks/m4-steering.sh
-- steering applied
ok    pop-miami nftables classifier
ok    pop-miami 6 steering rules
ok    site-a nftables classifier
ok    site-a 3 steering rules
ok    site-b nftables classifier
ok    site-b 3 steering rules
      voice state at start: site-a carrier-a since 2026-10-04 03:43:11.802248+00 return - -; site-b carrier-a since 2026-10-04 03:42:31.331071+00 return - -
      probe jitter, last 3 min, carrier-a avg 11.1 p95 20.1, carrier-b avg 11.7 p95 22.9, sat avg 24.3 p95 45.6
      host load 3.51 4.56 4.75 on 4 CPUs, CPU steal 0.0% over 5 s
ok    site-a voice on wg-a at start
      maps: pop-miami v376, site-a v308, site-b v190
-- brownout: carrier A loss 0 -> 3% over 180 s (demo step 2)
ok    voice moved 155 s into the ramp
      Moved voice from Carrier A to Carrier B: loss on Carrier A rising 0.9% a minute, forecast 1.6% in 60 s against a 1% SLA.
ok    moved before the 1% SLA was breached (measured 0.79%)
ok    site-a kernel sends voice on wg-b
ok    bulk stayed on carrier A (3% is under its 5% threshold)
-- hard cut of carrier B while voice is on it (demo step 3)
      voice probe stream: 1435 of 1500 received at 50 packets/s
ok    voice lost 1300 ms of packets (< 3 s)
ok    agent failover on BFD after 2 s
ok    voice on wg-a after the cut
-- recovery: restore B, classes move back only after the hold time (demo step 4)
ok    no moves in the first minute after recovery
      moves since the brownout began: 8
      03:54:16 site-a voice move: Moved voice from Carrier A to Carrier B: loss on Carrier A rising 0.9% a minute, forecast 1.6% in 60 s against a 1% SLA.
      03:54:26 site-b voice move: Moved voice from Carrier A to Carrier B: loss on Carrier A rising 1.3% a minute, forecast 1.8% in 60 s against a 1% SLA.
      03:55:27 site-a business move: Moved business from Carrier A to Carrier B: loss on Carrier A rising 0.9% a minute, forecast 2.4% in 60 s against a 2% SLA.
      03:55:37 site-b business move: Moved business from Carrier A to Carrier B: loss on Carrier A rising 0.7% a minute, forecast 2.5% in 60 s against a 2% SLA.
      03:56:18 site-b business failover: Moved business from Carrier B to Carrier A: Carrier B is down (BFD reports it down).
      03:56:18 site-b voice failover: Moved voice from Carrier B to Carrier A: Carrier B is down (BFD reports it down).
      03:56:28 site-a voice failover: Moved voice from Carrier B to Carrier A: Carrier B is down (BFD reports it down).
      03:56:28 site-a business failover: Moved business from Carrier B to Carrier A: Carrier B is down (BFD reports it down).
      03:56:38 site-b voice hold: Kept voice on Carrier A: loss on Carrier A is 1.8% against a 1% SLA, but it moved here 20 s ago (hold time 120 s).
      03:56:48 site-b voice hold: Kept voice on Carrier A: loss on Carrier A is 1.8% against a 1% SLA, but it moved here 30 s ago (hold time 120 s).
      03:56:48 site-a business hold: Kept business on Carrier A: loss on Carrier A is 2.0% against a 2% SLA, but it moved here 20 s ago (hold time 120 s).
      03:56:48 site-a voice hold: Kept voice on Carrier A: loss on Carrier A is 2.0% against a 1% SLA, but it moved here 20 s ago (hold time 120 s).
      03:56:58 site-a business hold: Kept business on Carrier A: loss on Carrier A is 2.0% against a 2% SLA, but it moved here 30 s ago (hold time 120 s).
      03:56:58 site-a voice hold: Kept voice on Carrier A: loss on Carrier A is 2.0% against a 1% SLA, but it moved here 30 s ago (hold time 120 s).
      03:56:58 site-b voice hold: Kept voice on Carrier A: loss on Carrier A is 1.7% against a 1% SLA, but it moved here 40 s ago (hold time 120 s).
      03:57:08 site-b voice hold: Kept voice on Carrier A: loss on Carrier A is 1.6% against a 1% SLA, but it moved here 50 s ago (hold time 120 s).
      03:57:08 site-a voice hold: Kept voice on Carrier A: loss on Carrier A is 1.9% against a 1% SLA, but it moved here 40 s ago (hold time 120 s).
      03:57:19 site-a voice hold: Kept voice on Carrier A: loss on Carrier A is 1.7% against a 1% SLA, but it moved here 50 s ago (hold time 120 s).
      03:57:19 site-b voice hold: Kept voice on Carrier A: loss on Carrier A is 1.6% against a 1% SLA, but it moved here 60 s ago (hold time 120 s).
      03:57:29 site-a voice hold: Kept voice on Carrier A: loss on Carrier A is 1.7% against a 1% SLA, but it moved here 60 s ago (hold time 120 s).
      03:57:29 site-b voice hold: Kept voice on Carrier A: loss on Carrier A is 1.4% against a 1% SLA, but it moved here 70 s ago (hold time 120 s).
      03:57:39 site-a voice hold: Kept voice on Carrier A: loss on Carrier A is 1.6% against a 1% SLA, but it moved here 71 s ago (hold time 120 s).
      03:57:39 site-b voice hold: Kept voice on Carrier A: loss on Carrier A is 1.3% against a 1% SLA, but it moved here 81 s ago (hold time 120 s).
-- lab/ci/checks/m5-storm.sh
-- Storm Mode on at site-a only
ok    Storm Mode switched on for site-a through the API
ok    site-a agent has the Storm Mode steering map
ok    site-b is not in Storm Mode
ok    satellite warm: 43 probes per 10 s
ok    satellite BGP established
-- both terrestrial links cut
ok    voice continues on satellite
ok    business continues on satellite
ok    bulk paused (blackhole rule)
ok    voice stream lost 1560 ms across the double cut
-- restore and switch Storm Mode off
ok    Storm Mode switched off
ok    voice and business back on terrestrial paths, bulk resumed
      Storm Mode last switched by user:admin@exacarib.local
      03:59:04 storm_off
      03:57:50 storm_on
-- lab/ci/checks/m6-metering.sh
-- traffic: 20 Mbit/s bulk (CS1, TCP) from lan-a to lan-b for 11 minutes
      bulk leaves site-a on wg-a
ok    5-minute samples with traffic for site-a
      iperf: [  5] 645.00-646.00 sec  4.12 MBytes  34.6 Mbits/sec    0    294 KBytes        [  5] 646.00-647.00 sec  2.88 MBytes  24.1 Mbits/sec   10    302 KBytes        [  5] 647.00-648.00 sec  4.25 MBytes  35.6 Mbits/sec    1    216 KBytes        [  5] 648
      site-a carrier-a: samples 11, 95th in 1.441914 out 22.111039, billable 22.111039, commit 100, burst 0.000, total 400.00
ok    billable rate 22.111039 Mbps matches the ~20 Mbit/s offered
-- CSV matches the screen
ok    CSV 95th percentile 22.111 equals the screen
ok    CSV settlement total equals the screen
-- carrier view
ok    carrier user sees only Carrier A links
ok    carrier user cannot open the customer overview
-- lab/ci/checks/m7-outage.sh
-- stop the controller and the agent proxy
ok    all three agents noticed after 58 s and hold the last good state
ok    site A still reaches site B through the PoP
-- BFD failover with the controller down
ok    voice moved from wg-a to wg-b in 3.3 s, without the controller
-- start the controller again
ok    all three agents reconciled 13 s after the restart
-- lab/ci/checks/m8-ai.sh
-- hurricane watch
ok    NHC feed read from the lab host: 2 active storms
ok    example hurricane raised a warning
ok    only site-a (Kingston) is warned
      Hurricane Example (90 kt) is moving at 23 km/h on a heading of 285°. Projecting that motion forward, it passes about 92 km from site-a in about 25 h. Consider switching Storm Mode on so the satellite path is warm before the terrestrial links suffer. This is a straight-line projection; check the NHC advisory for the official forecast track.
-- disaster watch
ok    all disaster feeds read from the lab host: ptwc=2 usgs=11 events=11 failed= 
ok    example earthquake from USGS, GDACS and tsunami.gov raised one alert, for site-b only
      Magnitude 6.4 earthquake, 38 km NE of Port of Spain, Trinidad and Tobago, reported by USGS and GDACS and tsunami.gov. Latest tsunami message: Tsunami Information Statement Number 2. Sites in range: site-b 47 km (critical). Consider switching Storm Mode on for the sites marked critical, so the satellite path is warm if terrestrial links fail. Distances are straight lines from the reported location; check the source's report.
-- insights from this run
      anomaly critical: Carrier A at site-a: loss 4.26%, usually 0.00%
      anomaly critical: Carrier A at site-b: loss 4.04%, usually 0.00%
      anomaly critical: Carrier B at site-b: loss 7.81%, usually 0.00%
      anomaly critical: Carrier B at site-a: loss 7.71%, usually 0.00%
      anomaly warning: Carrier A at site-b: jitter 15.1 ms, usually 10.0 ms
      storm_warning critical: Example data: Hurricane Example may pass 92 km from site-a in about 25 h
      hazard critical: Example data: Magnitude 6.4 earthquake, 38 km NE of Port of Spain, Trinidad and Tobago: 47 km from site-b
      storm_warning critical: Example data: Hurricane Example may pass 92 km from site-a in about 25 h
      anomaly critical: Carrier B at site-a: loss 3.69%, usually 0.00%
      anomaly critical: Carrier B at site-b: loss 3.89%, usually 0.00%
-- ask your network
ok    answered: Voice is on carrier-a at site-a now, and it last moved there at 04:11:25 UTC because BFD came up on carrier-a after a failover to carrier-b at 04:11:21 UTC when BFD went down on carrier-a.
-- lab/ci/checks/m9-fabric.sh
-- simulated cloud gateways
ok    AWS and Azure gateways configured
-- cloud circuits
ok    created circuits 28 (AWS) and 29 (Azure)
ok    both circuits up (IPsec and BGP) 18 s after they were created
      AWS: up, BGP Established, routes 10.100.0.0/16
ok    site-a learned the AWS VPC route from the PoP
ok    lan-a reaches the AWS VPC (10.100.0.1) through the PoP
ok    site-a puts traffic for AWS in business
-- cloud router
ok    AWS reaches Azure through the PoP
-- elastic bandwidth
ok    20 Mbps reached the PoP's shaper on vc28
      charges so far: [{"mbps":50,"hours":0.01},{"mbps":20,"hours":0.0}]
-- layer 2 circuit
ok    VLAN 100 at site A and VLAN 200 at site B are one segment (lan-a pings lan-b)
ok    layer 2 circuit up and monitored: round trip 65.0 ms, 0.0% loss over the last minute
-- clean up
ok    deleted circuits are torn down at the PoP
-- lab/ci/checks/m9-internet.sh
-- through the PoP (the default)
ok    lan-a reaches the internet through the PoP, translated to the PoP's address
      site-a exits by: wg-a
-- firewall at the PoP
ok    a deny rule stops lan-a's pings at the PoP
ok    the rule's hits reach the portal
ok    deleting the rule lets the pings through again
-- port forward on the PoP's address
      server on lan-a:8080 answers locally
ok    a connection to 100.64.0.2:8080 from the internet reaches lan-a
ok    the internet cannot reach lan-a directly through the PoP
-- straight out at the site
ok    lan-a reaches the internet over carrier A, translated to site-a's address
ok    with carrier A cut, it leaves by carrier B within 5 s
ok    site-a reports it exits by eth1
-- clean up
ok    back through the PoP
-- lab/ci/checks/m9-order.sh
-- a layer 2 circuit ordered in plain English
      draft: {"actions":["site_circuit"],"summary":["New layer 2 circuit joining site-a and site-b, VLAN 100 at site-a and VLAN 200 at site-b, 20 Mbps."],"problems":[],"monthly_estimate":40.0}
ok    the draft reads a VLAN 100 to VLAN 200 circuit between site-a and site-b
ok    drafting changed nothing
ok    confirmed: Created circuit lab order l2.
ok    the ordered circuit carries traffic (lan-a pings lan-b over VLAN 100/200)
-- two changes in one order
      draft: {"actions":["bandwidth","internet_mode"],"summary":["Change lab order l2 from 20 to 30 Mbps, billed by the hour from now.","Send site-a's internet straight out of its own links (now through ExaCarib's PoP)."],"monthly_estimate":20.0}
ok    the draft has a bandwidth change and an internet change
ok    the circuit is now 30 Mbps
ok    site-a's internet now goes straight out (local eth1)
-- a draft with a problem
ok    a draft with VLAN 5000 says why and can't be confirmed
      AI draft (not confirmed): engine ai, [{"action":"cloud_circuit","provider":"aws","region":"us-east-1","site":"site-a","bandwidth_mbps":50}]
-- clean up
ok    circuit deleted and site-a back through the PoP
-- lab/ci/checks/m9-public-e2e.sh
-- API through https://connect.exacarib.com
ok    admin signs in at https://connect.exacarib.com
ok    every portal screen's data answers 200 through the public site
      settlement CSV: 200 text/csv; charset=utf-8
-- browser
ok    signed in through the browser
ok    Overview renders without errors
ok    Sites renders without errors
ok    Traffic: seen on your network renders without errors
ok    Traffic: rules renders without errors
ok    Traffic: classes renders without errors
ok    Decisions renders without errors
ok    Fabric renders without errors
ok    Internet renders without errors
ok    Order renders without errors
ok    Metering renders without errors
ok    Insights renders without errors
ok    Ask your network renders without errors
ok    Carrier view renders without errors
ok    Account renders without errors
ok    Admin: agents renders without errors
ok    Admin: sites renders without errors
ok    Admin: classes renders without errors
ok    Admin: users renders without errors
ok    Admin: settings renders without errors
ok    Admin: partners renders without errors
ok    Admin: audit renders without errors
ok    example hurricane and earthquake alerts appear on Insights
-- lab/ci/checks/m9-public.sh
ok    https://connect.exacarib.com/healthz answers on this host
ok    certificate from Let's Encrypt (issuer=C = US, O = Let's Encrypt, CN = YE1)
ok    portal served
ok    agent endpoints not served publicly
ok    API answers and needs sign-in
ok    connect.exacarib.com reachable from this host over the internet
      web container: running restarts=0
      caddy: {"level":"info","ts":1791085848.5656273,"msg":"using config from file","file":"/etc/caddy/Caddyfile"}
      caddy: {"level":"info","ts":1791085848.565631,"msg":"adapted config to JSON","adapter":"caddyfile"}
      listening on public addresses: 22 80 443 
ok    controller, database and dev portal stay private
-- lab/ci/checks/m9-traffic.sh
-- priority queues
ok    site-a wg-a: qdisc cake 8090: root refcnt 2 bandwidth 190Mbit diffserv4 triple-isolate nonat nowash no-
ok    site-a wg-b: qdisc cake 8091: root refcnt 2 bandwidth 95Mbit diffserv4 triple-isolate nonat nowash no-a
-- application detection: Zoom-like traffic on UDP 8801 for 4 minutes
ok    site-a reported its flows to UDP 8801
ok    recognised: Zoom meetings seen at site-a: 1 flow(s) to UDP 8801, matches Zoom meetings (calls and meetings); currently unclassified. Suggest voice (real-time priority).
ok    suggests voice
ok    applied as rule 39
ok    site-a classifies UDP 8801-8810 as voice
ok    Zoom flows now report as voice
ok    site-b is unchanged (the rule is for site-a)
-- a customer rule: a subnet and port into business
ok    site-a classifies TCP 5201 to site B as business
ok    the PoP classifies the return direction

== Diagnostics (04:18:29)
pop-miami: running
site-a: running
site-b: running
-- agent log pop-miami
time=2026-10-04T04:15:52.983Z level=INFO msg="class moved" node=pop-miami class=business dst=192.168.20.0/24 from=carrier-b to=bgp why=bfd
time=2026-10-04T04:15:52.983Z level=INFO msg="class moved" node=pop-miami class=bulk dst=192.168.20.0/24 from=carrier-b to=paused why=bfd
time=2026-10-04T04:15:53.197Z level=INFO msg="bfd change" node=pop-miami peer=100.64.2.11 tunnel=wg-b status=init
time=2026-10-04T04:15:53.197Z level=INFO msg="bfd change" node=pop-miami peer=100.64.1.11 tunnel=wg-a status=init
time=2026-10-04T04:15:53.197Z level=INFO msg="bfd change" node=pop-miami peer=100.64.3.11 tunnel=wg-sat status=init
time=2026-10-04T04:15:53.200Z level=INFO msg="class moved" node=pop-miami class=voice dst=192.168.10.0/24 from=bgp to=carrier-a why=bfd
time=2026-10-04T04:15:53.200Z level=INFO msg="class moved" node=pop-miami class=business dst=192.168.10.0/24 from=bgp to=carrier-a why=bfd
time=2026-10-04T04:15:53.200Z level=INFO msg="class moved" node=pop-miami class=bulk dst=192.168.20.0/24 from=paused to=carrier-a why=bfd
time=2026-10-04T04:15:53.406Z level=INFO msg="bfd change" node=pop-miami peer=100.64.1.12 tunnel=wg-a status=init
time=2026-10-04T04:15:53.406Z level=INFO msg="bfd change" node=pop-miami peer=100.64.2.12 tunnel=wg-b status=init
time=2026-10-04T04:15:53.411Z level=INFO msg="class moved" node=pop-miami class=voice dst=192.168.10.0/24 from=carrier-a to=carrier-b why=bfd
time=2026-10-04T04:15:53.411Z level=INFO msg="class moved" node=pop-miami class=business dst=192.168.10.0/24 from=carrier-a to=carrier-b why=bfd
time=2026-10-04T04:15:53.411Z level=INFO msg="class moved" node=pop-miami class=bulk dst=192.168.10.0/24 from=paused to=carrier-b why=bfd
time=2026-10-04T04:15:53.411Z level=INFO msg="class moved" node=pop-miami class=voice dst=192.168.20.0/24 from=bgp to=carrier-b why=bfd
time=2026-10-04T04:15:53.411Z level=INFO msg="class moved" node=pop-miami class=business dst=192.168.20.0/24 from=bgp to=carrier-b why=bfd
time=2026-10-04T04:15:53.411Z level=INFO msg="class moved" node=pop-miami class=bulk dst=192.168.20.0/24 from=carrier-a to=carrier-b why=bfd
time=2026-10-04T04:15:53.888Z level=INFO msg="bfd change" node=pop-miami peer=100.64.3.12 tunnel=wg-sat status=init
time=2026-10-04T04:15:54.384Z level=INFO msg="bfd change" node=pop-miami peer=100.64.3.12 tunnel=wg-sat status=up
time=2026-10-04T04:15:54.384Z level=INFO msg="bfd change" node=pop-miami peer=100.64.2.11 tunnel=wg-b status=up
time=2026-10-04T04:15:54.384Z level=INFO msg="bfd change" node=pop-miami peer=100.64.1.12 tunnel=wg-a status=up
time=2026-10-04T04:15:54.384Z level=INFO msg="bfd change" node=pop-miami peer=100.64.1.11 tunnel=wg-a status=up
time=2026-10-04T04:15:54.384Z level=INFO msg="bfd change" node=pop-miami peer=100.64.3.11 tunnel=wg-sat status=up
time=2026-10-04T04:15:54.384Z level=INFO msg="bfd change" node=pop-miami peer=100.64.2.12 tunnel=wg-b status=up
time=2026-10-04T04:17:26.339Z level=INFO msg="new steering map" node=pop-miami version=391 storm=false
time=2026-10-04T04:18:26.344Z level=INFO msg="new steering map" node=pop-miami version=393 storm=false
-- agent log site-a
time=2026-10-04T04:15:44.183Z level=INFO msg="bfd change" node=site-a peer=100.64.1.1 tunnel=wg-a status=init
time=2026-10-04T04:15:44.184Z level=INFO msg="bfd change" node=site-a peer=100.64.2.1 tunnel=wg-b status=init
time=2026-10-04T04:15:44.200Z level=INFO msg="class moved" node=site-a class=voice dst="" from=bgp to=carrier-b why=bfd
time=2026-10-04T04:15:44.200Z level=INFO msg="class moved" node=site-a class=business dst="" from=bgp to=carrier-b why=bfd
time=2026-10-04T04:15:44.200Z level=INFO msg="class moved" node=site-a class=bulk dst="" from=paused to=carrier-b why=bfd
time=2026-10-04T04:15:44.207Z level=INFO msg="internet exit changed" node=site-a from=wg-sat to=wg-a
time=2026-10-04T04:15:44.666Z level=INFO msg="bfd change" node=site-a peer=100.64.3.1 tunnel=wg-sat status=up
time=2026-10-04T04:15:44.666Z level=INFO msg="bfd change" node=site-a peer=100.64.1.1 tunnel=wg-a status=up
time=2026-10-04T04:15:44.666Z level=INFO msg="bfd change" node=site-a peer=100.64.2.1 tunnel=wg-b status=up
time=2026-10-04T04:15:52.193Z level=INFO msg="bfd change" node=site-a peer=100.64.1.1 tunnel=wg-a status=down
time=2026-10-04T04:15:52.200Z level=INFO msg="internet exit changed" node=site-a from=wg-a to=wg-b
time=2026-10-04T04:15:52.790Z level=INFO msg="bfd change" node=site-a peer=100.64.3.1 tunnel=wg-sat status=down
time=2026-10-04T04:15:52.790Z level=INFO msg="bfd change" node=site-a peer=100.64.2.1 tunnel=wg-b status=down
time=2026-10-04T04:15:52.798Z level=INFO msg="class moved" node=site-a class=voice dst="" from=carrier-b to=bgp why=bfd
time=2026-10-04T04:15:52.798Z level=INFO msg="class moved" node=site-a class=business dst="" from=carrier-b to=bgp why=bfd
time=2026-10-04T04:15:52.798Z level=INFO msg="class moved" node=site-a class=bulk dst="" from=carrier-b to=paused why=bfd
time=2026-10-04T04:15:52.800Z level=INFO msg="internet exit changed" node=site-a from=wg-b to=wg-a
time=2026-10-04T04:15:54.125Z level=INFO msg="bfd change" node=site-a peer=100.64.3.1 tunnel=wg-sat status=up
time=2026-10-04T04:15:54.125Z level=INFO msg="bfd change" node=site-a peer=100.64.1.1 tunnel=wg-a status=up
time=2026-10-04T04:15:54.125Z level=INFO msg="bfd change" node=site-a peer=100.64.2.1 tunnel=wg-b status=up
time=2026-10-04T04:15:54.131Z level=INFO msg="class moved" node=site-a class=voice dst="" from=bgp to=carrier-b why=bfd
time=2026-10-04T04:15:54.131Z level=INFO msg="class moved" node=site-a class=business dst="" from=bgp to=carrier-b why=bfd
time=2026-10-04T04:15:54.131Z level=INFO msg="class moved" node=site-a class=bulk dst="" from=paused to=carrier-b why=bfd
time=2026-10-04T04:17:27.142Z level=INFO msg="new steering map" node=site-a version=323 storm=false
time=2026-10-04T04:18:27.116Z level=INFO msg="new steering map" node=site-a version=325 storm=false
-- agent log site-b
time=2026-10-04T04:15:43.986Z level=INFO msg="internet exit changed" node=site-b from=wg-a to=wg-sat
time=2026-10-04T04:15:44.455Z level=INFO msg="bfd change" node=site-b peer=100.64.1.1 tunnel=wg-a status=init
time=2026-10-04T04:15:44.455Z level=INFO msg="bfd change" node=site-b peer=100.64.2.1 tunnel=wg-b status=init
time=2026-10-04T04:15:44.460Z level=INFO msg="class moved" node=site-b class=voice dst="" from=bgp to=carrier-b why=bfd
time=2026-10-04T04:15:44.460Z level=INFO msg="class moved" node=site-b class=business dst="" from=bgp to=carrier-b why=bfd
time=2026-10-04T04:15:44.460Z level=INFO msg="class moved" node=site-b class=bulk dst="" from=paused to=carrier-b why=bfd
time=2026-10-04T04:15:44.462Z level=INFO msg="internet exit changed" node=site-b from=wg-sat to=wg-a
time=2026-10-04T04:15:44.499Z level=INFO msg="bfd change" node=site-b peer=100.64.1.1 tunnel=wg-a status=up
time=2026-10-04T04:15:44.499Z level=INFO msg="bfd change" node=site-b peer=100.64.2.1 tunnel=wg-b status=up
time=2026-10-04T04:15:44.499Z level=INFO msg="bfd change" node=site-b peer=100.64.3.1 tunnel=wg-sat status=up
time=2026-10-04T04:15:52.486Z level=INFO msg="bfd change" node=site-b peer=100.64.1.1 tunnel=wg-a status=down
time=2026-10-04T04:15:52.486Z level=INFO msg="bfd change" node=site-b peer=100.64.2.1 tunnel=wg-b status=down
time=2026-10-04T04:15:52.489Z level=INFO msg="class moved" node=site-b class=voice dst="" from=carrier-b to=bgp why=bfd
time=2026-10-04T04:15:52.489Z level=INFO msg="class moved" node=site-b class=business dst="" from=carrier-b to=bgp why=bfd
time=2026-10-04T04:15:52.490Z level=INFO msg="class moved" node=site-b class=bulk dst="" from=carrier-b to=paused why=bfd
time=2026-10-04T04:15:52.494Z level=INFO msg="internet exit changed" node=site-b from=wg-a to=wg-sat
time=2026-10-04T04:15:52.797Z level=INFO msg="bfd change" node=site-b peer=100.64.3.1 tunnel=wg-sat status=down
time=2026-10-04T04:15:52.816Z level=INFO msg="internet exit changed" node=site-b from=wg-sat to=wg-a
time=2026-10-04T04:15:54.014Z level=INFO msg="bfd change" node=site-b peer=100.64.1.1 tunnel=wg-a status=up
time=2026-10-04T04:15:54.014Z level=INFO msg="bfd change" node=site-b peer=100.64.2.1 tunnel=wg-b status=up
time=2026-10-04T04:15:54.014Z level=INFO msg="bfd change" node=site-b peer=100.64.3.1 tunnel=wg-sat status=up
time=2026-10-04T04:15:54.018Z level=INFO msg="class moved" node=site-b class=voice dst="" from=bgp to=carrier-b why=bfd
time=2026-10-04T04:15:54.018Z level=INFO msg="class moved" node=site-b class=business dst="" from=bgp to=carrier-b why=bfd
time=2026-10-04T04:15:54.018Z level=INFO msg="class moved" node=site-b class=bulk dst="" from=paused to=carrier-b why=bfd
time=2026-10-04T04:18:27.439Z level=INFO msg="new steering map" node=site-b version=198 storm=false
-- controller log
controller-1  | INFO:     172.18.0.4:41110 - "GET /api/v1/agent/steering?have=391 HTTP/1.0" 204 No Content
controller-1  | INFO:     172.18.0.4:41126 - "GET /api/v1/agent/desired-state?have=93 HTTP/1.0" 204 No Content
controller-1  | INFO:     172.18.0.4:41142 - "GET /api/v1/agent/desired-state?have=87 HTTP/1.0" 204 No Content
controller-1  | INFO:     172.18.0.4:41158 - "POST /api/v1/agent/telemetry HTTP/1.0" 204 No Content
controller-1  | INFO:     172.18.0.4:41164 - "GET /api/v1/agent/steering?have=323 HTTP/1.0" 204 No Content
controller-1  | INFO:     172.18.0.4:41172 - "GET /api/v1/agent/desired-state?have=35 HTTP/1.0" 204 No Content
controller-1  | INFO:     172.18.0.4:41188 - "POST /api/v1/agent/telemetry HTTP/1.0" 204 No Content
controller-1  | INFO:     172.18.0.4:41196 - "GET /api/v1/agent/steering?have=197 HTTP/1.0" 204 No Content
controller-1  | INFO:     127.0.0.1:47466 - "GET /healthz HTTP/1.1" 200 OK
controller-1  | INFO:     172.18.0.4:41212 - "GET /api/v1/agent/steering?have=391 HTTP/1.0" 204 No Content
controller-1  | INFO:     172.18.0.4:57712 - "GET /api/v1/agent/steering?have=323 HTTP/1.0" 204 No Content
controller-1  | INFO:     172.18.0.4:57724 - "GET /api/v1/agent/steering?have=197 HTTP/1.0" 204 No Content
controller-1  | INFO:     127.0.0.1:46484 - "GET /healthz HTTP/1.1" 200 OK
controller-1  | INFO:     172.18.0.4:57730 - "POST /api/v1/agent/telemetry HTTP/1.0" 204 No Content
controller-1  | INFO:     172.18.0.4:57746 - "GET /api/v1/agent/steering?have=391 HTTP/1.0" 204 No Content
controller-1  | INFO:     172.18.0.4:57754 - "GET /api/v1/agent/desired-state?have=93 HTTP/1.0" 204 No Content
controller-1  | INFO:     172.18.0.4:57766 - "GET /api/v1/agent/desired-state?have=87 HTTP/1.0" 204 No Content
controller-1  | INFO:     172.18.0.4:57774 - "GET /api/v1/agent/steering?have=323 HTTP/1.0" 204 No Content
controller-1  | INFO:     172.18.0.4:57778 - "POST /api/v1/agent/telemetry HTTP/1.0" 204 No Content
controller-1  | INFO:     172.18.0.4:57792 - "GET /api/v1/agent/desired-state?have=35 HTTP/1.0" 204 No Content
controller-1  | INFO:     172.18.0.4:57800 - "POST /api/v1/agent/telemetry HTTP/1.0" 204 No Content
controller-1  | INFO:     172.18.0.4:57806 - "GET /api/v1/agent/steering?have=197 HTTP/1.0" 204 No Content
controller-1  | INFO:     127.0.0.1:46488 - "GET /healthz HTTP/1.1" 200 OK
controller-1  | INFO:     172.18.0.4:57808 - "GET /api/v1/agent/steering?have=391 HTTP/1.0" 204 No Content
controller-1  | INFO:     172.18.0.4:33054 - "GET /api/v1/agent/steering?have=323 HTTP/1.0" 204 No Content
controller-1  | INFO:     172.18.0.4:33056 - "GET /api/v1/agent/steering?have=197 HTTP/1.0" 204 No Content
controller-1  | INFO:     172.18.0.4:33070 - "GET /api/v1/agent/desired-state?have=93 HTTP/1.0" 204 No Content
controller-1  | INFO:     172.18.0.4:33078 - "GET /api/v1/agent/steering?have=391 HTTP/1.0" 204 No Content
controller-1  | INFO:     172.18.0.4:33086 - "POST /api/v1/agent/telemetry HTTP/1.0" 204 No Content
controller-1  | INFO:     127.0.0.1:56518 - "GET /healthz HTTP/1.1" 200 OK
controller-1  | INFO:     172.18.0.4:33096 - "GET /api/v1/agent/desired-state?have=87 HTTP/1.0" 204 No Content
controller-1  | INFO:     172.18.0.4:33098 - "GET /api/v1/agent/steering?have=323 HTTP/1.0" 204 No Content
controller-1  | INFO:     172.18.0.4:33102 - "POST /api/v1/agent/telemetry HTTP/1.0" 204 No Content
controller-1  | INFO:     172.18.0.4:33114 - "GET /api/v1/agent/desired-state?have=35 HTTP/1.0" 204 No Content
controller-1  | INFO:     172.18.0.4:33116 - "POST /api/v1/agent/telemetry HTTP/1.0" 204 No Content
controller-1  | INFO:     172.18.0.4:33130 - "GET /api/v1/agent/steering?have=197 HTTP/1.0" 204 No Content
controller-1  | INFO:     172.18.0.4:33136 - "GET /api/v1/agent/steering?have=391 HTTP/1.0" 204 No Content
controller-1  | INFO:     127.0.0.1:45066 - "GET /healthz HTTP/1.1" 200 OK
controller-1  | INFO:     172.18.0.4:59646 - "GET /api/v1/agent/steering?have=323 HTTP/1.0" 204 No Content
controller-1  | INFO:     172.18.0.4:59656 - "GET /api/v1/agent/steering?have=197 HTTP/1.0" 204 No Content
controller-1  | INFO:     172.18.0.4:59666 - "GET /api/v1/agent/desired-state?have=93 HTTP/1.0" 204 No Content
controller-1  | INFO:     172.18.0.4:59678 - "POST /api/v1/agent/telemetry HTTP/1.0" 204 No Content
controller-1  | INFO:     172.18.0.4:59680 - "GET /api/v1/agent/steering?have=391 HTTP/1.0" 204 No Content
controller-1  | INFO:     172.18.0.4:59694 - "GET /api/v1/agent/desired-state?have=87 HTTP/1.0" 204 No Content
controller-1  | INFO:     172.18.0.4:59702 - "GET /api/v1/agent/steering?have=323 HTTP/1.0" 204 No Content
controller-1  | INFO:     172.18.0.4:59706 - "GET /api/v1/agent/desired-state?have=35 HTTP/1.0" 204 No Content
controller-1  | INFO:     172.18.0.4:59722 - "POST /api/v1/agent/telemetry HTTP/1.0" 204 No Content
controller-1  | INFO:     172.18.0.4:59728 - "POST /api/v1/agent/telemetry HTTP/1.0" 204 No Content
controller-1  | INFO:     127.0.0.1:45078 - "GET /healthz HTTP/1.1" 200 OK
controller-1  | INFO:     172.18.0.4:59742 - "GET /api/v1/agent/steering?have=197 HTTP/1.0" 204 No Content
controller-1  | INFO:     172.18.0.1:52674 - "POST /api/v1/auth/login HTTP/1.1" 200 OK
controller-1  | INFO:     172.18.0.1:52682 - "DELETE /api/v1/customers/4d26813b-aaa6-4be7-9b73-1730be959882/rules/39 HTTP/1.1" 204 No Content
controller-1  | INFO:     172.18.0.1:52684 - "POST /api/v1/auth/login HTTP/1.1" 200 OK
controller-1  | INFO:     172.18.0.1:52696 - "POST /api/v1/customers/4d26813b-aaa6-4be7-9b73-1730be959882/rules HTTP/1.1" 201 Created
controller-1  | INFO:     172.18.0.4:59754 - "GET /api/v1/agent/steering?have=391 HTTP/1.0" 200 OK
controller-1  | INFO:     172.18.0.4:51342 - "GET /api/v1/agent/steering?have=323 HTTP/1.0" 200 OK
controller-1  | INFO:     172.18.0.4:51346 - "GET /api/v1/agent/steering?have=197 HTTP/1.0" 200 OK
controller-1  | INFO:     127.0.0.1:50626 - "GET /healthz HTTP/1.1" 200 OK
controller-1  | INFO:     172.18.0.1:33988 - "POST /api/v1/auth/login HTTP/1.1" 200 OK
controller-1  | INFO:     172.18.0.1:33996 - "DELETE /api/v1/customers/4d26813b-aaa6-4be7-9b73-1730be959882/rules/40 HTTP/1.1" 204 No Content
-- controller containers
exaconnect-controller-1 Up 7 minutes (healthy)
exaconnect-db-1 Up 2 days (healthy)
exaconnect-proxy-1 Up 6 minutes
exaconnect-web-1 Up 27 minutes
/exaconnect-controller-1 restarts 0, started 2026-10-04T04:11:25.811264806Z, OOM killed false
/exaconnect-db-1 restarts 0, started 2026-10-01T05:06:52.589123103Z, OOM killed false
/exaconnect-proxy-1 restarts 0, started 2026-10-04T04:11:36.044219605Z, OOM killed false
/exaconnect-web-1 restarts 0, started 2026-10-04T03:50:47.407162076Z, OOM killed false
-- host
 06:18:32 up 3 days,  2:43,  0 user,  load average: 5.23, 5.94, 6.49
               total        used        free      shared  buff/cache   available
Mem:            7941        1750        5477         146        1165        6190
Swap:              0           0           0
procs -----------memory---------- ---swap-- -----io---- -system-- -------cpu-------
 r  b   swpd   free   buff  cache   si   so    bi    bo   in   cs us sy id wa st gu
 0  0      0 5609196   4576 1189144    0    0    54   254 5057   19  6 20 74  0  0  0
 0  0      0 5607584   4580 1189484    0    0     4   160 5834 7342  8 20 73  0  0  0
 4  0      0 5610620   4580 1189572    0    0     0   424 4274 4948  3 24 73  0  0  0
