commit cafa251: Fabric: internet breakout, NAT gateway and firewall

== Redeploying the lab (01:53:07)
DEPRECATED: The legacy builder is deprecated and will be removed in a future release.
            Install the buildx component to build images with BuildKit:
            https://docs.docker.com/go/buildx/

Sending build context to Docker daemon   2.56kB
Step 1/5 : FROM quay.io/frrouting/frr:10.2.1
 ---> e47e67bd6120
Step 2/5 : RUN apk add --no-cache       bash iproute2 iproute2-tc nftables wireguard-tools       iperf3 tcpdump iputils curl jq ethtool conntrack-tools strongswan
 ---> Using cache
 ---> 7a437e8c8c8c
Step 3/5 : RUN sed -i -e 's/^bgpd=no/bgpd=yes/' -e 's/^bfdd=no/bfdd=yes/' /etc/frr/daemons
 ---> Using cache
 ---> 4b76442afc62
Step 4/5 : RUN touch /etc/frr/vtysh.conf
 ---> Using cache
 ---> f26a5f558c80
Step 5/5 : RUN ln -s /opt/exaconnect/bin/exa-agent /usr/local/bin/exa-agent
 ---> Using cache
 ---> 988f106f45d9
Successfully built 988f106f45d9
Successfully tagged exaconnect/node:dev
03:53:39 INFO Containerlab started version=0.79.0
03:53:39 INFO Parsing & checking topology file=exaconnect.clab.yml
03:53:39 INFO Removing directory path=/root/exaconnect/lab/clab-exaconnect
03:53:39 INFO Creating lab directory path=/root/exaconnect/lab/clab-exaconnect
03:53:39 INFO Creating container name=lan-b
03:53:39 INFO Creating container name=site-a
03:53:39 INFO Creating container name=cloud-azure
03:53:39 INFO Creating container name=lan-pop
03:53:40 INFO Creating container name=lan-a
03:53:41 INFO Creating container name=carrier-a
03:53:41 INFO Creating container name=pop-miami
03:53:42 INFO Creating container name=sat
03:53:42 INFO Created link: site-a:eth4 ▪┄┄▪ lan-a:eth1
03:53:43 INFO Created link: carrier-a:eth2 ▪┄┄▪ site-a:eth1
03:53:44 INFO Created link: carrier-a:eth1 ▪┄┄▪ pop-miami:eth1
03:53:44 INFO Created link: pop-miami:eth4 ▪┄┄▪ lan-pop:eth1
03:53:44 INFO Creating container name=cloud-aws
03:53:44 INFO Created link: sat:eth1 ▪┄┄▪ pop-miami:eth3
03:53:44 INFO Created link: sat:eth2 ▪┄┄▪ site-a:eth3
03:53:45 INFO Creating container name=site-b
03:53:45 INFO Creating container name=ix
03:53:46 INFO Created link: carrier-a:eth3 ▪┄┄▪ site-b:eth1
03:53:46 INFO Created link: sat:eth3 ▪┄┄▪ site-b:eth3
03:53:46 INFO Creating container name=carrier-b
03:53:46 INFO Created link: site-b:eth4 ▪┄┄▪ lan-b:eth1
03:53:47 INFO Created link: pop-miami:eth5 ▪┄┄▪ ix:eth1
03:53:47 INFO Created link: ix:eth2 ▪┄┄▪ cloud-aws:eth1
03:53:47 INFO Created link: ix:eth3 ▪┄┄▪ cloud-azure:eth1
03:53:48 INFO Created link: carrier-b:eth1 ▪┄┄▪ pop-miami:eth2
03:53:48 INFO Created link: carrier-b:eth2 ▪┄┄▪ site-a:eth2
03:53:48 INFO Created link: carrier-b:eth3 ▪┄┄▪ site-b:eth2
03:53:48 INFO Executed command node=cloud-azure command="sysctl -w net.ipv4.ip_forward=1"
  stdout=
  │ net.ipv4.ip_forward = 1

03:53:48 INFO Executed command node=lan-pop command="ip addr add 10.200.0.10/24 dev eth1" stdout=""
03:53:48 INFO Executed command node=lan-b command="ip addr add 192.168.20.10/24 dev eth1" stdout=""
03:53:48 INFO Executed command node=cloud-azure command="ip addr add 100.64.11.2/24 dev eth1" stdout=""
03:53:48 INFO Executed command node=lan-pop command="ip route replace 192.168.0.0/16 via 10.200.0.1" stdout=""
03:53:48 INFO Executed command node=site-a command="sysctl -w net.ipv4.ip_forward=1"
  stdout=
  │ net.ipv4.ip_forward = 1

03:53:48 INFO Executed command node=lan-b command="ip route replace 192.168.0.0/16 via 192.168.20.1" stdout=""
03:53:48 INFO Executed command node=cloud-azure command="ip route add 100.64.0.0/24 via 100.64.11.1" stdout=""
03:53:48 INFO Executed command node=site-a command="sysctl -w net.ipv4.conf.all.rp_filter=2"
  stdout=
  │ net.ipv4.conf.all.rp_filter = 2

03:53:48 INFO Executed command node=lan-b command="ip route replace 10.200.0.0/24 via 192.168.20.1" stdout=""
03:53:48 INFO Executed command node=cloud-azure command="ip link add vpc type dummy" stdout=""
03:53:48 INFO Executed command node=site-a command="ip addr add 10.11.1.2/24 dev eth1" stdout=""
03:53:48 INFO Executed command node=lan-b command="ip route replace 10.100.0.0/15 via 192.168.20.1" stdout=""
03:53:48 INFO Executed command node=cloud-azure command="ip addr add 10.101.0.1/16 dev vpc" stdout=""
03:53:48 INFO Executed command node=site-a command="ip addr add 10.12.1.2/24 dev eth2" stdout=""
03:53:48 INFO Executed command node=lan-b command="ip route replace 198.51.100.0/24 via 192.168.20.1" stdout=""
03:53:48 INFO Executed command node=cloud-azure command="ip link set vpc up" stdout=""
03:53:48 INFO Executed command node=site-a command="ip addr add 10.13.1.2/24 dev eth3" stdout=""
03:53:48 INFO Executed command node=lan-b command="ip link add link eth1 name eth1.200 type vlan id 200" stdout=""
03:53:48 INFO Executed command node=site-a command="ip addr add 192.168.10.1/24 dev eth4" stdout=""
03:53:48 INFO Executed command node=lan-b command="ip addr add 172.16.100.20/24 dev eth1.200" stdout=""
03:53:48 INFO Executed command node=site-a command="ip route add 10.11.0.0/24 via 10.11.1.1" stdout=""
03:53:48 INFO Executed command node=lan-b command="ip link set eth1.200 mtu 1370 up" stdout=""
03:53:48 INFO Executed command node=site-a command="ip route add 10.12.0.0/24 via 10.12.1.1" stdout=""
03:53:48 INFO Executed command node=site-a command="ip route add 10.13.0.0/24 via 10.13.1.1" stdout=""
03:53:48 INFO Executed command node=lan-a command="ip addr add 192.168.10.10/24 dev eth1" stdout=""
03:53:48 INFO Executed command node=lan-a command="ip route replace 192.168.0.0/16 via 192.168.10.1" stdout=""
03:53:48 INFO Executed command node=lan-a command="ip route replace 10.200.0.0/24 via 192.168.10.1" stdout=""
03:53:48 INFO Executed command node=lan-a command="ip route replace 10.100.0.0/15 via 192.168.10.1" stdout=""
03:53:48 INFO Executed command node=lan-a command="ip route replace 198.51.100.0/24 via 192.168.10.1" stdout=""
03:53:48 INFO Executed command node=lan-a command="ip link add link eth1 name eth1.100 type vlan id 100" stdout=""
03:53:48 INFO Executed command node=lan-a command="ip addr add 172.16.100.10/24 dev eth1.100" stdout=""
03:53:48 INFO Executed command node=carrier-a command="sysctl -w net.ipv4.ip_forward=1"
  stdout=
  │ net.ipv4.ip_forward = 1

03:53:48 INFO Executed command node=lan-a command="ip link set eth1.100 mtu 1370 up" stdout=""
03:53:48 INFO Executed command node=carrier-a command="ip addr add 10.11.0.1/24 dev eth1" stdout=""
03:53:48 INFO Executed command node=pop-miami command="sysctl -w net.ipv4.ip_forward=1"
  stdout=
  │ net.ipv4.ip_forward = 1

03:53:48 INFO Executed command node=carrier-a command="ip addr add 10.11.1.1/24 dev eth2" stdout=""
03:53:48 INFO Executed command node=sat command="sysctl -w net.ipv4.ip_forward=1"
  stdout=
  │ net.ipv4.ip_forward = 1

03:53:48 INFO Executed command node=carrier-a command="ip addr add 10.11.2.1/24 dev eth3" stdout=""
03:53:48 INFO Executed command node=pop-miami command="sysctl -w net.ipv4.conf.all.rp_filter=2"
  stdout=
  │ net.ipv4.conf.all.rp_filter = 2

03:53:48 INFO Executed command node=sat command="ip addr add 10.13.0.1/24 dev eth1" stdout=""
03:53:48 INFO Executed command node=carrier-a command="ip link add inet type dummy" stdout=""
03:53:48 INFO Executed command node=pop-miami command="ip addr add 10.11.0.2/24 dev eth1" stdout=""
03:53:48 INFO Executed command node=sat command="ip addr add 10.13.1.1/24 dev eth2" stdout=""
03:53:48 INFO Executed command node=carrier-a command="ip addr add 198.51.100.1/24 dev inet" stdout=""
03:53:48 INFO Executed command node=pop-miami command="ip addr add 10.12.0.2/24 dev eth2" stdout=""
03:53:48 INFO Executed command node=sat command="ip addr add 10.13.2.1/24 dev eth3" stdout=""
03:53:48 INFO Executed command node=carrier-a command="ip link set inet up" stdout=""
03:53:48 INFO Executed command node=pop-miami command="ip addr add 10.13.0.2/24 dev eth3" stdout=""
03:53:48 INFO Executed command node=sat command="ip link add inet type dummy" stdout=""
03:53:48 INFO Executed command node=pop-miami command="ip addr add 10.200.0.1/24 dev eth4" stdout=""
03:53:48 INFO Executed command node=sat command="ip addr add 198.51.100.1/24 dev inet" stdout=""
03:53:48 INFO Executed command node=pop-miami command="ip addr add 100.64.0.2/24 dev eth5" stdout=""
03:53:48 INFO Executed command node=sat command="ip link set inet up" stdout=""
03:53:48 INFO Executed command node=pop-miami command="ip route add 100.64.10.0/24 via 100.64.0.1" stdout=""
03:53:48 INFO Executed command node=cloud-aws command="sysctl -w net.ipv4.ip_forward=1"
  stdout=
  │ net.ipv4.ip_forward = 1

03:53:48 INFO Executed command node=cloud-aws command="ip addr add 100.64.10.2/24 dev eth1" stdout=""
03:53:48 INFO Executed command node=pop-miami command="ip route add 100.64.11.0/24 via 100.64.0.1" stdout=""
03:53:48 INFO Executed command node=cloud-aws command="ip route add 100.64.0.0/24 via 100.64.10.1" stdout=""
03:53:48 INFO Executed command node=pop-miami command="ip route add 10.11.0.0/16 via 10.11.0.1" stdout=""
03:53:48 INFO Executed command node=cloud-aws command="ip link add vpc type dummy" stdout=""
03:53:48 INFO Executed command node=pop-miami command="ip route add 10.12.0.0/16 via 10.12.0.1" stdout=""
03:53:48 INFO Executed command node=cloud-aws command="ip addr add 10.100.0.1/16 dev vpc" stdout=""
03:53:48 INFO Executed command node=pop-miami command="ip route add 10.13.0.0/16 via 10.13.0.1" stdout=""
03:53:48 INFO Executed command node=cloud-aws command="ip link set vpc up" stdout=""
03:53:48 INFO Executed command node=site-b command="sysctl -w net.ipv4.ip_forward=1"
  stdout=
  │ net.ipv4.ip_forward = 1

03:53:48 INFO Executed command node=site-b command="sysctl -w net.ipv4.conf.all.rp_filter=2"
  stdout=
  │ net.ipv4.conf.all.rp_filter = 2

03:53:48 INFO Executed command node=site-b command="ip addr add 10.11.2.2/24 dev eth1" stdout=""
03:53:48 INFO Executed command node=ix command="sysctl -w net.ipv4.ip_forward=1"
  stdout=
  │ net.ipv4.ip_forward = 1

03:53:48 INFO Executed command node=site-b command="ip addr add 10.12.2.2/24 dev eth2" stdout=""
03:53:48 INFO Executed command node=ix command="ip addr add 100.64.0.1/24 dev eth1" stdout=""
03:53:48 INFO Executed command node=site-b command="ip addr add 10.13.2.2/24 dev eth3" stdout=""
03:53:48 INFO Executed command node=ix command="ip addr add 100.64.10.1/24 dev eth2" stdout=""
03:53:48 INFO Executed command node=site-b command="ip addr add 192.168.20.1/24 dev eth4" stdout=""
03:53:48 INFO Executed command node=ix command="ip addr add 100.64.11.1/24 dev eth3" stdout=""
03:53:48 INFO Executed command node=site-b command="ip route add 10.11.0.0/24 via 10.11.2.1" stdout=""
03:53:48 INFO Executed command node=ix command="ip link add inet type dummy" stdout=""
03:53:48 INFO Executed command node=site-b command="ip route add 10.12.0.0/24 via 10.12.2.1" stdout=""
03:53:48 INFO Executed command node=ix command="ip addr add 198.51.100.1/24 dev inet" stdout=""
03:53:48 INFO Executed command node=site-b command="ip route add 10.13.0.0/24 via 10.13.2.1" stdout=""
03:53:48 INFO Executed command node=ix command="ip link set inet up" stdout=""
03:53:48 INFO Executed command node=carrier-b command="sysctl -w net.ipv4.ip_forward=1"
  stdout=
  │ net.ipv4.ip_forward = 1

03:53:48 INFO Executed command node=carrier-b command="ip addr add 10.12.0.1/24 dev eth1" stdout=""
03:53:48 INFO Executed command node=carrier-b command="ip addr add 10.12.1.1/24 dev eth2" stdout=""
03:53:48 INFO Executed command node=carrier-b command="ip addr add 10.12.2.1/24 dev eth3" stdout=""
03:53:48 INFO Executed command node=carrier-b command="ip link add inet type dummy" stdout=""
03:53:48 INFO Executed command node=carrier-b command="ip addr add 198.51.100.1/24 dev inet" stdout=""
03:53:48 INFO Executed command node=carrier-b command="ip link set inet up" stdout=""
03:53:49 INFO Adding host entries path=/etc/hosts
03:53:49 INFO Adding SSH config for nodes path=/etc/ssh/ssh_config.d/clab-exaconnect.conf
[1m╭[0m[1m─────────────────────────────[0m[1m┬[0m[1m─────────────────────[0m[1m┬[0m[1m─────────[0m[1m┬[0m[1m────────────────[0m[1m╮[0m
[1m│[0m[1m             Name            [0m[1m│[0m[1m      Kind/Image     [0m[1m│[0m[1m  State  [0m[1m│[0m[1m IPv4/6 Address [0m[1m│[0m
[1m├[0m[1m─────────────────────────────[0m[1m┼[0m[1m─────────────────────[0m[1m┼[0m[1m─────────[0m[1m┼[0m[1m────────────────[0m[1m┤[0m
│ clab-exaconnect-carrier-a   │ linux               │ running │ 172.30.0.11    │
│                             │ exaconnect/node:dev │         │ N/A            │
├─────────────────────────────┼─────────────────────┼─────────┼────────────────┤
│ clab-exaconnect-carrier-b   │ linux               │ running │ 172.30.0.12    │
│                             │ exaconnect/node:dev │         │ N/A            │
├─────────────────────────────┼─────────────────────┼─────────┼────────────────┤
│ clab-exaconnect-cloud-aws   │ linux               │ running │ 172.30.0.51    │
│                             │ exaconnect/node:dev │         │ N/A            │
├─────────────────────────────┼─────────────────────┼─────────┼────────────────┤
│ clab-exaconnect-cloud-azure │ linux               │ running │ 172.30.0.52    │
│                             │ exaconnect/node:dev │         │ N/A            │
├─────────────────────────────┼─────────────────────┼─────────┼────────────────┤
│ clab-exaconnect-ix          │ linux               │ running │ 172.30.0.14    │
│                             │ exaconnect/node:dev │         │ N/A            │
├─────────────────────────────┼─────────────────────┼─────────┼────────────────┤
│ clab-exaconnect-lan-a       │ linux               │ running │ 172.30.0.41    │
│                             │ exaconnect/node:dev │         │ N/A            │
├─────────────────────────────┼─────────────────────┼─────────┼────────────────┤
│ clab-exaconnect-lan-b       │ linux               │ running │ 172.30.0.42    │
│                             │ exaconnect/node:dev │         │ N/A            │
├─────────────────────────────┼─────────────────────┼─────────┼────────────────┤
│ clab-exaconnect-lan-pop     │ linux               │ running │ 172.30.0.43    │
│                             │ exaconnect/node:dev │         │ N/A            │
├─────────────────────────────┼─────────────────────┼─────────┼────────────────┤
│ clab-exaconnect-pop-miami   │ linux               │ running │ 172.30.0.20    │
│                             │ exaconnect/node:dev │         │ N/A            │
├─────────────────────────────┼─────────────────────┼─────────┼────────────────┤
│ clab-exaconnect-sat         │ linux               │ running │ 172.30.0.13    │
│                             │ exaconnect/node:dev │         │ N/A            │
├─────────────────────────────┼─────────────────────┼─────────┼────────────────┤
│ clab-exaconnect-site-a      │ linux               │ running │ 172.30.0.31    │
│                             │ exaconnect/node:dev │         │ N/A            │
├─────────────────────────────┼─────────────────────┼─────────┼────────────────┤
│ clab-exaconnect-site-b      │ linux               │ running │ 172.30.0.32    │
│                             │ exaconnect/node:dev │         │ N/A            │
╰─────────────────────────────┴─────────────────────┴─────────┴────────────────╯
carrier-a  rtt     25ms  jitter     2ms  loss     0%
carrier-b  rtt     35ms  jitter     4ms  loss     0%
sat        rtt     45ms  jitter    10ms  loss   0.5%
ok    site-a  -> PoP via carrier-a avg rtt 29.584ms
ok    site-a  -> PoP via carrier-b avg rtt 45.562ms
ok    site-a  -> PoP via sat       avg rtt 54.076ms
ok    site-b  -> PoP via carrier-a avg rtt 28.670ms
ok    site-b  -> PoP via carrier-b avg rtt 40.536ms
ok    site-b  -> PoP via sat       avg rtt 47.680ms

== Controller (01:53:57)
.env ready (admin: admin@exacarib.local)
time="2026-10-04T03:53:58+02:00" level=warning msg="Docker Compose is configured to build using Bake, but buildx isn't installed"
#0 building with "default" instance using docker driver

#1 [controller internal] load build definition from Dockerfile
#1 transferring dockerfile: 559B 0.0s done
#1 DONE 0.0s

#2 [controller internal] load metadata for docker.io/library/python:3.12-slim
#2 DONE 0.3s

#3 [controller internal] load .dockerignore
#3 transferring context: 2B done
#3 DONE 0.0s

#4 [controller 1/5] FROM docker.io/library/python:3.12-slim@sha256:dddfd7e07f9d15aeeca61529320492139d21cac7f0070c00609243e51e4e0016
#4 resolve docker.io/library/python:3.12-slim@sha256:dddfd7e07f9d15aeeca61529320492139d21cac7f0070c00609243e51e4e0016 0.1s done
#4 DONE 0.1s

#5 [controller internal] load build context
#5 transferring context: 120.40kB 0.0s done
#5 DONE 0.0s

#6 [controller 2/5] WORKDIR /app
#6 CACHED

#7 [controller 3/5] COPY pyproject.toml ./
#7 CACHED

#8 [controller 4/5] COPY exaconnect_controller ./exaconnect_controller
#8 DONE 0.2s

#9 [controller 5/5] RUN pip install --no-cache-dir . && mkdir -p /data && chown nobody:nogroup /data
#9 5.420 Processing /app
#9 5.426   Installing build dependencies: started
#9 7.859   Installing build dependencies: finished with status 'done'
#9 7.864   Getting requirements to build wheel: started
#9 8.453   Getting requirements to build wheel: finished with status 'done'
#9 8.453   Preparing metadata (pyproject.toml): started
#9 8.926   Preparing metadata (pyproject.toml): finished with status 'done'
#9 9.102 Collecting fastapi>=0.115 (from exaconnect-controller==0.2.0)
#9 9.181   Downloading fastapi-0.142.2-py3-none-any.whl.metadata (27 kB)
#9 9.285 Collecting uvicorn>=0.30 (from uvicorn[standard]>=0.30->exaconnect-controller==0.2.0)
#9 9.290   Downloading uvicorn-0.54.0-py3-none-any.whl.metadata (6.6 kB)
#9 9.494 Collecting pydantic>=2.7 (from exaconnect-controller==0.2.0)
#9 9.551   Downloading pydantic-2.13.5-py3-none-any.whl.metadata (110 kB)
#9 9.611 Collecting psycopg>=3.2 (from psycopg[binary]>=3.2->exaconnect-controller==0.2.0)
#9 9.621   Downloading psycopg-3.3.6-py3-none-any.whl.metadata (4.4 kB)
#9 9.704 Collecting psycopg-pool>=3.2 (from exaconnect-controller==0.2.0)
#9 9.723   Downloading psycopg_pool-3.3.3-py3-none-any.whl.metadata (2.8 kB)
#9 10.10 Collecting cryptography>=43 (from exaconnect-controller==0.2.0)
#9 10.11   Downloading cryptography-50.0.2-cp311-abi3-manylinux_2_34_x86_64.whl.metadata (4.4 kB)
#9 10.27 Collecting cffi>=2.0.0 (from cryptography>=43->exaconnect-controller==0.2.0)
#9 10.28   Downloading cffi-2.1.1-cp312-cp312-manylinux2014_x86_64.manylinux_2_17_x86_64.whl.metadata (2.5 kB)
#9 10.34 Collecting starlette>=0.46.0 (from fastapi>=0.115->exaconnect-controller==0.2.0)
#9 10.35   Downloading starlette-1.7.0-py3-none-any.whl.metadata (6.6 kB)
#9 10.40 Collecting typing-extensions>=4.8.0 (from fastapi>=0.115->exaconnect-controller==0.2.0)
#9 10.41   Downloading typing_extensions-4.16.0-py3-none-any.whl.metadata (3.3 kB)
#9 10.43 Collecting typing-inspection>=0.4.2 (from fastapi>=0.115->exaconnect-controller==0.2.0)
#9 10.45   Downloading typing_inspection-0.4.4-py3-none-any.whl.metadata (2.6 kB)
#9 10.49 Collecting annotated-doc>=0.0.2 (from fastapi>=0.115->exaconnect-controller==0.2.0)
#9 10.50   Downloading annotated_doc-0.0.5-py3-none-any.whl.metadata (6.5 kB)
#9 10.53 Collecting opentelemetry-api>=1.44.0 (from fastapi>=0.115->exaconnect-controller==0.2.0)
#9 10.54   Downloading opentelemetry_api-1.45.0-py3-none-any.whl.metadata (1.4 kB)
#9 10.85 Collecting psycopg-binary==3.3.6 (from psycopg[binary]>=3.2->exaconnect-controller==0.2.0)
#9 10.86   Downloading psycopg_binary-3.3.6-cp312-cp312-manylinux2014_x86_64.manylinux_2_17_x86_64.whl.metadata (2.7 kB)
#9 10.88 Collecting annotated-types>=0.6.0 (from pydantic>=2.7->exaconnect-controller==0.2.0)
#9 10.89   Downloading annotated_types-0.8.0-py3-none-any.whl.metadata (15 kB)
#9 12.23 Collecting pydantic-core==2.46.5 (from pydantic>=2.7->exaconnect-controller==0.2.0)
#9 12.24   Downloading pydantic_core-2.46.5-cp312-cp312-manylinux_2_17_x86_64.manylinux2014_x86_64.whl.metadata (6.6 kB)
#9 12.35 Collecting click>=7.0 (from uvicorn>=0.30->uvicorn[standard]>=0.30->exaconnect-controller==0.2.0)
#9 12.37   Downloading click-8.5.0-py3-none-any.whl.metadata (2.6 kB)
#9 12.42 Collecting h11>=0.8 (from uvicorn>=0.30->uvicorn[standard]>=0.30->exaconnect-controller==0.2.0)
#9 12.46   Downloading h11-0.16.0-py3-none-any.whl.metadata (8.3 kB)
#9 12.52 Collecting httptools>=0.8.0 (from uvicorn[standard]>=0.30->exaconnect-controller==0.2.0)
#9 12.64   Downloading httptools-0.8.0-cp312-cp312-manylinux1_x86_64.manylinux_2_28_x86_64.manylinux_2_5_x86_64.whl.metadata (3.5 kB)
#9 12.67 Collecting python-dotenv>=0.13 (from uvicorn[standard]>=0.30->exaconnect-controller==0.2.0)
#9 12.68   Downloading python_dotenv-1.2.4-py3-none-any.whl.metadata (29 kB)
#9 12.80 Collecting pyyaml>=5.1 (from uvicorn[standard]>=0.30->exaconnect-controller==0.2.0)
#9 12.83   Downloading pyyaml-6.0.3-cp312-cp312-manylinux2014_x86_64.manylinux_2_17_x86_64.manylinux_2_28_x86_64.whl.metadata (2.4 kB)
#9 12.89 Collecting uvloop>=0.15.1 (from uvicorn[standard]>=0.30->exaconnect-controller==0.2.0)
#9 12.90   Downloading uvloop-0.23.0-cp312-cp312-manylinux2014_x86_64.manylinux_2_17_x86_64.manylinux_2_28_x86_64.whl.metadata (5.1 kB)
#9 13.06 Collecting watchfiles>=0.20 (from uvicorn[standard]>=0.30->exaconnect-controller==0.2.0)
#9 13.07   Downloading watchfiles-1.3.0-cp310-abi3-manylinux_2_17_x86_64.manylinux2014_x86_64.whl.metadata (4.9 kB)
#9 13.54 Collecting websockets>=13.0 (from uvicorn[standard]>=0.30->exaconnect-controller==0.2.0)
#9 13.60   Downloading websockets-17.2-cp312-cp312-manylinux1_x86_64.manylinux_2_28_x86_64.manylinux_2_5_x86_64.whl.metadata (6.3 kB)
#9 13.67 Collecting pycparser (from cffi>=2.0.0->cryptography>=43->exaconnect-controller==0.2.0)
#9 13.68   Downloading pycparser-3.0-py3-none-any.whl.metadata (8.2 kB)
#9 13.72 Collecting anyio<5,>=4.0.0 (from starlette>=0.46.0->fastapi>=0.115->exaconnect-controller==0.2.0)
#9 13.73   Downloading anyio-4.15.1-py3-none-any.whl.metadata (4.7 kB)
#9 13.79 Collecting idna>=2.8 (from anyio<5,>=4.0.0->starlette>=0.46.0->fastapi>=0.115->exaconnect-controller==0.2.0)
#9 13.81   Downloading idna-3.20-py3-none-any.whl.metadata (7.2 kB)
#9 13.84 Downloading cryptography-50.0.2-cp311-abi3-manylinux_2_34_x86_64.whl (4.8 MB)
#9 14.03    ━━━━━━━━━━━━━━━━━━━━━━━━━━━━━━━━━━━━━━━━ 4.8/4.8 MB 26.0 MB/s eta 0:00:00
#9 14.04 Downloading fastapi-0.142.2-py3-none-any.whl (144 kB)
#9 14.09 Downloading psycopg-3.3.6-py3-none-any.whl (215 kB)
#9 14.10 Downloading psycopg_pool-3.3.3-py3-none-any.whl (40 kB)
#9 14.12 Downloading psycopg_binary-3.3.6-cp312-cp312-manylinux2014_x86_64.manylinux_2_17_x86_64.whl (5.2 MB)
#9 14.33    ━━━━━━━━━━━━━━━━━━━━━━━━━━━━━━━━━━━━━━━━ 5.2/5.2 MB 24.9 MB/s eta 0:00:00
#9 14.35 Downloading pydantic-2.13.5-py3-none-any.whl (472 kB)
#9 14.36 Downloading pydantic_core-2.46.5-cp312-cp312-manylinux_2_17_x86_64.manylinux2014_x86_64.whl (2.1 MB)
#9 14.46    ━━━━━━━━━━━━━━━━━━━━━━━━━━━━━━━━━━━━━━━━ 2.1/2.1 MB 26.2 MB/s eta 0:00:00
#9 14.46 Downloading uvicorn-0.54.0-py3-none-any.whl (87 kB)
#9 14.48 Downloading annotated_doc-0.0.5-py3-none-any.whl (5.3 kB)
#9 14.48 Downloading annotated_types-0.8.0-py3-none-any.whl (13 kB)
#9 14.49 Downloading cffi-2.1.1-cp312-cp312-manylinux2014_x86_64.manylinux_2_17_x86_64.whl (221 kB)
#9 14.57 Downloading click-8.5.0-py3-none-any.whl (125 kB)
#9 14.57 Downloading h11-0.16.0-py3-none-any.whl (37 kB)
#9 14.59 Downloading httptools-0.8.0-cp312-cp312-manylinux1_x86_64.manylinux_2_28_x86_64.manylinux_2_5_x86_64.whl (523 kB)
#9 14.63 Downloading opentelemetry_api-1.45.0-py3-none-any.whl (60 kB)
#9 14.64 Downloading python_dotenv-1.2.4-py3-none-any.whl (23 kB)
#9 14.65 Downloading pyyaml-6.0.3-cp312-cp312-manylinux2014_x86_64.manylinux_2_17_x86_64.manylinux_2_28_x86_64.whl (807 kB)
#9 14.70    ━━━━━━━━━━━━━━━━━━━━━━━━━━━━━━━━━━━━━━━━ 807.9/807.9 kB 19.8 MB/s eta 0:00:00
#9 14.71 Downloading starlette-1.7.0-py3-none-any.whl (78 kB)
#9 14.71 Downloading typing_extensions-4.16.0-py3-none-any.whl (45 kB)
#9 14.74 Downloading typing_inspection-0.4.4-py3-none-any.whl (14 kB)
#9 14.75 Downloading uvloop-0.23.0-cp312-cp312-manylinux2014_x86_64.manylinux_2_17_x86_64.manylinux_2_28_x86_64.whl (4.5 MB)
#9 14.94    ━━━━━━━━━━━━━━━━━━━━━━━━━━━━━━━━━━━━━━━━ 4.5/4.5 MB 24.9 MB/s eta 0:00:00
#9 14.94 Downloading watchfiles-1.3.0-cp310-abi3-manylinux_2_17_x86_64.manylinux2014_x86_64.whl (458 kB)
#9 14.97 Downloading websockets-17.2-cp312-cp312-manylinux1_x86_64.manylinux_2_28_x86_64.manylinux_2_5_x86_64.whl (225 kB)
#9 14.99 Downloading anyio-4.15.1-py3-none-any.whl (132 kB)
#9 15.00 Downloading pycparser-3.0-py3-none-any.whl (48 kB)
#9 15.01 Downloading idna-3.20-py3-none-any.whl (69 kB)
#9 15.07 Building wheels for collected packages: exaconnect-controller
#9 15.08   Building wheel for exaconnect-controller (pyproject.toml): started
#9 15.76   Building wheel for exaconnect-controller (pyproject.toml): finished with status 'done'
#9 15.76   Created wheel for exaconnect-controller: filename=exaconnect_controller-0.2.0-py3-none-any.whl size=120964 sha256=537b38a416da36f5c7f67db34f72f35220114830de126e0383111004f5f9af4a
#9 15.77   Stored in directory: /tmp/pip-ephem-wheel-cache-c4dw3ekc/wheels/54/1b/b7/aa63e25c8f14f4f2ae7b04e6097bdecb770e455c5c1ee0a600
#9 15.78 Successfully built exaconnect-controller
#9 15.86 Installing collected packages: websockets, uvloop, typing-extensions, pyyaml, python-dotenv, pycparser, psycopg-binary, idna, httptools, h11, click, annotated-types, annotated-doc, uvicorn, typing-inspection, pydantic-core, psycopg-pool, psycopg, opentelemetry-api, cffi, anyio, watchfiles, starlette, pydantic, cryptography, fastapi, exaconnect-controller
#9 20.85 WARNING: Running pip as the 'root' user can result in broken permissions and conflicting behaviour with the system package manager, possibly rendering your system unusable. It is recommended to use a virtual environment instead: https://pip.pypa.io/warnings/venv. Use the --root-user-action option if you know what you are doing and want to suppress this warning.
#9 20.85 Successfully installed annotated-doc-0.0.5 annotated-types-0.8.0 anyio-4.15.1 cffi-2.1.1 click-8.5.0 cryptography-50.0.2 exaconnect-controller-0.2.0 fastapi-0.142.2 h11-0.16.0 httptools-0.8.0 idna-3.20 opentelemetry-api-1.45.0 psycopg-3.3.6 psycopg-binary-3.3.6 psycopg-pool-3.3.3 pycparser-3.0 pydantic-2.13.5 pydantic-core-2.46.5 python-dotenv-1.2.4 pyyaml-6.0.3 starlette-1.7.0 typing-extensions-4.16.0 typing-inspection-0.4.4 uvicorn-0.54.0 uvloop-0.23.0 watchfiles-1.3.0 websockets-17.2
#9 21.00 
#9 21.00 [notice] A new release of pip is available: 25.0.1 -> 26.2.1
#9 21.00 [notice] To update, run: pip install --upgrade pip
#9 DONE 21.9s

#10 [controller] exporting to image
#10 exporting layers
#10 exporting layers 7.8s done
#10 exporting manifest sha256:273ec1f89ef47fc5b5bf237db0a3ea353ac8a08a9b0dcd31fc846c875160ff9e 0.1s done
#10 exporting config sha256:2960bce5aa63756fb20fcad7716a3a24787889e309f87c258d26a66d11efc63e 0.0s done
#10 exporting attestation manifest sha256:95c8c0c23744206733ea1af5cde23e15861dd2625950b630afeb08da0a17a844 0.1s done
#10 exporting manifest list sha256:86def2003c33886ad051e5fa99a56bde58f648daad6db39c73ce272209520d51
#10 exporting manifest list sha256:86def2003c33886ad051e5fa99a56bde58f648daad6db39c73ce272209520d51 0.1s done
#10 naming to docker.io/library/exaconnect-controller:latest done
#10 unpacking to docker.io/library/exaconnect-controller:latest
#10 unpacking to docker.io/library/exaconnect-controller:latest 2.1s done
#10 DONE 10.6s

#11 [controller] resolving provenance for metadata file
#11 DONE 0.0s
 controller  Built
time="2026-10-04T03:54:32+02:00" level=warning msg="Found orphan containers ([exaconnect-web-1]) for this project. If you removed or renamed this service in your compose file, you can run this command with the --remove-orphans flag to clean it up."
 Container exaconnect-db-1  Running
 Container exaconnect-controller-1  Recreate
 Container exaconnect-controller-1  Recreated
 Container exaconnect-proxy-1  Running
 Container exaconnect-db-1  Waiting
 Container exaconnect-db-1  Healthy
 Container exaconnect-controller-1  Starting
 Container exaconnect-controller-1  Started
 Container exaconnect-controller-1  Waiting
 Container exaconnect-controller-1  Healthy
 Container exaconnect-proxy-1  Waiting
 Container exaconnect-db-1  Waiting
 Container exaconnect-controller-1  Waiting
 Container exaconnect-controller-1  Healthy
 Container exaconnect-db-1  Healthy
 Container exaconnect-proxy-1  Healthy
time="2026-10-04T03:54:42+02:00" level=warning msg="Found orphan containers ([exaconnect-web-1]) for this project. If you removed or renamed this service in your compose file, you can run this command with the --remove-orphans flag to clean it up."
 Container exaconnect-proxy-1  Recreate
 Container exaconnect-proxy-1  Recreated
 Container exaconnect-proxy-1  Starting
 Container exaconnect-proxy-1  Started
 Container exaconnect-proxy-1  Waiting
 Container exaconnect-proxy-1  Healthy

== Agents (01:54:45)
time=2026-10-04T01:54:48.103Z level=INFO msg=enrolled node=pop-miami node_id=dec75881-7217-446d-832c-429602f9c0df wg_public_key="[key]"
time=2026-10-04T01:54:48.455Z level=INFO msg=enrolled node=site-a node_id=55cd6032-22e4-451d-8e47-90746e013ee6 wg_public_key="[key]"
time=2026-10-04T01:54:48.728Z level=INFO msg=enrolled node=site-b node_id=2ff0d83d-5c32-45f9-bf78-6510a4394233 wg_public_key="[key]"
pop-miami: agent started
site-a: agent started
site-b: agent started

== Public portal (01:54:49)
time="2026-10-04T03:54:50+02:00" level=warning msg="Docker Compose is configured to build using Bake, but buildx isn't installed"
#0 building with "default" instance using docker driver

#1 [controller internal] load build definition from Dockerfile
#1 transferring dockerfile: 559B done
#1 DONE 0.1s

#2 [controller internal] load metadata for docker.io/library/python:3.12-slim
#2 DONE 0.2s

#3 [controller internal] load .dockerignore
#3 transferring context: 2B done
#3 DONE 0.0s

#4 [controller 1/5] FROM docker.io/library/python:3.12-slim@sha256:dddfd7e07f9d15aeeca61529320492139d21cac7f0070c00609243e51e4e0016
#4 resolve docker.io/library/python:3.12-slim@sha256:dddfd7e07f9d15aeeca61529320492139d21cac7f0070c00609243e51e4e0016 0.1s done
#4 DONE 0.1s

#5 [controller internal] load build context
#5 transferring context: 3.32kB 0.0s done
#5 DONE 0.0s

#6 [controller 3/5] COPY pyproject.toml ./
#6 CACHED

#7 [controller 4/5] COPY exaconnect_controller ./exaconnect_controller
#7 CACHED

#8 [controller 2/5] WORKDIR /app
#8 CACHED

#9 [controller 5/5] RUN pip install --no-cache-dir . && mkdir -p /data && chown nobody:nogroup /data
#9 CACHED

#10 [controller] exporting to image
#10 exporting layers 0.0s done
#10 exporting manifest sha256:273ec1f89ef47fc5b5bf237db0a3ea353ac8a08a9b0dcd31fc846c875160ff9e done
#10 exporting config sha256:2960bce5aa63756fb20fcad7716a3a24787889e309f87c258d26a66d11efc63e done
#10 exporting attestation manifest sha256:c21dcc190fca1d002f4264825a9f6ab1649f276d01f64fae21f3d408db280bbb
#10 exporting attestation manifest sha256:c21dcc190fca1d002f4264825a9f6ab1649f276d01f64fae21f3d408db280bbb 0.2s done
#10 exporting manifest list sha256:a21228ca0d7766642b1f6d4e2d7c95a459836c15ad6c4918353652c6f8bcd933
#10 exporting manifest list sha256:a21228ca0d7766642b1f6d4e2d7c95a459836c15ad6c4918353652c6f8bcd933 0.0s done
#10 naming to docker.io/library/exaconnect-controller:latest done
#10 unpacking to docker.io/library/exaconnect-controller:latest 0.0s done
#10 DONE 0.6s

#11 [controller] resolving provenance for metadata file
#11 DONE 0.0s

#12 [web internal] load build definition from Dockerfile
#12 transferring dockerfile: 529B done
#12 DONE 0.0s

#13 [web internal] load metadata for docker.io/library/node:22-alpine
#13 ...

#14 [web internal] load metadata for docker.io/library/caddy:2-alpine
#14 DONE 0.4s

#13 [web internal] load metadata for docker.io/library/node:22-alpine
#13 DONE 0.4s

#15 [web internal] load .dockerignore
#15 transferring context: 2B done
#15 DONE 0.0s

#16 [web internal] load build context
#16 DONE 0.0s

#17 [web stage-1 1/3] FROM docker.io/library/caddy:2-alpine@sha256:881bbc60f9986d5ab8e7cfd6cf7e4ef3c9c0439fef2429d035d065577882f028
#17 resolve docker.io/library/caddy:2-alpine@sha256:881bbc60f9986d5ab8e7cfd6cf7e4ef3c9c0439fef2429d035d065577882f028 0.1s done
#17 DONE 0.1s

#18 [web portal 1/6] FROM docker.io/library/node:22-alpine@sha256:0a7108bf6c7bf5de370ffb1a3ed6be93d405b43ff159f681a8d18c0e2bc2e402
#18 resolve docker.io/library/node:22-alpine@sha256:0a7108bf6c7bf5de370ffb1a3ed6be93d405b43ff159f681a8d18c0e2bc2e402
#18 resolve docker.io/library/node:22-alpine@sha256:0a7108bf6c7bf5de370ffb1a3ed6be93d405b43ff159f681a8d18c0e2bc2e402 0.1s done
#18 DONE 0.1s

#16 [web internal] load build context
#16 transferring context: 173.51kB 0.2s done
#16 DONE 0.2s

#19 [web portal 2/6] WORKDIR /src/portal
#19 CACHED

#20 [web portal 3/6] COPY portal/package.json portal/package-lock.json ./
#20 CACHED

#21 [web portal 4/6] RUN npm ci --no-audit --no-fund
#21 CACHED

#22 [web portal 5/6] COPY portal/ ./
#22 DONE 3.6s

#23 [web portal 6/6] RUN npm run build
#23 2.354 
#23 2.354 > exaconnect-portal@0.0.1 build
#23 2.354 > tsc -b && vite build
#23 2.354 
#23 4.363 vite v8.3.1 building client environment for production...
#23 4.400 transforming...
#23 4.583 ✓ 41 modules transformed.
#23 4.706 rendering chunks...
#23 5.458 computing gzip size...
#23 5.535 dist/index.html                   0.82 kB │ gzip:   0.43 kB
#23 5.535 dist/assets/index-DknC99qj.css   13.25 kB │ gzip:   3.55 kB
#23 5.535 dist/assets/index-vk-PSy5v.js   380.90 kB │ gzip: 111.05 kB
#23 5.535 
#23 5.544 ✓ built in 1.17s
#23 DONE 6.3s

#24 [web stage-1 2/3] COPY deploy/public/Caddyfile /etc/caddy/Caddyfile
#24 CACHED

#25 [web stage-1 3/3] COPY --from=portal /src/portal/dist /srv/portal
#25 DONE 0.5s

#26 [web] exporting to image
#26 exporting layers
#26 exporting layers 0.5s done
#26 exporting manifest sha256:a2d74fd6413452c4446d7242c7b70b12319b6f2380368df86748194626c235dd
#26 exporting manifest sha256:a2d74fd6413452c4446d7242c7b70b12319b6f2380368df86748194626c235dd 0.1s done
#26 exporting config sha256:7846c70a172cb056bbb75735a7ae296278957e861a18099c0db054ddebc6c3f0 0.0s done
#26 exporting attestation manifest sha256:259b2015749afa70fa4cfe356799ac11904bff92ffc59fb759972c1b8f290c25
#26 exporting attestation manifest sha256:259b2015749afa70fa4cfe356799ac11904bff92ffc59fb759972c1b8f290c25 0.1s done
#26 exporting manifest list sha256:ea735f892d420a8c8b291b072ba182a89e9b8bb76cf0d3fbefaa005e20a04689 0.0s done
#26 naming to docker.io/library/exaconnect-web:latest done
#26 unpacking to docker.io/library/exaconnect-web:latest 0.1s done
#26 DONE 0.9s

#27 [web] resolving provenance for metadata file
#27 DONE 0.0s
 controller  Built
 web  Built
 Container exaconnect-db-1  Running
 Container exaconnect-controller-1  Recreate
 Container exaconnect-controller-1  Recreated
 Container exaconnect-web-1  Recreate
 Container exaconnect-web-1  Recreated
 Container exaconnect-db-1  Waiting
 Container exaconnect-db-1  Healthy
 Container exaconnect-controller-1  Starting
 Container exaconnect-controller-1  Started
 Container exaconnect-controller-1  Waiting
 Container exaconnect-controller-1  Healthy
 Container exaconnect-web-1  Starting
 Container exaconnect-web-1  Started
 Container exaconnect-web-1  Waiting
 Container exaconnect-db-1  Waiting
 Container exaconnect-controller-1  Waiting
 Container exaconnect-db-1  Healthy
 Container exaconnect-controller-1  Healthy
 Container exaconnect-web-1  Healthy

== Waiting for tunnels, BGP and BFD (01:55:16)

== Checks (01:55:21)
-- lab/scripts/check-routing.sh
ok    site-a wg-a handshake 32s ago
ok    site-a wg-b handshake 33s ago
ok    site-a wg-sat handshake 33s ago
ok    site-b wg-a handshake 33s ago
ok    site-b wg-b handshake 33s ago
ok    site-b wg-sat handshake 32s ago
ok    pop-miami BGP 6/6 established
ok    pop-miami BFD 6/6 up
ok    site-a BGP 3/3 established
ok    site-a BFD 3/3 up
ok    site-b BGP 3/3 established
ok    site-b BFD 3/3 up
ok    lan-a -> lan-b (site-a to site-b via the PoP)
ok    lan-b -> lan-a
ok    lan-a -> lan-pop

  traceroute to 192.168.20.10 (192.168.20.10), 30 hops max, 46 byte packets
   1  192.168.10.1  0.012 ms
   2  100.64.1.1  26.587 ms
   3  100.64.1.12  62.135 ms
   4  192.168.20.10  61.610 ms
-- lab/ci/checks/m0-timing.sh
-- host timing
      clocksource kvm-clock, available: kvm-clock hpet acpi_pm 
      kernel 6.8.0-139-generic, timers: hres_active    : 1, resolution: 1 nsecs
      HZ 1000, 4 CPUs, load 5.84 4.63 5.64
      netem on carrier-a: qdisc netem 806a: root refcnt 5 limit 10000 delay 12.5ms  1ms seed 13662840560583057523
      cpuidle driver none, governor menu
      (netem asks for 25 ms on A and 35 ms on B round trip, with 2 and 4 ms jitter; min/avg/max/mdev)
      site-a to lan-a (no netem):              0.050/0.141/4.303/0.428 ms
      site-a to carrier-a router (one netem):  9.541/13.195/32.339/2.736 ms
      site-a to PoP underlay via carrier A:    22.388/27.491/63.278/5.014 ms
      site-a to PoP through wg-a:              22.991/33.807/164.006/18.323 ms, pipe 3
      site-a to PoP underlay via carrier B:    30.371/36.868/88.316/6.391 ms, pipe 2
-- busiest containers
      21.88% clab-exaconnect-site-b
      21.38% exaconnect-controller-1
      20.41% clab-exaconnect-site-a
      19.35% clab-exaconnect-pop-miami
      0.79% clab-exaconnect-ix
      0.57% exaconnect-web-1
      0.19% clab-exaconnect-lan-a
      0.03% exaconnect-db-1
-- busiest processes
       400 ps
      10.3 exa-agent
       8.2 uvicorn
       7.6 exa-agent
       7.4 exa-agent
       3.3 rcu_preempt
       3.0 kworker/2:3-wg-crypt-wg-a
       2.4 kworker/1:5-wg-crypt-wg-a
-- lab/ci/checks/m4-steering.sh
-- steering applied
ok    pop-miami nftables classifier
ok    pop-miami 6 steering rules
ok    site-a nftables classifier
ok    site-a 3 steering rules
ok    site-b nftables classifier
ok    site-b 3 steering rules
      voice state at start: site-b carrier-a since 2026-10-04 01:49:10.268508+00 return - -; site-a carrier-b since 2026-10-04 01:46:48.170332+00 return carrier-a 2026-10-04 01:55:12.178968+00
      probe jitter, last 3 min, carrier-a avg 9.4 p95 14.4, carrier-b avg 9.9 p95 14.6, sat avg 14.8 p95 22.6
      host load 6.23 4.87 5.68 on 4 CPUs, CPU steal 0.0% over 5 s
FAIL  site-a voice on 'wg-b' (controller: carrier-b) at start, want wg-a
      state: carrier-b since 2026-10-04 01:46:48.170332+00 return carrier-a 2026-10-04 02:03:20.526651+00 note - updated 2026-10-04 02:04:11.269596+00
      voice class: preferred none, priority realtime
      2026-10-04 01:47:38.740238+00|hold|Kept voice on Carrier B: it is down (BFD reports it down) and no other path is up.
      2026-10-04 01:46:48.172524+00|move|Moved voice from Carrier A to Carrier B: loss on Carrier A is 1.8% against a 1% SLA.
      2026-10-04 01:36:45.023715+00|hold|Kept voice on Carrier A: loss on Carrier A is 4.8% against a 1% SLA, but no other path is forecast within SLA.
      2026-10-04 01:36:34.939807+00|hold|Kept voice on Carrier A: loss on Carrier A is 15.8% against a 1% SLA, but no other path is forecast within SLA.
      probe jitter, last 3 min, carrier-a avg 13.1 p95 26.2, carrier-b avg 13.7 p95 26.3, sat avg 27.1 p95 48.4
      host load 3.57 4.20 5.07, CPU steal 0.0% over 5 s
      probes carrier-a: sent 3520 lost 0 rtt 41.6 jitter 12.5
      probes carrier-b: sent 3515 lost 0 rtt 51.3 jitter 13.7
      probes sat: sent 180 lost 2 rtt 63.2 jitter 26.4
      maps: pop-miami v318, site-a v255, site-b v163
-- brownout: carrier A loss 0 -> 3% over 180 s (demo step 2)
SKIP  brownout: voice was not on carrier A to start with (see above)
-- hard cut of carrier B while voice is on it (demo step 3)
      voice probe stream: 1461 of 1500 received at 50 packets/s
ok    voice lost 780 ms of packets (< 3 s)
ok    agent failover on BFD after 1 s
ok    voice on wg-a after the cut
-- recovery: restore B, classes move back only after the hold time (demo step 4)
ok    no moves in the first minute after recovery
lab/ci/checks/m4-steering.sh: line 146: t0: unbound variable
      moves since the brownout began: 
lab/ci/checks/m4-steering.sh: line 149: t0: unbound variable
-- lab/ci/checks/m5-storm.sh
-- Storm Mode on at site-a only
ok    Storm Mode switched on for site-a through the API
ok    site-a agent has the Storm Mode steering map
ok    site-b is not in Storm Mode
ok    satellite warm: 50 probes per 10 s
ok    satellite BGP established
-- both terrestrial links cut
ok    voice continues on satellite
ok    business continues on satellite
ok    bulk paused (blackhole rule)
ok    voice stream lost 1620 ms across the double cut
-- restore and switch Storm Mode off
ok    Storm Mode switched off
ok    voice and business back on terrestrial paths, bulk resumed
      Storm Mode last switched by user:admin@exacarib.local
      02:07:25 storm_off
      02:06:06 storm_on
-- lab/ci/checks/m6-metering.sh
-- traffic: 20 Mbit/s bulk (CS1, TCP) from lan-a to lan-b for 11 minutes
      bulk leaves site-a on wg-a
ok    5-minute samples with traffic for site-a
      iperf: [  5] 463.00-464.01 sec  1.62 MBytes  13.6 Mbits/sec   16   98.9 KBytes        [  5] 464.01-465.00 sec  1.25 MBytes  10.5 Mbits/sec    0    114 KBytes        [  5] 465.00-466.00 sec  1.38 MBytes  11.6 Mbits/sec    0    119 KBytes        [  5] 466
      site-a carrier-a: samples 11, 95th in 1.43549 out 21.867563, billable 21.867563, commit 100, burst 0.000, total 400.00
ok    billable rate 21.867563 Mbps matches the ~20 Mbit/s offered
-- CSV matches the screen
ok    CSV 95th percentile 21.868 equals the screen
ok    CSV settlement total equals the screen
-- carrier view
ok    carrier user sees only Carrier A links
ok    carrier user cannot open the customer overview
-- lab/ci/checks/m7-outage.sh
-- stop the controller and the agent proxy
ok    all three agents noticed after 62 s and hold the last good state
ok    site A still reaches site B through the PoP
-- BFD failover with the controller down
ok    voice moved from wg-a to wg-b in 3.8 s, without the controller
-- start the controller again
ok    all three agents reconciled 37 s after the restart
-- lab/ci/checks/m8-ai.sh
-- hurricane watch
ok    NHC feed read from the lab host: 2 active storms
ok    example hurricane raised a warning
ok    only site-a (Kingston) is warned
      Hurricane Example (90 kt) is moving at 23 km/h on a heading of 285°. Projecting that motion forward, it passes about 92 km from site-a in about 25 h. Consider switching Storm Mode on so the satellite path is warm before the terrestrial links suffer. This is a straight-line projection; check the NHC advisory for the official forecast track.
-- disaster watch
ok    all disaster feeds read from the lab host: ptwc=2 usgs=11 events=11 failed= 
ok    example earthquake from USGS, GDACS and tsunami.gov raised one alert, for site-b only
      Magnitude 6.4 earthquake, 38 km NE of Port of Spain, Trinidad and Tobago, reported by USGS and GDACS and tsunami.gov. Latest tsunami message: Tsunami Information Statement Number 2. Sites in range: site-b 47 km (critical). Consider switching Storm Mode on for the sites marked critical, so the satellite path is warm if terrestrial links fail. Distances are straight lines from the reported location; check the source's report.
-- insights from this run
      anomaly critical: Carrier B at site-b: loss 7.89%, usually 0.00%
      anomaly critical: Carrier A at site-b: loss 4.58%, usually 0.00%
      anomaly critical: Carrier B at site-a: loss 9.19%, usually 0.00%
      anomaly critical: Carrier A at site-a: loss 4.81%, usually 0.00%
      hazard critical: Example data: Magnitude 6.4 earthquake, 38 km NE of Port of Spain, Trinidad and Tobago: 47 km from site-b
      storm_warning critical: Example data: Hurricane Example may pass 92 km from site-a in about 25 h
      storm_warning critical: Example data: Hurricane Example may pass 92 km from site-a in about 25 h
      anomaly critical: Carrier B at site-a: loss 3.69%, usually 0.00%
      anomaly critical: Carrier B at site-b: loss 3.89%, usually 0.00%
      anomaly critical: Carrier A at site-b: loss 4.22%, usually 0.24%
-- ask your network
ok    answered: Voice at site-a is on carrier-a, and it last moved there at 02:07:33Z by user-initiated Storm Mode (storm_since 02:07:25Z), not by a routing decision—the log shows no move event for voice at site-a in the last 7 days, only holds.
-- lab/ci/checks/m9-fabric.sh
-- simulated cloud gateways
ok    AWS and Azure gateways configured
-- cloud circuits
ok    created circuits 19 (AWS) and 20 (Azure)
ok    both circuits up (IPsec and BGP) 18 s after they were created
      AWS: up, BGP Established, routes 10.100.0.0/16
ok    site-a learned the AWS VPC route from the PoP
ok    lan-a reaches the AWS VPC (10.100.0.1) through the PoP
ok    site-a puts traffic for AWS in business
-- cloud router
ok    AWS reaches Azure through the PoP
-- elastic bandwidth
ok    20 Mbps reached the PoP's shaper on vc19
      charges so far: [{"mbps":50,"hours":0.01},{"mbps":20,"hours":0.0}]
-- layer 2 circuit
ok    VLAN 100 at site A and VLAN 200 at site B are one segment (lan-a pings lan-b)
ok    layer 2 circuit up and monitored: round trip 78.0 ms, 0.0% loss over the last minute
-- clean up
ok    deleted circuits are torn down at the PoP
-- lab/ci/checks/m9-internet.sh
-- through the PoP (the default)
ok    lan-a reaches the internet through the PoP
ok    the PoP translated it to its own address
      site-a exits by: wg-a
-- firewall at the PoP
ok    a deny rule stops lan-a's pings at the PoP
ok    the rule's hits reach the portal
ok    deleting the rule lets the pings through again
-- port forward on the PoP's address
FAIL  port forward 8080 to lan-a did not answer
ok    the internet cannot reach lan-a directly through the PoP
-- straight out at the site
ok    lan-a reaches the internet over carrier A, translated to site-a's address
ok    with carrier A cut, it leaves by carrier B within 4 s
ok    site-a reports it exits by eth1
-- clean up
ok    back through the PoP
-- lab/ci/checks/m9-public-e2e.sh
-- API through https://connect.exacarib.com
ok    admin signs in at https://connect.exacarib.com
ok    every portal screen's data answers 200 through the public site
      settlement CSV: 200 text/csv; charset=utf-8
-- browser
ok    signed in through the browser
ok    Overview renders without errors
ok    Sites renders without errors
ok    Traffic: seen on your network renders without errors
ok    Traffic: rules renders without errors
ok    Traffic: classes renders without errors
ok    Decisions renders without errors
ok    Fabric renders without errors
ok    Internet renders without errors
ok    Metering renders without errors
ok    Insights renders without errors
ok    Ask your network renders without errors
ok    Carrier view renders without errors
ok    Account renders without errors
ok    Admin: agents renders without errors
ok    Admin: sites renders without errors
ok    Admin: classes renders without errors
ok    Admin: users renders without errors
ok    Admin: settings renders without errors
ok    Admin: audit renders without errors
ok    example hurricane and earthquake alerts appear on Insights
-- lab/ci/checks/m9-public.sh
ok    https://connect.exacarib.com/healthz answers on this host
ok    certificate from Let's Encrypt (issuer=C = US, O = Let's Encrypt, CN = YE1)
ok    portal served
ok    agent endpoints not served publicly
ok    API answers and needs sign-in
ok    connect.exacarib.com reachable from this host over the internet
      web container: running restarts=0
      caddy: {"level":"info","ts":1791078916.2171538,"msg":"using config from file","file":"/etc/caddy/Caddyfile"}
      caddy: {"level":"info","ts":1791078916.217157,"msg":"adapted config to JSON","adapter":"caddyfile"}
      listening on public addresses: 22 80 443 
ok    controller, database and dev portal stay private
-- lab/ci/checks/m9-traffic.sh
-- priority queues
ok    site-a wg-a: qdisc cake 8076: root refcnt 2 bandwidth 190Mbit diffserv4 triple-isolate nonat nowash no-
ok    site-a wg-b: qdisc cake 8077: root refcnt 2 bandwidth 95Mbit diffserv4 triple-isolate nonat nowash no-a
-- application detection: Zoom-like traffic on UDP 8801 for 4 minutes
ok    site-a reported its flows to UDP 8801
ok    recognised: Zoom meetings seen at site-a: 1 flow(s) to UDP 8801, matches Zoom meetings (calls and meetings); currently unclassified. Suggest voice (real-time priority).
ok    suggests voice
ok    applied as rule 33
ok    site-a classifies UDP 8801-8810 as voice
ok    Zoom flows now report as voice
ok    site-b is unchanged (the rule is for site-a)
-- a customer rule: a subnet and port into business
ok    site-a classifies TCP 5201 to site B as business
ok    the PoP classifies the return direction

== Diagnostics (02:24:57)
pop-miami: running
site-a: running
site-b: running
-- agent log pop-miami
time=2026-10-04T02:21:30.429Z level=INFO msg="bfd change" node=pop-miami peer=100.64.2.12 tunnel=wg-b status=down
time=2026-10-04T02:21:30.429Z level=INFO msg="bfd change" node=pop-miami peer=100.64.3.11 tunnel=wg-sat status=init
time=2026-10-04T02:21:30.429Z level=INFO msg="bfd change" node=pop-miami peer=100.64.1.12 tunnel=wg-a status=down
time=2026-10-04T02:21:30.429Z level=INFO msg="bfd change" node=pop-miami peer=100.64.1.11 tunnel=wg-a status=init
time=2026-10-04T02:21:30.429Z level=INFO msg="bfd change" node=pop-miami peer=100.64.3.12 tunnel=wg-sat status=down
time=2026-10-04T02:21:30.429Z level=INFO msg="bfd change" node=pop-miami peer=100.64.2.11 tunnel=wg-b status=init
time=2026-10-04T02:21:30.433Z level=INFO msg="class moved" node=pop-miami class=voice dst=192.168.20.0/24 from=carrier-b to=bgp why=bfd
time=2026-10-04T02:21:31.147Z level=INFO msg="bfd change" node=pop-miami peer=100.64.2.12 tunnel=wg-b status=init
time=2026-10-04T02:21:31.147Z level=INFO msg="bfd change" node=pop-miami peer=100.64.1.12 tunnel=wg-a status=init
time=2026-10-04T02:21:31.147Z level=INFO msg="bfd change" node=pop-miami peer=100.64.3.12 tunnel=wg-sat status=init
time=2026-10-04T02:21:31.159Z level=INFO msg="class moved" node=pop-miami class=voice dst=192.168.20.0/24 from=bgp to=carrier-b why=bfd
time=2026-10-04T02:21:32.333Z level=INFO msg="bfd change" node=pop-miami peer=100.64.2.12 tunnel=wg-b status=up
time=2026-10-04T02:21:32.335Z level=INFO msg="bfd change" node=pop-miami peer=100.64.1.12 tunnel=wg-a status=up
time=2026-10-04T02:21:32.335Z level=INFO msg="bfd change" node=pop-miami peer=100.64.3.12 tunnel=wg-sat status=up
time=2026-10-04T02:21:33.692Z level=INFO msg="bfd change" node=pop-miami peer=100.64.3.11 tunnel=wg-sat status=down
time=2026-10-04T02:21:33.692Z level=INFO msg="bfd change" node=pop-miami peer=100.64.1.11 tunnel=wg-a status=down
time=2026-10-04T02:21:33.692Z level=INFO msg="bfd change" node=pop-miami peer=100.64.2.11 tunnel=wg-b status=up
time=2026-10-04T02:21:33.699Z level=INFO msg="class moved" node=pop-miami class=bulk dst=192.168.10.0/24 from=carrier-a to=carrier-b why=bfd
time=2026-10-04T02:21:34.191Z level=INFO msg="bfd change" node=pop-miami peer=100.64.3.11 tunnel=wg-sat status=up
time=2026-10-04T02:21:34.696Z level=INFO msg="bfd change" node=pop-miami peer=100.64.1.11 tunnel=wg-a status=up
time=2026-10-04T02:21:34.706Z level=INFO msg="class moved" node=pop-miami class=bulk dst=192.168.10.0/24 from=carrier-b to=carrier-a why=bfd
time=2026-10-04T02:21:59.398Z level=INFO msg="new steering map" node=pop-miami version=329 storm=false
time=2026-10-04T02:21:59.435Z level=INFO msg="class moved" node=pop-miami class=bulk dst=192.168.10.0/24 from=carrier-a to=carrier-b why=controller
time=2026-10-04T02:23:54.155Z level=INFO msg="new steering map" node=pop-miami version=330 storm=false
time=2026-10-04T02:24:54.220Z level=INFO msg="new steering map" node=pop-miami version=332 storm=false
-- agent log site-a
time=2026-10-04T02:21:24.036Z level=INFO msg="bfd change" node=site-a peer=100.64.2.1 tunnel=wg-b status=up
time=2026-10-04T02:21:24.536Z level=INFO msg="bfd change" node=site-a peer=100.64.3.1 tunnel=wg-sat status=up
time=2026-10-04T02:21:28.583Z level=INFO msg="bfd change" node=site-a peer=100.64.1.1 tunnel=wg-a status=up
time=2026-10-04T02:21:28.594Z level=INFO msg="class moved" node=site-a class=bulk dst="" from=carrier-b to=carrier-a why=bfd
time=2026-10-04T02:21:28.599Z level=INFO msg="internet exit changed" node=site-a from=eth2 to=eth1
time=2026-10-04T02:21:29.549Z level=INFO msg="new desired state" node=site-a version=63
time=2026-10-04T02:21:30.706Z level=INFO msg="bfd change" node=site-a peer=100.64.1.1 tunnel=wg-a status=down
time=2026-10-04T02:21:30.706Z level=INFO msg="bfd change" node=site-a peer=100.64.3.1 tunnel=wg-sat status=down
time=2026-10-04T02:21:30.706Z level=INFO msg="bfd change" node=site-a peer=100.64.2.1 tunnel=wg-b status=down
time=2026-10-04T02:21:30.718Z level=INFO msg="class moved" node=site-a class=voice dst="" from=carrier-b to=bgp why=bfd
time=2026-10-04T02:21:30.718Z level=INFO msg="class moved" node=site-a class=business dst="" from=carrier-b to=bgp why=bfd
time=2026-10-04T02:21:30.718Z level=INFO msg="class moved" node=site-a class=bulk dst="" from=carrier-a to=paused why=bfd
time=2026-10-04T02:21:30.756Z level=INFO msg="new steering map" node=site-a version=264 storm=false
time=2026-10-04T02:21:33.496Z level=INFO msg="bfd change" node=site-a peer=100.64.1.1 tunnel=wg-a status=init
time=2026-10-04T02:21:33.496Z level=INFO msg="bfd change" node=site-a peer=100.64.3.1 tunnel=wg-sat status=init
time=2026-10-04T02:21:33.497Z level=INFO msg="bfd change" node=site-a peer=100.64.2.1 tunnel=wg-b status=up
time=2026-10-04T02:21:33.502Z level=INFO msg="class moved" node=site-a class=voice dst="" from=bgp to=carrier-b why=bfd
time=2026-10-04T02:21:33.502Z level=INFO msg="class moved" node=site-a class=business dst="" from=bgp to=carrier-b why=bfd
time=2026-10-04T02:21:33.502Z level=INFO msg="class moved" node=site-a class=bulk dst="" from=paused to=carrier-a why=bfd
time=2026-10-04T02:21:34.094Z level=INFO msg="bfd change" node=site-a peer=100.64.3.1 tunnel=wg-sat status=up
time=2026-10-04T02:21:34.613Z level=INFO msg="bfd change" node=site-a peer=100.64.1.1 tunnel=wg-a status=up
time=2026-10-04T02:21:54.507Z level=INFO msg="new steering map" node=site-a version=265 storm=false
time=2026-10-04T02:21:54.511Z level=INFO msg="class moved" node=site-a class=bulk dst="" from=carrier-a to=carrier-b why=controller
time=2026-10-04T02:23:54.525Z level=INFO msg="new steering map" node=site-a version=266 storm=false
time=2026-10-04T02:24:54.592Z level=INFO msg="new steering map" node=site-a version=268 storm=false
-- agent log site-b
time=2026-10-04T02:21:21.424Z level=INFO msg="bfd change" node=site-b peer=100.64.1.1 tunnel=wg-a status=up
time=2026-10-04T02:21:21.429Z level=INFO msg="class moved" node=site-b class=voice dst="" from=bgp to=carrier-b why=bfd
time=2026-10-04T02:21:21.429Z level=INFO msg="class moved" node=site-b class=business dst="" from=bgp to=carrier-b why=bfd
time=2026-10-04T02:21:21.429Z level=INFO msg="class moved" node=site-b class=bulk dst="" from=paused to=carrier-b why=bfd
time=2026-10-04T02:21:23.418Z level=INFO msg="bfd change" node=site-b peer=100.64.1.1 tunnel=wg-a status=down
time=2026-10-04T02:21:23.422Z level=INFO msg="internet exit changed" node=site-b from=wg-a to=wg-b
time=2026-10-04T02:21:28.391Z level=INFO msg="bfd change" node=site-b peer=100.64.1.1 tunnel=wg-a status=up
time=2026-10-04T02:21:28.395Z level=INFO msg="internet exit changed" node=site-b from=wg-b to=wg-a
time=2026-10-04T02:21:30.066Z level=INFO msg="bfd change" node=site-b peer=100.64.2.1 tunnel=wg-b status=down
time=2026-10-04T02:21:30.066Z level=INFO msg="bfd change" node=site-b peer=100.64.3.1 tunnel=wg-sat status=down
time=2026-10-04T02:21:30.066Z level=INFO msg="bfd change" node=site-b peer=100.64.1.1 tunnel=wg-a status=down
time=2026-10-04T02:21:30.073Z level=INFO msg="class moved" node=site-b class=voice dst="" from=carrier-b to=bgp why=bfd
time=2026-10-04T02:21:30.073Z level=INFO msg="class moved" node=site-b class=business dst="" from=carrier-b to=bgp why=bfd
time=2026-10-04T02:21:30.073Z level=INFO msg="class moved" node=site-b class=bulk dst="" from=carrier-b to=paused why=bfd
time=2026-10-04T02:21:31.544Z level=INFO msg="bfd change" node=site-b peer=100.64.2.1 tunnel=wg-b status=up
time=2026-10-04T02:21:31.545Z level=INFO msg="bfd change" node=site-b peer=100.64.3.1 tunnel=wg-sat status=up
time=2026-10-04T02:21:31.545Z level=INFO msg="bfd change" node=site-b peer=100.64.1.1 tunnel=wg-a status=up
time=2026-10-04T02:21:31.549Z level=INFO msg="class moved" node=site-b class=voice dst="" from=bgp to=carrier-b why=bfd
time=2026-10-04T02:21:31.549Z level=INFO msg="class moved" node=site-b class=business dst="" from=bgp to=carrier-b why=bfd
time=2026-10-04T02:21:31.549Z level=INFO msg="class moved" node=site-b class=bulk dst="" from=paused to=carrier-b why=bfd
time=2026-10-04T02:22:56.179Z level=INFO msg="bfd change" node=site-b peer=100.64.1.1 tunnel=wg-a status=down
time=2026-10-04T02:22:56.253Z level=INFO msg="internet exit changed" node=site-b from=wg-a to=wg-b
time=2026-10-04T02:22:57.913Z level=INFO msg="bfd change" node=site-b peer=100.64.1.1 tunnel=wg-a status=up
time=2026-10-04T02:22:57.921Z level=INFO msg="internet exit changed" node=site-b from=wg-b to=wg-a
time=2026-10-04T02:24:54.942Z level=INFO msg="new steering map" node=site-b version=169 storm=false
-- controller log
controller-1  | INFO:     127.0.0.1:39708 - "GET /healthz HTTP/1.1" 200 OK
controller-1  | INFO:     172.18.0.4:52426 - "GET /api/v1/agent/steering?have=330 HTTP/1.0" 204 No Content
controller-1  | INFO:     172.18.0.4:52430 - "GET /api/v1/agent/steering?have=266 HTTP/1.0" 204 No Content
controller-1  | INFO:     172.18.0.4:52434 - "GET /api/v1/agent/steering?have=168 HTTP/1.0" 204 No Content
controller-1  | INFO:     127.0.0.1:41054 - "GET /healthz HTTP/1.1" 200 OK
controller-1  | INFO:     172.18.0.4:47664 - "GET /api/v1/agent/desired-state?have=56 HTTP/1.0" 204 No Content
controller-1  | INFO:     172.18.0.4:47670 - "POST /api/v1/agent/telemetry HTTP/1.0" 204 No Content
controller-1  | INFO:     172.18.0.4:47676 - "GET /api/v1/agent/steering?have=330 HTTP/1.0" 204 No Content
controller-1  | INFO:     172.18.0.4:47684 - "GET /api/v1/agent/desired-state?have=63 HTTP/1.0" 204 No Content
controller-1  | INFO:     172.18.0.4:47686 - "POST /api/v1/agent/telemetry HTTP/1.0" 204 No Content
controller-1  | INFO:     172.18.0.4:47702 - "GET /api/v1/agent/steering?have=266 HTTP/1.0" 204 No Content
controller-1  | INFO:     172.18.0.4:47706 - "GET /api/v1/agent/desired-state?have=25 HTTP/1.0" 204 No Content
controller-1  | INFO:     172.18.0.4:47720 - "GET /api/v1/agent/steering?have=168 HTTP/1.0" 204 No Content
controller-1  | INFO:     172.18.0.4:47728 - "POST /api/v1/agent/telemetry HTTP/1.0" 204 No Content
controller-1  | INFO:     172.18.0.4:47740 - "GET /api/v1/agent/steering?have=330 HTTP/1.0" 204 No Content
controller-1  | INFO:     172.18.0.4:47744 - "GET /api/v1/agent/steering?have=266 HTTP/1.0" 204 No Content
controller-1  | INFO:     172.18.0.4:47754 - "GET /api/v1/agent/steering?have=168 HTTP/1.0" 204 No Content
controller-1  | INFO:     127.0.0.1:41062 - "GET /healthz HTTP/1.1" 200 OK
controller-1  | INFO:     172.18.0.4:51506 - "GET /api/v1/agent/desired-state?have=56 HTTP/1.0" 204 No Content
controller-1  | INFO:     172.18.0.4:51522 - "POST /api/v1/agent/telemetry HTTP/1.0" 204 No Content
controller-1  | INFO:     172.18.0.4:51526 - "GET /api/v1/agent/steering?have=330 HTTP/1.0" 204 No Content
controller-1  | INFO:     172.18.0.4:51542 - "GET /api/v1/agent/desired-state?have=63 HTTP/1.0" 204 No Content
controller-1  | INFO:     172.18.0.4:51548 - "GET /api/v1/agent/desired-state?have=25 HTTP/1.0" 204 No Content
controller-1  | INFO:     172.18.0.4:51558 - "GET /api/v1/agent/steering?have=168 HTTP/1.0" 204 No Content
controller-1  | INFO:     172.18.0.4:51544 - "POST /api/v1/agent/telemetry HTTP/1.0" 204 No Content
controller-1  | INFO:     172.18.0.4:51578 - "GET /api/v1/agent/steering?have=266 HTTP/1.0" 204 No Content
controller-1  | INFO:     172.18.0.4:51564 - "POST /api/v1/agent/telemetry HTTP/1.0" 204 No Content
controller-1  | INFO:     127.0.0.1:36700 - "GET /healthz HTTP/1.1" 200 OK
controller-1  | INFO:     172.18.0.4:51588 - "GET /api/v1/agent/steering?have=330 HTTP/1.0" 204 No Content
controller-1  | INFO:     172.18.0.4:51592 - "GET /api/v1/agent/steering?have=266 HTTP/1.0" 204 No Content
controller-1  | INFO:     172.18.0.4:51606 - "GET /api/v1/agent/steering?have=168 HTTP/1.0" 204 No Content
controller-1  | INFO:     127.0.0.1:36706 - "GET /healthz HTTP/1.1" 200 OK
controller-1  | INFO:     172.18.0.4:36666 - "GET /api/v1/agent/desired-state?have=56 HTTP/1.0" 204 No Content
controller-1  | INFO:     172.18.0.4:36676 - "GET /api/v1/agent/steering?have=330 HTTP/1.0" 204 No Content
controller-1  | INFO:     172.18.0.4:36684 - "POST /api/v1/agent/telemetry HTTP/1.0" 204 No Content
controller-1  | INFO:     172.18.0.4:36686 - "GET /api/v1/agent/desired-state?have=63 HTTP/1.0" 204 No Content
controller-1  | INFO:     172.18.0.4:36694 - "GET /api/v1/agent/steering?have=266 HTTP/1.0" 204 No Content
controller-1  | INFO:     172.18.0.4:36702 - "POST /api/v1/agent/telemetry HTTP/1.0" 204 No Content
controller-1  | INFO:     172.18.0.4:36708 - "GET /api/v1/agent/desired-state?have=25 HTTP/1.0" 204 No Content
controller-1  | INFO:     172.18.0.4:36712 - "POST /api/v1/agent/telemetry HTTP/1.0" 204 No Content
controller-1  | INFO:     172.18.0.4:36726 - "GET /api/v1/agent/steering?have=168 HTTP/1.0" 204 No Content
controller-1  | INFO:     172.18.0.1:38942 - "POST /api/v1/auth/login HTTP/1.1" 200 OK
controller-1  | INFO:     172.18.0.1:38944 - "DELETE /api/v1/customers/4d26813b-aaa6-4be7-9b73-1730be959882/rules/33 HTTP/1.1" 204 No Content
controller-1  | INFO:     127.0.0.1:48284 - "GET /healthz HTTP/1.1" 200 OK
controller-1  | INFO:     172.18.0.1:38950 - "POST /api/v1/auth/login HTTP/1.1" 200 OK
controller-1  | INFO:     172.18.0.1:38956 - "POST /api/v1/customers/4d26813b-aaa6-4be7-9b73-1730be959882/rules HTTP/1.1" 201 Created
controller-1  | INFO:     172.18.0.4:36728 - "GET /api/v1/agent/steering?have=330 HTTP/1.0" 200 OK
controller-1  | INFO:     172.18.0.4:36740 - "GET /api/v1/agent/steering?have=266 HTTP/1.0" 200 OK
controller-1  | INFO:     172.18.0.4:36754 - "GET /api/v1/agent/steering?have=168 HTTP/1.0" 200 OK
controller-1  | INFO:     172.18.0.1:47178 - "POST /api/v1/auth/login HTTP/1.1" 200 OK
controller-1  | INFO:     172.18.0.1:47192 - "DELETE /api/v1/customers/4d26813b-aaa6-4be7-9b73-1730be959882/rules/34 HTTP/1.1" 204 No Content
controller-1  | INFO:     127.0.0.1:56072 - "GET /healthz HTTP/1.1" 200 OK
controller-1  | INFO:     172.18.0.4:47448 - "GET /api/v1/agent/desired-state?have=56 HTTP/1.0" 204 No Content
controller-1  | INFO:     172.18.0.4:47458 - "GET /api/v1/agent/steering?have=332 HTTP/1.0" 200 OK
controller-1  | INFO:     172.18.0.4:47462 - "POST /api/v1/agent/telemetry HTTP/1.0" 204 No Content
controller-1  | INFO:     172.18.0.4:47472 - "GET /api/v1/agent/desired-state?have=63 HTTP/1.0" 204 No Content
controller-1  | INFO:     172.18.0.4:47486 - "POST /api/v1/agent/telemetry HTTP/1.0" 204 No Content
controller-1  | INFO:     172.18.0.4:47498 - "GET /api/v1/agent/steering?have=268 HTTP/1.0" 200 OK
controller-1  | INFO:     172.18.0.4:47510 - "GET /api/v1/agent/desired-state?have=25 HTTP/1.0" 204 No Content
controller-1  | INFO:     172.18.0.4:47514 - "GET /api/v1/agent/steering?have=169 HTTP/1.0" 200 OK
-- controller containers
exaconnect-controller-1 Up 7 minutes (healthy)
exaconnect-db-1 Up 2 days (healthy)
exaconnect-proxy-1 Up 7 minutes
exaconnect-web-1 Up 29 minutes
/exaconnect-controller-1 restarts 0, started 2026-10-04T02:17:01.111705221Z, OOM killed false
/exaconnect-db-1 restarts 0, started 2026-10-01T05:06:52.589123103Z, OOM killed false
/exaconnect-proxy-1 restarts 0, started 2026-10-04T02:17:28.672594327Z, OOM killed false
/exaconnect-web-1 restarts 0, started 2026-10-04T01:55:15.080290785Z, OOM killed false
-- host
 04:25:01 up 3 days, 49 min,  0 user,  load average: 5.95, 6.59, 6.51
               total        used        free      shared  buff/cache   available
Mem:            7941        1762        5156         142        1471        6178
Swap:              0           0           0
procs -----------memory---------- ---swap-- -----io---- -system-- -------cpu-------
 r  b   swpd   free   buff  cache   si   so    bi    bo   in   cs us sy id wa st gu
 3  1      0 5279956   8532 1498864    0    0    51   252 4987   18  6 20 74  0  0  0
23  0      0 5265424   8536 1499084    0    0    20    80 2016 2913  3 14 81  1  0  0
 2  1      0 5241584   8536 1499084    0    0     0   208 2714 5881 15 38 42  6  0  0
make: *** [Makefile:102: lab-ci] Error 1
