commit cdcd30b: Portal: row action menus, consistent tables and tabs, new sign-in, page heads

== Lab already up; rebuilding the agent (16:28:31)

== Controller (16:29:14)
.env ready (admin: admin@exacarib.local)
time="2026-10-04T18:29:16+02:00" level=warning msg="Docker Compose is configured to build using Bake, but buildx isn't installed"
#0 building with "default" instance using docker driver

#1 [controller internal] load build definition from Dockerfile
#1 transferring dockerfile: 559B 0.0s done
#1 DONE 0.0s

#2 [controller internal] load metadata for docker.io/library/python:3.12-slim
#2 DONE 0.7s

#3 [controller internal] load .dockerignore
#3 transferring context: 2B 0.0s done
#3 DONE 0.0s

#4 [controller internal] load build context
#4 DONE 0.0s

#5 [controller 1/5] FROM docker.io/library/python:3.12-slim@sha256:02108f5d322dd89f1c9e552442c25acb0543dfdbc455693a5599624f20d9155d
#5 resolve docker.io/library/python:3.12-slim@sha256:02108f5d322dd89f1c9e552442c25acb0543dfdbc455693a5599624f20d9155d 0.1s done
#5 DONE 0.1s

#5 [controller 1/5] FROM docker.io/library/python:3.12-slim@sha256:02108f5d322dd89f1c9e552442c25acb0543dfdbc455693a5599624f20d9155d
#5 DONE 0.1s

#4 [controller internal] load build context
#4 transferring context: 21.08kB 0.0s done
#4 DONE 0.0s

#6 [controller 2/5] WORKDIR /app
#6 CACHED

#7 [controller 3/5] COPY pyproject.toml ./
#7 CACHED

#8 [controller 4/5] COPY exaconnect_controller ./exaconnect_controller
#8 DONE 0.4s

#9 [controller 5/5] RUN pip install --no-cache-dir . && mkdir -p /data && chown nobody:nogroup /data
#9 5.651 Processing /app
#9 5.657   Installing build dependencies: started
#9 8.573   Installing build dependencies: finished with status 'done'
#9 8.573   Getting requirements to build wheel: started
#9 9.253   Getting requirements to build wheel: finished with status 'done'
#9 9.260   Preparing metadata (pyproject.toml): started
#9 10.37   Preparing metadata (pyproject.toml): finished with status 'done'
#9 11.01 Collecting fastapi>=0.115 (from exaconnect-controller==0.2.0)
#9 11.05   Downloading fastapi-0.142.2-py3-none-any.whl.metadata (27 kB)
#9 11.16 Collecting uvicorn>=0.30 (from uvicorn[standard]>=0.30->exaconnect-controller==0.2.0)
#9 11.17   Downloading uvicorn-0.54.0-py3-none-any.whl.metadata (6.6 kB)
#9 11.39 Collecting pydantic>=2.7 (from exaconnect-controller==0.2.0)
#9 11.40   Downloading pydantic-2.13.5-py3-none-any.whl.metadata (110 kB)
#9 11.49 Collecting psycopg>=3.2 (from psycopg[binary]>=3.2->exaconnect-controller==0.2.0)
#9 11.50   Downloading psycopg-3.3.6-py3-none-any.whl.metadata (4.4 kB)
#9 11.62 Collecting psycopg-pool>=3.2 (from exaconnect-controller==0.2.0)
#9 11.63   Downloading psycopg_pool-3.3.3-py3-none-any.whl.metadata (2.8 kB)
#9 12.16 Collecting cryptography>=43 (from exaconnect-controller==0.2.0)
#9 12.17   Downloading cryptography-50.0.2-cp311-abi3-manylinux_2_34_x86_64.whl.metadata (4.4 kB)
#9 12.46 Collecting cffi>=2.0.0 (from cryptography>=43->exaconnect-controller==0.2.0)
#9 12.48   Downloading cffi-2.1.1-cp312-cp312-manylinux2014_x86_64.manylinux_2_17_x86_64.whl.metadata (2.5 kB)
#9 12.58 Collecting starlette>=0.46.0 (from fastapi>=0.115->exaconnect-controller==0.2.0)
#9 12.58   Downloading starlette-1.7.0-py3-none-any.whl.metadata (6.6 kB)
#9 12.62 Collecting typing-extensions>=4.8.0 (from fastapi>=0.115->exaconnect-controller==0.2.0)
#9 12.63   Downloading typing_extensions-4.16.0-py3-none-any.whl.metadata (3.3 kB)
#9 12.65 Collecting typing-inspection>=0.4.2 (from fastapi>=0.115->exaconnect-controller==0.2.0)
#9 12.67   Downloading typing_inspection-0.4.4-py3-none-any.whl.metadata (2.6 kB)
#9 12.69 Collecting annotated-doc>=0.0.2 (from fastapi>=0.115->exaconnect-controller==0.2.0)
#9 12.70   Downloading annotated_doc-0.0.5-py3-none-any.whl.metadata (6.5 kB)
#9 12.74 Collecting opentelemetry-api>=1.44.0 (from fastapi>=0.115->exaconnect-controller==0.2.0)
#9 12.75   Downloading opentelemetry_api-1.45.0-py3-none-any.whl.metadata (1.4 kB)
#9 13.03 Collecting psycopg-binary==3.3.6 (from psycopg[binary]>=3.2->exaconnect-controller==0.2.0)
#9 13.04   Downloading psycopg_binary-3.3.6-cp312-cp312-manylinux2014_x86_64.manylinux_2_17_x86_64.whl.metadata (2.7 kB)
#9 13.07 Collecting annotated-types>=0.6.0 (from pydantic>=2.7->exaconnect-controller==0.2.0)
#9 13.08   Downloading annotated_types-0.8.0-py3-none-any.whl.metadata (15 kB)
#9 15.04 Collecting pydantic-core==2.46.5 (from pydantic>=2.7->exaconnect-controller==0.2.0)
#9 15.04   Downloading pydantic_core-2.46.5-cp312-cp312-manylinux_2_17_x86_64.manylinux2014_x86_64.whl.metadata (6.6 kB)
#9 15.08 Collecting click>=7.0 (from uvicorn>=0.30->uvicorn[standard]>=0.30->exaconnect-controller==0.2.0)
#9 15.10   Downloading click-8.5.0-py3-none-any.whl.metadata (2.6 kB)
#9 15.12 Collecting h11>=0.8 (from uvicorn>=0.30->uvicorn[standard]>=0.30->exaconnect-controller==0.2.0)
#9 15.13   Downloading h11-0.16.0-py3-none-any.whl.metadata (8.3 kB)
#9 15.23 Collecting httptools>=0.8.0 (from uvicorn[standard]>=0.30->exaconnect-controller==0.2.0)
#9 15.24   Downloading httptools-0.8.0-cp312-cp312-manylinux1_x86_64.manylinux_2_28_x86_64.manylinux_2_5_x86_64.whl.metadata (3.5 kB)
#9 15.27 Collecting python-dotenv>=0.13 (from uvicorn[standard]>=0.30->exaconnect-controller==0.2.0)
#9 15.28   Downloading python_dotenv-1.2.4-py3-none-any.whl.metadata (29 kB)
#9 15.50 Collecting pyyaml>=5.1 (from uvicorn[standard]>=0.30->exaconnect-controller==0.2.0)
#9 15.50   Downloading pyyaml-6.0.3-cp312-cp312-manylinux2014_x86_64.manylinux_2_17_x86_64.manylinux_2_28_x86_64.whl.metadata (2.4 kB)
#9 15.58 Collecting uvloop>=0.15.1 (from uvicorn[standard]>=0.30->exaconnect-controller==0.2.0)
#9 15.61   Downloading uvloop-0.23.0-cp312-cp312-manylinux2014_x86_64.manylinux_2_17_x86_64.manylinux_2_28_x86_64.whl.metadata (5.1 kB)
#9 15.83 Collecting watchfiles>=0.20 (from uvicorn[standard]>=0.30->exaconnect-controller==0.2.0)
#9 15.97   Downloading watchfiles-1.3.0-cp310-abi3-manylinux_2_17_x86_64.manylinux2014_x86_64.whl.metadata (4.9 kB)
#9 16.47 Collecting websockets>=13.0 (from uvicorn[standard]>=0.30->exaconnect-controller==0.2.0)
#9 16.59   Downloading websockets-17.2-cp312-cp312-manylinux1_x86_64.manylinux_2_28_x86_64.manylinux_2_5_x86_64.whl.metadata (6.3 kB)
#9 16.62 Collecting pycparser (from cffi>=2.0.0->cryptography>=43->exaconnect-controller==0.2.0)
#9 16.63   Downloading pycparser-3.0-py3-none-any.whl.metadata (8.2 kB)
#9 16.79 Collecting anyio<5,>=4.0.0 (from starlette>=0.46.0->fastapi>=0.115->exaconnect-controller==0.2.0)
#9 16.81   Downloading anyio-4.15.1-py3-none-any.whl.metadata (4.7 kB)
#9 16.95 Collecting idna>=2.8 (from anyio<5,>=4.0.0->starlette>=0.46.0->fastapi>=0.115->exaconnect-controller==0.2.0)
#9 16.95   Downloading idna-3.20-py3-none-any.whl.metadata (7.2 kB)
#9 17.01 Downloading cryptography-50.0.2-cp311-abi3-manylinux_2_34_x86_64.whl (4.8 MB)
#9 17.23    ━━━━━━━━━━━━━━━━━━━━━━━━━━━━━━━━━━━━━━━━ 4.8/4.8 MB 25.3 MB/s eta 0:00:00
#9 17.23 Downloading fastapi-0.142.2-py3-none-any.whl (144 kB)
#9 17.24 Downloading psycopg-3.3.6-py3-none-any.whl (215 kB)
#9 17.40 Downloading psycopg_pool-3.3.3-py3-none-any.whl (40 kB)
#9 17.42 Downloading psycopg_binary-3.3.6-cp312-cp312-manylinux2014_x86_64.manylinux_2_17_x86_64.whl (5.2 MB)
#9 17.63    ━━━━━━━━━━━━━━━━━━━━━━━━━━━━━━━━━━━━━━━━ 5.2/5.2 MB 24.7 MB/s eta 0:00:00
#9 17.66 Downloading pydantic-2.13.5-py3-none-any.whl (472 kB)
#9 17.78 Downloading pydantic_core-2.46.5-cp312-cp312-manylinux_2_17_x86_64.manylinux2014_x86_64.whl (2.1 MB)
#9 17.88    ━━━━━━━━━━━━━━━━━━━━━━━━━━━━━━━━━━━━━━━━ 2.1/2.1 MB 35.2 MB/s eta 0:00:00
#9 17.89 Downloading uvicorn-0.54.0-py3-none-any.whl (87 kB)
#9 17.92 Downloading annotated_doc-0.0.5-py3-none-any.whl (5.3 kB)
#9 17.93 Downloading annotated_types-0.8.0-py3-none-any.whl (13 kB)
#9 17.96 Downloading cffi-2.1.1-cp312-cp312-manylinux2014_x86_64.manylinux_2_17_x86_64.whl (221 kB)
#9 17.97 Downloading click-8.5.0-py3-none-any.whl (125 kB)
#9 18.04 Downloading h11-0.16.0-py3-none-any.whl (37 kB)
#9 18.10 Downloading httptools-0.8.0-cp312-cp312-manylinux1_x86_64.manylinux_2_28_x86_64.manylinux_2_5_x86_64.whl (523 kB)
#9 18.13 Downloading opentelemetry_api-1.45.0-py3-none-any.whl (60 kB)
#9 18.14 Downloading python_dotenv-1.2.4-py3-none-any.whl (23 kB)
#9 18.15 Downloading pyyaml-6.0.3-cp312-cp312-manylinux2014_x86_64.manylinux_2_17_x86_64.manylinux_2_28_x86_64.whl (807 kB)
#9 18.21    ━━━━━━━━━━━━━━━━━━━━━━━━━━━━━━━━━━━━━━━━ 807.9/807.9 kB 23.0 MB/s eta 0:00:00
#9 18.21 Downloading starlette-1.7.0-py3-none-any.whl (78 kB)
#9 18.23 Downloading typing_extensions-4.16.0-py3-none-any.whl (45 kB)
#9 18.23 Downloading typing_inspection-0.4.4-py3-none-any.whl (14 kB)
#9 18.24 Downloading uvloop-0.23.0-cp312-cp312-manylinux2014_x86_64.manylinux_2_17_x86_64.manylinux_2_28_x86_64.whl (4.5 MB)
#9 18.42    ━━━━━━━━━━━━━━━━━━━━━━━━━━━━━━━━━━━━━━━━ 4.5/4.5 MB 25.2 MB/s eta 0:00:00
#9 18.43 Downloading watchfiles-1.3.0-cp310-abi3-manylinux_2_17_x86_64.manylinux2014_x86_64.whl (458 kB)
#9 18.65 Downloading websockets-17.2-cp312-cp312-manylinux1_x86_64.manylinux_2_28_x86_64.manylinux_2_5_x86_64.whl (225 kB)
#9 18.67 Downloading anyio-4.15.1-py3-none-any.whl (132 kB)
#9 18.68 Downloading pycparser-3.0-py3-none-any.whl (48 kB)
#9 18.69 Downloading idna-3.20-py3-none-any.whl (69 kB)
#9 18.77 Building wheels for collected packages: exaconnect-controller
#9 18.77   Building wheel for exaconnect-controller (pyproject.toml): started
#9 19.40   Building wheel for exaconnect-controller (pyproject.toml): finished with status 'done'
#9 19.40   Created wheel for exaconnect-controller: filename=exaconnect_controller-0.2.0-py3-none-any.whl size=144602 sha256=d2786d359a89621e99acbe59d16b90e744f632b17647e3be64d4b3fa5370a47f
#9 19.40   Stored in directory: /tmp/pip-ephem-wheel-cache-8optjx8y/wheels/54/1b/b7/aa63e25c8f14f4f2ae7b04e6097bdecb770e455c5c1ee0a600
#9 19.41 Successfully built exaconnect-controller
#9 19.54 Installing collected packages: websockets, uvloop, typing-extensions, pyyaml, python-dotenv, pycparser, psycopg-binary, idna, httptools, h11, click, annotated-types, annotated-doc, uvicorn, typing-inspection, pydantic-core, psycopg-pool, psycopg, opentelemetry-api, cffi, anyio, watchfiles, starlette, pydantic, cryptography, fastapi, exaconnect-controller
#9 26.30 Successfully installed annotated-doc-0.0.5 annotated-types-0.8.0 anyio-4.15.1 cffi-2.1.1 click-8.5.0 cryptography-50.0.2 exaconnect-controller-0.2.0 fastapi-0.142.2 h11-0.16.0 httptools-0.8.0 idna-3.20 opentelemetry-api-1.45.0 psycopg-3.3.6 psycopg-binary-3.3.6 psycopg-pool-3.3.3 pycparser-3.0 pydantic-2.13.5 pydantic-core-2.46.5 python-dotenv-1.2.4 pyyaml-6.0.3 starlette-1.7.0 typing-extensions-4.16.0 typing-inspection-0.4.4 uvicorn-0.54.0 uvloop-0.23.0 watchfiles-1.3.0 websockets-17.2
#9 26.30 WARNING: Running pip as the 'root' user can result in broken permissions and conflicting behaviour with the system package manager, possibly rendering your system unusable. It is recommended to use a virtual environment instead: https://pip.pypa.io/warnings/venv. Use the --root-user-action option if you know what you are doing and want to suppress this warning.
#9 26.42 
#9 26.42 [notice] A new release of pip is available: 25.0.1 -> 26.2.1
#9 26.42 [notice] To update, run: pip install --upgrade pip
#9 DONE 27.4s

#10 [controller] exporting to image
#10 exporting layers
#10 exporting layers 10.0s done
#10 exporting manifest sha256:661561f177e303408bc184137dff1efb32a290cadddc1a03de3aced7697b730b 0.0s done
#10 exporting config sha256:0a56bbb217e8d2e1d2901617359a36e8af564efa6885e2554a45c195908b82b7 0.0s done
#10 exporting attestation manifest sha256:34e4b61be0152c1315cf631732adcc92081644c75aa03cf0d0e7d549529cb0a9 0.1s done
#10 exporting manifest list sha256:7d53a40a7a6290029f01fa51cdbc1bd5261caf2e7601ba8c915045e0e87d83e0
#10 exporting manifest list sha256:7d53a40a7a6290029f01fa51cdbc1bd5261caf2e7601ba8c915045e0e87d83e0 0.0s done
#10 naming to docker.io/library/exaconnect-controller:latest done
#10 unpacking to docker.io/library/exaconnect-controller:latest
#10 unpacking to docker.io/library/exaconnect-controller:latest 3.2s done
#10 DONE 13.5s

#11 [controller] resolving provenance for metadata file
#11 DONE 0.0s
 controller  Built
time="2026-10-04T18:30:00+02:00" level=warning msg="Found orphan containers ([exaconnect-web-1]) for this project. If you removed or renamed this service in your compose file, you can run this command with the --remove-orphans flag to clean it up."
 Container exaconnect-db-1  Running
 Container exaconnect-controller-1  Recreate
 Container exaconnect-controller-1  Recreated
 Container exaconnect-proxy-1  Running
 Container exaconnect-db-1  Waiting
 Container exaconnect-db-1  Healthy
 Container exaconnect-controller-1  Starting
 Container exaconnect-controller-1  Started
 Container exaconnect-controller-1  Waiting
 Container exaconnect-controller-1  Healthy
 Container exaconnect-db-1  Waiting
 Container exaconnect-controller-1  Waiting
 Container exaconnect-proxy-1  Waiting
 Container exaconnect-db-1  Healthy
 Container exaconnect-controller-1  Healthy
 Container exaconnect-proxy-1  Healthy
time="2026-10-04T18:30:15+02:00" level=warning msg="Found orphan containers ([exaconnect-web-1]) for this project. If you removed or renamed this service in your compose file, you can run this command with the --remove-orphans flag to clean it up."
 Container exaconnect-proxy-1  Recreate
 Container exaconnect-proxy-1  Recreated
 Container exaconnect-proxy-1  Starting
 Container exaconnect-proxy-1  Started
 Container exaconnect-proxy-1  Waiting
 Container exaconnect-proxy-1  Healthy

== Agents (16:30:19)
pop-miami: agent stopped
site-a: agent stopped
site-b: agent stopped
pop-miami: agent started
site-a: agent started
site-b: agent started

== Public portal (16:30:24)
time="2026-10-04T18:30:24+02:00" level=warning msg="Docker Compose is configured to build using Bake, but buildx isn't installed"
#0 building with "default" instance using docker driver

#1 [controller internal] load build definition from Dockerfile
#1 transferring dockerfile: 559B done
#1 DONE 0.0s

#2 [controller internal] load metadata for docker.io/library/python:3.12-slim
#2 DONE 0.2s

#3 [controller internal] load .dockerignore
#3 transferring context: 2B done
#3 DONE 0.0s

#4 [controller internal] load build context
#4 DONE 0.0s

#5 [controller 1/5] FROM docker.io/library/python:3.12-slim@sha256:02108f5d322dd89f1c9e552442c25acb0543dfdbc455693a5599624f20d9155d
#5 resolve docker.io/library/python:3.12-slim@sha256:02108f5d322dd89f1c9e552442c25acb0543dfdbc455693a5599624f20d9155d 0.1s done
#5 DONE 0.1s

#5 [controller 1/5] FROM docker.io/library/python:3.12-slim@sha256:02108f5d322dd89f1c9e552442c25acb0543dfdbc455693a5599624f20d9155d
#5 DONE 0.1s

#4 [controller internal] load build context
#4 transferring context: 3.60kB 0.0s done
#4 DONE 0.1s

#6 [controller 2/5] WORKDIR /app
#6 CACHED

#7 [controller 3/5] COPY pyproject.toml ./
#7 CACHED

#8 [controller 4/5] COPY exaconnect_controller ./exaconnect_controller
#8 CACHED

#9 [controller 5/5] RUN pip install --no-cache-dir . && mkdir -p /data && chown nobody:nogroup /data
#9 CACHED

#10 [controller] exporting to image
#10 exporting layers 0.0s done
#10 exporting manifest sha256:661561f177e303408bc184137dff1efb32a290cadddc1a03de3aced7697b730b 0.0s done
#10 exporting config sha256:0a56bbb217e8d2e1d2901617359a36e8af564efa6885e2554a45c195908b82b7 0.0s done
#10 exporting attestation manifest sha256:9e14555086ceb941ef744a32b3f4579d28499fda29ec0188380d4d1f925e1046 0.0s done
#10 exporting manifest list sha256:74cd9cb6988cdf14723c65cb7f6a401f879285b043b44260756a6a4620d24873 0.0s done
#10 naming to docker.io/library/exaconnect-controller:latest done
#10 unpacking to docker.io/library/exaconnect-controller:latest 0.0s done
#10 DONE 0.2s

#11 [controller] resolving provenance for metadata file
#11 DONE 0.0s

#12 [web internal] load build definition from Dockerfile
#12 transferring dockerfile: 529B done
#12 DONE 0.0s

#13 [web internal] load metadata for docker.io/library/node:22-alpine
#13 DONE 0.2s

#14 [web internal] load metadata for docker.io/library/caddy:2-alpine
#14 DONE 0.2s

#15 [web internal] load .dockerignore
#15 transferring context: 2B done
#15 DONE 0.0s

#16 [web internal] load build context
#16 DONE 0.0s

#17 [web portal 1/6] FROM docker.io/library/node:22-alpine@sha256:0a7108bf6c7bf5de370ffb1a3ed6be93d405b43ff159f681a8d18c0e2bc2e402
#17 resolve docker.io/library/node:22-alpine@sha256:0a7108bf6c7bf5de370ffb1a3ed6be93d405b43ff159f681a8d18c0e2bc2e402 0.1s done
#17 DONE 0.1s

#18 [web stage-1 1/3] FROM docker.io/library/caddy:2-alpine@sha256:881bbc60f9986d5ab8e7cfd6cf7e4ef3c9c0439fef2429d035d065577882f028
#18 resolve docker.io/library/caddy:2-alpine@sha256:881bbc60f9986d5ab8e7cfd6cf7e4ef3c9c0439fef2429d035d065577882f028 0.1s done
#18 DONE 0.1s

#16 [web internal] load build context
#16 transferring context: 488.83kB 0.3s done
#16 DONE 0.3s

#19 [web portal 2/6] WORKDIR /src/portal
#19 CACHED

#20 [web portal 3/6] COPY portal/package.json portal/package-lock.json ./
#20 CACHED

#21 [web portal 4/6] RUN npm ci --no-audit --no-fund
#21 CACHED

#22 [web portal 5/6] COPY portal/ ./
#22 DONE 5.2s

#23 [web portal 6/6] RUN npm run build
#23 2.723 
#23 2.723 > exaconnect-portal@0.0.1 build
#23 2.723 > tsc -b && vite build
#23 2.723 
#23 5.841 vite v8.3.1 building client environment for production...
#23 5.884 transforming...
#23 6.073 ✓ 52 modules transformed.
#23 6.362 rendering chunks...
#23 6.686 computing gzip size...
#23 6.720 dist/index.html                   0.82 kB │ gzip:   0.43 kB
#23 6.720 dist/assets/index-0jHWxEVh.css   51.89 kB │ gzip:  10.44 kB
#23 6.720 dist/assets/index-DZLrKOoa.js   481.10 kB │ gzip: 136.98 kB
#23 6.720 
#23 6.744 ✓ built in 882ms
#23 DONE 6.9s

#24 [web stage-1 2/3] COPY deploy/public/Caddyfile /etc/caddy/Caddyfile
#24 CACHED

#25 [web stage-1 3/3] COPY --from=portal /src/portal/dist /srv/portal
#25 DONE 0.1s

#26 [web] exporting to image
#26 exporting layers
#26 exporting layers 0.3s done
#26 exporting manifest sha256:f28f64cd8b022b780fbbb6c7fbe8c55ab747ffa416276d82f7f8500ff0e6db97 0.0s done
#26 exporting config sha256:735e77c8f43a760eabf10e04cd5dc8f86ad34b77492933ecc5ecfb9e4dc5a8b2 0.0s done
#26 exporting attestation manifest sha256:7a48a547d56d818d86dc74283dbdb5f7f5c9be01a65041779a6e2b33de254a91 0.1s done
#26 exporting manifest list sha256:7092585d1e58117b42152edddf9301514e137e3a28f2b928df6df602bb6322b8
#26 exporting manifest list sha256:7092585d1e58117b42152edddf9301514e137e3a28f2b928df6df602bb6322b8 0.0s done
#26 naming to docker.io/library/exaconnect-web:latest done
#26 unpacking to docker.io/library/exaconnect-web:latest
#26 unpacking to docker.io/library/exaconnect-web:latest 0.2s done
#26 DONE 0.8s

#27 [web] resolving provenance for metadata file
#27 DONE 0.1s
 controller  Built
 web  Built
 Container exaconnect-db-1  Running
 Container exaconnect-controller-1  Recreate
 Container exaconnect-controller-1  Recreated
 Container exaconnect-web-1  Recreate
 Container exaconnect-web-1  Recreated
 Container exaconnect-db-1  Waiting
 Container exaconnect-db-1  Healthy
 Container exaconnect-controller-1  Starting
 Container exaconnect-controller-1  Started
 Container exaconnect-controller-1  Waiting
 Container exaconnect-controller-1  Healthy
 Container exaconnect-web-1  Starting
 Container exaconnect-web-1  Started
 Container exaconnect-web-1  Waiting
 Container exaconnect-db-1  Waiting
 Container exaconnect-controller-1  Waiting
 Container exaconnect-db-1  Healthy
 Container exaconnect-controller-1  Healthy
 Container exaconnect-web-1  Healthy

== Waiting for tunnels, BGP and BFD (16:31:05)

== Checks (16:31:10)
-- lab/scripts/check-routing.sh
ok    site-a wg-a handshake 47s ago
ok    site-a wg-b handshake 47s ago
ok    site-a wg-sat handshake 47s ago
ok    site-b wg-a handshake 47s ago
ok    site-b wg-b handshake 47s ago
ok    site-b wg-sat handshake 47s ago
ok    pop-miami BGP 6/6 established
ok    pop-miami BFD 6/6 up
ok    site-a BGP 3/3 established
ok    site-a BFD 3/3 up
ok    site-b BGP 3/3 established
ok    site-b BFD 3/3 up
ok    lan-a -> lan-b (site-a to site-b via the PoP)
ok    lan-b -> lan-a
ok    lan-a -> lan-pop

  traceroute to 192.168.20.10 (192.168.20.10), 30 hops max, 46 byte packets
   1  192.168.10.1  0.012 ms
   2  100.64.1.1  27.261 ms
   3  100.64.1.12  55.619 ms
   4  192.168.20.10  55.314 ms
-- lab/ci/checks/m0-timing.sh
-- host timing
      clocksource kvm-clock, available: kvm-clock hpet acpi_pm 
      kernel 6.8.0-139-generic, timers: hres_active    : 1, resolution: 1 nsecs
      HZ 1000, 4 CPUs, load 4.92 4.81 5.67
      netem on carrier-a: qdisc netem 8084: root refcnt 5 limit 10000 delay 12.5ms  1ms seed 9717127554986641972
      cpuidle driver none, governor menu
      (netem asks for 25 ms on A and 35 ms on B round trip, with 2 and 4 ms jitter; min/avg/max/mdev)
      site-a to lan-a (no netem):              0.042/0.143/3.719/0.375 ms
      site-a to carrier-a router (one netem):  10.498/17.736/151.531/18.571 ms, pipe 2
      site-a to PoP underlay via carrier A:    21.025/27.677/94.469/8.391 ms
      site-a to PoP through wg-a:              21.200/36.686/159.666/23.442 ms, pipe 3
      site-a to PoP underlay via carrier B:    28.084/39.031/183.413/15.915 ms, pipe 2
-- busiest containers
      29.26% clab-exaconnect-pop-miami
      27.09% clab-exaconnect-site-a
      21.62% clab-exaconnect-site-b
      0.41% clab-exaconnect-ix
      0.32% exaconnect-controller-1
      0.16% clab-exaconnect-lan-b
      0.15% clab-exaconnect-cloud-azure
      0.11% clab-exaconnect-sat
-- busiest processes
       200 ps
       9.5 exa-agent
       9.1 uvicorn
       8.3 exa-agent
       8.3 exa-agent
       3.7 bfdd
       3.5 rcu_preempt
       3.4 sshd
-- lab/ci/checks/m4-steering.sh
-- steering applied
ok    pop-miami nftables classifier
ok    pop-miami 6 steering rules
ok    site-a nftables classifier
ok    site-a 3 steering rules
ok    site-b nftables classifier
ok    site-b 3 steering rules
      voice state at start: site-a carrier-b since 2026-10-04 16:18:08.028086+00 return - -; site-b carrier-b since 2026-10-04 16:17:47.442238+00 return - -
      probe jitter, last 3 min, carrier-a avg 23.3 p95 49.7, carrier-b avg 24.6 p95 52.4, sat avg 44.1 p95 74.4
      host load 6.81 5.21 5.77 on 4 CPUs, CPU steal 0.0% over 5 s
FAIL  site-a voice on 'wg-b' (controller: carrier-b) at start, want wg-a
      state: carrier-b since 2026-10-04 16:18:08.028086+00 return - - note - updated 2026-10-04 16:39:59.724307+00
      voice class: preferred none, priority realtime
      2026-10-04 16:21:41.330459+00|hold|Kept voice on Carrier B: it is down (BFD reports it down) and no other path is up.
      2026-10-04 16:21:21.141366+00|hold|Kept voice on Carrier B: it is down (BFD reports it down) and no other path is up.
      2026-10-04 16:20:20.474338+00|hold|Kept voice on Carrier B: it is down (BFD reports it down) and no other path is up.
      2026-10-04 16:19:19.497251+00|hold|Kept voice on Carrier B: jitter on Carrier B is 32 ms against a 30 ms SLA, but it moved here 71 s ago (hold time 120 s).
      probe jitter, last 3 min, carrier-a avg 16.1 p95 30.9, carrier-b avg 18.1 p95 35.4, sat avg 30.3 p95 71.3
      host load 3.93 4.77 5.36, CPU steal 0.0% over 5 s
      probes carrier-a: sent 3491 lost 0 rtt 43.1 jitter 16.5
      probes carrier-b: sent 3493 lost 0 rtt 54.8 jitter 18.8
      probes sat: sent 180 lost 2 rtt 63.9 jitter 30.0
      maps: pop-miami v534, site-a v463, site-b v268
-- brownout: carrier A loss 0 -> 3% over 180 s (demo step 2)
SKIP  brownout: voice was not on carrier A to start with (see above)
-- hard cut of carrier B while voice is on it (demo step 3)
      voice probe stream: 1442 of 1500 received at 50 packets/s
ok    voice lost 1160 ms of packets (< 3 s)
ok    agent failover on BFD after 2 s
ok    voice on wg-a after the cut
-- recovery: restore B, classes move back only after the hold time (demo step 4)
ok    no moves in the first minute after recovery
lab/ci/checks/m4-steering.sh: line 146: t0: unbound variable
      moves since the brownout began: 
lab/ci/checks/m4-steering.sh: line 149: t0: unbound variable
-- lab/ci/checks/m5-storm.sh
-- Storm Mode on at site-a only
ok    Storm Mode switched on for site-a through the API
ok    site-a agent has the Storm Mode steering map
ok    site-b is not in Storm Mode
ok    satellite warm: 32 probes per 10 s
ok    satellite BGP established
-- both terrestrial links cut
ok    voice continues on satellite
ok    business continues on satellite
ok    bulk paused (blackhole rule)
ok    voice stream lost 2300 ms across the double cut
-- restore and switch Storm Mode off
ok    Storm Mode switched off
ok    voice and business back on terrestrial paths, bulk resumed
      Storm Mode last switched by user:admin@exacarib.local
      16:43:26 storm_off
      16:42:05 storm_on
-- lab/ci/checks/m6-metering.sh
-- traffic: 20 Mbit/s bulk (CS1, TCP) from lan-a to lan-b for 11 minutes
      bulk leaves site-a on wg-a
ok    5-minute samples with traffic for site-a
      iperf: [  5]   0.00-660.00 sec  1.28 GBytes  16.7 Mbits/sec  3172             sender [  5]   0.00-660.06 sec  1.28 GBytes  16.6 Mbits/sec                  receiver  iperf Done. 
      site-a carrier-a: samples 11, 95th in 1.456446 out 22.083313, billable 22.083313, commit 100, burst 0.000, total 400.00
ok    billable rate 22.083313 Mbps matches the ~20 Mbit/s offered
-- CSV matches the screen
ok    CSV 95th percentile 22.083 equals the screen
ok    CSV settlement total equals the screen
-- carrier view
ok    carrier user sees only Carrier A links
ok    carrier user cannot open the customer overview
-- lab/ci/checks/m7-outage.sh
-- stop the controller and the agent proxy
ok    all three agents noticed after 61 s and hold the last good state
ok    site A still reaches site B through the PoP
-- BFD failover with the controller down
ok    voice moved from wg-a to wg-b in 1.3 s, without the controller
-- start the controller again
ok    all three agents reconciled 14 s after the restart
-- lab/ci/checks/m8-ai.sh
-- hurricane watch
ok    NHC feed read from the lab host: 2 active storms
ok    example hurricane raised a warning
ok    only site-a (Kingston) is warned
      Hurricane Example (90 kt) is moving at 23 km/h on a heading of 285°. Projecting that motion forward, it passes about 92 km from site-a in about 25 h. Consider switching Storm Mode on so the satellite path is warm before the terrestrial links suffer. This is a straight-line projection; check the NHC advisory for the official forecast track.
-- disaster watch
ok    all disaster feeds read from the lab host: ptwc=2 usgs=19 events=19 failed= 
ok    example earthquake from USGS, GDACS and tsunami.gov raised one alert, for site-b only
      Magnitude 6.4 earthquake, 38 km NE of Port of Spain, Trinidad and Tobago, reported by USGS and GDACS and tsunami.gov. Latest tsunami message: Tsunami Information Statement Number 2. Sites in range: site-b 47 km (critical). Consider switching Storm Mode on for the sites marked critical, so the satellite path is warm if terrestrial links fail. Distances are straight lines from the reported location; check the source's report.
-- insights from this run
      anomaly critical: Carrier A at site-b: loss 4.14%, usually 0.00%
      anomaly critical: Carrier B at site-a: loss 8.17%, usually 0.00%
      anomaly critical: Carrier A at site-a: loss 4.31%, usually 0.00%
      anomaly critical: Carrier B at site-b: loss 8.04%, usually 0.00%
      hazard critical: Example data: Magnitude 6.4 earthquake, 38 km NE of Port of Spain, Trinidad and Tobago: 47 km from site-b
      storm_warning critical: Example data: Hurricane Example may pass 92 km from site-a in about 25 h
      storm_warning critical: Example data: Hurricane Example may pass 92 km from site-a in about 25 h
      anomaly critical: Carrier B at site-a: loss 3.69%, usually 0.00%
      anomaly critical: Carrier B at site-b: loss 3.89%, usually 0.00%
      anomaly critical: Carrier A at site-b: loss 4.22%, usually 0.24%
-- ask your network
ok    answered: Voice at site-a is on carrier-a, and it last moved there from carrier-b at 16:56:43 UTC because BFD detected a failure on the carrier-b tunnel (wg-b).
-- lab/ci/checks/m9-fabric.sh
-- simulated cloud gateways
ok    AWS and Azure gateways configured
-- cloud circuits
ok    created circuits 62 (AWS) and 63 (Azure)
ok    both circuits up (IPsec and BGP) 22 s after they were created
      AWS: up, BGP Established, routes 10.100.0.0/16
ok    site-a learned the AWS VPC route from the PoP
ok    lan-a reaches the AWS VPC (10.100.0.1) through the PoP
ok    site-a puts traffic for AWS in business
-- cloud router
ok    AWS reaches Azure through the PoP
-- elastic bandwidth
ok    20 Mbps reached the PoP's shaper on vc62
      charges so far: [{"mbps":50,"hours":0.01},{"mbps":20,"hours":0.0}]
-- layer 2 circuit
ok    VLAN 100 at site A and VLAN 200 at site B are one segment (lan-a pings lan-b)
ok    layer 2 circuit up and monitored: round trip 87.7 ms, 0.0% loss over the last minute
-- clean up
ok    deleted circuits are torn down at the PoP
-- lab/ci/checks/m9-internet.sh
-- through the PoP (the default)
ok    lan-a reaches the internet through the PoP, translated to the PoP's address
      site-a exits by: wg-a
-- firewall at the PoP
ok    a deny rule stops lan-a's pings at the PoP
ok    the rule's hits reach the portal
ok    deleting the rule lets the pings through again
-- port forward on the PoP's address
      server on lan-a:8080 answers locally
ok    a connection to 100.64.0.2:8080 from the internet reaches lan-a
ok    the internet cannot reach lan-a directly through the PoP
-- straight out at the site
ok    lan-a reaches the internet over carrier A, translated to site-a's address
ok    with carrier A cut, it leaves by carrier B within 25 s
ok    site-a reports it exits by eth2
-- clean up
ok    back through the PoP
-- lab/ci/checks/m9-order.sh
-- a layer 2 circuit ordered in plain English
      draft: {"actions":["site_circuit"],"summary":["New layer 2 circuit joining site-a and site-b, VLAN 100 at site-a and VLAN 200 at site-b, 20 Mbps."],"problems":[],"monthly_estimate":40.0}
ok    the draft reads a VLAN 100 to VLAN 200 circuit between site-a and site-b
ok    drafting changed nothing
ok    confirmed: Created circuit lab order l2.
ok    the ordered circuit carries traffic (lan-a pings lan-b over VLAN 100/200)
-- two changes in one order
      draft: {"actions":["bandwidth","internet_mode"],"summary":["Change lab order l2 from 20 to 30 Mbps, billed by the hour from now.","Send site-a's internet straight out of its own links (now through ExaCarib's PoP)."],"monthly_estimate":20.0}
ok    the draft has a bandwidth change and an internet change
ok    the circuit is now 30 Mbps
ok    site-a's internet now goes straight out (local eth1)
-- a draft with a problem
ok    a draft with VLAN 5000 says why and can't be confirmed
      AI draft (not confirmed): engine ai, [{"action":"cloud_circuit","provider":"aws","region":"us-east-1","site":"site-a","bandwidth_mbps":50}]
-- clean up
ok    circuit deleted and site-a back through the PoP
-- lab/ci/checks/m9-protection.sh
-- a resilient pair to the simulated AWS
ok    both tunnels of the pair up (IPsec and BGP)
ok    lan-a reaches the AWS VPC over the pair
-- encryption report
      summary: {"encrypted":8,"total":8}
ok    both tunnels encrypted: IKE AES_CBC-256/HMAC_SHA2_256_128/PRF_HMAC_SHA2_256/MODP_2048, ESP AES_CBC-256/HMAC_SHA2_256_128
ok    every site path is WireGuard-encrypted (6 encrypted)
-- the first tunnel fails
ok    the portal shows the first tunnel down and the second up
ok    the circuit stays up on one tunnel
ok    lan-a kept reaching the VPC: 300 of 300 pings answered (about 0.0 s lost; the BGP hold time is 30 s)
ok    the first tunnel recovers
-- DDoS protection at the PoP
ok    the internet reaches the PoP's public address
ok    the flooding source was blocked automatically ({"blocked":0,"auto":304,"flood":1,"syn":0})
ok    the blocked source can't reach the public address
ok    lifting the block lets it back in
ok    customers see the drop counts, not the addresses
-- the block list
ok    a block list entry stops the source
ok    removing it lets the source back in
-- clean up
ok    both tunnels torn down at the PoP
-- lab/ci/checks/m9-public-e2e.sh
-- API through https://connect.exacarib.com
ok    admin signs in at https://connect.exacarib.com
ok    every portal screen's data answers 200 through the public site
      settlement CSV: 200 text/csv; charset=utf-8
-- browser
ok    signed in through the browser
ok    Overview renders without errors
ok    Sites renders without errors
ok    Traffic: seen on your network renders without errors
ok    Traffic: rules renders without errors
ok    Traffic: classes renders without errors
ok    Decisions renders without errors
ok    Fabric renders without errors
ok    Internet renders without errors
ok    Order renders without errors
ok    Encryption renders without errors
ok    Metering renders without errors
ok    Insights renders without errors
ok    Ask your network renders without errors
ok    Carrier view renders without errors
ok    Account renders without errors
ok    Admin: agents renders without errors
ok    Admin: sites renders without errors
ok    Admin: classes renders without errors
ok    Admin: users renders without errors
ok    Admin: settings renders without errors
ok    Admin: partners renders without errors
ok    Admin: protection renders without errors
ok    Admin: audit renders without errors
ok    example hurricane and earthquake alerts appear on Insights
-- lab/ci/checks/m9-public.sh
ok    https://connect.exacarib.com/healthz answers on this host
ok    certificate from Let's Encrypt (issuer=C = US, O = Let's Encrypt, CN = YE1)
ok    portal served
ok    agent endpoints not served publicly
ok    API answers and needs sign-in
ok    connect.exacarib.com reachable from this host over the internet
      web container: running restarts=0
      caddy: 2026/10/04 16:55:40.054	[31mERROR[0m	http.log.access.log0	handled request	{"request": {"remote_ip": "142.126.113.55", "remote_port": "58049", "client_ip": "142.126.113.55", "proto": "HTTP/3.0", "method": "GET", "host": "connect.exacarib.com", "uri": "/api/v1/customers/mine", "headers": {"Sec-Fetch
      caddy: 2026/10/04 16:55:40.054	[31mERROR[0m	http.log.access.log0	handled request	{"request": {"remote_ip": "142.126.113.55", "remote_port": "58049", "client_ip": "142.126.113.55", "proto": "HTTP/3.0", "method": "GET", "host": "connect.exacarib.com", "uri": "/api/v1/customers/4d26813b-aaa6-4be7-9b73-1730b
      caddy: {"level":"error","ts":1791132940.0539377,"logger":"http.log.error.log0","msg":"dial tcp: lookup controller-api on 127.0.0.11:53: server misbehaving","request":{"remote_ip":"142.126.113.55","remote_port":"58049","client_ip":"142.126.113.55","proto":"HTTP/3.0","method":"GET","host":"connect.exacarib.c
      caddy: {"level":"error","ts":1791132940.0544977,"logger":"http.log.error.log0","msg":"dial tcp: lookup controller-api on 127.0.0.11:53: server misbehaving","request":{"remote_ip":"142.126.113.55","remote_port":"58049","client_ip":"142.126.113.55","proto":"HTTP/3.0","method":"GET","host":"connect.exacarib.c
      caddy: 2026/10/04 16:56:40.112	[31mERROR[0m	http.log.access.log0	handled request	{"request": {"remote_ip": "142.126.113.55", "remote_port": "60471", "client_ip": "142.126.113.55", "proto": "HTTP/3.0", "method": "GET", "host": "connect.exacarib.com", "uri": "/api/v1/customers/mine", "headers": {"Sec-Fetch
      caddy: {"level":"error","ts":1791133000.1116326,"logger":"http.log.error.log0","msg":"dial tcp: lookup controller-api on 127.0.0.11:53: server misbehaving","request":{"remote_ip":"142.126.113.55","remote_port":"60471","client_ip":"142.126.113.55","proto":"HTTP/3.0","method":"GET","host":"connect.exacarib.c
      caddy: {"level":"error","ts":1791133000.1123958,"logger":"http.log.error.log0","msg":"dial tcp: lookup controller-api on 127.0.0.11:53: server misbehaving","request":{"remote_ip":"142.126.113.55","remote_port":"60471","client_ip":"142.126.113.55","proto":"HTTP/3.0","method":"GET","host":"connect.exacarib.c
      caddy: 2026/10/04 16:56:40.112	[31mERROR[0m	http.log.access.log0	handled request	{"request": {"remote_ip": "142.126.113.55", "remote_port": "60471", "client_ip": "142.126.113.55", "proto": "HTTP/3.0", "method": "GET", "host": "connect.exacarib.com", "uri": "/api/v1/customers/4d26813b-aaa6-4be7-9b73-1730b
      listening on public addresses: 22 80 443 
ok    controller, database and dev portal stay private
ok    an API key works through the public address
ok    a revoked key is refused at once
-- lab/ci/checks/m9-traffic.sh
-- priority queues
ok    site-a wg-a: qdisc cake 8090: root refcnt 2 bandwidth 190Mbit diffserv4 triple-isolate nonat nowash no-
ok    site-a wg-b: qdisc cake 8091: root refcnt 2 bandwidth 95Mbit diffserv4 triple-isolate nonat nowash no-a
-- application detection: Zoom-like traffic on UDP 8801 for 4 minutes
ok    site-a reported its flows to UDP 8801
ok    recognised: Zoom meetings seen at site-a: 1 flow(s) to UDP 8801, matches Zoom meetings (calls and meetings); currently unclassified. Suggest voice (real-time priority).
ok    suggests voice
ok    applied as rule 53
ok    site-a classifies UDP 8801-8810 as voice
ok    Zoom flows now report as voice
ok    site-b is unchanged (the rule is for site-a)
-- a customer rule: a subnet and port into business
ok    site-a classifies TCP 5201 to site B as business
ok    the PoP classifies the return direction

== Diagnostics (17:06:31)
pop-miami: running
site-a: running
site-b: running
-- agent log pop-miami
time=2026-10-04T17:04:01.750Z level=INFO msg="bfd change" node=pop-miami peer=100.64.1.11 tunnel=wg-a status=init
time=2026-10-04T17:04:01.844Z level=INFO msg="bfd change" node=pop-miami peer=100.64.2.11 tunnel=wg-b status=down
time=2026-10-04T17:04:01.881Z level=INFO msg="class moved" node=pop-miami class=business dst=192.168.10.0/24 from=carrier-b to=carrier-a why=bfd
time=2026-10-04T17:04:01.881Z level=INFO msg="class moved" node=pop-miami class=bulk dst=192.168.10.0/24 from=carrier-b to=carrier-a why=bfd
time=2026-10-04T17:04:01.881Z level=INFO msg="class moved" node=pop-miami class=voice dst=192.168.20.0/24 from=carrier-b to=carrier-a why=bfd
time=2026-10-04T17:04:01.881Z level=INFO msg="class moved" node=pop-miami class=business dst=192.168.20.0/24 from=carrier-b to=carrier-a why=bfd
time=2026-10-04T17:04:01.881Z level=INFO msg="class moved" node=pop-miami class=bulk dst=192.168.20.0/24 from=carrier-b to=carrier-a why=bfd
time=2026-10-04T17:04:02.174Z level=INFO msg="bfd change" node=pop-miami peer=100.64.1.12 tunnel=wg-a status=down
time=2026-10-04T17:04:02.174Z level=INFO msg="bfd change" node=pop-miami peer=100.64.2.12 tunnel=wg-b status=down
time=2026-10-04T17:04:02.195Z level=INFO msg="class moved" node=pop-miami class=voice dst=192.168.10.0/24 from=carrier-a to=bgp why=bfd
time=2026-10-04T17:04:02.195Z level=INFO msg="class moved" node=pop-miami class=business dst=192.168.10.0/24 from=carrier-a to=bgp why=bfd
time=2026-10-04T17:04:02.195Z level=INFO msg="class moved" node=pop-miami class=bulk dst=192.168.10.0/24 from=carrier-a to=paused why=bfd
time=2026-10-04T17:04:02.195Z level=INFO msg="class moved" node=pop-miami class=bulk dst=192.168.20.0/24 from=carrier-a to=paused why=bfd
time=2026-10-04T17:04:03.121Z level=INFO msg="bfd change" node=pop-miami peer=100.64.2.11 tunnel=wg-b status=up
time=2026-10-04T17:04:03.121Z level=INFO msg="bfd change" node=pop-miami peer=100.64.1.11 tunnel=wg-a status=up
time=2026-10-04T17:04:03.121Z level=INFO msg="bfd change" node=pop-miami peer=100.64.1.12 tunnel=wg-a status=up
time=2026-10-04T17:04:03.121Z level=INFO msg="bfd change" node=pop-miami peer=100.64.2.12 tunnel=wg-b status=up
time=2026-10-04T17:04:03.152Z level=INFO msg="class moved" node=pop-miami class=voice dst=192.168.10.0/24 from=bgp to=carrier-a why=bfd
time=2026-10-04T17:04:03.152Z level=INFO msg="class moved" node=pop-miami class=business dst=192.168.10.0/24 from=bgp to=carrier-b why=bfd
time=2026-10-04T17:04:03.152Z level=INFO msg="class moved" node=pop-miami class=bulk dst=192.168.10.0/24 from=paused to=carrier-b why=bfd
time=2026-10-04T17:04:03.152Z level=INFO msg="class moved" node=pop-miami class=voice dst=192.168.20.0/24 from=carrier-a to=carrier-b why=bfd
time=2026-10-04T17:04:03.152Z level=INFO msg="class moved" node=pop-miami class=business dst=192.168.20.0/24 from=carrier-a to=carrier-b why=bfd
time=2026-10-04T17:04:03.152Z level=INFO msg="class moved" node=pop-miami class=bulk dst=192.168.20.0/24 from=paused to=carrier-b why=bfd
time=2026-10-04T17:05:30.074Z level=INFO msg="new steering map" node=pop-miami version=545 storm=false
time=2026-10-04T17:06:30.056Z level=INFO msg="new steering map" node=pop-miami version=547 storm=false
-- agent log site-a
time=2026-10-04T17:03:48.195Z level=INFO msg="bfd change" node=site-a peer=100.64.1.1 tunnel=wg-a status=up
time=2026-10-04T17:03:48.195Z level=INFO msg="bfd change" node=site-a peer=100.64.2.1 tunnel=wg-b status=up
time=2026-10-04T17:03:48.195Z level=INFO msg="bfd change" node=site-a peer=100.64.3.1 tunnel=wg-sat status=up
time=2026-10-04T17:03:48.202Z level=INFO msg="class moved" node=site-a class=voice dst="" from=bgp to=carrier-b why=bfd
time=2026-10-04T17:03:48.202Z level=INFO msg="class moved" node=site-a class=business dst="" from=bgp to=carrier-b why=bfd
time=2026-10-04T17:03:48.202Z level=INFO msg="class moved" node=site-a class=bulk dst="" from=paused to=carrier-b why=bfd
time=2026-10-04T17:04:00.036Z level=INFO msg="new steering map" node=site-a version=477 storm=false
time=2026-10-04T17:04:00.041Z level=INFO msg="class moved" node=site-a class=voice dst="" from=carrier-b to=carrier-a why=controller
time=2026-10-04T17:04:01.736Z level=INFO msg="bfd change" node=site-a peer=100.64.1.1 tunnel=wg-a status=down
time=2026-10-04T17:04:01.736Z level=INFO msg="bfd change" node=site-a peer=100.64.2.1 tunnel=wg-b status=down
time=2026-10-04T17:04:01.745Z level=INFO msg="class moved" node=site-a class=voice dst="" from=carrier-a to=bgp why=bfd
time=2026-10-04T17:04:01.745Z level=INFO msg="class moved" node=site-a class=business dst="" from=carrier-b to=bgp why=bfd
time=2026-10-04T17:04:01.745Z level=INFO msg="class moved" node=site-a class=bulk dst="" from=carrier-b to=paused why=bfd
time=2026-10-04T17:04:01.749Z level=INFO msg="internet exit changed" node=site-a from=wg-a to=wg-sat
time=2026-10-04T17:04:02.200Z level=INFO msg="bfd change" node=site-a peer=100.64.2.1 tunnel=wg-b status=init
time=2026-10-04T17:04:02.204Z level=INFO msg="class moved" node=site-a class=voice dst="" from=bgp to=carrier-b why=bfd
time=2026-10-04T17:04:02.204Z level=INFO msg="class moved" node=site-a class=business dst="" from=bgp to=carrier-b why=bfd
time=2026-10-04T17:04:02.204Z level=INFO msg="class moved" node=site-a class=bulk dst="" from=paused to=carrier-b why=bfd
time=2026-10-04T17:04:02.238Z level=INFO msg="internet exit changed" node=site-a from=wg-sat to=wg-b
time=2026-10-04T17:04:03.281Z level=INFO msg="bfd change" node=site-a peer=100.64.1.1 tunnel=wg-a status=up
time=2026-10-04T17:04:03.281Z level=INFO msg="bfd change" node=site-a peer=100.64.2.1 tunnel=wg-b status=up
time=2026-10-04T17:04:03.286Z level=INFO msg="class moved" node=site-a class=voice dst="" from=carrier-b to=carrier-a why=bfd
time=2026-10-04T17:04:03.290Z level=INFO msg="internet exit changed" node=site-a from=wg-b to=wg-a
time=2026-10-04T17:05:30.131Z level=INFO msg="new steering map" node=site-a version=478 storm=false
time=2026-10-04T17:06:30.056Z level=INFO msg="new steering map" node=site-a version=480 storm=false
-- agent log site-b
time=2026-10-04T17:03:45.911Z level=INFO msg="bfd change" node=site-b peer=100.64.3.1 tunnel=wg-sat status=down
time=2026-10-04T17:03:45.919Z level=INFO msg="class moved" node=site-b class=voice dst="" from=carrier-b to=bgp why=bfd
time=2026-10-04T17:03:45.919Z level=INFO msg="class moved" node=site-b class=business dst="" from=carrier-b to=bgp why=bfd
time=2026-10-04T17:03:45.919Z level=INFO msg="class moved" node=site-b class=bulk dst="" from=carrier-b to=paused why=bfd
time=2026-10-04T17:03:47.918Z level=INFO msg="bfd change" node=site-b peer=100.64.1.1 tunnel=wg-a status=up
time=2026-10-04T17:03:47.918Z level=INFO msg="bfd change" node=site-b peer=100.64.2.1 tunnel=wg-b status=up
time=2026-10-04T17:03:47.918Z level=INFO msg="bfd change" node=site-b peer=100.64.3.1 tunnel=wg-sat status=up
time=2026-10-04T17:03:47.922Z level=INFO msg="class moved" node=site-b class=voice dst="" from=bgp to=carrier-b why=bfd
time=2026-10-04T17:03:47.922Z level=INFO msg="class moved" node=site-b class=business dst="" from=bgp to=carrier-b why=bfd
time=2026-10-04T17:03:47.922Z level=INFO msg="class moved" node=site-b class=bulk dst="" from=paused to=carrier-b why=bfd
time=2026-10-04T17:04:01.706Z level=INFO msg="bfd change" node=site-b peer=100.64.1.1 tunnel=wg-a status=down
time=2026-10-04T17:04:01.706Z level=INFO msg="bfd change" node=site-b peer=100.64.2.1 tunnel=wg-b status=down
time=2026-10-04T17:04:01.723Z level=INFO msg="class moved" node=site-b class=voice dst="" from=carrier-b to=bgp why=bfd
time=2026-10-04T17:04:01.723Z level=INFO msg="class moved" node=site-b class=business dst="" from=carrier-b to=bgp why=bfd
time=2026-10-04T17:04:01.723Z level=INFO msg="class moved" node=site-b class=bulk dst="" from=carrier-b to=paused why=bfd
time=2026-10-04T17:04:01.738Z level=INFO msg="internet exit changed" node=site-b from=wg-a to=wg-sat
time=2026-10-04T17:04:02.116Z level=INFO msg="bfd change" node=site-b peer=100.64.1.1 tunnel=wg-a status=init
time=2026-10-04T17:04:02.118Z level=INFO msg="bfd change" node=site-b peer=100.64.2.1 tunnel=wg-b status=init
time=2026-10-04T17:04:02.148Z level=INFO msg="class moved" node=site-b class=voice dst="" from=bgp to=carrier-b why=bfd
time=2026-10-04T17:04:02.148Z level=INFO msg="class moved" node=site-b class=business dst="" from=bgp to=carrier-b why=bfd
time=2026-10-04T17:04:02.148Z level=INFO msg="class moved" node=site-b class=bulk dst="" from=paused to=carrier-b why=bfd
time=2026-10-04T17:04:02.151Z level=INFO msg="internet exit changed" node=site-b from=wg-sat to=wg-a
time=2026-10-04T17:04:02.941Z level=INFO msg="bfd change" node=site-b peer=100.64.1.1 tunnel=wg-a status=up
time=2026-10-04T17:04:02.941Z level=INFO msg="bfd change" node=site-b peer=100.64.2.1 tunnel=wg-b status=up
time=2026-10-04T17:06:30.354Z level=INFO msg="new steering map" node=site-b version=274 storm=false
-- controller log
controller-1  | INFO:     172.18.0.4:42334 - "GET /api/v1/agent/desired-state?have=166 HTTP/1.0" 204 No Content
controller-1  | INFO:     172.18.0.4:42344 - "GET /api/v1/agent/steering?have=478 HTTP/1.0" 204 No Content
controller-1  | INFO:     172.18.0.4:42340 - "POST /api/v1/agent/telemetry HTTP/1.0" 204 No Content
controller-1  | INFO:     172.18.0.4:42348 - "GET /api/v1/agent/steering?have=545 HTTP/1.0" 204 No Content
controller-1  | INFO:     172.18.0.4:42362 - "POST /api/v1/agent/telemetry HTTP/1.0" 204 No Content
controller-1  | INFO:     172.18.0.4:42378 - "GET /api/v1/agent/desired-state?have=70 HTTP/1.0" 204 No Content
controller-1  | INFO:     172.18.0.4:42394 - "GET /api/v1/agent/steering?have=273 HTTP/1.0" 204 No Content
controller-1  | INFO:     172.18.0.4:42406 - "POST /api/v1/agent/telemetry HTTP/1.0" 204 No Content
controller-1  | INFO:     127.0.0.1:53206 - "GET /healthz HTTP/1.1" 200 OK
controller-1  | INFO:     172.18.0.4:41382 - "GET /api/v1/agent/steering?have=545 HTTP/1.0" 204 No Content
controller-1  | INFO:     172.18.0.4:41398 - "GET /api/v1/agent/steering?have=478 HTTP/1.0" 204 No Content
controller-1  | INFO:     172.18.0.4:41408 - "GET /api/v1/agent/steering?have=273 HTTP/1.0" 204 No Content
controller-1  | INFO:     127.0.0.1:53214 - "GET /healthz HTTP/1.1" 200 OK
controller-1  | INFO:     172.18.0.4:41420 - "GET /api/v1/agent/desired-state?have=213 HTTP/1.0" 204 No Content
controller-1  | INFO:     172.18.0.4:41418 - "GET /api/v1/agent/desired-state?have=166 HTTP/1.0" 204 No Content
controller-1  | INFO:     172.18.0.4:41436 - "GET /api/v1/agent/steering?have=545 HTTP/1.0" 204 No Content
controller-1  | INFO:     172.18.0.4:41452 - "GET /api/v1/agent/steering?have=478 HTTP/1.0" 204 No Content
controller-1  | INFO:     172.18.0.4:41464 - "GET /api/v1/agent/desired-state?have=70 HTTP/1.0" 204 No Content
controller-1  | INFO:     172.18.0.4:41460 - "POST /api/v1/agent/telemetry HTTP/1.0" 204 No Content
controller-1  | INFO:     172.18.0.4:41474 - "POST /api/v1/agent/telemetry HTTP/1.0" 204 No Content
controller-1  | INFO:     172.18.0.4:41470 - "POST /api/v1/agent/telemetry HTTP/1.0" 204 No Content
controller-1  | INFO:     172.18.0.4:41488 - "GET /api/v1/agent/steering?have=273 HTTP/1.0" 204 No Content
controller-1  | INFO:     172.18.0.4:36706 - "GET /api/v1/agent/steering?have=545 HTTP/1.0" 204 No Content
controller-1  | INFO:     172.18.0.4:36710 - "GET /api/v1/agent/steering?have=478 HTTP/1.0" 204 No Content
controller-1  | INFO:     127.0.0.1:55790 - "GET /healthz HTTP/1.1" 200 OK
controller-1  | INFO:     172.18.0.4:36724 - "GET /api/v1/agent/steering?have=273 HTTP/1.0" 204 No Content
controller-1  | INFO:     172.18.0.4:36732 - "GET /api/v1/agent/desired-state?have=213 HTTP/1.0" 204 No Content
controller-1  | INFO:     172.18.0.4:36734 - "GET /api/v1/agent/desired-state?have=166 HTTP/1.0" 204 No Content
controller-1  | INFO:     172.18.0.4:36742 - "POST /api/v1/agent/telemetry HTTP/1.0" 204 No Content
controller-1  | INFO:     172.18.0.4:36752 - "GET /api/v1/agent/desired-state?have=70 HTTP/1.0" 204 No Content
controller-1  | INFO:     172.18.0.4:36748 - "POST /api/v1/agent/telemetry HTTP/1.0" 204 No Content
controller-1  | INFO:     172.18.0.4:36764 - "GET /api/v1/agent/steering?have=545 HTTP/1.0" 204 No Content
controller-1  | INFO:     172.18.0.4:36776 - "POST /api/v1/agent/telemetry HTTP/1.0" 204 No Content
controller-1  | INFO:     172.18.0.4:36784 - "GET /api/v1/agent/steering?have=478 HTTP/1.0" 204 No Content
controller-1  | INFO:     172.18.0.4:36798 - "GET /api/v1/agent/steering?have=273 HTTP/1.0" 204 No Content
controller-1  | INFO:     127.0.0.1:55792 - "GET /healthz HTTP/1.1" 200 OK
controller-1  | INFO:     172.18.0.4:39474 - "GET /api/v1/agent/steering?have=545 HTTP/1.0" 204 No Content
controller-1  | INFO:     172.18.0.4:39480 - "GET /api/v1/agent/steering?have=478 HTTP/1.0" 204 No Content
controller-1  | INFO:     172.18.0.4:39484 - "GET /api/v1/agent/steering?have=273 HTTP/1.0" 204 No Content
controller-1  | INFO:     127.0.0.1:53816 - "GET /healthz HTTP/1.1" 200 OK
controller-1  | INFO:     172.18.0.4:39486 - "GET /api/v1/agent/desired-state?have=213 HTTP/1.0" 204 No Content
controller-1  | INFO:     172.18.0.4:39502 - "GET /api/v1/agent/desired-state?have=166 HTTP/1.0" 204 No Content
controller-1  | INFO:     172.18.0.4:39510 - "GET /api/v1/agent/desired-state?have=70 HTTP/1.0" 204 No Content
controller-1  | INFO:     172.18.0.4:39522 - "GET /api/v1/agent/steering?have=545 HTTP/1.0" 204 No Content
controller-1  | INFO:     172.18.0.4:39524 - "GET /api/v1/agent/steering?have=273 HTTP/1.0" 204 No Content
controller-1  | INFO:     172.18.0.4:39532 - "GET /api/v1/agent/steering?have=478 HTTP/1.0" 204 No Content
controller-1  | INFO:     172.18.0.4:39538 - "POST /api/v1/agent/telemetry HTTP/1.0" 204 No Content
controller-1  | INFO:     172.18.0.4:39542 - "POST /api/v1/agent/telemetry HTTP/1.0" 204 No Content
controller-1  | INFO:     172.18.0.4:39540 - "POST /api/v1/agent/telemetry HTTP/1.0" 204 No Content
controller-1  | INFO:     127.0.0.1:37194 - "GET /healthz HTTP/1.1" 200 OK
controller-1  | INFO:     172.18.0.1:55304 - "POST /api/v1/auth/login HTTP/1.1" 200 OK
controller-1  | INFO:     172.18.0.1:55308 - "DELETE /api/v1/customers/4d26813b-aaa6-4be7-9b73-1730be959882/rules/53 HTTP/1.1" 204 No Content
controller-1  | INFO:     172.18.0.1:55316 - "POST /api/v1/auth/login HTTP/1.1" 200 OK
controller-1  | INFO:     172.18.0.1:55318 - "POST /api/v1/customers/4d26813b-aaa6-4be7-9b73-1730be959882/rules HTTP/1.1" 201 Created
controller-1  | INFO:     172.18.0.4:43614 - "GET /api/v1/agent/steering?have=478 HTTP/1.0" 200 OK
controller-1  | INFO:     172.18.0.4:43604 - "GET /api/v1/agent/steering?have=545 HTTP/1.0" 200 OK
controller-1  | INFO:     172.18.0.4:43630 - "GET /api/v1/agent/steering?have=273 HTTP/1.0" 200 OK
controller-1  | INFO:     172.18.0.1:55332 - "POST /api/v1/auth/login HTTP/1.1" 200 OK
controller-1  | INFO:     172.18.0.1:55344 - "DELETE /api/v1/customers/4d26813b-aaa6-4be7-9b73-1730be959882/rules/54 HTTP/1.1" 204 No Content
controller-1  | INFO:     127.0.0.1:37252 - "GET /healthz HTTP/1.1" 200 OK
-- controller containers
exaconnect-controller-1 Up 9 minutes (healthy)
exaconnect-db-1 Up 3 days (healthy)
exaconnect-proxy-1 Up 9 minutes
exaconnect-web-1 Up 35 minutes
/exaconnect-controller-1 restarts 0, started 2026-10-04T16:56:46.690185403Z, OOM killed false
/exaconnect-db-1 restarts 0, started 2026-10-01T05:06:52.589123103Z, OOM killed false
/exaconnect-proxy-1 restarts 0, started 2026-10-04T16:56:57.32008021Z, OOM killed false
/exaconnect-web-1 restarts 0, started 2026-10-04T16:31:01.841891734Z, OOM killed false
-- host
 19:06:34 up 3 days, 15:31,  0 user,  load average: 5.27, 4.27, 5.18
               total        used        free      shared  buff/cache   available
Mem:            7941        1814        4397         162        2198        6126
Swap:              0           0           0
procs -----------memory---------- ---swap-- -----io---- -system-- -------cpu-------
 r  b   swpd   free   buff  cache   si   so    bi    bo   in   cs us sy id wa st gu
 0  0      0 4503376  31868 2219496    0    0    60   256 5158   20  6 21 73  0  0  0
 2  0      0 4484756  31868 2219504    0    0     0   284 5599 7326  7 24 69  1  0  0
 0  0      0 4488936  31868 2219512    0    0     0   188 4921 6854  6 21 73  0  0  0
make: *** [Makefile:102: lab-ci] Error 1
