commit d09429e: Disaster watch: earthquakes, tsunamis, floods, volcanoes and wildfires, one alert per event

== Lab already up; rebuilding the agent (16:30:54)

== Controller (16:31:30)
.env ready (admin: admin@exacarib.local)
time="2026-10-03T18:31:31+02:00" level=warning msg="Docker Compose is configured to build using Bake, but buildx isn't installed"
#0 building with "default" instance using docker driver

#1 [controller internal] load build definition from Dockerfile
#1 transferring dockerfile: 559B 0.0s done
#1 DONE 0.1s

#2 [controller internal] load metadata for docker.io/library/python:3.12-slim
#2 DONE 0.4s

#3 [controller internal] load .dockerignore
#3 transferring context: 2B done
#3 DONE 0.0s

#4 [controller internal] load build context
#4 DONE 0.0s

#5 [controller 1/5] FROM docker.io/library/python:3.12-slim@sha256:dddfd7e07f9d15aeeca61529320492139d21cac7f0070c00609243e51e4e0016
#5 resolve docker.io/library/python:3.12-slim@sha256:dddfd7e07f9d15aeeca61529320492139d21cac7f0070c00609243e51e4e0016 0.1s done
#5 DONE 0.1s

#4 [controller internal] load build context
#4 transferring context: 70.85kB 0.0s done
#4 DONE 0.1s

#6 [controller 2/5] WORKDIR /app
#6 CACHED

#7 [controller 3/5] COPY pyproject.toml ./
#7 DONE 0.1s

#8 [controller 4/5] COPY exaconnect_controller ./exaconnect_controller
#8 DONE 0.5s

#9 [controller 5/5] RUN pip install --no-cache-dir . && mkdir -p /data && chown nobody:nogroup /data
#9 4.811 Processing /app
#9 4.817   Installing build dependencies: started
#9 8.171   Installing build dependencies: finished with status 'done'
#9 8.171   Getting requirements to build wheel: started
#9 8.843   Getting requirements to build wheel: finished with status 'done'
#9 8.846   Preparing metadata (pyproject.toml): started
#9 9.267   Preparing metadata (pyproject.toml): finished with status 'done'
#9 9.427 Collecting fastapi>=0.115 (from exaconnect-controller==0.2.0)
#9 9.481   Downloading fastapi-0.142.2-py3-none-any.whl.metadata (27 kB)
#9 9.572 Collecting uvicorn>=0.30 (from uvicorn[standard]>=0.30->exaconnect-controller==0.2.0)
#9 9.583   Downloading uvicorn-0.54.0-py3-none-any.whl.metadata (6.6 kB)
#9 9.879 Collecting pydantic>=2.7 (from exaconnect-controller==0.2.0)
#9 9.902   Downloading pydantic-2.13.5-py3-none-any.whl.metadata (110 kB)
#9 10.05 Collecting psycopg>=3.2 (from psycopg[binary]>=3.2->exaconnect-controller==0.2.0)
#9 10.07   Downloading psycopg-3.3.6-py3-none-any.whl.metadata (4.4 kB)
#9 10.18 Collecting psycopg-pool>=3.2 (from exaconnect-controller==0.2.0)
#9 10.18   Downloading psycopg_pool-3.3.3-py3-none-any.whl.metadata (2.8 kB)
#9 10.56 Collecting cryptography>=43 (from exaconnect-controller==0.2.0)
#9 10.57   Downloading cryptography-50.0.2-cp311-abi3-manylinux_2_34_x86_64.whl.metadata (4.4 kB)
#9 10.84 Collecting cffi>=2.0.0 (from cryptography>=43->exaconnect-controller==0.2.0)
#9 10.88   Downloading cffi-2.1.1-cp312-cp312-manylinux2014_x86_64.manylinux_2_17_x86_64.whl.metadata (2.5 kB)
#9 10.99 Collecting starlette>=0.46.0 (from fastapi>=0.115->exaconnect-controller==0.2.0)
#9 11.01   Downloading starlette-1.7.0-py3-none-any.whl.metadata (6.6 kB)
#9 11.09 Collecting typing-extensions>=4.8.0 (from fastapi>=0.115->exaconnect-controller==0.2.0)
#9 11.10   Downloading typing_extensions-4.16.0-py3-none-any.whl.metadata (3.3 kB)
#9 11.14 Collecting typing-inspection>=0.4.2 (from fastapi>=0.115->exaconnect-controller==0.2.0)
#9 11.17   Downloading typing_inspection-0.4.4-py3-none-any.whl.metadata (2.6 kB)
#9 11.23 Collecting annotated-doc>=0.0.2 (from fastapi>=0.115->exaconnect-controller==0.2.0)
#9 11.24   Downloading annotated_doc-0.0.5-py3-none-any.whl.metadata (6.5 kB)
#9 11.34 Collecting opentelemetry-api>=1.44.0 (from fastapi>=0.115->exaconnect-controller==0.2.0)
#9 11.37   Downloading opentelemetry_api-1.45.0-py3-none-any.whl.metadata (1.4 kB)
#9 11.80 Collecting psycopg-binary==3.3.6 (from psycopg[binary]>=3.2->exaconnect-controller==0.2.0)
#9 11.82   Downloading psycopg_binary-3.3.6-cp312-cp312-manylinux2014_x86_64.manylinux_2_17_x86_64.whl.metadata (2.7 kB)
#9 11.86 Collecting annotated-types>=0.6.0 (from pydantic>=2.7->exaconnect-controller==0.2.0)
#9 11.87   Downloading annotated_types-0.8.0-py3-none-any.whl.metadata (15 kB)
#9 13.34 Collecting pydantic-core==2.46.5 (from pydantic>=2.7->exaconnect-controller==0.2.0)
#9 13.34   Downloading pydantic_core-2.46.5-cp312-cp312-manylinux_2_17_x86_64.manylinux2014_x86_64.whl.metadata (6.6 kB)
#9 13.42 Collecting click>=7.0 (from uvicorn>=0.30->uvicorn[standard]>=0.30->exaconnect-controller==0.2.0)
#9 13.43   Downloading click-8.5.0-py3-none-any.whl.metadata (2.6 kB)
#9 13.44 Collecting h11>=0.8 (from uvicorn>=0.30->uvicorn[standard]>=0.30->exaconnect-controller==0.2.0)
#9 13.45   Downloading h11-0.16.0-py3-none-any.whl.metadata (8.3 kB)
#9 13.51 Collecting httptools>=0.8.0 (from uvicorn[standard]>=0.30->exaconnect-controller==0.2.0)
#9 13.52   Downloading httptools-0.8.0-cp312-cp312-manylinux1_x86_64.manylinux_2_28_x86_64.manylinux_2_5_x86_64.whl.metadata (3.5 kB)
#9 13.57 Collecting python-dotenv>=0.13 (from uvicorn[standard]>=0.30->exaconnect-controller==0.2.0)
#9 13.58   Downloading python_dotenv-1.2.4-py3-none-any.whl.metadata (29 kB)
#9 13.70 Collecting pyyaml>=5.1 (from uvicorn[standard]>=0.30->exaconnect-controller==0.2.0)
#9 13.72   Downloading pyyaml-6.0.3-cp312-cp312-manylinux2014_x86_64.manylinux_2_17_x86_64.manylinux_2_28_x86_64.whl.metadata (2.4 kB)
#9 13.80 Collecting uvloop>=0.15.1 (from uvicorn[standard]>=0.30->exaconnect-controller==0.2.0)
#9 13.81   Downloading uvloop-0.23.0-cp312-cp312-manylinux2014_x86_64.manylinux_2_17_x86_64.manylinux_2_28_x86_64.whl.metadata (5.1 kB)
#9 13.98 Collecting watchfiles>=0.20 (from uvicorn[standard]>=0.30->exaconnect-controller==0.2.0)
#9 13.99   Downloading watchfiles-1.3.0-cp310-abi3-manylinux_2_17_x86_64.manylinux2014_x86_64.whl.metadata (4.9 kB)
#9 14.26 Collecting websockets>=13.0 (from uvicorn[standard]>=0.30->exaconnect-controller==0.2.0)
#9 14.26   Downloading websockets-17.2-cp312-cp312-manylinux1_x86_64.manylinux_2_28_x86_64.manylinux_2_5_x86_64.whl.metadata (6.3 kB)
#9 14.28 Collecting pycparser (from cffi>=2.0.0->cryptography>=43->exaconnect-controller==0.2.0)
#9 14.29   Downloading pycparser-3.0-py3-none-any.whl.metadata (8.2 kB)
#9 14.36 Collecting anyio<5,>=4.0.0 (from starlette>=0.46.0->fastapi>=0.115->exaconnect-controller==0.2.0)
#9 14.36   Downloading anyio-4.15.1-py3-none-any.whl.metadata (4.7 kB)
#9 14.43 Collecting idna>=2.8 (from anyio<5,>=4.0.0->starlette>=0.46.0->fastapi>=0.115->exaconnect-controller==0.2.0)
#9 14.46   Downloading idna-3.20-py3-none-any.whl.metadata (7.2 kB)
#9 14.58 Downloading cryptography-50.0.2-cp311-abi3-manylinux_2_34_x86_64.whl (4.8 MB)
#9 14.83    ━━━━━━━━━━━━━━━━━━━━━━━━━━━━━━━━━━━━━━━━ 4.8/4.8 MB 21.2 MB/s eta 0:00:00
#9 14.84 Downloading fastapi-0.142.2-py3-none-any.whl (144 kB)
#9 14.85 Downloading psycopg-3.3.6-py3-none-any.whl (215 kB)
#9 14.94 Downloading psycopg_pool-3.3.3-py3-none-any.whl (40 kB)
#9 14.95 Downloading psycopg_binary-3.3.6-cp312-cp312-manylinux2014_x86_64.manylinux_2_17_x86_64.whl (5.2 MB)
#9 15.22    ━━━━━━━━━━━━━━━━━━━━━━━━━━━━━━━━━━━━━━━━ 5.2/5.2 MB 22.1 MB/s eta 0:00:00
#9 15.22 Downloading pydantic-2.13.5-py3-none-any.whl (472 kB)
#9 15.26 Downloading pydantic_core-2.46.5-cp312-cp312-manylinux_2_17_x86_64.manylinux2014_x86_64.whl (2.1 MB)
#9 15.32    ━━━━━━━━━━━━━━━━━━━━━━━━━━━━━━━━━━━━━━━━ 2.1/2.1 MB 32.0 MB/s eta 0:00:00
#9 15.33 Downloading uvicorn-0.54.0-py3-none-any.whl (87 kB)
#9 15.34 Downloading annotated_doc-0.0.5-py3-none-any.whl (5.3 kB)
#9 15.35 Downloading annotated_types-0.8.0-py3-none-any.whl (13 kB)
#9 15.36 Downloading cffi-2.1.1-cp312-cp312-manylinux2014_x86_64.manylinux_2_17_x86_64.whl (221 kB)
#9 15.39 Downloading click-8.5.0-py3-none-any.whl (125 kB)
#9 15.40 Downloading h11-0.16.0-py3-none-any.whl (37 kB)
#9 15.41 Downloading httptools-0.8.0-cp312-cp312-manylinux1_x86_64.manylinux_2_28_x86_64.manylinux_2_5_x86_64.whl (523 kB)
#9 15.74 Downloading opentelemetry_api-1.45.0-py3-none-any.whl (60 kB)
#9 15.83 Downloading python_dotenv-1.2.4-py3-none-any.whl (23 kB)
#9 15.89 Downloading pyyaml-6.0.3-cp312-cp312-manylinux2014_x86_64.manylinux_2_17_x86_64.manylinux_2_28_x86_64.whl (807 kB)
#9 15.94    ━━━━━━━━━━━━━━━━━━━━━━━━━━━━━━━━━━━━━━━━ 807.9/807.9 kB 36.2 MB/s eta 0:00:00
#9 15.96 Downloading starlette-1.7.0-py3-none-any.whl (78 kB)
#9 15.99 Downloading typing_extensions-4.16.0-py3-none-any.whl (45 kB)
#9 16.00 Downloading typing_inspection-0.4.4-py3-none-any.whl (14 kB)
#9 16.01 Downloading uvloop-0.23.0-cp312-cp312-manylinux2014_x86_64.manylinux_2_17_x86_64.manylinux_2_28_x86_64.whl (4.5 MB)
#9 16.27    ━━━━━━━━━━━━━━━━━━━━━━━━━━━━━━━━━━━━━━━━ 4.5/4.5 MB 18.5 MB/s eta 0:00:00
#9 16.28 Downloading watchfiles-1.3.0-cp310-abi3-manylinux_2_17_x86_64.manylinux2014_x86_64.whl (458 kB)
#9 16.39 Downloading websockets-17.2-cp312-cp312-manylinux1_x86_64.manylinux_2_28_x86_64.manylinux_2_5_x86_64.whl (225 kB)
#9 16.42 Downloading anyio-4.15.1-py3-none-any.whl (132 kB)
#9 16.44 Downloading pycparser-3.0-py3-none-any.whl (48 kB)
#9 16.45 Downloading idna-3.20-py3-none-any.whl (69 kB)
#9 16.56 Building wheels for collected packages: exaconnect-controller
#9 16.57   Building wheel for exaconnect-controller (pyproject.toml): started
#9 17.26   Building wheel for exaconnect-controller (pyproject.toml): finished with status 'done'
#9 17.26   Created wheel for exaconnect-controller: filename=exaconnect_controller-0.2.0-py3-none-any.whl size=100039 sha256=eac9e8c0be9a9e616c65f73e05069c5c154b280192d71cacf9dac009da581390
#9 17.26   Stored in directory: /tmp/pip-ephem-wheel-cache-94lip2r6/wheels/54/1b/b7/aa63e25c8f14f4f2ae7b04e6097bdecb770e455c5c1ee0a600
#9 17.26 Successfully built exaconnect-controller
#9 17.40 Installing collected packages: websockets, uvloop, typing-extensions, pyyaml, python-dotenv, pycparser, psycopg-binary, idna, httptools, h11, click, annotated-types, annotated-doc, uvicorn, typing-inspection, pydantic-core, psycopg-pool, psycopg, opentelemetry-api, cffi, anyio, watchfiles, starlette, pydantic, cryptography, fastapi, exaconnect-controller
#9 22.95 Successfully installed annotated-doc-0.0.5 annotated-types-0.8.0 anyio-4.15.1 cffi-2.1.1 click-8.5.0 cryptography-50.0.2 exaconnect-controller-0.2.0 fastapi-0.142.2 h11-0.16.0 httptools-0.8.0 idna-3.20 opentelemetry-api-1.45.0 psycopg-3.3.6 psycopg-binary-3.3.6 psycopg-pool-3.3.3 pycparser-3.0 pydantic-2.13.5 pydantic-core-2.46.5 python-dotenv-1.2.4 pyyaml-6.0.3 starlette-1.7.0 typing-extensions-4.16.0 typing-inspection-0.4.4 uvicorn-0.54.0 uvloop-0.23.0 watchfiles-1.3.0 websockets-17.2
#9 22.95 WARNING: Running pip as the 'root' user can result in broken permissions and conflicting behaviour with the system package manager, possibly rendering your system unusable. It is recommended to use a virtual environment instead: https://pip.pypa.io/warnings/venv. Use the --root-user-action option if you know what you are doing and want to suppress this warning.
#9 23.20 
#9 23.20 [notice] A new release of pip is available: 25.0.1 -> 26.2.1
#9 23.20 [notice] To update, run: pip install --upgrade pip
#9 DONE 24.1s

#10 [controller] exporting to image
#10 exporting layers
#10 exporting layers 8.4s done
#10 exporting manifest sha256:23bb08a06a1efe82ad1831708c1bd755378cbfa731ddae1db64346b794d08a2c 0.0s done
#10 exporting config sha256:a72999697a021601b99ec6bb88af91bc0f936b14b41d0590aab726a15442e057 0.1s done
#10 exporting attestation manifest sha256:717710327d87e5412bb96b126b6c27d3b3b2f074ec17c582379a8d64951de436
#10 exporting attestation manifest sha256:717710327d87e5412bb96b126b6c27d3b3b2f074ec17c582379a8d64951de436 0.3s done
#10 exporting manifest list sha256:dc704d2c2e83e776b8034bc44130e7d6e58443a19901143355722db1e40cce16
#10 exporting manifest list sha256:dc704d2c2e83e776b8034bc44130e7d6e58443a19901143355722db1e40cce16 0.0s done
#10 naming to docker.io/library/exaconnect-controller:latest done
#10 unpacking to docker.io/library/exaconnect-controller:latest
#10 unpacking to docker.io/library/exaconnect-controller:latest 2.2s done
#10 DONE 11.3s

#11 [controller] resolving provenance for metadata file
#11 DONE 0.0s
 controller  Built
time="2026-10-03T18:32:08+02:00" level=warning msg="Found orphan containers ([exaconnect-web-1]) for this project. If you removed or renamed this service in your compose file, you can run this command with the --remove-orphans flag to clean it up."
 Container exaconnect-db-1  Running
 Container exaconnect-controller-1  Recreate
 Container exaconnect-controller-1  Recreated
 Container exaconnect-proxy-1  Running
 Container exaconnect-db-1  Waiting
 Container exaconnect-db-1  Healthy
 Container exaconnect-controller-1  Starting
 Container exaconnect-controller-1  Started
 Container exaconnect-controller-1  Waiting
 Container exaconnect-controller-1  Healthy
 Container exaconnect-db-1  Waiting
 Container exaconnect-controller-1  Waiting
 Container exaconnect-proxy-1  Waiting
 Container exaconnect-controller-1  Healthy
 Container exaconnect-db-1  Healthy
 Container exaconnect-proxy-1  Healthy
time="2026-10-03T18:32:20+02:00" level=warning msg="Found orphan containers ([exaconnect-web-1]) for this project. If you removed or renamed this service in your compose file, you can run this command with the --remove-orphans flag to clean it up."
 Container exaconnect-proxy-1  Recreate
 Container exaconnect-proxy-1  Recreated
 Container exaconnect-proxy-1  Starting
 Container exaconnect-proxy-1  Started
 Container exaconnect-proxy-1  Waiting
 Container exaconnect-proxy-1  Healthy

== Agents (16:32:24)
pop-miami: agent stopped
site-a: agent stopped
site-b: agent stopped
pop-miami: agent started
site-a: agent started
site-b: agent started

== Public portal (16:32:29)
time="2026-10-03T18:32:30+02:00" level=warning msg="Docker Compose is configured to build using Bake, but buildx isn't installed"
#0 building with "default" instance using docker driver

#1 [controller internal] load build definition from Dockerfile
#1 transferring dockerfile: 559B 0.0s done
#1 DONE 0.1s

#2 [controller internal] load metadata for docker.io/library/python:3.12-slim
#2 DONE 0.2s

#3 [controller internal] load .dockerignore
#3 transferring context: 2B done
#3 DONE 0.0s

#4 [controller internal] load build context
#4 DONE 0.0s

#5 [controller 1/5] FROM docker.io/library/python:3.12-slim@sha256:dddfd7e07f9d15aeeca61529320492139d21cac7f0070c00609243e51e4e0016
#5 resolve docker.io/library/python:3.12-slim@sha256:dddfd7e07f9d15aeeca61529320492139d21cac7f0070c00609243e51e4e0016 0.1s done
#5 DONE 0.1s

#4 [controller internal] load build context
#4 transferring context: 3.10kB done
#4 DONE 0.0s

#6 [controller 2/5] WORKDIR /app
#6 CACHED

#7 [controller 3/5] COPY pyproject.toml ./
#7 CACHED

#8 [controller 4/5] COPY exaconnect_controller ./exaconnect_controller
#8 CACHED

#9 [controller 5/5] RUN pip install --no-cache-dir . && mkdir -p /data && chown nobody:nogroup /data
#9 CACHED

#10 [controller] exporting to image
#10 exporting layers done
#10 exporting manifest sha256:23bb08a06a1efe82ad1831708c1bd755378cbfa731ddae1db64346b794d08a2c done
#10 exporting config sha256:a72999697a021601b99ec6bb88af91bc0f936b14b41d0590aab726a15442e057 done
#10 exporting attestation manifest sha256:1332074daefb84e039d5a58a935f84dc4808809b1e6770fbb28ac47e9deae72b 0.1s done
#10 exporting manifest list sha256:81cc98d34d5cfb706827933dfdafb3d354602c5b79f6a8d7d5ddee347c959ec8
#10 exporting manifest list sha256:81cc98d34d5cfb706827933dfdafb3d354602c5b79f6a8d7d5ddee347c959ec8 0.0s done
#10 naming to docker.io/library/exaconnect-controller:latest done
#10 unpacking to docker.io/library/exaconnect-controller:latest 0.0s done
#10 DONE 0.4s

#11 [controller] resolving provenance for metadata file
#11 DONE 0.0s

#12 [web internal] load build definition from Dockerfile
#12 transferring dockerfile: 529B done
#12 DONE 0.0s

#13 [web internal] load metadata for docker.io/library/node:22-alpine
#13 DONE 0.3s

#14 [web internal] load metadata for docker.io/library/caddy:2-alpine
#14 DONE 0.3s

#15 [web internal] load .dockerignore
#15 transferring context: 2B done
#15 DONE 0.0s

#16 [web stage-1 1/3] FROM docker.io/library/caddy:2-alpine@sha256:881bbc60f9986d5ab8e7cfd6cf7e4ef3c9c0439fef2429d035d065577882f028
#16 resolve docker.io/library/caddy:2-alpine@sha256:881bbc60f9986d5ab8e7cfd6cf7e4ef3c9c0439fef2429d035d065577882f028 0.1s done
#16 DONE 0.1s

#17 [web portal 1/6] FROM docker.io/library/node:22-alpine@sha256:0a7108bf6c7bf5de370ffb1a3ed6be93d405b43ff159f681a8d18c0e2bc2e402
#17 resolve docker.io/library/node:22-alpine@sha256:0a7108bf6c7bf5de370ffb1a3ed6be93d405b43ff159f681a8d18c0e2bc2e402 0.1s done
#17 DONE 0.1s

#18 [web internal] load build context
#18 transferring context: 115.17kB 0.3s done
#18 DONE 0.4s

#19 [web portal 3/6] COPY portal/package.json portal/package-lock.json ./
#19 CACHED

#20 [web portal 2/6] WORKDIR /src/portal
#20 CACHED

#21 [web portal 4/6] RUN npm ci --no-audit --no-fund
#21 CACHED

#22 [web portal 5/6] COPY portal/ ./
#22 DONE 4.7s

#23 [web portal 6/6] RUN npm run build
#23 3.732 
#23 3.732 > exaconnect-portal@0.0.1 build
#23 3.732 > tsc -b && vite build
#23 3.732 
#23 8.618 vite v8.3.1 building client environment for production...
#23 8.660 transforming...
#23 8.901 ✓ 39 modules transformed.
#23 9.089 rendering chunks...
#23 9.344 computing gzip size...
#23 9.392 dist/index.html                   0.82 kB │ gzip:   0.43 kB
#23 9.392 dist/assets/index-DknC99qj.css   13.25 kB │ gzip:   3.55 kB
#23 9.392 dist/assets/index-DUCBrdXy.js   341.55 kB │ gzip: 102.37 kB
#23 9.392 
#23 9.398 ✓ built in 776ms
#23 DONE 9.8s

#24 [web stage-1 2/3] COPY deploy/public/Caddyfile /etc/caddy/Caddyfile
#24 CACHED

#25 [web stage-1 3/3] COPY --from=portal /src/portal/dist /srv/portal
#25 DONE 0.2s

#26 [web] exporting to image
#26 exporting layers
#26 exporting layers 0.2s done
#26 exporting manifest sha256:c5acd17bdf189eda102f72570d28f6fae8e256c8568e418096b0638809a736c0 0.0s done
#26 exporting config sha256:ffbf26250f6116526df5c57d0eccb3438853527435f5efcbe883534ca07c330f 0.0s done
#26 exporting attestation manifest sha256:48a0b215d5a004d30932b8f7233b9ae158e83055ed512cbce94197215b0ec1de
#26 exporting attestation manifest sha256:48a0b215d5a004d30932b8f7233b9ae158e83055ed512cbce94197215b0ec1de 0.1s done
#26 exporting manifest list sha256:24340647577970076ef8bd8913dadaae3fb5688fb9d2e3698c11e5c7c890eadf
#26 exporting manifest list sha256:24340647577970076ef8bd8913dadaae3fb5688fb9d2e3698c11e5c7c890eadf 0.0s done
#26 naming to docker.io/library/exaconnect-web:latest 0.0s done
#26 unpacking to docker.io/library/exaconnect-web:latest 0.1s done
#26 DONE 0.8s

#27 [web] resolving provenance for metadata file
#27 DONE 0.1s
 controller  Built
 web  Built
 Container exaconnect-db-1  Running
 Container exaconnect-controller-1  Recreate
 Container exaconnect-controller-1  Recreated
 Container exaconnect-web-1  Recreate
 Container exaconnect-web-1  Recreated
 Container exaconnect-db-1  Waiting
 Container exaconnect-db-1  Healthy
 Container exaconnect-controller-1  Starting
 Container exaconnect-controller-1  Started
 Container exaconnect-controller-1  Waiting
 Container exaconnect-controller-1  Healthy
 Container exaconnect-web-1  Starting
 Container exaconnect-web-1  Started
 Container exaconnect-web-1  Waiting
 Container exaconnect-controller-1  Waiting
 Container exaconnect-db-1  Waiting
 Container exaconnect-controller-1  Healthy
 Container exaconnect-web-1  Healthy
 Container exaconnect-db-1  Healthy

== Waiting for tunnels, BGP and BFD (16:33:03)

== Checks (16:33:08)
-- lab/scripts/check-routing.sh
ok    site-a wg-a handshake 39s ago
ok    site-a wg-b handshake 39s ago
ok    site-a wg-sat handshake 39s ago
ok    site-b wg-a handshake 39s ago
ok    site-b wg-b handshake 40s ago
ok    site-b wg-sat handshake 39s ago
ok    pop-miami BGP 6/6 established
ok    pop-miami BFD 6/6 up
ok    site-a BGP 3/3 established
ok    site-a BFD 3/3 up
ok    site-b BGP 3/3 established
ok    site-b BFD 3/3 up
ok    lan-a -> lan-b (site-a to site-b via the PoP)
ok    lan-b -> lan-a
ok    lan-a -> lan-pop

  traceroute to 192.168.20.10 (192.168.20.10), 30 hops max, 46 byte packets
   1  192.168.10.1  0.013 ms
   2  100.64.1.1  25.125 ms
   3  100.64.1.12  55.816 ms
   4  192.168.20.10  63.650 ms
-- lab/ci/checks/m4-steering.sh
-- steering applied
ok    pop-miami nftables classifier
ok    pop-miami 6 steering rules
ok    site-a nftables classifier
ok    site-a 3 steering rules
ok    site-b nftables classifier
ok    site-b 3 steering rules
FAIL  site-a voice on 'wg-b' at start, want wg-a
      maps: site-a v97, pop-miami v128, site-b v64
-- brownout: carrier A loss 0 -> 3% over 180 s (demo step 2)
FAIL  voice did not move within 330 s of the brownout
FAIL  bulk moved during the brownout
-- hard cut of carrier B while voice is on it (demo step 3)
      voice probe stream: 1435 of 1500 received at 50 packets/s
ok    voice lost 1300 ms of packets (< 3 s)
ok    agent failover on BFD after 2 s
ok    voice on wg-a after the cut
-- recovery: restore B, classes move back only after the hold time (demo step 4)
ok    no moves in the first minute after recovery
      moves since the brownout began: 10
      16:34:59 site-b bulk move_back: Moved bulk back from Carrier B to Carrier A: Carrier A has scored well for 5 minutes (0.2% loss).
      16:34:59 site-a bulk move_back: Moved bulk back from Carrier B to Carrier A: Carrier A has scored well for 5 minutes (0.4% loss).
      16:34:59 site-a business move_back: Moved business back from Carrier B to Carrier A: Carrier A has scored well for 5 minutes (39 ms, 0.4% loss).
      16:35:09 site-b business move_back: Moved business back from Carrier B to Carrier A: Carrier A has scored well for 5 minutes (37 ms, 0.3% loss).
      16:36:50 site-b business hold: Kept business on Carrier A: loss on Carrier A rising 1.0% a minute, forecast 2.3% in 60 s against a 2% SLA, but it moved here 101 s ago (hold time 120 s).
      16:37:00 site-b business hold: Kept business on Carrier A: loss on Carrier A rising 0.9% a minute, forecast 2.3% in 60 s against a 2% SLA, but it moved here 111 s ago (hold time 120 s).
      16:37:11 site-b business move: Moved business from Carrier A to Carrier B: loss on Carrier A rising 1.2% a minute, forecast 2.6% in 60 s against a 2% SLA.
      16:37:11 site-a business move: Moved business from Carrier A to Carrier B: loss on Carrier A rising 1.3% a minute, forecast 2.6% in 60 s against a 2% SLA.
      16:39:23 site-a business failover: Moved business from Carrier B to Carrier A: Carrier B is down (BFD reports it down).
      16:39:23 site-b business failover: Moved business from Carrier B to Carrier A: Carrier B is down (BFD reports it down).
      16:39:23 site-b voice failover: Moved voice from Carrier B to Carrier A: Carrier B is down (BFD reports it down).
      16:39:23 site-a voice failover: Moved voice from Carrier B to Carrier A: Carrier B is down (BFD reports it down).
      16:39:43 site-a business hold: Kept business on Carrier A: loss on Carrier A is 2.5% against a 2% SLA, but it moved here 20 s ago (hold time 120 s).
      16:39:43 site-b business hold: Kept business on Carrier A: loss on Carrier A is 2.8% against a 2% SLA, but it moved here 20 s ago (hold time 120 s).
      16:39:43 site-b voice hold: Kept voice on Carrier A: loss on Carrier A is 2.8% against a 1% SLA, but it moved here 20 s ago (hold time 120 s).
      16:39:43 site-a voice hold: Kept voice on Carrier A: loss on Carrier A is 2.5% against a 1% SLA, but it moved here 20 s ago (hold time 120 s).
      16:39:53 site-a business hold: Kept business on Carrier A: loss on Carrier A is 2.3% against a 2% SLA, but it moved here 30 s ago (hold time 120 s).
      16:39:53 site-a voice hold: Kept voice on Carrier A: loss on Carrier A is 2.3% against a 1% SLA, but it moved here 30 s ago (hold time 120 s).
      16:39:53 site-b voice hold: Kept voice on Carrier A: loss on Carrier A is 2.7% against a 1% SLA, but it moved here 30 s ago (hold time 120 s).
      16:39:53 site-b business hold: Kept business on Carrier A: loss on Carrier A is 2.7% against a 2% SLA, but it moved here 30 s ago (hold time 120 s).
      16:40:03 site-a voice hold: Kept voice on Carrier A: loss on Carrier A is 2.2% against a 1% SLA, but it moved here 40 s ago (hold time 120 s).
      16:40:03 site-b business hold: Kept business on Carrier A: loss on Carrier A is 2.5% against a 2% SLA, but it moved here 40 s ago (hold time 120 s).
      16:40:03 site-b voice hold: Kept voice on Carrier A: loss on Carrier A is 2.5% against a 1% SLA, but it moved here 40 s ago (hold time 120 s).
      16:40:03 site-a business hold: Kept business on Carrier A: loss on Carrier A is 2.2% against a 2% SLA, but it moved here 40 s ago (hold time 120 s).
      16:40:13 site-a business hold: Kept business on Carrier A: loss on Carrier A is 2.0% against a 2% SLA, but it moved here 50 s ago (hold time 120 s).
      16:40:13 site-b business hold: Kept business on Carrier A: loss on Carrier A is 2.4% against a 2% SLA, but it moved here 50 s ago (hold time 120 s).
      16:40:13 site-b voice hold: Kept voice on Carrier A: loss on Carrier A is 2.4% against a 1% SLA, but it moved here 50 s ago (hold time 120 s).
      16:40:13 site-a voice hold: Kept voice on Carrier A: loss on Carrier A is 2.0% against a 1% SLA, but it moved here 50 s ago (hold time 120 s).
      16:40:23 site-b voice hold: Kept voice on Carrier A: loss on Carrier A is 2.3% against a 1% SLA, but it moved here 60 s ago (hold time 120 s).
      16:40:23 site-b business hold: Kept business on Carrier A: loss on Carrier A is 2.3% against a 2% SLA, but it moved here 60 s ago (hold time 120 s).
      16:40:23 site-a voice hold: Kept voice on Carrier A: loss on Carrier A is 1.8% against a 1% SLA, but it moved here 60 s ago (hold time 120 s).
      16:40:33 site-b voice hold: Kept voice on Carrier A: loss on Carrier A is 2.2% against a 1% SLA, but it moved here 70 s ago (hold time 120 s).
      16:40:33 site-b business hold: Kept business on Carrier A: loss on Carrier A is 2.2% against a 2% SLA, but it moved here 70 s ago (hold time 120 s).
      16:40:33 site-a voice hold: Kept voice on Carrier A: loss on Carrier A is 1.6% against a 1% SLA, but it moved here 70 s ago (hold time 120 s).
      16:40:44 site-b business hold: Kept business on Carrier A: loss on Carrier A is 2.0% against a 2% SLA, but it moved here 81 s ago (hold time 120 s).
      16:40:44 site-a voice hold: Kept voice on Carrier A: loss on Carrier A is 1.5% against a 1% SLA, but it moved here 81 s ago (hold time 120 s).
      16:40:44 site-b voice hold: Kept voice on Carrier A: loss on Carrier A is 2.0% against a 1% SLA, but it moved here 81 s ago (hold time 120 s).
-- lab/ci/checks/m5-storm.sh
-- Storm Mode on at site-a only
ok    Storm Mode switched on for site-a through the API
ok    site-a agent has the Storm Mode steering map
ok    site-b is not in Storm Mode
ok    satellite warm: 35 probes per 10 s
ok    satellite BGP established
-- both terrestrial links cut
ok    voice continues on satellite
ok    business continues on satellite
ok    bulk paused (blackhole rule)
ok    voice stream lost 1700 ms across the double cut
-- restore and switch Storm Mode off
ok    Storm Mode switched off
ok    voice and business back on terrestrial paths, bulk resumed
      Storm Mode last switched by user:admin@exacarib.local
      16:42:09 storm_off
      16:40:55 storm_on
-- lab/ci/checks/m6-metering.sh
-- traffic: 20 Mbit/s bulk (CS1, TCP) from lan-a to lan-b for 11 minutes
      bulk leaves site-a on wg-a
ok    5-minute samples with traffic for site-a
      iperf: [  5] 463.00-464.00 sec  2.38 MBytes  19.9 Mbits/sec    0    259 KBytes        [  5] 464.00-465.00 sec  2.38 MBytes  19.9 Mbits/sec    0    259 KBytes        [  5] 465.00-466.00 sec  2.38 MBytes  19.9 Mbits/sec    0    259 KBytes        [  5] 466.00-467.00 sec  2.38 MByte
      site-a carrier-a: samples 11, 95th in 1.722326 out 26.572042, billable 26.572042, commit 100, burst 0.000, total 400.00
ok    billable rate 26.572042 Mbps matches the ~20 Mbit/s offered
-- CSV matches the screen
ok    CSV 95th percentile 26.572 equals the screen
ok    CSV settlement total equals the screen
-- carrier view
ok    carrier user sees only Carrier A links
ok    carrier user cannot open the customer overview
-- lab/ci/checks/m7-outage.sh
-- stop the controller and the agent proxy
ok    all three agents noticed after 63 s and hold the last good state
ok    site A still reaches site B through the PoP
-- BFD failover with the controller down
ok    voice moved from wg-a to wg-b in 10.4 s, without the controller
-- start the controller again
ok    all three agents reconciled 19 s after the restart
-- lab/ci/checks/m8-ai.sh
-- hurricane watch
ok    NHC feed read from the lab host: 2 active storms
ok    example hurricane raised a warning
ok    only site-a (Kingston) is warned
      Hurricane Example (90 kt) is moving at 23 km/h on a heading of 285°. Projecting that motion forward, it passes about 92 km from site-a in about 25 h. Consider switching Storm Mode on so the satellite path is warm before the terrestrial links suffer. This is a straight-line projection; check the NHC advisory for the official forecast track.
-- disaster watch
FAIL  a disaster feed could not be read: ptwc=2 usgs=15 events=15 failed=gdacs
ok    example earthquake from USGS, GDACS and tsunami.gov raised one alert, for site-b only
      Magnitude 6.4 earthquake, 38 km NE of Port of Spain, Trinidad and Tobago, reported by USGS and GDACS and tsunami.gov. Latest tsunami message: Tsunami Information Statement Number 2. Sites in range: site-b 47 km (critical). Consider switching Storm Mode on for the sites marked critical, so the satellite path is warm if terrestrial links fail. Distances are straight lines from the reported location; check the source's report.
-- insights from this run
      anomaly critical: Carrier B at site-a: loss 7.91%, usually 0.00%
      anomaly critical: Carrier A at site-a: loss 4.59%, usually 0.00%
      anomaly critical: Carrier A at site-b: loss 4.63%, usually 0.00%
      anomaly critical: Carrier B at site-b: loss 7.65%, usually 0.00%
      storm_warning critical: Example data: Hurricane Example may pass 92 km from site-a in about 25 h
      hazard critical: Example data: Magnitude 6.4 earthquake, 38 km NE of Port of Spain, Trinidad and Tobago: 47 km from site-b
      storm_warning critical: Example data: Hurricane Example may pass 92 km from site-a in about 25 h
      anomaly critical: Carrier B at site-a: loss 3.69%, usually 0.00%
      anomaly critical: Carrier B at site-b: loss 3.89%, usually 0.00%
      anomaly critical: Carrier A at site-b: loss 4.22%, usually 0.24%
-- ask your network
ok    answered: Voice is on carrier-a at site-a now, and it last moved there from carrier-b at 16:51:58Z because BFD came up on the carrier-a tunnel after a brief failover to carrier-b at 16:51:46Z when BFD went down on carrier-a.
-- lab/ci/checks/m9-public.sh
ok    https://connect.exacarib.com/healthz answers on this host
ok    certificate from Let's Encrypt (issuer=C = US, O = Let's Encrypt, CN = YE1)
ok    portal served
FAIL  enrol answered 422 publicly
ok    API answers and needs sign-in
ok    connect.exacarib.com reachable from this host over the internet
      web container: running restarts=0
      caddy: {"level":"info","ts":1791045182.5327644,"msg":"using config from file","file":"/etc/caddy/Caddyfile"}
      caddy: {"level":"info","ts":1791045182.5327682,"msg":"adapted config to JSON","adapter":"caddyfile"}
      listening on public addresses: 22 80 443 
ok    controller, database and dev portal stay private
-- lab/ci/checks/m9-traffic.sh
-- priority queues
ok    site-a wg-a: qdisc cake 803a: root refcnt 2 bandwidth 190Mbit diffserv4 triple-isolate nonat nowash no-
ok    site-a wg-b: qdisc cake 803b: root refcnt 2 bandwidth 95Mbit diffserv4 triple-isolate nonat nowash no-a
-- application detection: Zoom-like traffic on UDP 8801 for 4 minutes
ok    site-a reported its flows to UDP 8801
FAIL  Zoom was not detected
      tcp|5201|bulk|959155|602811 udp|8801|voice|3975|0 tcp|5201||11|8 
-- a customer rule: a subnet and port into business
ok    site-a classifies TCP 5201 to site B as business
ok    the PoP classifies the return direction

== Diagnostics (16:54:37)
pop-miami: running
site-a: running
site-b: running
-- agent log pop-miami
time=2026-10-03T16:52:31.449Z level=INFO msg="new steering map" node=pop-miami version=136 storm=false
time=2026-10-03T16:52:31.478Z level=INFO msg="class moved" node=pop-miami class=voice dst=192.168.10.0/24 from=carrier-a to=carrier-b why=controller
time=2026-10-03T16:52:31.478Z level=INFO msg="class moved" node=pop-miami class=business dst=192.168.10.0/24 from=carrier-a to=carrier-b why=controller
time=2026-10-03T16:52:31.478Z level=INFO msg="class moved" node=pop-miami class=bulk dst=192.168.10.0/24 from=carrier-a to=carrier-b why=controller
time=2026-10-03T16:52:31.478Z level=INFO msg="class moved" node=pop-miami class=voice dst=192.168.20.0/24 from=carrier-a to=carrier-b why=controller
time=2026-10-03T16:52:31.478Z level=INFO msg="class moved" node=pop-miami class=business dst=192.168.20.0/24 from=carrier-a to=carrier-b why=controller
time=2026-10-03T16:52:31.478Z level=INFO msg="class moved" node=pop-miami class=bulk dst=192.168.20.0/24 from=carrier-a to=carrier-b why=controller
time=2026-10-03T16:54:02.451Z level=INFO msg="bfd change" node=pop-miami peer=100.64.2.12 tunnel=wg-b status=down
time=2026-10-03T16:54:02.452Z level=INFO msg="bfd change" node=pop-miami peer=100.64.1.12 tunnel=wg-a status=init
time=2026-10-03T16:54:02.452Z level=INFO msg="bfd change" node=pop-miami peer=100.64.2.11 tunnel=wg-b status=init
time=2026-10-03T16:54:02.452Z level=INFO msg="bfd change" node=pop-miami peer=100.64.1.11 tunnel=wg-a status=down
time=2026-10-03T16:54:02.507Z level=INFO msg="class moved" node=pop-miami class=voice dst=192.168.10.0/24 from=carrier-b to=carrier-a why=bfd
time=2026-10-03T16:54:02.507Z level=INFO msg="class moved" node=pop-miami class=bulk dst=192.168.10.0/24 from=carrier-b to=carrier-a why=bfd
time=2026-10-03T16:54:02.507Z level=INFO msg="class moved" node=pop-miami class=voice dst=192.168.20.0/24 from=carrier-b to=carrier-a why=bfd
time=2026-10-03T16:54:02.507Z level=INFO msg="class moved" node=pop-miami class=business dst=192.168.20.0/24 from=carrier-b to=carrier-a why=bfd
time=2026-10-03T16:54:02.922Z level=INFO msg="bfd change" node=pop-miami peer=100.64.2.12 tunnel=wg-b status=up
time=2026-10-03T16:54:02.922Z level=INFO msg="bfd change" node=pop-miami peer=100.64.1.12 tunnel=wg-a status=up
time=2026-10-03T16:54:02.922Z level=INFO msg="bfd change" node=pop-miami peer=100.64.2.11 tunnel=wg-b status=up
time=2026-10-03T16:54:02.922Z level=INFO msg="bfd change" node=pop-miami peer=100.64.1.11 tunnel=wg-a status=init
time=2026-10-03T16:54:02.935Z level=INFO msg="class moved" node=pop-miami class=voice dst=192.168.10.0/24 from=carrier-a to=carrier-b why=bfd
time=2026-10-03T16:54:02.935Z level=INFO msg="class moved" node=pop-miami class=bulk dst=192.168.10.0/24 from=carrier-a to=carrier-b why=bfd
time=2026-10-03T16:54:02.935Z level=INFO msg="class moved" node=pop-miami class=voice dst=192.168.20.0/24 from=carrier-a to=carrier-b why=bfd
time=2026-10-03T16:54:02.935Z level=INFO msg="class moved" node=pop-miami class=business dst=192.168.20.0/24 from=carrier-a to=carrier-b why=bfd
time=2026-10-03T16:54:03.607Z level=INFO msg="bfd change" node=pop-miami peer=100.64.1.11 tunnel=wg-a status=up
time=2026-10-03T16:54:36.099Z level=INFO msg="new steering map" node=pop-miami version=137 storm=false
-- agent log site-a
time=2026-10-03T16:51:15.218Z level=WARN msg="controller unreachable" node=site-a err="Post \"https://172.30.0.5:8443/api/v1/agent/telemetry\": dial tcp 172.30.0.5:8443: connect: no route to host"
time=2026-10-03T16:51:18.480Z level=WARN msg="controller unreachable" node=site-a err="Get \"https://172.30.0.5:8443/api/v1/agent/desired-state?have=19\": dial tcp 172.30.0.5:8443: connect: no route to host"
time=2026-10-03T16:51:21.617Z level=WARN msg="controller unreachable" node=site-a err="Get \"https://172.30.0.5:8443/api/v1/agent/steering?have=103\": dial tcp 172.30.0.5:8443: connect: no route to host"
time=2026-10-03T16:51:24.687Z level=WARN msg="controller unreachable" node=site-a err="Post \"https://172.30.0.5:8443/api/v1/agent/telemetry\": dial tcp 172.30.0.5:8443: connect: no route to host"
time=2026-10-03T16:51:27.760Z level=WARN msg="controller silent; holding the last good state and current paths" node=site-a since=2026-10-03T16:50:25Z err="Get \"https://172.30.0.5:8443/api/v1/agent/steering?have=103\": dial tcp 172.30.0.5:8443: connect: no route to host"
time=2026-10-03T16:51:46.858Z level=INFO msg="bfd change" node=site-a peer=100.64.1.1 tunnel=wg-a status=down
time=2026-10-03T16:51:46.867Z level=INFO msg="class moved" node=site-a class=voice dst="" from=carrier-a to=carrier-b why=bfd
time=2026-10-03T16:51:46.867Z level=INFO msg="class moved" node=site-a class=business dst="" from=carrier-a to=carrier-b why=bfd
time=2026-10-03T16:51:46.867Z level=INFO msg="class moved" node=site-a class=bulk dst="" from=carrier-a to=carrier-b why=bfd
time=2026-10-03T16:51:58.421Z level=INFO msg="bfd change" node=site-a peer=100.64.1.1 tunnel=wg-a status=up
time=2026-10-03T16:51:58.430Z level=INFO msg="class moved" node=site-a class=voice dst="" from=carrier-b to=carrier-a why=bfd
time=2026-10-03T16:51:58.430Z level=INFO msg="class moved" node=site-a class=business dst="" from=carrier-b to=carrier-a why=bfd
time=2026-10-03T16:51:58.430Z level=INFO msg="class moved" node=site-a class=bulk dst="" from=carrier-b to=carrier-a why=bfd
time=2026-10-03T16:52:00.914Z level=INFO msg="controller reachable again; reconciling" node=site-a
time=2026-10-03T16:52:00.915Z level=WARN msg="controller unreachable" node=site-a err="Get \"https://172.30.0.5:8443/api/v1/agent/steering?have=103\": dial tcp 172.30.0.5:8443: connect: connection refused"
time=2026-10-03T16:52:01.012Z level=WARN msg="controller unreachable" node=site-a err="Post \"https://172.30.0.5:8443/api/v1/agent/telemetry\": dial tcp 172.30.0.5:8443: connect: connection refused"
time=2026-10-03T16:52:30.993Z level=INFO msg="new steering map" node=site-a version=104 storm=false
time=2026-10-03T16:52:31.043Z level=INFO msg="class moved" node=site-a class=voice dst="" from=carrier-a to=carrier-b why=controller
time=2026-10-03T16:52:31.043Z level=INFO msg="class moved" node=site-a class=business dst="" from=carrier-a to=carrier-b why=controller
time=2026-10-03T16:52:31.043Z level=INFO msg="class moved" node=site-a class=bulk dst="" from=carrier-a to=carrier-b why=controller
time=2026-10-03T16:54:02.469Z level=INFO msg="bfd change" node=site-a peer=100.64.2.1 tunnel=wg-b status=init
time=2026-10-03T16:54:02.862Z level=INFO msg="bfd change" node=site-a peer=100.64.1.1 tunnel=wg-a status=down
time=2026-10-03T16:54:02.862Z level=INFO msg="bfd change" node=site-a peer=100.64.2.1 tunnel=wg-b status=up
time=2026-10-03T16:54:03.275Z level=INFO msg="bfd change" node=site-a peer=100.64.1.1 tunnel=wg-a status=up
time=2026-10-03T16:54:35.765Z level=INFO msg="new steering map" node=site-a version=105 storm=false
-- agent log site-b
time=2026-10-03T16:41:58.529Z level=INFO msg="class moved" node=site-b class=bulk dst="" from=paused to=carrier-a why=bfd
time=2026-10-03T16:41:59.534Z level=INFO msg="bfd change" node=site-b peer=100.64.2.1 tunnel=wg-b status=up
time=2026-10-03T16:45:11.400Z level=INFO msg="bfd change" node=site-b peer=100.64.1.1 tunnel=wg-a status=init
time=2026-10-03T16:45:11.400Z level=INFO msg="bfd change" node=site-b peer=100.64.2.1 tunnel=wg-b status=init
time=2026-10-03T16:45:12.544Z level=INFO msg="bfd change" node=site-b peer=100.64.1.1 tunnel=wg-a status=up
time=2026-10-03T16:45:12.545Z level=INFO msg="bfd change" node=site-b peer=100.64.2.1 tunnel=wg-b status=up
time=2026-10-03T16:45:49.243Z level=INFO msg="bfd change" node=site-b peer=100.64.2.1 tunnel=wg-b status=down
time=2026-10-03T16:45:50.093Z level=INFO msg="bfd change" node=site-b peer=100.64.2.1 tunnel=wg-b status=up
time=2026-10-03T16:50:46.003Z level=WARN msg="controller unreachable" node=site-b err="Get \"https://172.30.0.5:8443/api/v1/agent/desired-state?have=7\": context deadline exceeded (Client.Timeout exceeded while awaiting headers)"
time=2026-10-03T16:51:01.004Z level=WARN msg="controller unreachable" node=site-b err="Get \"https://172.30.0.5:8443/api/v1/agent/steering?have=68\": context deadline exceeded (Client.Timeout exceeded while awaiting headers)"
time=2026-10-03T16:51:16.179Z level=WARN msg="controller unreachable" node=site-b err="Post \"https://172.30.0.5:8443/api/v1/agent/telemetry\": context deadline exceeded (Client.Timeout exceeded while awaiting headers)"
time=2026-10-03T16:51:19.247Z level=WARN msg="controller unreachable" node=site-b err="Get \"https://172.30.0.5:8443/api/v1/agent/desired-state?have=7\": dial tcp 172.30.0.5:8443: connect: no route to host"
time=2026-10-03T16:51:22.386Z level=WARN msg="controller unreachable" node=site-b err="Post \"https://172.30.0.5:8443/api/v1/agent/telemetry\": dial tcp 172.30.0.5:8443: connect: no route to host"
time=2026-10-03T16:51:25.521Z level=WARN msg="controller unreachable" node=site-b err="Post \"https://172.30.0.5:8443/api/v1/agent/telemetry\": dial tcp 172.30.0.5:8443: connect: no route to host"
time=2026-10-03T16:51:28.660Z level=WARN msg="controller silent; holding the last good state and current paths" node=site-b since=2026-10-03T16:50:26Z err="Get \"https://172.30.0.5:8443/api/v1/agent/desired-state?have=7\": dial tcp 172.30.0.5:8443: connect: no route to host"
time=2026-10-03T16:52:06.186Z level=INFO msg="controller reachable again; reconciling" node=site-b
time=2026-10-03T16:52:31.484Z level=INFO msg="new steering map" node=site-b version=69 storm=false
time=2026-10-03T16:52:31.527Z level=INFO msg="class moved" node=site-b class=voice dst="" from=carrier-a to=carrier-b why=controller
time=2026-10-03T16:52:31.527Z level=INFO msg="class moved" node=site-b class=business dst="" from=carrier-a to=carrier-b why=controller
time=2026-10-03T16:52:31.527Z level=INFO msg="class moved" node=site-b class=bulk dst="" from=carrier-a to=carrier-b why=controller
time=2026-10-03T16:54:02.415Z level=INFO msg="bfd change" node=site-b peer=100.64.1.1 tunnel=wg-a status=down
time=2026-10-03T16:54:02.415Z level=INFO msg="bfd change" node=site-b peer=100.64.2.1 tunnel=wg-b status=init
time=2026-10-03T16:54:02.913Z level=INFO msg="bfd change" node=site-b peer=100.64.1.1 tunnel=wg-a status=up
time=2026-10-03T16:54:02.913Z level=INFO msg="bfd change" node=site-b peer=100.64.2.1 tunnel=wg-b status=up
time=2026-10-03T16:54:36.271Z level=INFO msg="new steering map" node=site-b version=70 storm=false
-- controller log
controller-1  | INFO:     127.0.0.1:58508 - "GET /healthz HTTP/1.1" 200 OK
controller-1  | INFO:     172.18.0.4:49680 - "GET /api/v1/agent/steering?have=104 HTTP/1.0" 204 No Content
controller-1  | INFO:     172.18.0.4:49692 - "GET /api/v1/agent/steering?have=136 HTTP/1.0" 204 No Content
controller-1  | INFO:     172.18.0.4:49698 - "GET /api/v1/agent/steering?have=69 HTTP/1.0" 204 No Content
controller-1  | INFO:     172.18.0.1:47656 - "POST /api/v1/auth/login HTTP/1.1" 200 OK
controller-1  | INFO:     172.18.0.1:47662 - "POST /api/v1/customers/4d26813b-aaa6-4be7-9b73-1730be959882/applications/detect HTTP/1.1" 200 OK
controller-1  | INFO:     172.18.0.1:47668 - "POST /api/v1/auth/login HTTP/1.1" 200 OK
controller-1  | INFO:     172.18.0.1:47676 - "GET /api/v1/customers/4d26813b-aaa6-4be7-9b73-1730be959882/applications HTTP/1.1" 200 OK
controller-1  | INFO:     172.18.0.1:47690 - "POST /api/v1/auth/login HTTP/1.1" 200 OK
controller-1  | INFO:     172.18.0.1:47700 - "POST /api/v1/customers/4d26813b-aaa6-4be7-9b73-1730be959882/applications/detect HTTP/1.1" 200 OK
controller-1  | INFO:     172.18.0.1:47710 - "POST /api/v1/auth/login HTTP/1.1" 200 OK
controller-1  | INFO:     172.18.0.1:47714 - "GET /api/v1/customers/4d26813b-aaa6-4be7-9b73-1730be959882/applications HTTP/1.1" 200 OK
controller-1  | INFO:     127.0.0.1:56742 - "GET /healthz HTTP/1.1" 200 OK
controller-1  | INFO:     172.18.0.4:44492 - "GET /api/v1/agent/desired-state?have=19 HTTP/1.0" 204 No Content
controller-1  | INFO:     172.18.0.4:44506 - "GET /api/v1/agent/steering?have=104 HTTP/1.0" 204 No Content
controller-1  | INFO:     172.18.0.4:44512 - "POST /api/v1/agent/telemetry HTTP/1.0" 204 No Content
controller-1  | INFO:     172.18.0.4:44516 - "GET /api/v1/agent/desired-state?have=9 HTTP/1.0" 204 No Content
controller-1  | INFO:     172.18.0.4:44530 - "POST /api/v1/agent/telemetry HTTP/1.0" 204 No Content
controller-1  | INFO:     172.18.0.4:44556 - "GET /api/v1/agent/steering?have=136 HTTP/1.0" 204 No Content
controller-1  | INFO:     172.18.0.4:44540 - "GET /api/v1/agent/desired-state?have=7 HTTP/1.0" 204 No Content
controller-1  | INFO:     172.18.0.4:44564 - "GET /api/v1/agent/steering?have=69 HTTP/1.0" 204 No Content
controller-1  | INFO:     172.18.0.4:44574 - "POST /api/v1/agent/telemetry HTTP/1.0" 204 No Content
controller-1  | INFO:     172.18.0.1:47730 - "POST /api/v1/auth/login HTTP/1.1" 200 OK
controller-1  | INFO:     172.18.0.1:47746 - "POST /api/v1/customers/4d26813b-aaa6-4be7-9b73-1730be959882/applications/detect HTTP/1.1" 200 OK
controller-1  | INFO:     172.18.0.1:47760 - "POST /api/v1/auth/login HTTP/1.1" 200 OK
controller-1  | INFO:     172.18.0.1:47770 - "GET /api/v1/customers/4d26813b-aaa6-4be7-9b73-1730be959882/applications HTTP/1.1" 200 OK
controller-1  | INFO:     172.18.0.1:47778 - "POST /api/v1/auth/login HTTP/1.1" 200 OK
controller-1  | INFO:     172.18.0.1:47782 - "POST /api/v1/customers/4d26813b-aaa6-4be7-9b73-1730be959882/applications/detect HTTP/1.1" 200 OK
controller-1  | INFO:     172.18.0.1:47788 - "POST /api/v1/auth/login HTTP/1.1" 200 OK
controller-1  | INFO:     172.18.0.1:47794 - "GET /api/v1/customers/4d26813b-aaa6-4be7-9b73-1730be959882/applications HTTP/1.1" 200 OK
controller-1  | INFO:     127.0.0.1:56832 - "GET /healthz HTTP/1.1" 200 OK
controller-1  | INFO:     172.18.0.4:44582 - "GET /api/v1/agent/steering?have=104 HTTP/1.0" 204 No Content
controller-1  | INFO:     172.18.0.4:44584 - "GET /api/v1/agent/steering?have=136 HTTP/1.0" 204 No Content
controller-1  | INFO:     172.18.0.4:44598 - "GET /api/v1/agent/steering?have=69 HTTP/1.0" 204 No Content
controller-1  | INFO:     172.18.0.1:37840 - "POST /api/v1/auth/login HTTP/1.1" 200 OK
controller-1  | INFO:     172.18.0.1:37856 - "POST /api/v1/customers/4d26813b-aaa6-4be7-9b73-1730be959882/applications/detect HTTP/1.1" 200 OK
controller-1  | INFO:     172.18.0.1:37864 - "POST /api/v1/auth/login HTTP/1.1" 200 OK
controller-1  | INFO:     172.18.0.1:37866 - "GET /api/v1/customers/4d26813b-aaa6-4be7-9b73-1730be959882/applications HTTP/1.1" 200 OK
controller-1  | INFO:     172.18.0.1:37870 - "POST /api/v1/auth/login HTTP/1.1" 200 OK
controller-1  | INFO:     172.18.0.1:37884 - "POST /api/v1/customers/4d26813b-aaa6-4be7-9b73-1730be959882/applications/detect HTTP/1.1" 200 OK
controller-1  | INFO:     172.18.0.1:37890 - "POST /api/v1/auth/login HTTP/1.1" 200 OK
controller-1  | INFO:     172.18.0.1:37896 - "GET /api/v1/customers/4d26813b-aaa6-4be7-9b73-1730be959882/applications HTTP/1.1" 200 OK
controller-1  | INFO:     172.18.0.4:46716 - "GET /api/v1/agent/desired-state?have=19 HTTP/1.0" 204 No Content
controller-1  | INFO:     172.18.0.4:46720 - "GET /api/v1/agent/steering?have=104 HTTP/1.0" 204 No Content
controller-1  | INFO:     172.18.0.4:46728 - "POST /api/v1/agent/telemetry HTTP/1.0" 204 No Content
controller-1  | INFO:     127.0.0.1:55458 - "GET /healthz HTTP/1.1" 200 OK
controller-1  | INFO:     172.18.0.4:46734 - "GET /api/v1/agent/desired-state?have=9 HTTP/1.0" 204 No Content
controller-1  | INFO:     172.18.0.4:46758 - "GET /api/v1/agent/steering?have=136 HTTP/1.0" 204 No Content
controller-1  | INFO:     172.18.0.4:46748 - "GET /api/v1/agent/desired-state?have=7 HTTP/1.0" 204 No Content
controller-1  | INFO:     172.18.0.4:46768 - "POST /api/v1/agent/telemetry HTTP/1.0" 204 No Content
controller-1  | INFO:     172.18.0.4:46774 - "POST /api/v1/agent/telemetry HTTP/1.0" 204 No Content
controller-1  | INFO:     172.18.0.4:46790 - "GET /api/v1/agent/steering?have=69 HTTP/1.0" 204 No Content
controller-1  | INFO:     172.18.0.1:37898 - "POST /api/v1/auth/login HTTP/1.1" 200 OK
controller-1  | INFO:     172.18.0.1:37912 - "POST /api/v1/customers/4d26813b-aaa6-4be7-9b73-1730be959882/rules HTTP/1.1" 201 Created
controller-1  | INFO:     172.18.0.4:46802 - "GET /api/v1/agent/steering?have=104 HTTP/1.0" 200 OK
controller-1  | INFO:     172.18.0.4:46804 - "GET /api/v1/agent/steering?have=136 HTTP/1.0" 200 OK
controller-1  | INFO:     172.18.0.4:46810 - "GET /api/v1/agent/steering?have=69 HTTP/1.0" 200 OK
controller-1  | INFO:     127.0.0.1:55488 - "GET /healthz HTTP/1.1" 200 OK
controller-1  | INFO:     172.18.0.1:38576 - "POST /api/v1/auth/login HTTP/1.1" 200 OK
controller-1  | INFO:     172.18.0.1:38592 - "DELETE /api/v1/customers/4d26813b-aaa6-4be7-9b73-1730be959882/rules/10 HTTP/1.1" 204 No Content
-- host
 18:54:38 up 2 days, 15:19,  0 user,  load average: 4.00, 6.75, 6.43
procs -----------memory---------- ---swap-- -----io---- -system-- -------cpu-------
 r  b   swpd   free   buff  cache   si   so    bi    bo   in   cs us sy id wa st gu
 4  0      0 5135552  26420 1749264    0    0    34   229 4735   17  5 18 76  0  0  0
 4  0      0 5120396  26420 1749272    0    0     0   128 5749 6636  4 22 74  0  0  0
12  0      0 5116112  26420 1749276    0    0     0   208 5623 7530  6 31 62  0  0  0
make: *** [Makefile:102: lab-ci] Error 1
