commit d117037: Detections close when a rule already covers them

== Lab already up; rebuilding the agent (00:34:01)

== Controller (00:34:38)
.env ready (admin: admin@exacarib.local)
time="2026-10-05T02:34:42+02:00" level=warning msg="Docker Compose is configured to build using Bake, but buildx isn't installed"
#0 building with "default" instance using docker driver

#1 [controller internal] load build definition from Dockerfile
#1 transferring dockerfile: 559B 0.0s done
#1 DONE 0.1s

#2 [controller internal] load metadata for docker.io/library/python:3.12-slim
#2 DONE 0.5s

#3 [controller internal] load .dockerignore
#3 transferring context: 2B 0.0s done
#3 DONE 0.1s

#4 [controller internal] load build context
#4 DONE 0.0s

#5 [controller 1/5] FROM docker.io/library/python:3.12-slim@sha256:02108f5d322dd89f1c9e552442c25acb0543dfdbc455693a5599624f20d9155d
#5 resolve docker.io/library/python:3.12-slim@sha256:02108f5d322dd89f1c9e552442c25acb0543dfdbc455693a5599624f20d9155d
#5 resolve docker.io/library/python:3.12-slim@sha256:02108f5d322dd89f1c9e552442c25acb0543dfdbc455693a5599624f20d9155d 0.2s done
#5 DONE 0.2s

#5 [controller 1/5] FROM docker.io/library/python:3.12-slim@sha256:02108f5d322dd89f1c9e552442c25acb0543dfdbc455693a5599624f20d9155d
#5 DONE 0.2s

#4 [controller internal] load build context
#4 transferring context: 26.68kB 0.0s done
#4 DONE 0.1s

#6 [controller 2/5] WORKDIR /app
#6 CACHED

#7 [controller 3/5] COPY pyproject.toml ./
#7 CACHED

#8 [controller 4/5] COPY exaconnect_controller ./exaconnect_controller
#8 DONE 0.2s

#9 [controller 5/5] RUN pip install --no-cache-dir . && mkdir -p /data && chown nobody:nogroup /data
#9 6.068 Processing /app
#9 6.075   Installing build dependencies: started
#9 9.808   Installing build dependencies: finished with status 'done'
#9 9.811   Getting requirements to build wheel: started
#9 10.51   Getting requirements to build wheel: finished with status 'done'
#9 10.52   Preparing metadata (pyproject.toml): started
#9 10.99   Preparing metadata (pyproject.toml): finished with status 'done'
#9 11.26 Collecting fastapi>=0.115 (from exaconnect-controller==0.2.0)
#9 11.35   Downloading fastapi-0.142.2-py3-none-any.whl.metadata (27 kB)
#9 11.42 Collecting uvicorn>=0.30 (from uvicorn[standard]>=0.30->exaconnect-controller==0.2.0)
#9 11.45   Downloading uvicorn-0.54.0-py3-none-any.whl.metadata (6.6 kB)
#9 11.66 Collecting pydantic>=2.7 (from exaconnect-controller==0.2.0)
#9 11.72   Downloading pydantic-2.13.5-py3-none-any.whl.metadata (110 kB)
#9 11.81 Collecting psycopg>=3.2 (from psycopg[binary]>=3.2->exaconnect-controller==0.2.0)
#9 11.87   Downloading psycopg-3.3.6-py3-none-any.whl.metadata (4.4 kB)
#9 11.95 Collecting psycopg-pool>=3.2 (from exaconnect-controller==0.2.0)
#9 11.99   Downloading psycopg_pool-3.3.3-py3-none-any.whl.metadata (2.8 kB)
#9 12.50 Collecting cryptography>=43 (from exaconnect-controller==0.2.0)
#9 12.53   Downloading cryptography-50.0.2-cp311-abi3-manylinux_2_34_x86_64.whl.metadata (4.4 kB)
#9 12.85 Collecting cffi>=2.0.0 (from cryptography>=43->exaconnect-controller==0.2.0)
#9 12.88   Downloading cffi-2.1.1-cp312-cp312-manylinux2014_x86_64.manylinux_2_17_x86_64.whl.metadata (2.5 kB)
#9 12.93 Collecting starlette>=0.46.0 (from fastapi>=0.115->exaconnect-controller==0.2.0)
#9 12.97   Downloading starlette-1.7.0-py3-none-any.whl.metadata (6.6 kB)
#9 13.03 Collecting typing-extensions>=4.8.0 (from fastapi>=0.115->exaconnect-controller==0.2.0)
#9 13.05   Downloading typing_extensions-4.16.0-py3-none-any.whl.metadata (3.3 kB)
#9 13.07 Collecting typing-inspection>=0.4.2 (from fastapi>=0.115->exaconnect-controller==0.2.0)
#9 13.11   Downloading typing_inspection-0.4.4-py3-none-any.whl.metadata (2.6 kB)
#9 13.13 Collecting annotated-doc>=0.0.2 (from fastapi>=0.115->exaconnect-controller==0.2.0)
#9 13.17   Downloading annotated_doc-0.0.5-py3-none-any.whl.metadata (6.5 kB)
#9 13.21 Collecting opentelemetry-api>=1.44.0 (from fastapi>=0.115->exaconnect-controller==0.2.0)
#9 13.24   Downloading opentelemetry_api-1.45.0-py3-none-any.whl.metadata (1.4 kB)
#9 13.68 Collecting psycopg-binary==3.3.6 (from psycopg[binary]>=3.2->exaconnect-controller==0.2.0)
#9 13.72   Downloading psycopg_binary-3.3.6-cp312-cp312-manylinux2014_x86_64.manylinux_2_17_x86_64.whl.metadata (2.7 kB)
#9 13.87 Collecting annotated-types>=0.6.0 (from pydantic>=2.7->exaconnect-controller==0.2.0)
#9 14.24   Downloading annotated_types-0.8.0-py3-none-any.whl.metadata (15 kB)
#9 15.88 Collecting pydantic-core==2.46.5 (from pydantic>=2.7->exaconnect-controller==0.2.0)
#9 15.90   Downloading pydantic_core-2.46.5-cp312-cp312-manylinux_2_17_x86_64.manylinux2014_x86_64.whl.metadata (6.6 kB)
#9 15.97 Collecting click>=7.0 (from uvicorn>=0.30->uvicorn[standard]>=0.30->exaconnect-controller==0.2.0)
#9 16.01   Downloading click-8.5.0-py3-none-any.whl.metadata (2.6 kB)
#9 16.01 Collecting h11>=0.8 (from uvicorn>=0.30->uvicorn[standard]>=0.30->exaconnect-controller==0.2.0)
#9 16.04   Downloading h11-0.16.0-py3-none-any.whl.metadata (8.3 kB)
#9 16.09 Collecting httptools>=0.8.0 (from uvicorn[standard]>=0.30->exaconnect-controller==0.2.0)
#9 16.12   Downloading httptools-0.8.0-cp312-cp312-manylinux1_x86_64.manylinux_2_28_x86_64.manylinux_2_5_x86_64.whl.metadata (3.5 kB)
#9 16.16 Collecting python-dotenv>=0.13 (from uvicorn[standard]>=0.30->exaconnect-controller==0.2.0)
#9 16.20   Downloading python_dotenv-1.2.4-py3-none-any.whl.metadata (29 kB)
#9 16.33 Collecting pyyaml>=5.1 (from uvicorn[standard]>=0.30->exaconnect-controller==0.2.0)
#9 16.36   Downloading pyyaml-6.0.3-cp312-cp312-manylinux2014_x86_64.manylinux_2_17_x86_64.manylinux_2_28_x86_64.whl.metadata (2.4 kB)
#9 16.44 Collecting uvloop>=0.15.1 (from uvicorn[standard]>=0.30->exaconnect-controller==0.2.0)
#9 16.48   Downloading uvloop-0.23.0-cp312-cp312-manylinux2014_x86_64.manylinux_2_17_x86_64.manylinux_2_28_x86_64.whl.metadata (5.1 kB)
#9 16.72 Collecting watchfiles>=0.20 (from uvicorn[standard]>=0.30->exaconnect-controller==0.2.0)
#9 17.15   Downloading watchfiles-1.3.0-cp310-abi3-manylinux_2_17_x86_64.manylinux2014_x86_64.whl.metadata (4.9 kB)
#9 17.66 Collecting websockets>=13.0 (from uvicorn[standard]>=0.30->exaconnect-controller==0.2.0)
#9 17.69   Downloading websockets-17.2-cp312-cp312-manylinux1_x86_64.manylinux_2_28_x86_64.manylinux_2_5_x86_64.whl.metadata (6.3 kB)
#9 17.72 Collecting pycparser (from cffi>=2.0.0->cryptography>=43->exaconnect-controller==0.2.0)
#9 17.75   Downloading pycparser-3.0-py3-none-any.whl.metadata (8.2 kB)
#9 17.82 Collecting anyio<5,>=4.0.0 (from starlette>=0.46.0->fastapi>=0.115->exaconnect-controller==0.2.0)
#9 17.86   Downloading anyio-4.15.1-py3-none-any.whl.metadata (4.7 kB)
#9 17.93 Collecting idna>=2.8 (from anyio<5,>=4.0.0->starlette>=0.46.0->fastapi>=0.115->exaconnect-controller==0.2.0)
#9 17.97   Downloading idna-3.20-py3-none-any.whl.metadata (7.2 kB)
#9 18.12 Downloading cryptography-50.0.2-cp311-abi3-manylinux_2_34_x86_64.whl (4.8 MB)
#9 19.07    ━━━━━━━━━━━━━━━━━━━━━━━━━━━━━━━━━━━━━━━━ 4.8/4.8 MB 5.2 MB/s eta 0:00:00
#9 19.10 Downloading fastapi-0.142.2-py3-none-any.whl (144 kB)
#9 19.18 Downloading psycopg-3.3.6-py3-none-any.whl (215 kB)
#9 19.23 Downloading psycopg_pool-3.3.3-py3-none-any.whl (40 kB)
#9 19.27 Downloading psycopg_binary-3.3.6-cp312-cp312-manylinux2014_x86_64.manylinux_2_17_x86_64.whl (5.2 MB)
#9 19.64    ━━━━━━━━━━━━━━━━━━━━━━━━━━━━━━━━━━━━━━━━ 5.2/5.2 MB 13.8 MB/s eta 0:00:00
#9 19.68 Downloading pydantic-2.13.5-py3-none-any.whl (472 kB)
#9 19.74 Downloading pydantic_core-2.46.5-cp312-cp312-manylinux_2_17_x86_64.manylinux2014_x86_64.whl (2.1 MB)
#9 19.95    ━━━━━━━━━━━━━━━━━━━━━━━━━━━━━━━━━━━━━━━━ 2.1/2.1 MB 19.5 MB/s eta 0:00:00
#9 20.19 Downloading uvicorn-0.54.0-py3-none-any.whl (87 kB)
#9 20.34 Downloading annotated_doc-0.0.5-py3-none-any.whl (5.3 kB)
#9 20.45 Downloading annotated_types-0.8.0-py3-none-any.whl (13 kB)
#9 20.45 Downloading cffi-2.1.1-cp312-cp312-manylinux2014_x86_64.manylinux_2_17_x86_64.whl (221 kB)
#9 20.46 Downloading click-8.5.0-py3-none-any.whl (125 kB)
#9 20.49 Downloading h11-0.16.0-py3-none-any.whl (37 kB)
#9 20.62 Downloading httptools-0.8.0-cp312-cp312-manylinux1_x86_64.manylinux_2_28_x86_64.manylinux_2_5_x86_64.whl (523 kB)
#9 20.66 Downloading opentelemetry_api-1.45.0-py3-none-any.whl (60 kB)
#9 20.74 Downloading python_dotenv-1.2.4-py3-none-any.whl (23 kB)
#9 20.76 Downloading pyyaml-6.0.3-cp312-cp312-manylinux2014_x86_64.manylinux_2_17_x86_64.manylinux_2_28_x86_64.whl (807 kB)
#9 21.01    ━━━━━━━━━━━━━━━━━━━━━━━━━━━━━━━━━━━━━━━━ 807.9/807.9 kB 26.3 MB/s eta 0:00:00
#9 21.03 Downloading starlette-1.7.0-py3-none-any.whl (78 kB)
#9 21.08 Downloading typing_extensions-4.16.0-py3-none-any.whl (45 kB)
#9 21.11 Downloading typing_inspection-0.4.4-py3-none-any.whl (14 kB)
#9 21.15 Downloading uvloop-0.23.0-cp312-cp312-manylinux2014_x86_64.manylinux_2_17_x86_64.manylinux_2_28_x86_64.whl (4.5 MB)
#9 21.47    ━━━━━━━━━━━━━━━━━━━━━━━━━━━━━━━━━━━━━━━━ 4.5/4.5 MB 13.7 MB/s eta 0:00:00
#9 21.53 Downloading watchfiles-1.3.0-cp310-abi3-manylinux_2_17_x86_64.manylinux2014_x86_64.whl (458 kB)
#9 21.56 Downloading websockets-17.2-cp312-cp312-manylinux1_x86_64.manylinux_2_28_x86_64.manylinux_2_5_x86_64.whl (225 kB)
#9 21.64 Downloading anyio-4.15.1-py3-none-any.whl (132 kB)
#9 21.69 Downloading pycparser-3.0-py3-none-any.whl (48 kB)
#9 21.73 Downloading idna-3.20-py3-none-any.whl (69 kB)
#9 21.79 Building wheels for collected packages: exaconnect-controller
#9 21.80   Building wheel for exaconnect-controller (pyproject.toml): started
#9 22.40   Building wheel for exaconnect-controller (pyproject.toml): finished with status 'done'
#9 22.41   Created wheel for exaconnect-controller: filename=exaconnect_controller-0.2.0-py3-none-any.whl size=145349 sha256=c965132d1dd089e7e9250f7118929b134f57c146fb01eebdd130b6c54c9ba2bc
#9 22.41   Stored in directory: /tmp/pip-ephem-wheel-cache-vtn137t9/wheels/54/1b/b7/aa63e25c8f14f4f2ae7b04e6097bdecb770e455c5c1ee0a600
#9 22.42 Successfully built exaconnect-controller
#9 22.54 Installing collected packages: websockets, uvloop, typing-extensions, pyyaml, python-dotenv, pycparser, psycopg-binary, idna, httptools, h11, click, annotated-types, annotated-doc, uvicorn, typing-inspection, pydantic-core, psycopg-pool, psycopg, opentelemetry-api, cffi, anyio, watchfiles, starlette, pydantic, cryptography, fastapi, exaconnect-controller
#9 28.78 Successfully installed annotated-doc-0.0.5 annotated-types-0.8.0 anyio-4.15.1 cffi-2.1.1 click-8.5.0 cryptography-50.0.2 exaconnect-controller-0.2.0 fastapi-0.142.2 h11-0.16.0 httptools-0.8.0 idna-3.20 opentelemetry-api-1.45.0 psycopg-3.3.6 psycopg-binary-3.3.6 psycopg-pool-3.3.3 pycparser-3.0 pydantic-2.13.5 pydantic-core-2.46.5 python-dotenv-1.2.4 pyyaml-6.0.3 starlette-1.7.0 typing-extensions-4.16.0 typing-inspection-0.4.4 uvicorn-0.54.0 uvloop-0.23.0 watchfiles-1.3.0 websockets-17.2
#9 28.78 WARNING: Running pip as the 'root' user can result in broken permissions and conflicting behaviour with the system package manager, possibly rendering your system unusable. It is recommended to use a virtual environment instead: https://pip.pypa.io/warnings/venv. Use the --root-user-action option if you know what you are doing and want to suppress this warning.
#9 28.92 
#9 28.92 [notice] A new release of pip is available: 25.0.1 -> 26.2.1
#9 28.92 [notice] To update, run: pip install --upgrade pip
#9 DONE 30.2s

#10 [controller] exporting to image
#10 exporting layers
#10 exporting layers 11.6s done
#10 exporting manifest sha256:cdf6097056fc3549f864805a03c3a5a23580ca4d26466ba0f45216f36a8f7308 0.0s done
#10 exporting config sha256:590a8c3a62894956aa4d5f4b7d786bb75f96ac21b5978bd39f71bb89b69964c5 0.0s done
#10 exporting attestation manifest sha256:27dbd92734accb835ad9c8dd3da1af6e86fa7619b9cfee8ef9e7a899a3903d07
#10 exporting attestation manifest sha256:27dbd92734accb835ad9c8dd3da1af6e86fa7619b9cfee8ef9e7a899a3903d07 0.3s done
#10 exporting manifest list sha256:57766f116bece66551457facb718962228bd6a32f3db868b6316edf70998f650 0.1s done
#10 naming to docker.io/library/exaconnect-controller:latest 0.0s done
#10 unpacking to docker.io/library/exaconnect-controller:latest
#10 unpacking to docker.io/library/exaconnect-controller:latest 2.8s done
#10 DONE 15.5s

#11 [controller] resolving provenance for metadata file
#11 DONE 0.2s
 controller  Built
time="2026-10-05T02:35:30+02:00" level=warning msg="Found orphan containers ([exaconnect-web-1]) for this project. If you removed or renamed this service in your compose file, you can run this command with the --remove-orphans flag to clean it up."
 Container exaconnect-db-1  Running
 Container exaconnect-controller-1  Recreate
 Container exaconnect-controller-1  Recreated
 Container exaconnect-proxy-1  Running
 Container exaconnect-db-1  Waiting
 Container exaconnect-db-1  Healthy
 Container exaconnect-controller-1  Starting
 Container exaconnect-controller-1  Started
 Container exaconnect-controller-1  Waiting
 Container exaconnect-controller-1  Healthy
 Container exaconnect-controller-1  Waiting
 Container exaconnect-proxy-1  Waiting
 Container exaconnect-db-1  Waiting
 Container exaconnect-proxy-1  Healthy
 Container exaconnect-db-1  Healthy
 Container exaconnect-controller-1  Healthy
time="2026-10-05T02:35:42+02:00" level=warning msg="Found orphan containers ([exaconnect-web-1]) for this project. If you removed or renamed this service in your compose file, you can run this command with the --remove-orphans flag to clean it up."
 Container exaconnect-proxy-1  Recreate
 Container exaconnect-proxy-1  Recreated
 Container exaconnect-proxy-1  Starting
 Container exaconnect-proxy-1  Started
 Container exaconnect-proxy-1  Waiting
 Container exaconnect-proxy-1  Healthy

== Agents (00:35:46)
pop-miami: agent stopped
site-a: agent stopped
site-b: agent stopped
pop-miami: agent started
site-a: agent started
site-b: agent started

== Public portal (00:35:52)
time="2026-10-05T02:35:53+02:00" level=warning msg="Docker Compose is configured to build using Bake, but buildx isn't installed"
#0 building with "default" instance using docker driver

#1 [controller internal] load build definition from Dockerfile
#1 transferring dockerfile: 559B 0.0s done
#1 DONE 0.0s

#2 [controller internal] load metadata for docker.io/library/python:3.12-slim
#2 DONE 0.2s

#3 [controller internal] load .dockerignore
#3 transferring context: 2B done
#3 DONE 0.0s

#4 [controller internal] load build context
#4 DONE 0.0s

#5 [controller 1/5] FROM docker.io/library/python:3.12-slim@sha256:02108f5d322dd89f1c9e552442c25acb0543dfdbc455693a5599624f20d9155d
#5 resolve docker.io/library/python:3.12-slim@sha256:02108f5d322dd89f1c9e552442c25acb0543dfdbc455693a5599624f20d9155d 0.0s done
#5 DONE 0.1s

#4 [controller internal] load build context
#4 transferring context: 3.60kB done
#4 DONE 0.0s

#6 [controller 2/5] WORKDIR /app
#6 CACHED

#7 [controller 3/5] COPY pyproject.toml ./
#7 CACHED

#8 [controller 4/5] COPY exaconnect_controller ./exaconnect_controller
#8 CACHED

#9 [controller 5/5] RUN pip install --no-cache-dir . && mkdir -p /data && chown nobody:nogroup /data
#9 CACHED

#10 [controller] exporting to image
#10 exporting layers done
#10 exporting manifest sha256:cdf6097056fc3549f864805a03c3a5a23580ca4d26466ba0f45216f36a8f7308 done
#10 exporting config sha256:590a8c3a62894956aa4d5f4b7d786bb75f96ac21b5978bd39f71bb89b69964c5 0.1s done
#10 exporting attestation manifest sha256:b7e48b25e27188277685b1ea1a02ebb915fa6bc6564a7d24cd4383d7c8269e51 0.1s done
#10 exporting manifest list sha256:22cc34adcea1c432401eccb0f5bad7d42556f73a51c3eeaaf8b7237c420f0d85
#10 exporting manifest list sha256:22cc34adcea1c432401eccb0f5bad7d42556f73a51c3eeaaf8b7237c420f0d85 0.0s done
#10 naming to docker.io/library/exaconnect-controller:latest done
#10 unpacking to docker.io/library/exaconnect-controller:latest 0.0s done
#10 DONE 0.4s

#11 [controller] resolving provenance for metadata file
#11 DONE 0.0s

#12 [web internal] load build definition from Dockerfile
#12 transferring dockerfile: 529B 0.0s done
#12 DONE 0.1s

#13 [web internal] load metadata for docker.io/library/caddy:2-alpine
#13 ...

#14 [web internal] load metadata for docker.io/library/node:22-alpine
#14 DONE 0.3s

#13 [web internal] load metadata for docker.io/library/caddy:2-alpine
#13 DONE 0.4s

#15 [web internal] load .dockerignore
#15 transferring context: 2B done
#15 DONE 0.0s

#16 [web internal] load build context
#16 DONE 0.0s

#17 [web portal 1/6] FROM docker.io/library/node:22-alpine@sha256:0a7108bf6c7bf5de370ffb1a3ed6be93d405b43ff159f681a8d18c0e2bc2e402
#17 resolve docker.io/library/node:22-alpine@sha256:0a7108bf6c7bf5de370ffb1a3ed6be93d405b43ff159f681a8d18c0e2bc2e402
#17 resolve docker.io/library/node:22-alpine@sha256:0a7108bf6c7bf5de370ffb1a3ed6be93d405b43ff159f681a8d18c0e2bc2e402 0.0s done
#17 DONE 0.1s

#18 [web stage-1 1/3] FROM docker.io/library/caddy:2-alpine@sha256:d44355d3c2149dc580ce2cac735955d1c08d3d00882c30489c241aa51a5c10d9
#18 resolve docker.io/library/caddy:2-alpine@sha256:d44355d3c2149dc580ce2cac735955d1c08d3d00882c30489c241aa51a5c10d9 0.0s done
#18 DONE 0.1s

#16 [web internal] load build context
#16 transferring context: 98.00kB 0.3s done
#16 DONE 0.3s

#19 [web stage-1 2/3] COPY deploy/public/Caddyfile /etc/caddy/Caddyfile
#19 CACHED

#20 [web portal 3/6] COPY portal/package.json portal/package-lock.json ./
#20 CACHED

#21 [web portal 5/6] COPY portal/ ./
#21 CACHED

#22 [web portal 2/6] WORKDIR /src/portal
#22 CACHED

#23 [web portal 4/6] RUN npm ci --no-audit --no-fund
#23 CACHED

#24 [web portal 6/6] RUN npm run build
#24 CACHED

#25 [web stage-1 3/3] COPY --from=portal /src/portal/dist /srv/portal
#25 CACHED

#26 [web] exporting to image
#26 exporting layers done
#26 exporting manifest sha256:8b251180a8525e88e1a44318839b01ca4d9af335ab2cadc77ae3f5c1c07c7701 done
#26 exporting config sha256:d015b5a83a1967e7e2abe73ce3ef943bb115e8f093f5634e098383fc66c84725 done
#26 exporting attestation manifest sha256:7a03fc3f78f3fcfeac18f261bfcf6bc72d26f8c5bf0c276c549cbe1f6539a9ff 0.1s done
#26 exporting manifest list sha256:54f121d5e0587f4d839f69230e4d2781bef60ca140b5eadcdbb6ac447eb82475
#26 exporting manifest list sha256:54f121d5e0587f4d839f69230e4d2781bef60ca140b5eadcdbb6ac447eb82475 0.0s done
#26 naming to docker.io/library/exaconnect-web:latest done
#26 unpacking to docker.io/library/exaconnect-web:latest 0.0s done
#26 DONE 0.2s

#27 [web] resolving provenance for metadata file
#27 DONE 0.0s
 controller  Built
 web  Built
 Container exaconnect-db-1  Running
 Container exaconnect-controller-1  Recreate
 Container exaconnect-controller-1  Recreated
 Container exaconnect-web-1  Recreate
 Container exaconnect-web-1  Recreated
 Container exaconnect-db-1  Waiting
 Container exaconnect-db-1  Healthy
 Container exaconnect-controller-1  Starting
 Container exaconnect-controller-1  Started
 Container exaconnect-controller-1  Waiting
 Container exaconnect-controller-1  Healthy
 Container exaconnect-web-1  Starting
 Container exaconnect-web-1  Started
 Container exaconnect-web-1  Waiting
 Container exaconnect-db-1  Waiting
 Container exaconnect-controller-1  Waiting
 Container exaconnect-web-1  Healthy
 Container exaconnect-db-1  Healthy
 Container exaconnect-controller-1  Healthy

== Waiting for tunnels, BGP and BFD (00:36:11)

== Checks (00:36:17)
-- lab/scripts/check-routing.sh
ok    site-a wg-a handshake 26s ago
ok    site-a wg-b handshake 26s ago
ok    site-a wg-sat handshake 25s ago
ok    site-b wg-a handshake 25s ago
ok    site-b wg-b handshake 27s ago
ok    site-b wg-sat handshake 26s ago
ok    pop-miami BGP 6/6 established
ok    pop-miami BFD 6/6 up
ok    site-a BGP 3/3 established
ok    site-a BFD 3/3 up
ok    site-b BGP 3/3 established
ok    site-b BFD 3/3 up
ok    lan-a -> lan-b (site-a to site-b via the PoP)
ok    lan-b -> lan-a
ok    lan-a -> lan-pop

  traceroute to 192.168.20.10 (192.168.20.10), 30 hops max, 46 byte packets
   1  192.168.10.1  0.008 ms
   2  100.64.1.1  40.235 ms
   3  100.64.1.12  63.351 ms
   4  192.168.20.10  86.927 ms
-- lab/ci/checks/m0-timing.sh
-- host timing
      clocksource kvm-clock, available: kvm-clock hpet acpi_pm 
      kernel 6.8.0-139-generic, timers: hres_active    : 1, resolution: 1 nsecs
      HZ 1000, 4 CPUs, load 5.48 5.04 4.13
      netem on carrier-a: qdisc netem 8084: root refcnt 5 limit 10000 delay 12.5ms  1ms seed 9717127554986641972
      cpuidle driver none, governor menu
      (netem asks for 25 ms on A and 35 ms on B round trip, with 2 and 4 ms jitter; min/avg/max/mdev)
      site-a to lan-a (no netem):              0.045/0.207/9.352/0.930 ms
      site-a to carrier-a router (one netem):  10.030/14.336/37.229/4.460 ms
      site-a to PoP underlay via carrier A:    22.245/28.700/85.102/8.890 ms, pipe 2
      site-a to PoP through wg-a:              23.503/33.731/82.418/9.869 ms, pipe 2
      site-a to PoP underlay via carrier B:    29.755/40.887/195.348/19.637 ms, pipe 2
-- busiest containers
      25.57% clab-exaconnect-site-b
      22.94% clab-exaconnect-site-a
      20.70% clab-exaconnect-pop-miami
      9.79% exaconnect-controller-1
      5.57% exaconnect-db-1
      1.11% exaconnect-proxy-1
      0.49% clab-exaconnect-carrier-a
      0.38% clab-exaconnect-cloud-azure
-- busiest processes
       166 ps
       9.9 exa-agent
       9.8 uvicorn
       9.5 exa-agent
       7.6 exa-agent
       3.9 bfdd
       3.7 rcu_preempt
       2.4 dockerd
-- lab/ci/checks/m4-steering.sh
-- steering applied
ok    pop-miami nftables classifier
ok    pop-miami 6 steering rules
ok    site-a nftables classifier
ok    site-a 3 steering rules
ok    site-b nftables classifier
ok    site-b 3 steering rules
      voice state at start: site-a carrier-a since 2026-10-05 00:27:05.573591+00 return - -; site-b carrier-b since 2026-10-05 00:34:03.482488+00 return carrier-a 2026-10-05 00:36:16.789305+00
      probe jitter, last 3 min, carrier-a avg 25.7 p95 62.8, carrier-b avg 26.4 p95 60.7, sat avg 47.6 p95 96.5
      host load 5.78 5.14 4.20 on 4 CPUs, CPU steal 0.0% over 5 s
ok    site-a voice on wg-a at start
      maps: site-a v525, pop-miami v602, site-b v300
-- brownout: carrier A loss 0 -> 3% over 180 s (demo step 2)
ok    voice moved 176 s into the ramp
      Moved voice from Carrier A to Carrier B: loss on Carrier A rising 0.6% a minute, forecast 1.5% in 60 s against a 1% SLA.
ok    moved before the 1% SLA was breached (measured 0.88%)
ok    site-a kernel sends voice on wg-b
ok    bulk stayed on carrier A (3% is under its 5% threshold)
-- hard cut of carrier B while voice is on it (demo step 3)
      voice probe stream: 1451 of 1500 received at 50 packets/s
ok    voice lost 980 ms of packets (< 3 s)
ok    agent failover on BFD after 2 s
ok    voice on wg-a after the cut
-- recovery: restore B, classes move back only after the hold time (demo step 4)
ok    no moves in the first minute after recovery
      moves since the brownout began: 9
      00:39:21 site-b business move_back: Moved business back from Carrier B to Carrier A: Carrier A has scored well for 5 minutes (44 ms, 0.3% loss).
      00:39:21 site-b bulk move_back: Moved bulk back from Carrier B to Carrier A: Carrier A has scored well for 5 minutes (0.3% loss).
      00:40:01 site-a voice move: Moved voice from Carrier A to Carrier B: loss on Carrier A rising 0.6% a minute, forecast 1.5% in 60 s against a 1% SLA.
      00:40:52 site-b business hold: Kept business on Carrier A: loss on Carrier A rising 1.1% a minute, forecast 2.3% in 60 s against a 2% SLA, but it moved here 91 s ago (hold time 120 s).
      00:41:02 site-b business hold: Kept business on Carrier A: loss on Carrier A rising 1.1% a minute, forecast 2.4% in 60 s against a 2% SLA, but it moved here 101 s ago (hold time 120 s).
      00:41:02 site-a business move: Moved business from Carrier A to Carrier B: loss on Carrier A rising 1.1% a minute, forecast 2.6% in 60 s against a 2% SLA.
      00:41:12 site-b business hold: Kept business on Carrier A: loss on Carrier A rising 1.5% a minute, forecast 2.9% in 60 s against a 2% SLA, but it moved here 111 s ago (hold time 120 s).
      00:41:23 site-b business move: Moved business from Carrier A to Carrier B: loss on Carrier A rising 1.3% a minute, forecast 3.1% in 60 s against a 2% SLA.
      00:42:03 site-a business failover: Moved business from Carrier B to Carrier A: Carrier B is down (BFD reports it down).
      00:42:03 site-b voice failover: Moved voice from Carrier B to Carrier A: Carrier B is down (BFD reports it down).
      00:42:03 site-a voice failover: Moved voice from Carrier B to Carrier A: Carrier B is down (BFD reports it down).
      00:42:03 site-b business failover: Moved business from Carrier B to Carrier A: Carrier B is down (BFD reports it down).
      00:42:24 site-a voice hold: Kept voice on Carrier A: loss on Carrier A is 2.2% against a 1% SLA, but it moved here 20 s ago (hold time 120 s).
      00:42:24 site-b voice hold: Kept voice on Carrier A: loss on Carrier A is 1.9% against a 1% SLA, but it moved here 20 s ago (hold time 120 s).
      00:42:24 site-a business hold: Kept business on Carrier A: loss on Carrier A is 2.2% against a 2% SLA, but it moved here 20 s ago (hold time 120 s).
      00:42:34 site-a business hold: Kept business on Carrier A: loss on Carrier A is 2.1% against a 2% SLA, but it moved here 30 s ago (hold time 120 s).
      00:42:34 site-b voice hold: Kept voice on Carrier A: loss on Carrier A is 1.8% against a 1% SLA, but it moved here 30 s ago (hold time 120 s).
      00:42:34 site-a voice hold: Kept voice on Carrier A: loss on Carrier A is 2.1% against a 1% SLA, but it moved here 30 s ago (hold time 120 s).
      00:42:44 site-a voice hold: Kept voice on Carrier A: loss on Carrier A is 2.0% against a 1% SLA, but it moved here 40 s ago (hold time 120 s).
      00:42:44 site-b voice hold: Kept voice on Carrier A: loss on Carrier A is 1.7% against a 1% SLA, but it moved here 40 s ago (hold time 120 s).
      00:42:54 site-a voice hold: Kept voice on Carrier A: loss on Carrier A is 1.8% against a 1% SLA, but it moved here 51 s ago (hold time 120 s).
      00:42:54 site-b voice hold: Kept voice on Carrier A: loss on Carrier A is 1.6% against a 1% SLA, but it moved here 51 s ago (hold time 120 s).
      00:43:05 site-b voice hold: Kept voice on Carrier A: loss on Carrier A is 1.5% against a 1% SLA, but it moved here 61 s ago (hold time 120 s).
      00:43:05 site-a voice hold: Kept voice on Carrier A: loss on Carrier A is 1.7% against a 1% SLA, but it moved here 61 s ago (hold time 120 s).
      00:43:15 site-b voice hold: Kept voice on Carrier A: loss on Carrier A is 1.4% against a 1% SLA, but it moved here 71 s ago (hold time 120 s).
      00:43:15 site-a voice hold: Kept voice on Carrier A: loss on Carrier A is 1.6% against a 1% SLA, but it moved here 71 s ago (hold time 120 s).
      00:43:25 site-a voice hold: Kept voice on Carrier A: loss on Carrier A is 1.5% against a 1% SLA, but it moved here 81 s ago (hold time 120 s).
      00:43:25 site-b voice hold: Kept voice on Carrier A: loss on Carrier A is 1.3% against a 1% SLA, but it moved here 81 s ago (hold time 120 s).
-- lab/ci/checks/m5-storm.sh
-- Storm Mode on at site-a only
ok    Storm Mode switched on for site-a through the API
ok    site-a agent has the Storm Mode steering map
ok    site-b is not in Storm Mode
ok    satellite warm: 48 probes per 10 s
ok    satellite BGP established
-- both terrestrial links cut
ok    voice continues on satellite
ok    business continues on satellite
ok    bulk paused (blackhole rule)
ok    voice stream lost 1980 ms across the double cut
-- restore and switch Storm Mode off
ok    Storm Mode switched off
ok    voice and business back on terrestrial paths, bulk resumed
      Storm Mode last switched by user:admin@exacarib.local
      00:44:55 storm_off
      00:43:30 storm_on
-- lab/ci/checks/m6-metering.sh
-- traffic: 20 Mbit/s bulk (CS1, TCP) from lan-a to lan-b for 11 minutes
      bulk leaves site-a on wg-b
ok    5-minute samples with traffic for site-a
      iperf: [  5] 620.00-621.00 sec  1.38 MBytes  11.5 Mbits/sec    0    115 KBytes        [  5] 621.00-622.01 sec  0.00 Bytes  0.00 bits/sec    0    120 KBytes        [  5] 622.01-623.00 sec  0.00 Bytes  0.00 bits/sec   56   21.4 KBytes        [  
      site-a carrier-b: samples 11, 95th in 1.171146 out 17.167835, billable 17.167835, commit 50, burst 0.000, total 125.00
ok    billable rate 17.167835 Mbps matches the ~20 Mbit/s offered
-- CSV matches the screen
ok    CSV 95th percentile 17.168 equals the screen
ok    CSV settlement total equals the screen
-- carrier view
ok    carrier user sees only Carrier A links
ok    carrier user cannot open the customer overview
-- lab/ci/checks/m7-outage.sh
-- stop the controller and the agent proxy
ok    all three agents noticed after 58 s and hold the last good state
ok    site A still reaches site B through the PoP
-- BFD failover with the controller down
ok    voice moved from wg-a to wg-b in 2.9 s, without the controller
-- start the controller again
ok    all three agents reconciled 15 s after the restart
-- lab/ci/checks/m8-ai.sh
-- hurricane watch
ok    NHC feed read from the lab host: 2 active storms
ok    example hurricane raised a warning
ok    only site-a (Kingston) is warned
      Hurricane Example (90 kt) is moving at 23 km/h on a heading of 285°. Projecting that motion forward, it passes about 92 km from site-a in about 25 h. Consider switching Storm Mode on so the satellite path is warm before the terrestrial links suffer. This is a straight-line projection; check the NHC advisory for the official forecast track.
-- disaster watch
ok    all disaster feeds read from the lab host: ptwc=2 usgs=13 events=13 failed= 
ok    example earthquake from USGS, GDACS and tsunami.gov raised one alert, for site-b only
      Magnitude 6.4 earthquake, 38 km NE of Port of Spain, Trinidad and Tobago, reported by USGS and GDACS and tsunami.gov. Latest tsunami message: Tsunami Information Statement Number 2. Sites in range: site-b 47 km (critical). Consider switching Storm Mode on for the sites marked critical, so the satellite path is warm if terrestrial links fail. Distances are straight lines from the reported location; check the source's report.
-- insights from this run
      anomaly critical: Carrier B at site-a: loss 8.61%, usually 0.00%
      anomaly critical: Carrier A at site-a: loss 4.86%, usually 0.00%
      anomaly critical: Carrier B at site-b: loss 8.47%, usually 0.00%
      anomaly critical: Carrier A at site-b: loss 4.64%, usually 0.00%
      anomaly warning: Carrier B at site-b: latency 60.0 ms, usually 44.3 ms
      anomaly warning: Satellite at site-b: jitter 43.6 ms, usually 15.9 ms
      anomaly warning: Carrier B at site-b: jitter 22.3 ms, usually 8.9 ms
      anomaly warning: Satellite at site-a: jitter 39.4 ms, usually 16.6 ms
      anomaly warning: Carrier B at site-a: jitter 20.4 ms, usually 9.0 ms
      anomaly warning: Carrier B at site-a: latency 61.2 ms, usually 44.2 ms
-- ask your network
ok    answered: Voice is on carrier-a at site-a now, and it last moved there from carrier-b at 00:56:52 UTC because carrier-a's BFD session came back up after a brief outage.
-- lab/ci/checks/m9-fabric.sh
-- simulated cloud gateways
ok    AWS and Azure gateways configured
-- cloud circuits
ok    created circuits 72 (AWS) and 73 (Azure)
ok    both circuits up (IPsec and BGP) 15 s after they were created
      AWS: up, BGP Established, routes 10.100.0.0/16
ok    site-a learned the AWS VPC route from the PoP
ok    lan-a reaches the AWS VPC (10.100.0.1) through the PoP
ok    site-a puts traffic for AWS in business
-- cloud router
ok    AWS reaches Azure through the PoP
-- elastic bandwidth
ok    20 Mbps reached the PoP's shaper on vc72
      charges so far: [{"mbps":50,"hours":0.01},{"mbps":20,"hours":0.0}]
-- layer 2 circuit
ok    VLAN 100 at site A and VLAN 200 at site B are one segment (lan-a pings lan-b)
ok    layer 2 circuit up and monitored: round trip 86.7 ms, 0.0% loss over the last minute
-- clean up
ok    deleted circuits are torn down at the PoP
-- lab/ci/checks/m9-internet.sh
-- through the PoP (the default)
FAIL  lan-a does not reach 198.51.100.1 through the PoP (exits by wg-a)
      site-a exits by: wg-a
-- firewall at the PoP
ok    a deny rule stops lan-a's pings at the PoP
ok    the rule's hits reach the portal
ok    deleting the rule lets the pings through again
-- port forward on the PoP's address
      server on lan-a:8080 answers locally
ok    a connection to 100.64.0.2:8080 from the internet reaches lan-a
ok    the internet cannot reach lan-a directly through the PoP
-- straight out at the site
ok    lan-a reaches the internet over carrier A, translated to site-a's address
FAIL  no failover to carrier B (exits by eth2)
ok    site-a reports it exits by eth2
-- clean up
ok    back through the PoP
-- lab/ci/checks/m9-order.sh
-- a layer 2 circuit ordered in plain English
      draft: {"actions":["site_circuit"],"summary":["New layer 2 circuit joining site-a and site-b, VLAN 100 at site-a and VLAN 200 at site-b, 20 Mbps."],"problems":[],"monthly_estimate":40.0}
ok    the draft reads a VLAN 100 to VLAN 200 circuit between site-a and site-b
ok    drafting changed nothing
ok    confirmed: Created circuit lab order l2.
ok    the ordered circuit carries traffic (lan-a pings lan-b over VLAN 100/200)
-- two changes in one order
      draft: {"actions":["bandwidth","internet_mode"],"summary":["Change lab order l2 from 20 to 30 Mbps, billed by the hour from now.","Send site-a's internet straight out of its own links (now through ExaCarib's PoP)."],"monthly_estimate":20.0}
ok    the draft has a bandwidth change and an internet change
ok    the circuit is now 30 Mbps
ok    site-a's internet now goes straight out (local eth1)
-- a draft with a problem
ok    a draft with VLAN 5000 says why and can't be confirmed
      AI draft (not confirmed): engine ai, [{"action":"cloud_circuit","provider":"aws","region":"us-east-1","site":"site-a","bandwidth_mbps":50}]
-- clean up
ok    circuit deleted and site-a back through the PoP
-- lab/ci/checks/m9-protection.sh
-- a resilient pair to the simulated AWS
ok    both tunnels of the pair up (IPsec and BGP)
ok    lan-a reaches the AWS VPC over the pair
-- encryption report
      summary: {"encrypted":8,"total":8}
ok    both tunnels encrypted: IKE AES_CBC-256/HMAC_SHA2_256_128/PRF_HMAC_SHA2_256/MODP_2048, ESP AES_CBC-256/HMAC_SHA2_256_128
ok    every site path is WireGuard-encrypted (6 encrypted)
-- the first tunnel fails
ok    the portal shows the first tunnel down and the second up
ok    the circuit stays up on one tunnel
ok    lan-a kept reaching the VPC: 300 of 300 pings answered (about 0.0 s lost; the BGP hold time is 30 s)
ok    the first tunnel recovers
-- DDoS protection at the PoP
ok    the internet reaches the PoP's public address
ok    the flooding source was blocked automatically ({"blocked":0,"auto":336,"flood":1,"syn":0})
ok    the blocked source can't reach the public address
ok    lifting the block lets it back in
ok    customers see the drop counts, not the addresses
-- the block list
ok    a block list entry stops the source
ok    removing it lets the source back in
-- clean up
ok    both tunnels torn down at the PoP
-- lab/ci/checks/m9-public-e2e.sh
-- API through https://connect.exacarib.com
ok    admin signs in at https://connect.exacarib.com
ok    every portal screen's data answers 200 through the public site
      settlement CSV: 200 text/csv; charset=utf-8
-- browser
ok    signed in through the browser
ok    Overview renders without errors
ok    Sites renders without errors
ok    Traffic: seen on your network renders without errors
ok    Traffic: rules renders without errors
ok    Traffic: classes renders without errors
ok    Decisions renders without errors
ok    Fabric renders without errors
ok    Internet renders without errors
ok    Order renders without errors
ok    Encryption renders without errors
ok    Metering renders without errors
ok    Insights renders without errors
ok    Ask your network renders without errors
ok    Carrier view renders without errors
ok    Account renders without errors
ok    Admin: agents renders without errors
ok    Admin: sites renders without errors
ok    Admin: classes renders without errors
ok    Admin: users renders without errors
ok    Admin: settings renders without errors
ok    Admin: partners renders without errors
ok    Admin: protection renders without errors
ok    Admin: audit renders without errors
ok    example hurricane and earthquake alerts appear on Insights
-- lab/ci/checks/m9-public.sh
ok    https://connect.exacarib.com/healthz answers on this host
ok    certificate from Let's Encrypt (issuer=C = US, O = Let's Encrypt, CN = YE1)
ok    portal served
ok    agent endpoints not served publicly
ok    API answers and needs sign-in
ok    connect.exacarib.com reachable from this host over the internet
      web container: running restarts=0
      caddy: {"level":"warn","ts":1791162259.0194771,"logger":"http.handlers.reverse_proxy","msg":"aborting with incomplete response","upstream":"controller-api:8000","duration":0.422881181,"request":{"remote_ip":"172.18.0.1","remote_port":"46990","client_ip":"172.18.0.1","proto":"HTTP/2.0","method":"GET","host"
      listening on public addresses: 22 80 443 
ok    controller, database and dev portal stay private
ok    an API key works through the public address
ok    a revoked key is refused at once
-- lab/ci/checks/m9-traffic.sh
-- priority queues
ok    site-a wg-a: qdisc cake 8090: root refcnt 2 bandwidth 190Mbit diffserv4 triple-isolate nonat nowash no-
ok    site-a wg-b: qdisc cake 8091: root refcnt 2 bandwidth 95Mbit diffserv4 triple-isolate nonat nowash no-a
-- application detection: Zoom-like traffic on UDP 8801 for 4 minutes
ok    site-a reported its flows to UDP 8801
ok    recognised: Zoom meetings seen at site-a: 1 flow(s) to UDP 8801, matches Zoom meetings (calls and meetings); currently unclassified. Suggest voice (real-time priority).
ok    suggests voice
ok    applied as rule 58
ok    site-a classifies UDP 8801-8810 as voice
ok    Zoom flows now report as voice
ok    site-b is unchanged (the rule is for site-a)
-- a customer rule: a subnet and port into business
ok    site-a classifies TCP 5201 to site B as business
ok    the PoP classifies the return direction

== Diagnostics (01:06:16)
pop-miami: running
site-a: running
site-b: running
-- agent log pop-miami
time=2026-10-05T01:04:18.105Z level=INFO msg="class moved" node=pop-miami class=voice dst=192.168.10.0/24 from=carrier-a to=carrier-b why=bfd
time=2026-10-05T01:04:18.105Z level=INFO msg="class moved" node=pop-miami class=business dst=192.168.10.0/24 from=carrier-a to=carrier-b why=bfd
time=2026-10-05T01:04:18.105Z level=INFO msg="class moved" node=pop-miami class=bulk dst=192.168.10.0/24 from=carrier-a to=carrier-b why=bfd
time=2026-10-05T01:04:18.105Z level=INFO msg="class moved" node=pop-miami class=voice dst=192.168.20.0/24 from=carrier-a to=carrier-b why=bfd
time=2026-10-05T01:04:18.105Z level=INFO msg="class moved" node=pop-miami class=business dst=192.168.20.0/24 from=carrier-a to=carrier-b why=bfd
time=2026-10-05T01:04:18.105Z level=INFO msg="class moved" node=pop-miami class=bulk dst=192.168.20.0/24 from=carrier-a to=carrier-b why=bfd
time=2026-10-05T01:04:30.208Z level=INFO msg="bfd change" node=pop-miami peer=100.64.2.12 tunnel=wg-b status=down
time=2026-10-05T01:04:30.208Z level=INFO msg="bfd change" node=pop-miami peer=100.64.1.12 tunnel=wg-a status=init
time=2026-10-05T01:04:30.252Z level=INFO msg="class moved" node=pop-miami class=voice dst=192.168.10.0/24 from=carrier-b to=carrier-a why=bfd
time=2026-10-05T01:04:30.252Z level=INFO msg="class moved" node=pop-miami class=business dst=192.168.10.0/24 from=carrier-b to=carrier-a why=bfd
time=2026-10-05T01:04:30.252Z level=INFO msg="class moved" node=pop-miami class=bulk dst=192.168.10.0/24 from=carrier-b to=carrier-a why=bfd
time=2026-10-05T01:04:30.252Z level=INFO msg="class moved" node=pop-miami class=voice dst=192.168.20.0/24 from=carrier-b to=carrier-a why=bfd
time=2026-10-05T01:04:30.252Z level=INFO msg="class moved" node=pop-miami class=business dst=192.168.20.0/24 from=carrier-b to=carrier-a why=bfd
time=2026-10-05T01:04:30.252Z level=INFO msg="class moved" node=pop-miami class=bulk dst=192.168.20.0/24 from=carrier-b to=carrier-a why=bfd
time=2026-10-05T01:04:31.223Z level=INFO msg="bfd change" node=pop-miami peer=100.64.2.12 tunnel=wg-b status=up
time=2026-10-05T01:04:31.223Z level=INFO msg="bfd change" node=pop-miami peer=100.64.1.12 tunnel=wg-a status=up
time=2026-10-05T01:04:31.234Z level=INFO msg="class moved" node=pop-miami class=voice dst=192.168.10.0/24 from=carrier-a to=carrier-b why=bfd
time=2026-10-05T01:04:31.234Z level=INFO msg="class moved" node=pop-miami class=business dst=192.168.10.0/24 from=carrier-a to=carrier-b why=bfd
time=2026-10-05T01:04:31.234Z level=INFO msg="class moved" node=pop-miami class=bulk dst=192.168.10.0/24 from=carrier-a to=carrier-b why=bfd
time=2026-10-05T01:04:31.234Z level=INFO msg="class moved" node=pop-miami class=voice dst=192.168.20.0/24 from=carrier-a to=carrier-b why=bfd
time=2026-10-05T01:04:31.234Z level=INFO msg="class moved" node=pop-miami class=business dst=192.168.20.0/24 from=carrier-a to=carrier-b why=bfd
time=2026-10-05T01:04:31.234Z level=INFO msg="class moved" node=pop-miami class=bulk dst=192.168.20.0/24 from=carrier-a to=carrier-b why=bfd
time=2026-10-05T01:05:49.180Z level=INFO msg="new steering map" node=pop-miami version=620 storm=false
time=2026-10-05T01:06:09.148Z level=INFO msg="new steering map" node=pop-miami version=621 storm=false
time=2026-10-05T01:06:14.362Z level=INFO msg="new steering map" node=pop-miami version=623 storm=false
-- agent log site-a
time=2026-10-05T01:04:05.155Z level=INFO msg="bfd change" node=site-a peer=100.64.2.1 tunnel=wg-b status=down
time=2026-10-05T01:04:05.166Z level=INFO msg="class moved" node=site-a class=voice dst="" from=carrier-b to=bgp why=bfd
time=2026-10-05T01:04:05.166Z level=INFO msg="class moved" node=site-a class=business dst="" from=carrier-b to=bgp why=bfd
time=2026-10-05T01:04:05.167Z level=INFO msg="class moved" node=site-a class=bulk dst="" from=carrier-b to=paused why=bfd
time=2026-10-05T01:04:06.909Z level=INFO msg="bfd change" node=site-a peer=100.64.1.1 tunnel=wg-a status=up
time=2026-10-05T01:04:06.909Z level=INFO msg="bfd change" node=site-a peer=100.64.3.1 tunnel=wg-sat status=up
time=2026-10-05T01:04:06.909Z level=INFO msg="bfd change" node=site-a peer=100.64.2.1 tunnel=wg-b status=up
time=2026-10-05T01:04:06.925Z level=INFO msg="class moved" node=site-a class=voice dst="" from=bgp to=carrier-b why=bfd
time=2026-10-05T01:04:06.925Z level=INFO msg="class moved" node=site-a class=business dst="" from=bgp to=carrier-b why=bfd
time=2026-10-05T01:04:06.925Z level=INFO msg="class moved" node=site-a class=bulk dst="" from=paused to=carrier-b why=bfd
time=2026-10-05T01:04:15.860Z level=INFO msg="bfd change" node=site-a peer=100.64.1.1 tunnel=wg-a status=down
time=2026-10-05T01:04:15.860Z level=INFO msg="bfd change" node=site-a peer=100.64.3.1 tunnel=wg-sat status=down
time=2026-10-05T01:04:15.860Z level=INFO msg="bfd change" node=site-a peer=100.64.2.1 tunnel=wg-b status=down
time=2026-10-05T01:04:15.874Z level=INFO msg="class moved" node=site-a class=voice dst="" from=carrier-b to=bgp why=bfd
time=2026-10-05T01:04:15.874Z level=INFO msg="class moved" node=site-a class=business dst="" from=carrier-b to=bgp why=bfd
time=2026-10-05T01:04:15.874Z level=INFO msg="class moved" node=site-a class=bulk dst="" from=carrier-b to=paused why=bfd
time=2026-10-05T01:04:18.420Z level=INFO msg="bfd change" node=site-a peer=100.64.1.1 tunnel=wg-a status=up
time=2026-10-05T01:04:18.420Z level=INFO msg="bfd change" node=site-a peer=100.64.3.1 tunnel=wg-sat status=up
time=2026-10-05T01:04:18.420Z level=INFO msg="bfd change" node=site-a peer=100.64.2.1 tunnel=wg-b status=up
time=2026-10-05T01:04:18.660Z level=INFO msg="class moved" node=site-a class=voice dst="" from=bgp to=carrier-b why=bfd
time=2026-10-05T01:04:18.660Z level=INFO msg="class moved" node=site-a class=business dst="" from=bgp to=carrier-b why=bfd
time=2026-10-05T01:04:18.660Z level=INFO msg="class moved" node=site-a class=bulk dst="" from=paused to=carrier-b why=bfd
time=2026-10-05T01:05:49.096Z level=INFO msg="new steering map" node=site-a version=544 storm=false
time=2026-10-05T01:06:09.084Z level=INFO msg="new steering map" node=site-a version=545 storm=false
time=2026-10-05T01:06:14.322Z level=INFO msg="new steering map" node=site-a version=547 storm=false
-- agent log site-b
time=2026-10-05T01:04:15.287Z level=INFO msg="class moved" node=site-b class=bulk dst="" from=carrier-b to=paused why=bfd
time=2026-10-05T01:04:15.299Z level=INFO msg="internet exit changed" node=site-b from=wg-a to=wg-sat
time=2026-10-05T01:04:15.805Z level=INFO msg="bfd change" node=site-b peer=100.64.3.1 tunnel=wg-sat status=down
time=2026-10-05T01:04:15.826Z level=INFO msg="internet exit changed" node=site-b from=wg-sat to=wg-a
time=2026-10-05T01:04:18.413Z level=INFO msg="bfd change" node=site-b peer=100.64.1.1 tunnel=wg-a status=up
time=2026-10-05T01:04:18.413Z level=INFO msg="bfd change" node=site-b peer=100.64.2.1 tunnel=wg-b status=up
time=2026-10-05T01:04:18.413Z level=INFO msg="bfd change" node=site-b peer=100.64.3.1 tunnel=wg-sat status=up
time=2026-10-05T01:04:18.424Z level=INFO msg="class moved" node=site-b class=voice dst="" from=bgp to=carrier-b why=bfd
time=2026-10-05T01:04:18.424Z level=INFO msg="class moved" node=site-b class=business dst="" from=bgp to=carrier-b why=bfd
time=2026-10-05T01:04:18.424Z level=INFO msg="class moved" node=site-b class=bulk dst="" from=paused to=carrier-b why=bfd
time=2026-10-05T01:04:30.129Z level=INFO msg="bfd change" node=site-b peer=100.64.2.1 tunnel=wg-b status=down
time=2026-10-05T01:04:30.142Z level=INFO msg="class moved" node=site-b class=voice dst="" from=carrier-b to=carrier-a why=bfd
time=2026-10-05T01:04:30.142Z level=INFO msg="class moved" node=site-b class=business dst="" from=carrier-b to=carrier-a why=bfd
time=2026-10-05T01:04:30.142Z level=INFO msg="class moved" node=site-b class=bulk dst="" from=carrier-b to=carrier-a why=bfd
time=2026-10-05T01:04:30.290Z level=INFO msg="bfd change" node=site-b peer=100.64.1.1 tunnel=wg-a status=down
time=2026-10-05T01:04:30.290Z level=INFO msg="bfd change" node=site-b peer=100.64.2.1 tunnel=wg-b status=init
time=2026-10-05T01:04:30.304Z level=INFO msg="class moved" node=site-b class=voice dst="" from=carrier-a to=carrier-b why=bfd
time=2026-10-05T01:04:30.304Z level=INFO msg="class moved" node=site-b class=business dst="" from=carrier-a to=carrier-b why=bfd
time=2026-10-05T01:04:30.304Z level=INFO msg="class moved" node=site-b class=bulk dst="" from=carrier-a to=carrier-b why=bfd
time=2026-10-05T01:04:30.331Z level=INFO msg="internet exit changed" node=site-b from=wg-a to=wg-b
time=2026-10-05T01:04:31.292Z level=INFO msg="bfd change" node=site-b peer=100.64.1.1 tunnel=wg-a status=up
time=2026-10-05T01:04:31.292Z level=INFO msg="bfd change" node=site-b peer=100.64.2.1 tunnel=wg-b status=up
time=2026-10-05T01:04:31.295Z level=INFO msg="internet exit changed" node=site-b from=wg-b to=wg-a
time=2026-10-05T01:05:49.209Z level=INFO msg="new steering map" node=site-b version=308 storm=false
time=2026-10-05T01:06:14.247Z level=INFO msg="new steering map" node=site-b version=309 storm=false
-- controller log
controller-1  | INFO:     172.18.0.4:47844 - "GET /api/v1/agent/desired-state?have=190 HTTP/1.0" 204 No Content
controller-1  | INFO:     172.18.0.4:47854 - "GET /api/v1/agent/desired-state?have=80 HTTP/1.0" 204 No Content
controller-1  | INFO:     172.18.0.4:47868 - "GET /api/v1/agent/desired-state?have=247 HTTP/1.0" 204 No Content
controller-1  | INFO:     172.18.0.4:47876 - "GET /api/v1/agent/steering?have=308 HTTP/1.0" 204 No Content
controller-1  | INFO:     172.18.0.4:47884 - "GET /api/v1/agent/steering?have=620 HTTP/1.0" 204 No Content
controller-1  | INFO:     172.18.0.4:47900 - "POST /api/v1/agent/telemetry HTTP/1.0" 204 No Content
controller-1  | INFO:     172.18.0.4:47914 - "GET /api/v1/agent/steering?have=544 HTTP/1.0" 204 No Content
controller-1  | INFO:     172.18.0.4:47902 - "POST /api/v1/agent/telemetry HTTP/1.0" 204 No Content
controller-1  | INFO:     172.18.0.4:47928 - "POST /api/v1/agent/telemetry HTTP/1.0" 204 No Content
controller-1  | INFO:     127.0.0.1:39334 - "GET /healthz HTTP/1.1" 200 OK
controller-1  | INFO:     172.18.0.4:44368 - "GET /api/v1/agent/steering?have=544 HTTP/1.0" 204 No Content
controller-1  | INFO:     172.18.0.4:44376 - "GET /api/v1/agent/steering?have=620 HTTP/1.0" 204 No Content
controller-1  | INFO:     172.18.0.4:44378 - "GET /api/v1/agent/steering?have=308 HTTP/1.0" 204 No Content
controller-1  | INFO:     127.0.0.1:39340 - "GET /healthz HTTP/1.1" 200 OK
controller-1  | INFO:     172.18.0.4:44384 - "GET /api/v1/agent/desired-state?have=190 HTTP/1.0" 204 No Content
controller-1  | INFO:     172.18.0.4:44394 - "GET /api/v1/agent/steering?have=544 HTTP/1.0" 204 No Content
controller-1  | INFO:     172.18.0.4:44404 - "GET /api/v1/agent/desired-state?have=247 HTTP/1.0" 204 No Content
controller-1  | INFO:     172.18.0.4:44406 - "POST /api/v1/agent/telemetry HTTP/1.0" 204 No Content
controller-1  | INFO:     172.18.0.4:44414 - "GET /api/v1/agent/desired-state?have=80 HTTP/1.0" 204 No Content
controller-1  | INFO:     172.18.0.4:44426 - "GET /api/v1/agent/steering?have=308 HTTP/1.0" 204 No Content
controller-1  | INFO:     172.18.0.4:44420 - "POST /api/v1/agent/telemetry HTTP/1.0" 204 No Content
controller-1  | INFO:     172.18.0.4:44442 - "GET /api/v1/agent/steering?have=620 HTTP/1.0" 204 No Content
controller-1  | INFO:     172.18.0.4:44456 - "POST /api/v1/agent/telemetry HTTP/1.0" 204 No Content
controller-1  | INFO:     172.18.0.1:59604 - "POST /api/v1/auth/login HTTP/1.1" 200 OK
controller-1  | INFO:     172.18.0.1:59610 - "POST /api/v1/customers/4d26813b-aaa6-4be7-9b73-1730be959882/applications/detect HTTP/1.1" 200 OK
controller-1  | INFO:     172.18.0.1:59620 - "POST /api/v1/auth/login HTTP/1.1" 200 OK
controller-1  | INFO:     172.18.0.1:55964 - "GET /api/v1/customers/4d26813b-aaa6-4be7-9b73-1730be959882/applications HTTP/1.1" 200 OK
controller-1  | INFO:     172.18.0.1:55968 - "POST /api/v1/auth/login HTTP/1.1" 200 OK
controller-1  | INFO:     172.18.0.1:55984 - "POST /api/v1/applications/1/apply HTTP/1.1" 200 OK
controller-1  | INFO:     127.0.0.1:59008 - "GET /healthz HTTP/1.1" 200 OK
controller-1  | INFO:     172.18.0.4:57488 - "GET /api/v1/agent/steering?have=544 HTTP/1.0" 200 OK
controller-1  | INFO:     172.18.0.4:57494 - "GET /api/v1/agent/steering?have=620 HTTP/1.0" 200 OK
controller-1  | INFO:     172.18.0.4:57504 - "GET /api/v1/agent/steering?have=308 HTTP/1.0" 204 No Content
controller-1  | INFO:     172.18.0.1:56000 - "POST /api/v1/auth/login HTTP/1.1" 200 OK
controller-1  | INFO:     172.18.0.1:56010 - "DELETE /api/v1/customers/4d26813b-aaa6-4be7-9b73-1730be959882/rules/58 HTTP/1.1" 204 No Content
controller-1  | INFO:     172.18.0.1:56020 - "POST /api/v1/auth/login HTTP/1.1" 200 OK
controller-1  | INFO:     172.18.0.1:56030 - "POST /api/v1/customers/4d26813b-aaa6-4be7-9b73-1730be959882/rules HTTP/1.1" 201 Created
controller-1  | INFO:     172.18.0.5:34932 - "GET /api/v1/version HTTP/1.1" 200 OK
controller-1  | INFO:     172.18.0.5:34952 - "GET /api/v1/insights?customer_id=4d26813b-aaa6-4be7-9b73-1730be959882 HTTP/1.1" 200 OK
controller-1  | INFO:     172.18.0.5:34976 - "GET /api/v1/customers/4d26813b-aaa6-4be7-9b73-1730be959882/encryption HTTP/1.1" 200 OK
controller-1  | INFO:     172.18.0.5:34990 - "GET /api/v1/customers/4d26813b-aaa6-4be7-9b73-1730be959882/circuits HTTP/1.1" 200 OK
controller-1  | INFO:     172.18.0.5:34960 - "GET /api/v1/customers/mine HTTP/1.1" 200 OK
controller-1  | INFO:     172.18.0.5:34976 - "GET /api/v1/customers/mine HTTP/1.1" 200 OK
controller-1  | INFO:     172.18.0.5:34940 - "GET /api/v1/overview?customer_id=4d26813b-aaa6-4be7-9b73-1730be959882 HTTP/1.1" 200 OK
controller-1  | INFO:     172.18.0.5:34940 - "GET /api/v1/customers/mine HTTP/1.1" 200 OK
controller-1  | INFO:     172.18.0.5:34940 - "GET /api/v1/customers/mine HTTP/1.1" 200 OK
controller-1  | INFO:     172.18.0.5:34940 - "GET /api/v1/customers/mine HTTP/1.1" 200 OK
controller-1  | INFO:     127.0.0.1:59044 - "GET /healthz HTTP/1.1" 200 OK
controller-1  | INFO:     172.18.0.4:57516 - "GET /api/v1/agent/desired-state?have=190 HTTP/1.0" 204 No Content
controller-1  | INFO:     172.18.0.4:57522 - "GET /api/v1/agent/desired-state?have=247 HTTP/1.0" 204 No Content
controller-1  | INFO:     172.18.0.4:57550 - "GET /api/v1/agent/desired-state?have=80 HTTP/1.0" 204 No Content
controller-1  | INFO:     172.18.0.4:57538 - "POST /api/v1/agent/telemetry HTTP/1.0" 204 No Content
controller-1  | INFO:     172.18.0.4:57566 - "GET /api/v1/agent/steering?have=308 HTTP/1.0" 200 OK
controller-1  | INFO:     172.18.0.4:57600 - "GET /api/v1/agent/steering?have=545 HTTP/1.0" 200 OK
controller-1  | INFO:     172.18.0.4:57592 - "POST /api/v1/agent/telemetry HTTP/1.0" 204 No Content
controller-1  | INFO:     172.18.0.4:57578 - "POST /api/v1/agent/telemetry HTTP/1.0" 204 No Content
controller-1  | INFO:     172.18.0.4:57608 - "GET /api/v1/agent/steering?have=621 HTTP/1.0" 200 OK
controller-1  | INFO:     172.18.0.1:56040 - "POST /api/v1/auth/login HTTP/1.1" 200 OK
controller-1  | INFO:     172.18.0.1:56046 - "DELETE /api/v1/customers/4d26813b-aaa6-4be7-9b73-1730be959882/rules/59 HTTP/1.1" 204 No Content
controller-1  | INFO:     127.0.0.1:41290 - "GET /healthz HTTP/1.1" 200 OK
-- controller containers
exaconnect-controller-1 Up 9 minutes (healthy)
exaconnect-db-1 Up 3 days (healthy)
exaconnect-proxy-1 Up 9 minutes
exaconnect-web-1 Up 30 minutes
/exaconnect-controller-1 restarts 0, started 2026-10-05T00:56:54.940173649Z, OOM killed false
/exaconnect-db-1 restarts 0, started 2026-10-01T05:06:52.589123103Z, OOM killed false
/exaconnect-proxy-1 restarts 0, started 2026-10-05T00:57:06.748013981Z, OOM killed false
/exaconnect-web-1 restarts 0, started 2026-10-05T00:36:10.272704383Z, OOM killed false
-- host
 03:06:20 up 3 days, 23:30,  0 user,  load average: 3.80, 4.70, 5.75
               total        used        free      shared  buff/cache   available
Mem:            7941        1887        4291         172        2241        6053
Swap:              0           0           0
procs -----------memory---------- ---swap-- -----io---- -system-- -------cpu-------
 r  b   swpd   free   buff  cache   si   so    bi    bo   in   cs us sy id wa st gu
 3  0      0 4394448  29400 2266360    0    0    61   254 5143   20  6 21 72  0  0  0
 5  0      0 4407252  29400 2266436    0    0     0   152 5072 6904  7 20 73  0  0  0
 1  0      0 4391324  29400 2266436    0    0     0   172 5290 6269  6 24 65  5  0  0
make: *** [Makefile:102: lab-ci] Error 1
