commit d66d5ff: Lab diagnostics: why voice stays on carrier B, and why GDACS cannot be read

== Lab already up; rebuilding the agent (17:31:12)

== Controller (17:31:48)
.env ready (admin: admin@exacarib.local)
time="2026-10-03T19:31:49+02:00" level=warning msg="Docker Compose is configured to build using Bake, but buildx isn't installed"
#0 building with "default" instance using docker driver

#1 [controller internal] load build definition from Dockerfile
#1 transferring dockerfile: 559B 0.0s done
#1 DONE 0.0s

#2 [controller internal] load metadata for docker.io/library/python:3.12-slim
#2 DONE 0.6s

#3 [controller internal] load .dockerignore
#3 transferring context: 2B 0.0s done
#3 DONE 0.1s

#4 [controller 1/5] FROM docker.io/library/python:3.12-slim@sha256:dddfd7e07f9d15aeeca61529320492139d21cac7f0070c00609243e51e4e0016
#4 resolve docker.io/library/python:3.12-slim@sha256:dddfd7e07f9d15aeeca61529320492139d21cac7f0070c00609243e51e4e0016 0.1s done
#4 DONE 0.1s

#5 [controller internal] load build context
#5 transferring context: 24.32kB 0.0s done
#5 DONE 0.0s

#6 [controller 2/5] WORKDIR /app
#6 CACHED

#7 [controller 3/5] COPY pyproject.toml ./
#7 CACHED

#8 [controller 4/5] COPY exaconnect_controller ./exaconnect_controller
#8 DONE 0.2s

#9 [controller 5/5] RUN pip install --no-cache-dir . && mkdir -p /data && chown nobody:nogroup /data
#9 5.730 Processing /app
#9 5.736   Installing build dependencies: started
#9 9.136   Installing build dependencies: finished with status 'done'
#9 9.144   Getting requirements to build wheel: started
#9 9.842   Getting requirements to build wheel: finished with status 'done'
#9 9.846   Preparing metadata (pyproject.toml): started
#9 10.47   Preparing metadata (pyproject.toml): finished with status 'done'
#9 10.64 Collecting fastapi>=0.115 (from exaconnect-controller==0.2.0)
#9 10.78   Downloading fastapi-0.142.2-py3-none-any.whl.metadata (27 kB)
#9 10.98 Collecting uvicorn>=0.30 (from uvicorn[standard]>=0.30->exaconnect-controller==0.2.0)
#9 11.01   Downloading uvicorn-0.54.0-py3-none-any.whl.metadata (6.6 kB)
#9 11.24 Collecting pydantic>=2.7 (from exaconnect-controller==0.2.0)
#9 11.25   Downloading pydantic-2.13.5-py3-none-any.whl.metadata (110 kB)
#9 11.46 Collecting psycopg>=3.2 (from psycopg[binary]>=3.2->exaconnect-controller==0.2.0)
#9 11.46   Downloading psycopg-3.3.6-py3-none-any.whl.metadata (4.4 kB)
#9 11.60 Collecting psycopg-pool>=3.2 (from exaconnect-controller==0.2.0)
#9 11.60   Downloading psycopg_pool-3.3.3-py3-none-any.whl.metadata (2.8 kB)
#9 12.20 Collecting cryptography>=43 (from exaconnect-controller==0.2.0)
#9 12.36   Downloading cryptography-50.0.2-cp311-abi3-manylinux_2_34_x86_64.whl.metadata (4.4 kB)
#9 12.59 Collecting cffi>=2.0.0 (from cryptography>=43->exaconnect-controller==0.2.0)
#9 12.69   Downloading cffi-2.1.1-cp312-cp312-manylinux2014_x86_64.manylinux_2_17_x86_64.whl.metadata (2.5 kB)
#9 12.97 Collecting starlette>=0.46.0 (from fastapi>=0.115->exaconnect-controller==0.2.0)
#9 12.99   Downloading starlette-1.7.0-py3-none-any.whl.metadata (6.6 kB)
#9 13.17 Collecting typing-extensions>=4.8.0 (from fastapi>=0.115->exaconnect-controller==0.2.0)
#9 13.18   Downloading typing_extensions-4.16.0-py3-none-any.whl.metadata (3.3 kB)
#9 13.19 Collecting typing-inspection>=0.4.2 (from fastapi>=0.115->exaconnect-controller==0.2.0)
#9 13.22   Downloading typing_inspection-0.4.4-py3-none-any.whl.metadata (2.6 kB)
#9 13.24 Collecting annotated-doc>=0.0.2 (from fastapi>=0.115->exaconnect-controller==0.2.0)
#9 13.25   Downloading annotated_doc-0.0.5-py3-none-any.whl.metadata (6.5 kB)
#9 13.30 Collecting opentelemetry-api>=1.44.0 (from fastapi>=0.115->exaconnect-controller==0.2.0)
#9 13.30   Downloading opentelemetry_api-1.45.0-py3-none-any.whl.metadata (1.4 kB)
#9 13.66 Collecting psycopg-binary==3.3.6 (from psycopg[binary]>=3.2->exaconnect-controller==0.2.0)
#9 13.68   Downloading psycopg_binary-3.3.6-cp312-cp312-manylinux2014_x86_64.manylinux_2_17_x86_64.whl.metadata (2.7 kB)
#9 13.70 Collecting annotated-types>=0.6.0 (from pydantic>=2.7->exaconnect-controller==0.2.0)
#9 13.71   Downloading annotated_types-0.8.0-py3-none-any.whl.metadata (15 kB)
#9 15.08 Collecting pydantic-core==2.46.5 (from pydantic>=2.7->exaconnect-controller==0.2.0)
#9 15.09   Downloading pydantic_core-2.46.5-cp312-cp312-manylinux_2_17_x86_64.manylinux2014_x86_64.whl.metadata (6.6 kB)
#9 15.15 Collecting click>=7.0 (from uvicorn>=0.30->uvicorn[standard]>=0.30->exaconnect-controller==0.2.0)
#9 15.15   Downloading click-8.5.0-py3-none-any.whl.metadata (2.6 kB)
#9 15.21 Collecting h11>=0.8 (from uvicorn>=0.30->uvicorn[standard]>=0.30->exaconnect-controller==0.2.0)
#9 15.22   Downloading h11-0.16.0-py3-none-any.whl.metadata (8.3 kB)
#9 15.28 Collecting httptools>=0.8.0 (from uvicorn[standard]>=0.30->exaconnect-controller==0.2.0)
#9 15.30   Downloading httptools-0.8.0-cp312-cp312-manylinux1_x86_64.manylinux_2_28_x86_64.manylinux_2_5_x86_64.whl.metadata (3.5 kB)
#9 15.32 Collecting python-dotenv>=0.13 (from uvicorn[standard]>=0.30->exaconnect-controller==0.2.0)
#9 15.33   Downloading python_dotenv-1.2.4-py3-none-any.whl.metadata (29 kB)
#9 15.39 Collecting pyyaml>=5.1 (from uvicorn[standard]>=0.30->exaconnect-controller==0.2.0)
#9 15.41   Downloading pyyaml-6.0.3-cp312-cp312-manylinux2014_x86_64.manylinux_2_17_x86_64.manylinux_2_28_x86_64.whl.metadata (2.4 kB)
#9 15.49 Collecting uvloop>=0.15.1 (from uvicorn[standard]>=0.30->exaconnect-controller==0.2.0)
#9 15.50   Downloading uvloop-0.23.0-cp312-cp312-manylinux2014_x86_64.manylinux_2_17_x86_64.manylinux_2_28_x86_64.whl.metadata (5.1 kB)
#9 15.69 Collecting watchfiles>=0.20 (from uvicorn[standard]>=0.30->exaconnect-controller==0.2.0)
#9 15.70   Downloading watchfiles-1.3.0-cp310-abi3-manylinux_2_17_x86_64.manylinux2014_x86_64.whl.metadata (4.9 kB)
#9 16.52 Collecting websockets>=13.0 (from uvicorn[standard]>=0.30->exaconnect-controller==0.2.0)
#9 16.53   Downloading websockets-17.2-cp312-cp312-manylinux1_x86_64.manylinux_2_28_x86_64.manylinux_2_5_x86_64.whl.metadata (6.3 kB)
#9 16.54 Collecting pycparser (from cffi>=2.0.0->cryptography>=43->exaconnect-controller==0.2.0)
#9 16.55   Downloading pycparser-3.0-py3-none-any.whl.metadata (8.2 kB)
#9 16.70 Collecting anyio<5,>=4.0.0 (from starlette>=0.46.0->fastapi>=0.115->exaconnect-controller==0.2.0)
#9 16.72   Downloading anyio-4.15.1-py3-none-any.whl.metadata (4.7 kB)
#9 16.82 Collecting idna>=2.8 (from anyio<5,>=4.0.0->starlette>=0.46.0->fastapi>=0.115->exaconnect-controller==0.2.0)
#9 16.83   Downloading idna-3.20-py3-none-any.whl.metadata (7.2 kB)
#9 16.86 Downloading cryptography-50.0.2-cp311-abi3-manylinux_2_34_x86_64.whl (4.8 MB)
#9 17.11    ━━━━━━━━━━━━━━━━━━━━━━━━━━━━━━━━━━━━━━━━ 4.8/4.8 MB 20.1 MB/s eta 0:00:00
#9 17.14 Downloading fastapi-0.142.2-py3-none-any.whl (144 kB)
#9 17.16 Downloading psycopg-3.3.6-py3-none-any.whl (215 kB)
#9 17.19 Downloading psycopg_pool-3.3.3-py3-none-any.whl (40 kB)
#9 17.21 Downloading psycopg_binary-3.3.6-cp312-cp312-manylinux2014_x86_64.manylinux_2_17_x86_64.whl (5.2 MB)
#9 17.62    ━━━━━━━━━━━━━━━━━━━━━━━━━━━━━━━━━━━━━━━━ 5.2/5.2 MB 12.9 MB/s eta 0:00:00
#9 17.64 Downloading pydantic-2.13.5-py3-none-any.whl (472 kB)
#9 17.66 Downloading pydantic_core-2.46.5-cp312-cp312-manylinux_2_17_x86_64.manylinux2014_x86_64.whl (2.1 MB)
#9 17.81    ━━━━━━━━━━━━━━━━━━━━━━━━━━━━━━━━━━━━━━━━ 2.1/2.1 MB 16.3 MB/s eta 0:00:00
#9 17.87 Downloading uvicorn-0.54.0-py3-none-any.whl (87 kB)
#9 17.91 Downloading annotated_doc-0.0.5-py3-none-any.whl (5.3 kB)
#9 18.01 Downloading annotated_types-0.8.0-py3-none-any.whl (13 kB)
#9 18.05 Downloading cffi-2.1.1-cp312-cp312-manylinux2014_x86_64.manylinux_2_17_x86_64.whl (221 kB)
#9 18.20 Downloading click-8.5.0-py3-none-any.whl (125 kB)
#9 18.21 Downloading h11-0.16.0-py3-none-any.whl (37 kB)
#9 18.22 Downloading httptools-0.8.0-cp312-cp312-manylinux1_x86_64.manylinux_2_28_x86_64.manylinux_2_5_x86_64.whl (523 kB)
#9 18.25 Downloading opentelemetry_api-1.45.0-py3-none-any.whl (60 kB)
#9 18.26 Downloading python_dotenv-1.2.4-py3-none-any.whl (23 kB)
#9 18.27 Downloading pyyaml-6.0.3-cp312-cp312-manylinux2014_x86_64.manylinux_2_17_x86_64.manylinux_2_28_x86_64.whl (807 kB)
#9 18.37    ━━━━━━━━━━━━━━━━━━━━━━━━━━━━━━━━━━━━━━━━ 807.9/807.9 kB 9.5 MB/s eta 0:00:00
#9 18.39 Downloading starlette-1.7.0-py3-none-any.whl (78 kB)
#9 18.40 Downloading typing_extensions-4.16.0-py3-none-any.whl (45 kB)
#9 18.42 Downloading typing_inspection-0.4.4-py3-none-any.whl (14 kB)
#9 18.43 Downloading uvloop-0.23.0-cp312-cp312-manylinux2014_x86_64.manylinux_2_17_x86_64.manylinux_2_28_x86_64.whl (4.5 MB)
#9 18.61    ━━━━━━━━━━━━━━━━━━━━━━━━━━━━━━━━━━━━━━━━ 4.5/4.5 MB 25.0 MB/s eta 0:00:00
#9 18.62 Downloading watchfiles-1.3.0-cp310-abi3-manylinux_2_17_x86_64.manylinux2014_x86_64.whl (458 kB)
#9 18.65 Downloading websockets-17.2-cp312-cp312-manylinux1_x86_64.manylinux_2_28_x86_64.manylinux_2_5_x86_64.whl (225 kB)
#9 18.66 Downloading anyio-4.15.1-py3-none-any.whl (132 kB)
#9 18.67 Downloading pycparser-3.0-py3-none-any.whl (48 kB)
#9 18.68 Downloading idna-3.20-py3-none-any.whl (69 kB)
#9 18.84 Building wheels for collected packages: exaconnect-controller
#9 18.85   Building wheel for exaconnect-controller (pyproject.toml): started
#9 19.52   Building wheel for exaconnect-controller (pyproject.toml): finished with status 'done'
#9 19.52   Created wheel for exaconnect-controller: filename=exaconnect_controller-0.2.0-py3-none-any.whl size=100155 sha256=5158b258356cc43afd3e1514f47be40964de30cd0a776eaf14ebf7a3d6639e02
#9 19.52   Stored in directory: /tmp/pip-ephem-wheel-cache-jm_1kpgt/wheels/54/1b/b7/aa63e25c8f14f4f2ae7b04e6097bdecb770e455c5c1ee0a600
#9 19.53 Successfully built exaconnect-controller
#9 19.61 Installing collected packages: websockets, uvloop, typing-extensions, pyyaml, python-dotenv, pycparser, psycopg-binary, idna, httptools, h11, click, annotated-types, annotated-doc, uvicorn, typing-inspection, pydantic-core, psycopg-pool, psycopg, opentelemetry-api, cffi, anyio, watchfiles, starlette, pydantic, cryptography, fastapi, exaconnect-controller
#9 25.89 WARNING: Running pip as the 'root' user can result in broken permissions and conflicting behaviour with the system package manager, possibly rendering your system unusable. It is recommended to use a virtual environment instead: https://pip.pypa.io/warnings/venv. Use the --root-user-action option if you know what you are doing and want to suppress this warning.
#9 25.89 Successfully installed annotated-doc-0.0.5 annotated-types-0.8.0 anyio-4.15.1 cffi-2.1.1 click-8.5.0 cryptography-50.0.2 exaconnect-controller-0.2.0 fastapi-0.142.2 h11-0.16.0 httptools-0.8.0 idna-3.20 opentelemetry-api-1.45.0 psycopg-3.3.6 psycopg-binary-3.3.6 psycopg-pool-3.3.3 pycparser-3.0 pydantic-2.13.5 pydantic-core-2.46.5 python-dotenv-1.2.4 pyyaml-6.0.3 starlette-1.7.0 typing-extensions-4.16.0 typing-inspection-0.4.4 uvicorn-0.54.0 uvloop-0.23.0 watchfiles-1.3.0 websockets-17.2
#9 26.10 
#9 26.10 [notice] A new release of pip is available: 25.0.1 -> 26.2.1
#9 26.10 [notice] To update, run: pip install --upgrade pip
#9 DONE 27.2s

#10 [controller] exporting to image
#10 exporting layers
#10 exporting layers 10.2s done
#10 exporting manifest sha256:fd863be801ff9630bcbdf0a983e303a5de42315cc2e231e1846a733dda47f260
#10 exporting manifest sha256:fd863be801ff9630bcbdf0a983e303a5de42315cc2e231e1846a733dda47f260 0.4s done
#10 exporting config sha256:5b001ee812af73bbe41c718ca49be212942b3cd0168a67e730996aeb69768e95
#10 exporting config sha256:5b001ee812af73bbe41c718ca49be212942b3cd0168a67e730996aeb69768e95 0.0s done
#10 exporting attestation manifest sha256:6ed6c278123f273c1c9fd4d6e078ae59db4e7ef534e6bb461997dc970df6f5e0
#10 exporting attestation manifest sha256:6ed6c278123f273c1c9fd4d6e078ae59db4e7ef534e6bb461997dc970df6f5e0 0.1s done
#10 exporting manifest list sha256:9a366fefc9191a42b02d7a6444a3ce941d62bff6ac87fe329887951af94803ff 0.0s done
#10 naming to docker.io/library/exaconnect-controller:latest
#10 naming to docker.io/library/exaconnect-controller:latest done
#10 unpacking to docker.io/library/exaconnect-controller:latest
#10 unpacking to docker.io/library/exaconnect-controller:latest 2.7s done
#10 DONE 13.7s

#11 [controller] resolving provenance for metadata file
#11 DONE 0.0s
 controller  Built
time="2026-10-03T19:32:32+02:00" level=warning msg="Found orphan containers ([exaconnect-web-1]) for this project. If you removed or renamed this service in your compose file, you can run this command with the --remove-orphans flag to clean it up."
 Container exaconnect-db-1  Running
 Container exaconnect-controller-1  Recreate
 Container exaconnect-controller-1  Recreated
 Container exaconnect-proxy-1  Running
 Container exaconnect-db-1  Waiting
 Container exaconnect-db-1  Healthy
 Container exaconnect-controller-1  Starting
 Container exaconnect-controller-1  Started
 Container exaconnect-controller-1  Waiting
 Container exaconnect-controller-1  Healthy
 Container exaconnect-controller-1  Waiting
 Container exaconnect-proxy-1  Waiting
 Container exaconnect-db-1  Waiting
 Container exaconnect-proxy-1  Healthy
 Container exaconnect-controller-1  Healthy
 Container exaconnect-db-1  Healthy
time="2026-10-03T19:32:43+02:00" level=warning msg="Found orphan containers ([exaconnect-web-1]) for this project. If you removed or renamed this service in your compose file, you can run this command with the --remove-orphans flag to clean it up."
 Container exaconnect-proxy-1  Recreate
 Container exaconnect-proxy-1  Recreated
 Container exaconnect-proxy-1  Starting
 Container exaconnect-proxy-1  Started
 Container exaconnect-proxy-1  Waiting
 Container exaconnect-proxy-1  Healthy

== Agents (17:32:46)
pop-miami: agent stopped
site-a: agent stopped
site-b: agent stopped
pop-miami: agent started
site-a: agent started
site-b: agent started

== Public portal (17:32:51)
time="2026-10-03T19:32:52+02:00" level=warning msg="Docker Compose is configured to build using Bake, but buildx isn't installed"
#0 building with "default" instance using docker driver

#1 [controller internal] load build definition from Dockerfile
#1 transferring dockerfile: 559B 0.0s done
#1 DONE 0.0s

#2 [controller internal] load metadata for docker.io/library/python:3.12-slim
#2 DONE 0.1s

#3 [controller internal] load .dockerignore
#3 transferring context: 2B done
#3 DONE 0.0s

#4 [controller internal] load build context
#4 DONE 0.0s

#5 [controller 1/5] FROM docker.io/library/python:3.12-slim@sha256:dddfd7e07f9d15aeeca61529320492139d21cac7f0070c00609243e51e4e0016
#5 resolve docker.io/library/python:3.12-slim@sha256:dddfd7e07f9d15aeeca61529320492139d21cac7f0070c00609243e51e4e0016 0.1s done
#5 DONE 0.1s

#4 [controller internal] load build context
#4 transferring context: 3.10kB done
#4 DONE 0.0s

#6 [controller 4/5] COPY exaconnect_controller ./exaconnect_controller
#6 CACHED

#7 [controller 2/5] WORKDIR /app
#7 CACHED

#8 [controller 3/5] COPY pyproject.toml ./
#8 CACHED

#9 [controller 5/5] RUN pip install --no-cache-dir . && mkdir -p /data && chown nobody:nogroup /data
#9 CACHED

#10 [controller] exporting to image
#10 exporting layers 0.0s done
#10 exporting manifest sha256:fd863be801ff9630bcbdf0a983e303a5de42315cc2e231e1846a733dda47f260 done
#10 exporting config sha256:5b001ee812af73bbe41c718ca49be212942b3cd0168a67e730996aeb69768e95
#10 exporting config sha256:5b001ee812af73bbe41c718ca49be212942b3cd0168a67e730996aeb69768e95 done
#10 exporting attestation manifest sha256:99690d540f38e829e8fe400942b2deae7663672163463362b5c6417dfea6de8f 0.1s done
#10 exporting manifest list sha256:88fdfba661f54ea3cdedf60118a3ce2ae0e23f91a7d6abe816f5510865c59030
#10 exporting manifest list sha256:88fdfba661f54ea3cdedf60118a3ce2ae0e23f91a7d6abe816f5510865c59030 0.1s done
#10 naming to docker.io/library/exaconnect-controller:latest done
#10 unpacking to docker.io/library/exaconnect-controller:latest 0.1s done
#10 DONE 0.4s

#11 [controller] resolving provenance for metadata file
#11 DONE 0.0s

#12 [web internal] load build definition from Dockerfile
#12 transferring dockerfile: 529B done
#12 DONE 0.0s

#13 [web internal] load metadata for docker.io/library/node:22-alpine
#13 DONE 0.3s

#14 [web internal] load metadata for docker.io/library/caddy:2-alpine
#14 DONE 0.3s

#15 [web internal] load .dockerignore
#15 transferring context: 2B 0.0s done
#15 DONE 0.0s

#16 [web portal 1/6] FROM docker.io/library/node:22-alpine@sha256:0a7108bf6c7bf5de370ffb1a3ed6be93d405b43ff159f681a8d18c0e2bc2e402
#16 resolve docker.io/library/node:22-alpine@sha256:0a7108bf6c7bf5de370ffb1a3ed6be93d405b43ff159f681a8d18c0e2bc2e402 0.0s done
#16 DONE 0.0s

#17 [web internal] load build context
#17 ...

#18 [web stage-1 1/3] FROM docker.io/library/caddy:2-alpine@sha256:881bbc60f9986d5ab8e7cfd6cf7e4ef3c9c0439fef2429d035d065577882f028
#18 resolve docker.io/library/caddy:2-alpine@sha256:881bbc60f9986d5ab8e7cfd6cf7e4ef3c9c0439fef2429d035d065577882f028 0.0s done
#18 DONE 0.1s

#17 [web internal] load build context
#17 transferring context: 97.40kB 0.3s done
#17 DONE 0.3s

#19 [web portal 3/6] COPY portal/package.json portal/package-lock.json ./
#19 CACHED

#20 [web portal 6/6] RUN npm run build
#20 CACHED

#21 [web stage-1 2/3] COPY deploy/public/Caddyfile /etc/caddy/Caddyfile
#21 CACHED

#22 [web portal 4/6] RUN npm ci --no-audit --no-fund
#22 CACHED

#23 [web portal 5/6] COPY portal/ ./
#23 CACHED

#24 [web portal 2/6] WORKDIR /src/portal
#24 CACHED

#25 [web stage-1 3/3] COPY --from=portal /src/portal/dist /srv/portal
#25 CACHED

#26 [web] exporting to image
#26 exporting layers done
#26 exporting manifest sha256:92aa0163a49c68060cc62861e5906252ca58921920ff5626dc4c1758928c7402 done
#26 exporting config sha256:3f622e4736515d517f7b7557fefeb20329d966937bd50e485d45fac514f79197 done
#26 exporting attestation manifest sha256:4df62950329b4afa587b18bf1f55b78d0d3998542316c07616d0d9830cf4902d 0.0s done
#26 exporting manifest list sha256:d9dc5bc0adf594625f7809d190b0c3597817ba8885274abf0d0b68b91b1acbd8
#26 exporting manifest list sha256:d9dc5bc0adf594625f7809d190b0c3597817ba8885274abf0d0b68b91b1acbd8 0.0s done
#26 naming to docker.io/library/exaconnect-web:latest done
#26 unpacking to docker.io/library/exaconnect-web:latest 0.0s done
#26 DONE 0.2s

#27 [web] resolving provenance for metadata file
#27 DONE 0.0s
 controller  Built
 web  Built
 Container exaconnect-db-1  Running
 Container exaconnect-controller-1  Recreate
 Container exaconnect-controller-1  Recreated
 Container exaconnect-web-1  Recreate
 Container exaconnect-web-1  Recreated
 Container exaconnect-db-1  Waiting
 Container exaconnect-db-1  Healthy
 Container exaconnect-controller-1  Starting
 Container exaconnect-controller-1  Started
 Container exaconnect-controller-1  Waiting
 Container exaconnect-controller-1  Healthy
 Container exaconnect-web-1  Starting
 Container exaconnect-web-1  Started
 Container exaconnect-controller-1  Waiting
 Container exaconnect-web-1  Waiting
 Container exaconnect-db-1  Waiting
 Container exaconnect-web-1  Healthy
 Container exaconnect-controller-1  Healthy
 Container exaconnect-db-1  Healthy

== Waiting for tunnels, BGP and BFD (17:33:06)

== Checks (17:33:11)
-- lab/scripts/check-routing.sh
ok    site-a wg-a handshake 20s ago
ok    site-a wg-b handshake 20s ago
ok    site-a wg-sat handshake 19s ago
ok    site-b wg-a handshake 20s ago
ok    site-b wg-b handshake 20s ago
ok    site-b wg-sat handshake 20s ago
ok    pop-miami BGP 6/6 established
ok    pop-miami BFD 6/6 up
ok    site-a BGP 3/3 established
ok    site-a BFD 3/3 up
ok    site-b BGP 3/3 established
ok    site-b BFD 3/3 up
ok    lan-a -> lan-b (site-a to site-b via the PoP)
ok    lan-b -> lan-a
ok    lan-a -> lan-pop

  traceroute to 192.168.20.10 (192.168.20.10), 30 hops max, 46 byte packets
   1  192.168.10.1  0.009 ms
   2  100.64.1.1  30.857 ms
   3  100.64.1.12  61.999 ms
   4  192.168.20.10  54.088 ms
-- lab/ci/checks/m4-steering.sh
-- steering applied
ok    pop-miami nftables classifier
ok    pop-miami 6 steering rules
ok    site-a nftables classifier
ok    site-a 3 steering rules
ok    site-b nftables classifier
ok    site-b 3 steering rules
ok    site-a voice on wg-a at start (moved back after 47 s; an earlier run left it on B)
      maps: pop-miami v152, site-a v118, site-b v79
-- brownout: carrier A loss 0 -> 3% over 180 s (demo step 2)
FAIL  voice did not move within 330 s of the brownout
ok    bulk stayed on carrier A (3% is under its 5% threshold)
-- hard cut of carrier B while voice is on it (demo step 3)
      voice probe stream: 1460 of 1500 received at 50 packets/s
ok    voice lost 800 ms of packets (< 3 s)
ok    agent failover on BFD after 2 s
ok    voice on wg-a after the cut
-- recovery: restore B, classes move back only after the hold time (demo step 4)
ok    no moves in the first minute after recovery
      moves since the brownout began: 9
      17:35:04 site-b business move_back: Moved business back from Carrier B to Carrier A: Carrier A has scored well for 5 minutes (36 ms, 0.1% loss).
      17:35:04 site-a business move_back: Moved business back from Carrier B to Carrier A: Carrier A has scored well for 5 minutes (37 ms, 0.1% loss).
      17:36:15 site-b voice move: Moved voice from Carrier A to Carrier B: loss on Carrier A rising 0.9% a minute, forecast 1.3% in 60 s against a 1% SLA.
      17:38:07 site-a business move: Moved business from Carrier A to Carrier B: loss on Carrier A rising 1.1% a minute, forecast 2.5% in 60 s against a 2% SLA.
      17:38:37 site-b business move: Moved business from Carrier A to Carrier B: loss on Carrier A is 2.1% against a 2% SLA.
      17:40:19 site-b voice failover: Moved voice from Carrier B to Carrier A: Carrier B is down (BFD reports it down).
      17:40:19 site-a voice failover: Moved voice from Carrier B to Carrier A: Carrier B is down (BFD reports it down).
      17:40:19 site-a business failover: Moved business from Carrier B to Carrier A: Carrier B is down (BFD reports it down).
      17:40:19 site-b business failover: Moved business from Carrier B to Carrier A: Carrier B is down (BFD reports it down).
      17:40:39 site-a business hold: Kept business on Carrier A: loss on Carrier A is 2.2% against a 2% SLA, but it moved here 20 s ago (hold time 120 s).
      17:40:39 site-a voice hold: Kept voice on Carrier A: loss on Carrier A is 2.2% against a 1% SLA, but it moved here 20 s ago (hold time 120 s).
      17:40:39 site-b voice hold: Kept voice on Carrier A: loss on Carrier A is 1.9% against a 1% SLA, but it moved here 20 s ago (hold time 120 s).
      17:40:49 site-b voice hold: Kept voice on Carrier A: loss on Carrier A is 1.8% against a 1% SLA, but it moved here 30 s ago (hold time 120 s).
      17:40:49 site-a voice hold: Kept voice on Carrier A: loss on Carrier A is 2.1% against a 1% SLA, but it moved here 30 s ago (hold time 120 s).
      17:40:49 site-a business hold: Kept business on Carrier A: loss on Carrier A is 2.1% against a 2% SLA, but it moved here 30 s ago (hold time 120 s).
      17:40:59 site-b voice hold: Kept voice on Carrier A: loss on Carrier A is 1.7% against a 1% SLA, but it moved here 40 s ago (hold time 120 s).
      17:40:59 site-a voice hold: Kept voice on Carrier A: loss on Carrier A is 1.8% against a 1% SLA, but it moved here 40 s ago (hold time 120 s).
      17:41:09 site-b voice hold: Kept voice on Carrier A: loss on Carrier A is 1.6% against a 1% SLA, but it moved here 50 s ago (hold time 120 s).
      17:41:09 site-a voice hold: Kept voice on Carrier A: loss on Carrier A is 1.7% against a 1% SLA, but it moved here 50 s ago (hold time 120 s).
      17:41:19 site-b voice hold: Kept voice on Carrier A: loss on Carrier A is 1.5% against a 1% SLA, but it moved here 60 s ago (hold time 120 s).
      17:41:19 site-a voice hold: Kept voice on Carrier A: loss on Carrier A is 1.6% against a 1% SLA, but it moved here 60 s ago (hold time 120 s).
      17:41:30 site-a voice hold: Kept voice on Carrier A: loss on Carrier A is 1.4% against a 1% SLA, but it moved here 70 s ago (hold time 120 s).
      17:41:30 site-b voice hold: Kept voice on Carrier A: loss on Carrier A is 1.4% against a 1% SLA, but it moved here 70 s ago (hold time 120 s).
      17:41:40 site-b voice hold: Kept voice on Carrier A: loss on Carrier A is 1.2% against a 1% SLA, but it moved here 81 s ago (hold time 120 s).
      17:41:40 site-a voice hold: Kept voice on Carrier A: loss on Carrier A is 1.3% against a 1% SLA, but it moved here 81 s ago (hold time 120 s).
-- lab/ci/checks/m5-storm.sh
-- Storm Mode on at site-a only
ok    Storm Mode switched on for site-a through the API
ok    site-a agent has the Storm Mode steering map
ok    site-b is not in Storm Mode
ok    satellite warm: 51 probes per 10 s
ok    satellite BGP established
-- both terrestrial links cut
ok    voice continues on satellite
ok    business continues on satellite
ok    bulk paused (blackhole rule)
ok    voice stream lost 2220 ms across the double cut
-- restore and switch Storm Mode off
ok    Storm Mode switched off
ok    voice and business back on terrestrial paths, bulk resumed
      Storm Mode last switched by user:admin@exacarib.local
      17:43:09 storm_off
      17:41:50 storm_on
-- lab/ci/checks/m6-metering.sh
-- traffic: 20 Mbit/s bulk (CS1, TCP) from lan-a to lan-b for 11 minutes
      bulk leaves site-a on wg-b
ok    5-minute samples with traffic for site-a
      iperf: [  5] 411.00-412.00 sec  1.38 MBytes  11.5 Mbits/sec    0   62.8 KBytes        [  5] 412.00-413.00 sec  1.25 MBytes  10.5 Mbits/sec    0   72.1 KBytes        [  5] 413.00-414.00 sec  0.00 Bytes  0.00 bits/sec    0   86.8 KBytes        [  5] 414.00-415.01 sec  1.50 MBytes  12.5 Mbits/sec    1   78.8 
      site-a carrier-a: samples 11, 95th in 1.472867 out 22.401328, billable 22.401328, commit 100, burst 0.000, total 400.00
ok    billable rate 22.401328 Mbps matches the ~20 Mbit/s offered
-- CSV matches the screen
ok    CSV 95th percentile 22.401 equals the screen
ok    CSV settlement total equals the screen
-- carrier view
ok    carrier user sees only Carrier A links
ok    carrier user cannot open the customer overview
-- lab/ci/checks/m7-outage.sh
-- stop the controller and the agent proxy
ok    all three agents noticed after 58 s and hold the last good state
ok    site A still reaches site B through the PoP
-- BFD failover with the controller down
ok    voice moved from wg-a to wg-b in 3.5 s, without the controller
-- start the controller again
ok    all three agents reconciled 16 s after the restart
-- lab/ci/checks/m8-ai.sh
-- hurricane watch
ok    NHC feed read from the lab host: 2 active storms
ok    example hurricane raised a warning
ok    only site-a (Kingston) is warned
      Hurricane Example (90 kt) is moving at 23 km/h on a heading of 285°. Projecting that motion forward, it passes about 92 km from site-a in about 25 h. Consider switching Storm Mode on so the satellite path is warm before the terrestrial links suffer. This is a straight-line projection; check the NHC advisory for the official forecast track.
-- disaster watch
FAIL  a disaster feed could not be read: ptwc=2 usgs=15 events=15 failed=gdacs gdacs: HTTPError: HTTP Error 400: Bad Request
ok    example earthquake from USGS, GDACS and tsunami.gov raised one alert, for site-b only
      Magnitude 6.4 earthquake, 38 km NE of Port of Spain, Trinidad and Tobago, reported by USGS and GDACS and tsunami.gov. Latest tsunami message: Tsunami Information Statement Number 2. Sites in range: site-b 47 km (critical). Consider switching Storm Mode on for the sites marked critical, so the satellite path is warm if terrestrial links fail. Distances are straight lines from the reported location; check the source's report.
-- insights from this run
      anomaly critical: Carrier B at site-b: loss 8.26%, usually 0.00%
      anomaly critical: Carrier A at site-a: loss 4.69%, usually 0.00%
      anomaly critical: Carrier A at site-b: loss 4.84%, usually 0.00%
      anomaly critical: Carrier B at site-a: loss 8.25%, usually 0.00%
      hazard critical: Example data: Magnitude 6.4 earthquake, 38 km NE of Port of Spain, Trinidad and Tobago: 47 km from site-b
      storm_warning critical: Example data: Hurricane Example may pass 92 km from site-a in about 25 h
      storm_warning critical: Example data: Hurricane Example may pass 92 km from site-a in about 25 h
      anomaly critical: Carrier B at site-a: loss 3.69%, usually 0.00%
      anomaly critical: Carrier B at site-b: loss 3.89%, usually 0.00%
      anomaly critical: Carrier A at site-b: loss 4.22%, usually 0.24%
-- ask your network
ok    answered: Voice is now on carrier-b at site-a, having been moved from carrier-a at 17:52:06Z because carrier-a's loss had reached 2.0%, exceeding the 1% SLA limit for voice.
-- lab/ci/checks/m9-public.sh
ok    https://connect.exacarib.com/healthz answers on this host
ok    certificate from Let's Encrypt (issuer=C = US, O = Let's Encrypt, CN = YE1)
ok    portal served
ok    agent endpoints not served publicly
ok    API answers and needs sign-in
ok    connect.exacarib.com reachable from this host over the internet
      web container: running restarts=0
      caddy: {"level":"info","ts":1791048786.1090147,"msg":"using config from file","file":"/etc/caddy/Caddyfile"}
      caddy: {"level":"info","ts":1791048786.1090198,"msg":"adapted config to JSON","adapter":"caddyfile"}
      listening on public addresses: 22 80 443 
ok    controller, database and dev portal stay private
-- lab/ci/checks/m9-traffic.sh
-- priority queues
ok    site-a wg-a: qdisc cake 803a: root refcnt 2 bandwidth 190Mbit diffserv4 triple-isolate nonat nowash no-
ok    site-a wg-b: qdisc cake 803b: root refcnt 2 bandwidth 95Mbit diffserv4 triple-isolate nonat nowash no-a
-- application detection: Zoom-like traffic on UDP 8801 for 4 minutes
ok    site-a reported its flows to UDP 8801
ok    recognised: Zoom meetings seen at site-a: 1 flow(s) to UDP 8801, matches Zoom meetings (calls and meetings); currently unclassified. Suggest voice (real-time priority).
ok    suggests voice
ok    applied as rule 13
ok    site-a classifies UDP 8801-8810 as voice
ok    Zoom flows now report as voice
ok    site-b is unchanged (the rule is for site-a)
-- a customer rule: a subnet and port into business
ok    site-a classifies TCP 5201 to site B as business
ok    the PoP classifies the return direction

== Diagnostics (17:54:14)
pop-miami: running
site-a: running
site-b: running
-- agent log pop-miami
time=2026-10-03T17:47:29.159Z level=INFO msg="class moved" node=pop-miami class=bulk dst=192.168.20.0/24 from=carrier-a to=carrier-b why=bfd
time=2026-10-03T17:47:29.406Z level=INFO msg="bfd change" node=pop-miami peer=100.64.2.11 tunnel=wg-b status=up
time=2026-10-03T17:50:28.327Z level=WARN msg="controller unreachable" node=pop-miami err="Get \"https://172.30.0.5:8443/api/v1/agent/steering?have=161\": dial tcp 172.30.0.5:8443: connect: connection refused"
time=2026-10-03T17:50:48.368Z level=WARN msg="controller unreachable" node=pop-miami err="Get \"https://172.30.0.5:8443/api/v1/agent/desired-state?have=9\": context deadline exceeded (Client.Timeout exceeded while awaiting headers)"
time=2026-10-03T17:51:03.379Z level=WARN msg="controller unreachable" node=pop-miami err="Post \"https://172.30.0.5:8443/api/v1/agent/telemetry\": context deadline exceeded (Client.Timeout exceeded while awaiting headers)"
time=2026-10-03T17:51:17.715Z level=WARN msg="controller unreachable" node=pop-miami err="Post \"https://172.30.0.5:8443/api/v1/agent/telemetry\": dial tcp 172.30.0.5:8443: connect: no route to host"
time=2026-10-03T17:51:21.042Z level=WARN msg="controller unreachable" node=pop-miami err="Get \"https://172.30.0.5:8443/api/v1/agent/desired-state?have=9\": dial tcp 172.30.0.5:8443: connect: no route to host"
time=2026-10-03T17:51:24.175Z level=WARN msg="controller silent; holding the last good state and current paths" node=pop-miami since=2026-10-03T17:50:23Z err="Post \"https://172.30.0.5:8443/api/v1/agent/telemetry\": dial tcp 172.30.0.5:8443: connect: no route to host"
time=2026-10-03T17:51:34.416Z level=INFO msg="bfd change" node=pop-miami peer=100.64.1.11 tunnel=wg-a status=down
time=2026-10-03T17:51:34.416Z level=INFO msg="bfd change" node=pop-miami peer=100.64.1.12 tunnel=wg-a status=down
time=2026-10-03T17:51:34.422Z level=INFO msg="class moved" node=pop-miami class=voice dst=192.168.10.0/24 from=carrier-a to=carrier-b why=bfd
time=2026-10-03T17:51:34.423Z level=INFO msg="class moved" node=pop-miami class=business dst=192.168.10.0/24 from=carrier-a to=carrier-b why=bfd
time=2026-10-03T17:51:37.505Z level=INFO msg="bfd change" node=pop-miami peer=100.64.1.11 tunnel=wg-a status=init
time=2026-10-03T17:51:37.505Z level=INFO msg="bfd change" node=pop-miami peer=100.64.1.12 tunnel=wg-a status=init
time=2026-10-03T17:51:37.537Z level=INFO msg="class moved" node=pop-miami class=voice dst=192.168.10.0/24 from=carrier-b to=carrier-a why=bfd
time=2026-10-03T17:51:37.537Z level=INFO msg="class moved" node=pop-miami class=business dst=192.168.10.0/24 from=carrier-b to=carrier-a why=bfd
time=2026-10-03T17:51:37.605Z level=INFO msg="bfd change" node=pop-miami peer=100.64.1.11 tunnel=wg-a status=up
time=2026-10-03T17:51:38.012Z level=INFO msg="bfd change" node=pop-miami peer=100.64.1.12 tunnel=wg-a status=up
time=2026-10-03T17:51:53.434Z level=INFO msg="controller reachable again; reconciling" node=pop-miami
time=2026-10-03T17:52:08.391Z level=INFO msg="new steering map" node=pop-miami version=162 storm=false
time=2026-10-03T17:52:08.408Z level=INFO msg="class moved" node=pop-miami class=voice dst=192.168.10.0/24 from=carrier-a to=carrier-b why=controller
time=2026-10-03T17:52:08.408Z level=INFO msg="class moved" node=pop-miami class=business dst=192.168.10.0/24 from=carrier-a to=carrier-b why=controller
time=2026-10-03T17:53:13.498Z level=INFO msg="new steering map" node=pop-miami version=163 storm=false
time=2026-10-03T17:54:08.669Z level=INFO msg="new steering map" node=pop-miami version=164 storm=false
time=2026-10-03T17:54:13.557Z level=INFO msg="new steering map" node=pop-miami version=165 storm=false
-- agent log site-a
time=2026-10-03T17:45:03.826Z level=INFO msg="bfd change" node=site-a peer=100.64.1.1 tunnel=wg-a status=up
time=2026-10-03T17:45:03.826Z level=INFO msg="bfd change" node=site-a peer=100.64.2.1 tunnel=wg-b status=up
time=2026-10-03T17:50:28.169Z level=WARN msg="controller unreachable" node=site-a err="Get \"https://172.30.0.5:8443/api/v1/agent/steering?have=125\": dial tcp 172.30.0.5:8443: connect: connection refused"
time=2026-10-03T17:50:48.174Z level=WARN msg="controller unreachable" node=site-a err="Get \"https://172.30.0.5:8443/api/v1/agent/desired-state?have=23\": context deadline exceeded (Client.Timeout exceeded while awaiting headers)"
time=2026-10-03T17:51:03.176Z level=WARN msg="controller unreachable" node=site-a err="Get \"https://172.30.0.5:8443/api/v1/agent/desired-state?have=23\": context deadline exceeded (Client.Timeout exceeded while awaiting headers)"
time=2026-10-03T17:51:06.254Z level=WARN msg="controller unreachable" node=site-a err="Post \"https://172.30.0.5:8443/api/v1/agent/telemetry\": dial tcp 172.30.0.5:8443: connect: no route to host"
time=2026-10-03T17:51:09.345Z level=WARN msg="controller unreachable" node=site-a err="Get \"https://172.30.0.5:8443/api/v1/agent/desired-state?have=23\": dial tcp 172.30.0.5:8443: connect: no route to host"
time=2026-10-03T17:51:12.527Z level=WARN msg="controller unreachable" node=site-a err="Get \"https://172.30.0.5:8443/api/v1/agent/steering?have=125\": dial tcp 172.30.0.5:8443: connect: no route to host"
time=2026-10-03T17:51:16.238Z level=WARN msg="controller unreachable" node=site-a err="Get \"https://172.30.0.5:8443/api/v1/agent/desired-state?have=23\": dial tcp 172.30.0.5:8443: connect: no route to host"
time=2026-10-03T17:51:19.694Z level=WARN msg="controller unreachable" node=site-a err="Post \"https://172.30.0.5:8443/api/v1/agent/telemetry\": dial tcp 172.30.0.5:8443: connect: no route to host"
time=2026-10-03T17:51:22.895Z level=WARN msg="controller unreachable" node=site-a err="Get \"https://172.30.0.5:8443/api/v1/agent/steering?have=125\": dial tcp 172.30.0.5:8443: connect: no route to host"
time=2026-10-03T17:51:26.224Z level=WARN msg="controller silent; holding the last good state and current paths" node=site-a since=2026-10-03T17:50:23Z err="Get \"https://172.30.0.5:8443/api/v1/agent/desired-state?have=23\": dial tcp 172.30.0.5:8443: connect: no route to host"
time=2026-10-03T17:51:34.284Z level=INFO msg="bfd change" node=site-a peer=100.64.1.1 tunnel=wg-a status=down
time=2026-10-03T17:51:34.292Z level=INFO msg="class moved" node=site-a class=voice dst="" from=carrier-a to=carrier-b why=bfd
time=2026-10-03T17:51:34.292Z level=INFO msg="class moved" node=site-a class=business dst="" from=carrier-a to=carrier-b why=bfd
time=2026-10-03T17:51:37.848Z level=INFO msg="bfd change" node=site-a peer=100.64.1.1 tunnel=wg-a status=up
time=2026-10-03T17:51:37.868Z level=INFO msg="class moved" node=site-a class=voice dst="" from=carrier-b to=carrier-a why=bfd
time=2026-10-03T17:51:37.868Z level=INFO msg="class moved" node=site-a class=business dst="" from=carrier-b to=carrier-a why=bfd
time=2026-10-03T17:51:53.431Z level=INFO msg="controller reachable again; reconciling" node=site-a
time=2026-10-03T17:52:08.376Z level=INFO msg="new steering map" node=site-a version=126 storm=false
time=2026-10-03T17:52:08.409Z level=INFO msg="class moved" node=site-a class=voice dst="" from=carrier-a to=carrier-b why=controller
time=2026-10-03T17:52:08.409Z level=INFO msg="class moved" node=site-a class=business dst="" from=carrier-a to=carrier-b why=controller
time=2026-10-03T17:53:13.303Z level=INFO msg="new steering map" node=site-a version=127 storm=false
time=2026-10-03T17:54:08.361Z level=INFO msg="new steering map" node=site-a version=128 storm=false
time=2026-10-03T17:54:13.271Z level=INFO msg="new steering map" node=site-a version=129 storm=false
-- agent log site-b
time=2026-10-03T17:42:58.807Z level=INFO msg="class moved" node=site-b class=voice dst="" from=bgp to=carrier-a why=bfd
time=2026-10-03T17:42:58.807Z level=INFO msg="class moved" node=site-b class=business dst="" from=bgp to=carrier-a why=bfd
time=2026-10-03T17:42:58.807Z level=INFO msg="class moved" node=site-b class=bulk dst="" from=paused to=carrier-a why=bfd
time=2026-10-03T17:42:59.267Z level=INFO msg="bfd change" node=site-b peer=100.64.2.1 tunnel=wg-b status=init
time=2026-10-03T17:42:59.267Z level=INFO msg="bfd change" node=site-b peer=100.64.1.1 tunnel=wg-a status=up
time=2026-10-03T17:42:59.278Z level=INFO msg="class moved" node=site-b class=voice dst="" from=carrier-a to=carrier-b why=bfd
time=2026-10-03T17:42:59.278Z level=INFO msg="class moved" node=site-b class=business dst="" from=carrier-a to=carrier-b why=bfd
time=2026-10-03T17:42:59.278Z level=INFO msg="class moved" node=site-b class=bulk dst="" from=carrier-a to=carrier-b why=bfd
time=2026-10-03T17:43:00.262Z level=INFO msg="bfd change" node=site-b peer=100.64.2.1 tunnel=wg-b status=up
time=2026-10-03T17:45:03.195Z level=INFO msg="bfd change" node=site-b peer=100.64.2.1 tunnel=wg-b status=init
time=2026-10-03T17:45:03.796Z level=INFO msg="bfd change" node=site-b peer=100.64.2.1 tunnel=wg-b status=up
time=2026-10-03T17:50:28.174Z level=WARN msg="controller unreachable" node=site-b err="Get \"https://172.30.0.5:8443/api/v1/agent/steering?have=84\": dial tcp 172.30.0.5:8443: connect: connection refused"
time=2026-10-03T17:50:48.174Z level=WARN msg="controller unreachable" node=site-b err="Get \"https://172.30.0.5:8443/api/v1/agent/desired-state?have=7\": context deadline exceeded (Client.Timeout exceeded while awaiting headers)"
time=2026-10-03T17:51:03.181Z level=WARN msg="controller unreachable" node=site-b err="Post \"https://172.30.0.5:8443/api/v1/agent/telemetry\": context deadline exceeded (Client.Timeout exceeded while awaiting headers)"
time=2026-10-03T17:51:11.440Z level=WARN msg="controller unreachable" node=site-b err="Get \"https://172.30.0.5:8443/api/v1/agent/steering?have=84\": dial tcp 172.30.0.5:8443: connect: no route to host"
time=2026-10-03T17:51:14.511Z level=WARN msg="controller unreachable" node=site-b err="Post \"https://172.30.0.5:8443/api/v1/agent/telemetry\": dial tcp 172.30.0.5:8443: connect: no route to host"
time=2026-10-03T17:51:17.614Z level=WARN msg="controller unreachable" node=site-b err="Get \"https://172.30.0.5:8443/api/v1/agent/steering?have=84\": dial tcp 172.30.0.5:8443: connect: no route to host"
time=2026-10-03T17:51:17.786Z level=INFO msg="bfd change" node=site-b peer=100.64.2.1 tunnel=wg-b status=init
time=2026-10-03T17:51:17.960Z level=INFO msg="bfd change" node=site-b peer=100.64.2.1 tunnel=wg-b status=up
time=2026-10-03T17:51:20.913Z level=WARN msg="controller unreachable" node=site-b err="Get \"https://172.30.0.5:8443/api/v1/agent/steering?have=84\": dial tcp 172.30.0.5:8443: connect: no route to host"
time=2026-10-03T17:51:26.223Z level=WARN msg="controller silent; holding the last good state and current paths" node=site-b since=2026-10-03T17:50:23Z err="Get \"https://172.30.0.5:8443/api/v1/agent/desired-state?have=7\": dial tcp 172.30.0.5:8443: connect: no route to host"
time=2026-10-03T17:51:34.744Z level=INFO msg="bfd change" node=site-b peer=100.64.1.1 tunnel=wg-a status=down
time=2026-10-03T17:51:37.894Z level=INFO msg="bfd change" node=site-b peer=100.64.1.1 tunnel=wg-a status=up
time=2026-10-03T17:51:53.430Z level=INFO msg="controller reachable again; reconciling" node=site-b
time=2026-10-03T17:54:13.541Z level=INFO msg="new steering map" node=site-b version=85 storm=false
-- controller log
controller-1  | INFO:     172.18.0.4:34458 - "GET /api/v1/agent/steering?have=127 HTTP/1.0" 204 No Content
controller-1  | INFO:     172.18.0.4:34482 - "GET /api/v1/agent/steering?have=163 HTTP/1.0" 204 No Content
controller-1  | INFO:     127.0.0.1:53430 - "GET /healthz HTTP/1.1" 200 OK
controller-1  | INFO:     172.18.0.4:34512 - "GET /api/v1/agent/desired-state?have=7 HTTP/1.0" 204 No Content
controller-1  | INFO:     172.18.0.4:34498 - "GET /api/v1/agent/desired-state?have=23 HTTP/1.0" 204 No Content
controller-1  | INFO:     172.18.0.4:34520 - "POST /api/v1/agent/telemetry HTTP/1.0" 204 No Content
controller-1  | INFO:     172.18.0.4:34524 - "POST /api/v1/agent/telemetry HTTP/1.0" 204 No Content
controller-1  | INFO:     172.18.0.4:34530 - "GET /api/v1/agent/steering?have=127 HTTP/1.0" 204 No Content
controller-1  | INFO:     172.18.0.4:34536 - "GET /api/v1/agent/steering?have=84 HTTP/1.0" 204 No Content
controller-1  | INFO:     172.18.0.4:34542 - "GET /api/v1/agent/desired-state?have=9 HTTP/1.0" 204 No Content
controller-1  | INFO:     172.18.0.4:34552 - "POST /api/v1/agent/telemetry HTTP/1.0" 204 No Content
controller-1  | INFO:     172.18.0.4:34558 - "GET /api/v1/agent/steering?have=163 HTTP/1.0" 204 No Content
controller-1  | INFO:     127.0.0.1:53434 - "GET /healthz HTTP/1.1" 200 OK
controller-1  | INFO:     172.18.0.4:56954 - "GET /api/v1/agent/steering?have=127 HTTP/1.0" 204 No Content
controller-1  | INFO:     172.18.0.4:56958 - "GET /api/v1/agent/steering?have=84 HTTP/1.0" 204 No Content
controller-1  | INFO:     172.18.0.4:56964 - "GET /api/v1/agent/steering?have=163 HTTP/1.0" 204 No Content
controller-1  | INFO:     127.0.0.1:48514 - "GET /healthz HTTP/1.1" 200 OK
controller-1  | INFO:     172.18.0.4:56974 - "GET /api/v1/agent/desired-state?have=23 HTTP/1.0" 204 No Content
controller-1  | INFO:     172.18.0.4:56990 - "GET /api/v1/agent/desired-state?have=7 HTTP/1.0" 204 No Content
controller-1  | INFO:     172.18.0.4:57006 - "GET /api/v1/agent/steering?have=127 HTTP/1.0" 204 No Content
controller-1  | INFO:     172.18.0.4:57010 - "GET /api/v1/agent/desired-state?have=9 HTTP/1.0" 204 No Content
controller-1  | INFO:     172.18.0.4:57016 - "GET /api/v1/agent/steering?have=84 HTTP/1.0" 204 No Content
controller-1  | INFO:     172.18.0.4:57028 - "POST /api/v1/agent/telemetry HTTP/1.0" 204 No Content
controller-1  | INFO:     172.18.0.4:57036 - "POST /api/v1/agent/telemetry HTTP/1.0" 204 No Content
controller-1  | INFO:     172.18.0.4:57044 - "POST /api/v1/agent/telemetry HTTP/1.0" 204 No Content
controller-1  | INFO:     172.18.0.4:57060 - "GET /api/v1/agent/steering?have=163 HTTP/1.0" 204 No Content
controller-1  | INFO:     127.0.0.1:48524 - "GET /healthz HTTP/1.1" 200 OK
controller-1  | INFO:     172.18.0.4:60852 - "GET /api/v1/agent/steering?have=84 HTTP/1.0" 204 No Content
controller-1  | INFO:     172.18.0.4:60838 - "GET /api/v1/agent/steering?have=127 HTTP/1.0" 204 No Content
controller-1  | INFO:     172.18.0.4:60860 - "GET /api/v1/agent/steering?have=163 HTTP/1.0" 204 No Content
controller-1  | INFO:     127.0.0.1:41670 - "GET /healthz HTTP/1.1" 200 OK
controller-1  | INFO:     172.18.0.4:60868 - "GET /api/v1/agent/desired-state?have=7 HTTP/1.0" 204 No Content
controller-1  | INFO:     172.18.0.4:60864 - "GET /api/v1/agent/desired-state?have=23 HTTP/1.0" 204 No Content
controller-1  | INFO:     172.18.0.4:60878 - "GET /api/v1/agent/desired-state?have=9 HTTP/1.0" 204 No Content
controller-1  | INFO:     172.18.0.4:60888 - "POST /api/v1/agent/telemetry HTTP/1.0" 204 No Content
controller-1  | INFO:     172.18.0.4:60894 - "POST /api/v1/agent/telemetry HTTP/1.0" 204 No Content
controller-1  | INFO:     172.18.0.4:60898 - "GET /api/v1/agent/steering?have=84 HTTP/1.0" 204 No Content
controller-1  | INFO:     172.18.0.4:60910 - "POST /api/v1/agent/telemetry HTTP/1.0" 204 No Content
controller-1  | INFO:     172.18.0.4:60926 - "GET /api/v1/agent/steering?have=127 HTTP/1.0" 204 No Content
controller-1  | INFO:     172.18.0.4:60934 - "GET /api/v1/agent/steering?have=163 HTTP/1.0" 204 No Content
controller-1  | INFO:     127.0.0.1:59890 - "GET /healthz HTTP/1.1" 200 OK
controller-1  | INFO:     172.18.0.1:33480 - "POST /api/v1/auth/login HTTP/1.1" 200 OK
controller-1  | INFO:     172.18.0.1:33482 - "DELETE /api/v1/customers/4d26813b-aaa6-4be7-9b73-1730be959882/rules/13 HTTP/1.1" 204 No Content
controller-1  | INFO:     172.18.0.1:33488 - "POST /api/v1/auth/login HTTP/1.1" 200 OK
controller-1  | INFO:     172.18.0.4:60622 - "GET /api/v1/agent/steering?have=127 HTTP/1.0" 200 OK
controller-1  | INFO:     172.18.0.4:60632 - "GET /api/v1/agent/steering?have=84 HTTP/1.0" 204 No Content
controller-1  | INFO:     172.18.0.1:33498 - "POST /api/v1/customers/4d26813b-aaa6-4be7-9b73-1730be959882/rules HTTP/1.1" 201 Created
controller-1  | INFO:     172.18.0.4:60644 - "GET /api/v1/agent/steering?have=163 HTTP/1.0" 200 OK
controller-1  | INFO:     172.18.0.4:60648 - "GET /api/v1/agent/desired-state?have=7 HTTP/1.0" 204 No Content
controller-1  | INFO:     127.0.0.1:59950 - "GET /healthz HTTP/1.1" 200 OK
controller-1  | INFO:     172.18.0.4:60646 - "GET /api/v1/agent/desired-state?have=23 HTTP/1.0" 204 No Content
controller-1  | INFO:     172.18.0.4:60656 - "GET /api/v1/agent/steering?have=128 HTTP/1.0" 200 OK
controller-1  | INFO:     172.18.0.4:60662 - "POST /api/v1/agent/telemetry HTTP/1.0" 204 No Content
controller-1  | INFO:     172.18.0.4:60678 - "GET /api/v1/agent/desired-state?have=9 HTTP/1.0" 204 No Content
controller-1  | INFO:     172.18.0.4:60688 - "POST /api/v1/agent/telemetry HTTP/1.0" 204 No Content
controller-1  | INFO:     172.18.0.4:60710 - "GET /api/v1/agent/steering?have=84 HTTP/1.0" 200 OK
controller-1  | INFO:     172.18.0.4:60700 - "POST /api/v1/agent/telemetry HTTP/1.0" 204 No Content
controller-1  | INFO:     172.18.0.4:60712 - "GET /api/v1/agent/steering?have=164 HTTP/1.0" 200 OK
controller-1  | INFO:     172.18.0.1:33514 - "POST /api/v1/auth/login HTTP/1.1" 200 OK
controller-1  | INFO:     172.18.0.1:33524 - "DELETE /api/v1/customers/4d26813b-aaa6-4be7-9b73-1730be959882/rules/14 HTTP/1.1" 204 No Content
-- host
 19:54:16 up 2 days, 16:18,  0 user,  load average: 9.52, 8.57, 7.08
procs -----------memory---------- ---swap-- -----io---- -system-- -------cpu-------
 r  b   swpd   free   buff  cache   si   so    bi    bo   in   cs us sy id wa st gu
 3  0      0 5443580  24012 1458600    0    0    35   232 4785   17  5 19 76  0  0  0
16  0      0 5463292  24012 1458600    0    0     0   180 6457 11932  5 46 49  0  0  0
13  0      0 5457264  24012 1458604    0    0     0   176 4703 9423 17 57 26  0  0  0
make: *** [Makefile:102: lab-ci] Error 1
