commit f0b06e5: Lab: record the host timing finding; stop m9-traffic's generator

== Lab already up; rebuilding the agent (01:20:21)

== Controller (01:20:59)
.env ready (admin: admin@exacarib.local)
time="2026-10-04T03:21:01+02:00" level=warning msg="Docker Compose is configured to build using Bake, but buildx isn't installed"
#0 building with "default" instance using docker driver

#1 [controller internal] load build definition from Dockerfile
#1 transferring dockerfile: 559B 0.0s done
#1 DONE 0.0s

#2 [controller internal] load metadata for docker.io/library/python:3.12-slim
#2 DONE 1.4s

#3 [controller internal] load .dockerignore
#3 transferring context: 2B 0.0s done
#3 DONE 0.1s

#4 [controller internal] load build context
#4 DONE 0.0s

#5 [controller 1/5] FROM docker.io/library/python:3.12-slim@sha256:dddfd7e07f9d15aeeca61529320492139d21cac7f0070c00609243e51e4e0016
#5 resolve docker.io/library/python:3.12-slim@sha256:dddfd7e07f9d15aeeca61529320492139d21cac7f0070c00609243e51e4e0016 0.1s done
#5 DONE 0.1s

#4 [controller internal] load build context
#4 transferring context: 3.21kB 0.0s done
#4 DONE 0.1s

#6 [controller 4/5] COPY exaconnect_controller ./exaconnect_controller
#6 CACHED

#7 [controller 2/5] WORKDIR /app
#7 CACHED

#8 [controller 3/5] COPY pyproject.toml ./
#8 CACHED

#9 [controller 5/5] RUN pip install --no-cache-dir . && mkdir -p /data && chown nobody:nogroup /data
#9 CACHED

#10 [controller] exporting to image
#10 exporting layers 0.0s done
#10 exporting manifest sha256:a75b141f77d746647eba5b49d73a9053d97e6bf67872954719235559ec84fd7c 0.0s done
#10 exporting config sha256:f925ee3666a84a5bc70f9b019df679405896aac2d5513879fb1cccab43457d3b done
#10 exporting attestation manifest sha256:4e89a491f095b6fc71670a1161ea649fc1fdeb27a19c8a05508bb08c2204ae78
#10 exporting attestation manifest sha256:4e89a491f095b6fc71670a1161ea649fc1fdeb27a19c8a05508bb08c2204ae78 0.3s done
#10 exporting manifest list sha256:e539e6094ac809bf2f82d6bbc3d2f8fe993dd31501799dca3b4b93d89e861bad
#10 exporting manifest list sha256:e539e6094ac809bf2f82d6bbc3d2f8fe993dd31501799dca3b4b93d89e861bad 0.2s done
#10 naming to docker.io/library/exaconnect-controller:latest
#10 naming to docker.io/library/exaconnect-controller:latest 0.0s done
#10 unpacking to docker.io/library/exaconnect-controller:latest 0.1s done
#10 DONE 0.8s

#11 [controller] resolving provenance for metadata file
#11 DONE 0.0s
 controller  Built
time="2026-10-04T03:21:05+02:00" level=warning msg="Found orphan containers ([exaconnect-web-1]) for this project. If you removed or renamed this service in your compose file, you can run this command with the --remove-orphans flag to clean it up."
 Container exaconnect-db-1  Running
 Container exaconnect-controller-1  Recreate
 Container exaconnect-controller-1  Recreated
 Container exaconnect-proxy-1  Running
 Container exaconnect-db-1  Waiting
 Container exaconnect-db-1  Healthy
 Container exaconnect-controller-1  Starting
 Container exaconnect-controller-1  Started
 Container exaconnect-controller-1  Waiting
 Container exaconnect-controller-1  Healthy
 Container exaconnect-controller-1  Waiting
 Container exaconnect-proxy-1  Waiting
 Container exaconnect-db-1  Waiting
 Container exaconnect-controller-1  Healthy
 Container exaconnect-db-1  Healthy
 Container exaconnect-proxy-1  Healthy
time="2026-10-04T03:21:16+02:00" level=warning msg="Found orphan containers ([exaconnect-web-1]) for this project. If you removed or renamed this service in your compose file, you can run this command with the --remove-orphans flag to clean it up."
 Container exaconnect-proxy-1  Recreate
 Container exaconnect-proxy-1  Recreated
 Container exaconnect-proxy-1  Starting
 Container exaconnect-proxy-1  Started
 Container exaconnect-proxy-1  Waiting
 Container exaconnect-proxy-1  Healthy

== Agents (01:21:19)
pop-miami: agent stopped
site-a: agent stopped
site-b: agent stopped
pop-miami: agent started
site-a: agent started
site-b: agent started

== Public portal (01:21:24)
time="2026-10-04T03:21:25+02:00" level=warning msg="Docker Compose is configured to build using Bake, but buildx isn't installed"
#0 building with "default" instance using docker driver

#1 [controller internal] load build definition from Dockerfile
#1 transferring dockerfile: 559B done
#1 DONE 0.0s

#2 [controller internal] load metadata for docker.io/library/python:3.12-slim
#2 DONE 0.2s

#3 [controller internal] load .dockerignore
#3 transferring context: 2B done
#3 DONE 0.0s

#4 [controller internal] load build context
#4 DONE 0.0s

#5 [controller 1/5] FROM docker.io/library/python:3.12-slim@sha256:dddfd7e07f9d15aeeca61529320492139d21cac7f0070c00609243e51e4e0016
#5 resolve docker.io/library/python:3.12-slim@sha256:dddfd7e07f9d15aeeca61529320492139d21cac7f0070c00609243e51e4e0016 0.1s done
#5 DONE 0.1s

#4 [controller internal] load build context
#4 transferring context: 3.21kB 0.0s done
#4 DONE 0.1s

#6 [controller 4/5] COPY exaconnect_controller ./exaconnect_controller
#6 CACHED

#7 [controller 2/5] WORKDIR /app
#7 CACHED

#8 [controller 3/5] COPY pyproject.toml ./
#8 CACHED

#9 [controller 5/5] RUN pip install --no-cache-dir . && mkdir -p /data && chown nobody:nogroup /data
#9 CACHED

#10 [controller] exporting to image
#10 exporting layers done
#10 exporting manifest sha256:a75b141f77d746647eba5b49d73a9053d97e6bf67872954719235559ec84fd7c 0.0s done
#10 exporting config sha256:f925ee3666a84a5bc70f9b019df679405896aac2d5513879fb1cccab43457d3b done
#10 exporting attestation manifest sha256:a6f07111426ce5e67f8dc31958e8bfc55e5e7d63225382d53212050a109cb838
#10 exporting attestation manifest sha256:a6f07111426ce5e67f8dc31958e8bfc55e5e7d63225382d53212050a109cb838 0.1s done
#10 exporting manifest list sha256:ec2a235ad22c368fe2073a4e93f6a4d2a0c77f224cd35271b285316344a0d7dd 0.0s done
#10 naming to docker.io/library/exaconnect-controller:latest done
#10 unpacking to docker.io/library/exaconnect-controller:latest 0.0s done
#10 DONE 0.4s

#11 [controller] resolving provenance for metadata file
#11 DONE 0.0s

#12 [web internal] load build definition from Dockerfile
#12 transferring dockerfile: 529B 0.0s done
#12 DONE 0.1s

#13 [web internal] load metadata for docker.io/library/node:22-alpine
#13 DONE 0.5s

#14 [web internal] load metadata for docker.io/library/caddy:2-alpine
#14 DONE 0.6s

#15 [web internal] load .dockerignore
#15 transferring context: 2B done
#15 DONE 0.0s

#16 [web stage-1 1/3] FROM docker.io/library/caddy:2-alpine@sha256:881bbc60f9986d5ab8e7cfd6cf7e4ef3c9c0439fef2429d035d065577882f028
#16 ...

#17 [web internal] load build context
#17 DONE 0.0s

#16 [web stage-1 1/3] FROM docker.io/library/caddy:2-alpine@sha256:881bbc60f9986d5ab8e7cfd6cf7e4ef3c9c0439fef2429d035d065577882f028
#16 resolve docker.io/library/caddy:2-alpine@sha256:881bbc60f9986d5ab8e7cfd6cf7e4ef3c9c0439fef2429d035d065577882f028
#16 resolve docker.io/library/caddy:2-alpine@sha256:881bbc60f9986d5ab8e7cfd6cf7e4ef3c9c0439fef2429d035d065577882f028 0.3s done
#16 DONE 0.4s

#18 [web portal 1/6] FROM docker.io/library/node:22-alpine@sha256:0a7108bf6c7bf5de370ffb1a3ed6be93d405b43ff159f681a8d18c0e2bc2e402
#18 resolve docker.io/library/node:22-alpine@sha256:0a7108bf6c7bf5de370ffb1a3ed6be93d405b43ff159f681a8d18c0e2bc2e402
#18 resolve docker.io/library/node:22-alpine@sha256:0a7108bf6c7bf5de370ffb1a3ed6be93d405b43ff159f681a8d18c0e2bc2e402 0.3s done
#18 DONE 0.4s

#17 [web internal] load build context
#17 transferring context: 97.45kB 0.6s done
#17 DONE 0.7s

#19 [web portal 6/6] RUN npm run build
#19 CACHED

#20 [web stage-1 2/3] COPY deploy/public/Caddyfile /etc/caddy/Caddyfile
#20 CACHED

#21 [web portal 2/6] WORKDIR /src/portal
#21 CACHED

#22 [web portal 3/6] COPY portal/package.json portal/package-lock.json ./
#22 CACHED

#23 [web portal 4/6] RUN npm ci --no-audit --no-fund
#23 CACHED

#24 [web portal 5/6] COPY portal/ ./
#24 CACHED

#25 [web stage-1 3/3] COPY --from=portal /src/portal/dist /srv/portal
#25 CACHED

#26 [web] exporting to image
#26 exporting layers 0.0s done
#26 exporting manifest sha256:39f643100491909d6b36c2cc901e6be54345e024a617ae855015c393b21bca38 0.0s done
#26 exporting config sha256:17c84f3a37b5bffc64ffccd74a6fb132a6bd6f81a4be050313b119f68e9e18c8 done
#26 exporting attestation manifest sha256:355087035164713d166873b49f61341ad409a411e19dc8cd8c32f3f661d56ec9 0.1s done
#26 exporting manifest list sha256:39cf2edc1c310cc40cc79408e320171d8f61bcc21497787a011a9957c7004d4c
#26 exporting manifest list sha256:39cf2edc1c310cc40cc79408e320171d8f61bcc21497787a011a9957c7004d4c 0.1s done
#26 naming to docker.io/library/exaconnect-web:latest 0.0s done
#26 unpacking to docker.io/library/exaconnect-web:latest
#26 unpacking to docker.io/library/exaconnect-web:latest 0.0s done
#26 DONE 0.4s

#27 [web] resolving provenance for metadata file
#27 DONE 0.1s
 controller  Built
 web  Built
 Container exaconnect-db-1  Running
 Container exaconnect-controller-1  Recreate
 Container exaconnect-controller-1  Recreated
 Container exaconnect-web-1  Recreate
 Container exaconnect-web-1  Recreated
 Container exaconnect-db-1  Waiting
 Container exaconnect-db-1  Healthy
 Container exaconnect-controller-1  Starting
 Container exaconnect-controller-1  Started
 Container exaconnect-controller-1  Waiting
 Container exaconnect-controller-1  Healthy
 Container exaconnect-web-1  Starting
 Container exaconnect-web-1  Started
 Container exaconnect-web-1  Waiting
 Container exaconnect-db-1  Waiting
 Container exaconnect-controller-1  Waiting
 Container exaconnect-db-1  Healthy
 Container exaconnect-controller-1  Healthy
 Container exaconnect-web-1  Healthy

== Waiting for tunnels, BGP and BFD (01:21:43)

== Checks (01:21:48)
-- lab/scripts/check-routing.sh
ok    site-a wg-a handshake 24s ago
ok    site-a wg-b handshake 25s ago
ok    site-a wg-sat handshake 24s ago
ok    site-b wg-a handshake 24s ago
ok    site-b wg-b handshake 24s ago
ok    site-b wg-sat handshake 25s ago
ok    pop-miami BGP 6/6 established
ok    pop-miami BFD 6/6 up
ok    site-a BGP 3/3 established
ok    site-a BFD 3/3 up
ok    site-b BGP 3/3 established
ok    site-b BFD 3/3 up
ok    lan-a -> lan-b (site-a to site-b via the PoP)
ok    lan-b -> lan-a
ok    lan-a -> lan-pop

  traceroute to 192.168.20.10 (192.168.20.10), 30 hops max, 46 byte packets
   1  192.168.10.1  0.007 ms
   2  100.64.1.1  60.275 ms
   3  100.64.1.12  53.645 ms
   4  192.168.20.10  50.553 ms
-- lab/ci/checks/m0-timing.sh
-- host timing
      clocksource kvm-clock, available: kvm-clock hpet acpi_pm 
      kernel 6.8.0-139-generic, timers: hres_active    : 1, resolution: 1 nsecs
      HZ 1000, 4 CPUs, load 6.58 6.66 7.31
      netem on carrier-a: qdisc netem 8040: root refcnt 5 limit 10000 delay 12.5ms  1ms seed 2563082753635852984
      cpuidle driver none, governor menu
      (netem asks for 25 ms on A and 35 ms on B round trip, with 2 and 4 ms jitter; min/avg/max/mdev)
      site-a to lan-a (no netem):              0.047/0.115/0.802/0.136 ms
      site-a to carrier-a router (one netem):  10.976/14.507/80.353/7.432 ms
      site-a to PoP underlay via carrier A:    21.621/28.369/76.465/7.963 ms, pipe 2
      site-a to PoP through wg-a:              20.806/30.091/86.793/8.081 ms, pipe 2
      site-a to PoP underlay via carrier B:    27.353/40.415/121.097/14.259 ms, pipe 2
-- busiest containers
      30.01% clab-exaconnect-pop-miami
      24.09% clab-exaconnect-site-b
      23.52% clab-exaconnect-site-a
      18.64% exaconnect-controller-1
      6.96% exaconnect-db-1
      0.82% clab-exaconnect-sat
      0.63% clab-exaconnect-ix
      0.08% clab-exaconnect-carrier-a
-- busiest processes
       160 ps
       9.4 exa-agent
       8.2 exa-agent
       7.1 uvicorn
       6.8 exa-agent
       3.5 kworker/3:1-wg-crypt-wg-a
       3.5 bfdd
       3.3 rcu_preempt
-- lab/ci/checks/m4-steering.sh
-- steering applied
ok    pop-miami nftables classifier
ok    pop-miami 6 steering rules
ok    site-a nftables classifier
ok    site-a 3 steering rules
ok    site-b nftables classifier
ok    site-b 3 steering rules
      voice state at start: site-a carrier-b since 2026-10-04 01:12:51.176711+00 return carrier-a 2026-10-04 01:21:58.608595+00; site-b carrier-b since 2026-10-04 01:05:47.470972+00 return carrier-a 2026-10-04 01:21:58.608595+00
      probe jitter, last 3 min, carrier-a avg 15.1 p95 26.5, carrier-b avg 16.7 p95 34.2, sat avg 28.8 p95 47.9
      host load 4.68 6.19 7.13 on 4 CPUs, CPU steal 0.0% over 5 s
FAIL  site-a voice on 'wg-b' (controller: carrier-b) at start, want wg-a
      state: carrier-b since 2026-10-04 01:12:51.176711+00 return - - note - updated 2026-10-04 01:30:28.673621+00
      voice class: preferred none, priority realtime
      2026-10-04 01:15:03.430985+00|hold|Kept voice on Carrier B: it is down (BFD reports it down) and no other path is up.
      2026-10-04 01:12:51.177031+00|move|Moved voice from Carrier A to Carrier B: loss on Carrier A is 2.2% against a 1% SLA.
      2026-10-04 01:10:32.947265+00|hold|Kept voice on Carrier A: jitter on Carrier A is 33 ms against a 30 ms SLA, but no other path is forecast within SLA.
      2026-10-04 01:10:22.845685+00|hold|Kept voice on Carrier A: jitter on Carrier A is 36 ms against a 30 ms SLA, but no other path is forecast within SLA.
      probe jitter, last 3 min, carrier-a avg 16.3 p95 37.6, carrier-b avg 20.7 p95 58.6, sat avg 29.2 p95 62.7
      host load 6.63 5.16 6.04, CPU steal 0.0% over 5 s
      probes carrier-a: sent 3688 lost 0 rtt 43.2 jitter 16.3
      probes carrier-b: sent 3692 lost 0 rtt 53.4 jitter 20.7
      probes sat: sent 190 lost 3 rtt 65.1 jitter 29.2
      maps: site-a v243, site-b v156, pop-miami v304
-- brownout: carrier A loss 0 -> 3% over 180 s (demo step 2)
SKIP  brownout: voice was not on carrier A to start with (see above)
-- hard cut of carrier B while voice is on it (demo step 3)
      voice probe stream: 1446 of 1500 received at 50 packets/s
ok    voice lost 1080 ms of packets (< 3 s)
ok    agent failover on BFD after 1 s
ok    voice on wg-a after the cut
-- recovery: restore B, classes move back only after the hold time (demo step 4)
ok    no moves in the first minute after recovery
lab/ci/checks/m4-steering.sh: line 146: t0: unbound variable
      moves since the brownout began: 
lab/ci/checks/m4-steering.sh: line 149: t0: unbound variable
-- lab/ci/checks/m5-storm.sh
-- Storm Mode on at site-a only
ok    Storm Mode switched on for site-a through the API
ok    site-a agent has the Storm Mode steering map
ok    site-b is not in Storm Mode
ok    satellite warm: 50 probes per 10 s
ok    satellite BGP established
-- both terrestrial links cut
lab/faults/../netem/netem.sh: line 29: echo: write error: Broken pipe
ok    voice continues on satellite
ok    business continues on satellite
ok    bulk paused (blackhole rule)
ok    voice stream lost 1200 ms across the double cut
-- restore and switch Storm Mode off
ok    Storm Mode switched off
ok    voice and business back on terrestrial paths, bulk resumed
      Storm Mode last switched by user:admin@exacarib.local
      01:33:55 storm_off
      01:32:32 storm_on
-- lab/ci/checks/m6-metering.sh
-- traffic: 20 Mbit/s bulk (CS1, TCP) from lan-a to lan-b for 11 minutes
      bulk leaves site-a on wg-a
ok    5-minute samples with traffic for site-a
      iperf: [  5] 645.00-646.00 sec  2.38 MBytes  19.9 Mbits/sec    0    426 KBytes        [  5] 646.00-647.00 sec  2.38 MBytes  20.0 Mbits/sec    0    426 KBytes        [  5] 647.00-648.00 sec  2.38 MBytes  19.9 Mbits/sec    0    426 KBytes        [  5] 648
      site-a carrier-a: samples 11, 95th in 1.436542 out 22.164523, billable 22.164523, commit 100, burst 0.000, total 400.00
ok    billable rate 22.164523 Mbps matches the ~20 Mbit/s offered
-- CSV matches the screen
ok    CSV 95th percentile 22.165 equals the screen
ok    CSV settlement total equals the screen
-- carrier view
ok    carrier user sees only Carrier A links
ok    carrier user cannot open the customer overview
-- lab/ci/checks/m7-outage.sh
-- stop the controller and the agent proxy
ok    all three agents noticed after 61 s and hold the last good state
ok    site A still reaches site B through the PoP
-- BFD failover with the controller down
ok    voice moved from wg-a to wg-b in 3.0 s, without the controller
-- start the controller again
ok    all three agents reconciled 16 s after the restart
-- lab/ci/checks/m8-ai.sh
-- hurricane watch
ok    NHC feed read from the lab host: 2 active storms
ok    example hurricane raised a warning
ok    only site-a (Kingston) is warned
      Hurricane Example (90 kt) is moving at 23 km/h on a heading of 285°. Projecting that motion forward, it passes about 92 km from site-a in about 25 h. Consider switching Storm Mode on so the satellite path is warm before the terrestrial links suffer. This is a straight-line projection; check the NHC advisory for the official forecast track.
-- disaster watch
ok    all disaster feeds read from the lab host: ptwc=2 usgs=10 events=10 failed= 
ok    example earthquake from USGS, GDACS and tsunami.gov raised one alert, for site-b only
      Magnitude 6.4 earthquake, 38 km NE of Port of Spain, Trinidad and Tobago, reported by USGS and GDACS and tsunami.gov. Latest tsunami message: Tsunami Information Statement Number 2. Sites in range: site-b 47 km (critical). Consider switching Storm Mode on for the sites marked critical, so the satellite path is warm if terrestrial links fail. Distances are straight lines from the reported location; check the source's report.
-- insights from this run
      anomaly critical: Carrier B at site-a: loss 8.43%, usually 0.00%
      anomaly critical: Carrier B at site-b: loss 8.34%, usually 0.00%
      anomaly critical: Carrier A at site-b: loss 4.34%, usually 0.00%
      anomaly critical: Carrier A at site-a: loss 4.31%, usually 0.00%
      hazard critical: Example data: Magnitude 6.4 earthquake, 38 km NE of Port of Spain, Trinidad and Tobago: 47 km from site-b
      storm_warning critical: Example data: Hurricane Example may pass 92 km from site-a in about 25 h
      storm_warning critical: Example data: Hurricane Example may pass 92 km from site-a in about 25 h
      anomaly critical: Carrier B at site-a: loss 3.69%, usually 0.00%
      anomaly critical: Carrier B at site-b: loss 3.89%, usually 0.00%
      anomaly critical: Carrier A at site-b: loss 4.22%, usually 0.24%
-- ask your network
ok    answered: Voice is on carrier-a at site-a now, and it last moved there at 01:46:23 UTC because BFD came up on carrier-a after a brief failover to carrier-b at 01:46:20 UTC when BFD went down on carrier-a.
-- lab/ci/checks/m9-fabric.sh
-- simulated cloud gateways
ok    AWS and Azure gateways configured
-- cloud circuits
ok    created circuits 16 (AWS) and 17 (Azure)
ok    both circuits up (IPsec and BGP) 19 s after they were created
      AWS: up, BGP Established, routes 10.100.0.0/16
ok    site-a learned the AWS VPC route from the PoP
ok    lan-a reaches the AWS VPC (10.100.0.1) through the PoP
ok    site-a puts traffic for AWS in business
-- cloud router
ok    AWS reaches Azure through the PoP
-- elastic bandwidth
ok    20 Mbps reached the PoP's shaper on vc16
      charges so far: [{"mbps":50,"hours":0.01},{"mbps":20,"hours":0.0}]
-- layer 2 circuit
ok    VLAN 100 at site A and VLAN 200 at site B are one segment (lan-a pings lan-b)
ok    layer 2 circuit up and monitored: round trip 69.5 ms, 0.0% loss over the last minute
-- clean up
ok    deleted circuits are torn down at the PoP
-- lab/ci/checks/m9-public-e2e.sh
-- API through https://connect.exacarib.com
ok    admin signs in at https://connect.exacarib.com
ok    every portal screen's data answers 200 through the public site
      settlement CSV: 200 text/csv; charset=utf-8
-- browser
ok    signed in through the browser
ok    Overview renders without errors
ok    Sites renders without errors
ok    Traffic: seen on your network renders without errors
ok    Traffic: rules renders without errors
ok    Traffic: classes renders without errors
ok    Decisions renders without errors
ok    Fabric renders without errors
ok    Metering renders without errors
ok    Insights renders without errors
ok    Ask your network renders without errors
ok    Carrier view renders without errors
ok    Account renders without errors
ok    Admin: agents renders without errors
ok    Admin: sites renders without errors
ok    Admin: classes renders without errors
ok    Admin: users renders without errors
ok    Admin: settings renders without errors
ok    Admin: audit renders without errors
ok    example hurricane and earthquake alerts appear on Insights
-- lab/ci/checks/m9-public.sh
ok    https://connect.exacarib.com/healthz answers on this host
ok    certificate from Let's Encrypt (issuer=C = US, O = Let's Encrypt, CN = YE1)
ok    portal served
ok    agent endpoints not served publicly
ok    API answers and needs sign-in
ok    connect.exacarib.com reachable from this host over the internet
      web container: running restarts=0
      caddy: {"level":"info","ts":1791076902.8531725,"msg":"using config from file","file":"/etc/caddy/Caddyfile"}
      caddy: {"level":"info","ts":1791076902.8531759,"msg":"adapted config to JSON","adapter":"caddyfile"}
      listening on public addresses: 22 80 443 
ok    controller, database and dev portal stay private
-- lab/ci/checks/m9-traffic.sh
-- priority queues
ok    site-a wg-a: qdisc cake 804b: root refcnt 2 bandwidth 190Mbit diffserv4 triple-isolate nonat nowash no-
ok    site-a wg-b: qdisc cake 804c: root refcnt 2 bandwidth 95Mbit diffserv4 triple-isolate nonat nowash no-a
-- application detection: Zoom-like traffic on UDP 8801 for 4 minutes
ok    site-a reported its flows to UDP 8801
ok    recognised: Zoom meetings seen at site-a: 1 flow(s) to UDP 8801, matches Zoom meetings (calls and meetings); currently unclassified. Suggest voice (real-time priority).
ok    suggests voice
ok    applied as rule 31
ok    site-a classifies UDP 8801-8810 as voice
ok    Zoom flows now report as voice
ok    site-b is unchanged (the rule is for site-a)
-- a customer rule: a subnet and port into business
ok    site-a classifies TCP 5201 to site B as business
ok    the PoP classifies the return direction

== Diagnostics (01:51:44)
pop-miami: running
site-a: running
site-b: running
-- agent log pop-miami
time=2026-10-04T01:49:00.572Z level=INFO msg="class moved" node=pop-miami class=business dst=192.168.10.0/24 from=bgp to=carrier-b why=bfd
time=2026-10-04T01:49:00.572Z level=INFO msg="class moved" node=pop-miami class=bulk dst=192.168.10.0/24 from=paused to=carrier-a why=bfd
time=2026-10-04T01:49:00.572Z level=INFO msg="class moved" node=pop-miami class=voice dst=192.168.20.0/24 from=bgp to=carrier-b why=bfd
time=2026-10-04T01:49:00.572Z level=INFO msg="class moved" node=pop-miami class=business dst=192.168.20.0/24 from=bgp to=carrier-a why=bfd
time=2026-10-04T01:49:00.572Z level=INFO msg="class moved" node=pop-miami class=bulk dst=192.168.20.0/24 from=paused to=carrier-b why=bfd
time=2026-10-04T01:49:01.195Z level=INFO msg="bfd change" node=pop-miami peer=100.64.2.11 tunnel=wg-b status=up
time=2026-10-04T01:49:01.195Z level=INFO msg="bfd change" node=pop-miami peer=100.64.3.11 tunnel=wg-sat status=up
time=2026-10-04T01:49:01.195Z level=INFO msg="bfd change" node=pop-miami peer=100.64.1.11 tunnel=wg-a status=up
time=2026-10-04T01:49:01.208Z level=INFO msg="class moved" node=pop-miami class=voice dst=192.168.10.0/24 from=carrier-b to=carrier-a why=bfd
time=2026-10-04T01:49:01.208Z level=INFO msg="class moved" node=pop-miami class=business dst=192.168.10.0/24 from=carrier-b to=carrier-a why=bfd
time=2026-10-04T01:49:01.208Z level=INFO msg="class moved" node=pop-miami class=voice dst=192.168.20.0/24 from=carrier-b to=carrier-a why=bfd
time=2026-10-04T01:49:01.208Z level=INFO msg="class moved" node=pop-miami class=bulk dst=192.168.20.0/24 from=carrier-b to=carrier-a why=bfd
time=2026-10-04T01:49:07.107Z level=INFO msg="bfd change" node=pop-miami peer=100.64.2.12 tunnel=wg-b status=init
time=2026-10-04T01:49:07.115Z level=INFO msg="class moved" node=pop-miami class=voice dst=192.168.10.0/24 from=carrier-a to=carrier-b why=bfd
time=2026-10-04T01:49:07.115Z level=INFO msg="class moved" node=pop-miami class=business dst=192.168.10.0/24 from=carrier-a to=carrier-b why=bfd
time=2026-10-04T01:49:07.115Z level=INFO msg="class moved" node=pop-miami class=voice dst=192.168.20.0/24 from=carrier-a to=carrier-b why=bfd
time=2026-10-04T01:49:07.115Z level=INFO msg="class moved" node=pop-miami class=business dst=192.168.20.0/24 from=carrier-a to=carrier-b why=bfd
time=2026-10-04T01:49:07.115Z level=INFO msg="class moved" node=pop-miami class=bulk dst=192.168.20.0/24 from=carrier-a to=carrier-b why=bfd
time=2026-10-04T01:49:07.769Z level=INFO msg="bfd change" node=pop-miami peer=100.64.2.12 tunnel=wg-b status=up
time=2026-10-04T01:49:11.751Z level=INFO msg="new steering map" node=pop-miami version=313 storm=false
time=2026-10-04T01:49:11.756Z level=INFO msg="class moved" node=pop-miami class=voice dst=192.168.20.0/24 from=carrier-b to=carrier-a why=controller
time=2026-10-04T01:49:11.756Z level=INFO msg="class moved" node=pop-miami class=business dst=192.168.20.0/24 from=carrier-b to=carrier-a why=controller
time=2026-10-04T01:49:11.756Z level=INFO msg="class moved" node=pop-miami class=bulk dst=192.168.20.0/24 from=carrier-b to=carrier-a why=controller
time=2026-10-04T01:50:41.562Z level=INFO msg="new steering map" node=pop-miami version=314 storm=false
time=2026-10-04T01:51:41.660Z level=INFO msg="new steering map" node=pop-miami version=316 storm=false
-- agent log site-a
time=2026-10-04T01:47:37.891Z level=INFO msg="class moved" node=site-a class=bulk dst="" from=paused to=carrier-b why=bfd
time=2026-10-04T01:47:38.375Z level=INFO msg="bfd change" node=site-a peer=100.64.2.1 tunnel=wg-b status=up
time=2026-10-04T01:47:38.375Z level=INFO msg="bfd change" node=site-a peer=100.64.3.1 tunnel=wg-sat status=up
time=2026-10-04T01:47:38.376Z level=INFO msg="bfd change" node=site-a peer=100.64.1.1 tunnel=wg-a status=up
time=2026-10-04T01:47:38.379Z level=INFO msg="class moved" node=site-a class=bulk dst="" from=carrier-b to=carrier-a why=bfd
time=2026-10-04T01:48:51.365Z level=INFO msg="new steering map" node=site-a version=250 storm=false
time=2026-10-04T01:48:56.365Z level=INFO msg="new desired state" node=site-a version=55
time=2026-10-04T01:48:57.486Z level=INFO msg="bfd change" node=site-a peer=100.64.2.1 tunnel=wg-b status=init
time=2026-10-04T01:48:57.486Z level=INFO msg="bfd change" node=site-a peer=100.64.3.1 tunnel=wg-sat status=init
time=2026-10-04T01:48:57.486Z level=INFO msg="bfd change" node=site-a peer=100.64.1.1 tunnel=wg-a status=init
time=2026-10-04T01:49:00.370Z level=INFO msg="bfd change" node=site-a peer=100.64.3.1 tunnel=wg-sat status=down
time=2026-10-04T01:49:00.411Z level=INFO msg="bfd change" node=site-a peer=100.64.1.1 tunnel=wg-a status=down
time=2026-10-04T01:49:00.416Z level=INFO msg="class moved" node=site-a class=bulk dst="" from=carrier-a to=carrier-b why=bfd
time=2026-10-04T01:49:00.952Z level=INFO msg="bfd change" node=site-a peer=100.64.2.1 tunnel=wg-b status=down
time=2026-10-04T01:49:00.957Z level=INFO msg="class moved" node=site-a class=voice dst="" from=carrier-b to=bgp why=bfd
time=2026-10-04T01:49:00.957Z level=INFO msg="class moved" node=site-a class=business dst="" from=carrier-b to=bgp why=bfd
time=2026-10-04T01:49:00.957Z level=INFO msg="class moved" node=site-a class=bulk dst="" from=carrier-b to=paused why=bfd
time=2026-10-04T01:49:01.406Z level=INFO msg="bfd change" node=site-a peer=100.64.2.1 tunnel=wg-b status=up
time=2026-10-04T01:49:01.406Z level=INFO msg="bfd change" node=site-a peer=100.64.3.1 tunnel=wg-sat status=up
time=2026-10-04T01:49:01.406Z level=INFO msg="bfd change" node=site-a peer=100.64.1.1 tunnel=wg-a status=up
time=2026-10-04T01:49:01.410Z level=INFO msg="class moved" node=site-a class=voice dst="" from=bgp to=carrier-b why=bfd
time=2026-10-04T01:49:01.410Z level=INFO msg="class moved" node=site-a class=business dst="" from=bgp to=carrier-b why=bfd
time=2026-10-04T01:49:01.410Z level=INFO msg="class moved" node=site-a class=bulk dst="" from=paused to=carrier-a why=bfd
time=2026-10-04T01:50:41.428Z level=INFO msg="new steering map" node=site-a version=251 storm=false
time=2026-10-04T01:51:41.417Z level=INFO msg="new steering map" node=site-a version=253 storm=false
-- agent log site-b
time=2026-10-04T01:47:38.551Z level=INFO msg="class moved" node=site-b class=business dst="" from=bgp to=carrier-b why=bfd
time=2026-10-04T01:47:38.551Z level=INFO msg="class moved" node=site-b class=bulk dst="" from=paused to=carrier-b why=bfd
time=2026-10-04T01:48:51.522Z level=INFO msg="new steering map" node=site-b version=160 storm=false
time=2026-10-04T01:48:56.554Z level=INFO msg="new desired state" node=site-b version=21
time=2026-10-04T01:48:57.717Z level=INFO msg="bfd change" node=site-b peer=100.64.3.1 tunnel=wg-sat status=down
time=2026-10-04T01:48:57.717Z level=INFO msg="bfd change" node=site-b peer=100.64.1.1 tunnel=wg-a status=down
time=2026-10-04T01:48:57.717Z level=INFO msg="bfd change" node=site-b peer=100.64.2.1 tunnel=wg-b status=down
time=2026-10-04T01:48:57.721Z level=INFO msg="class moved" node=site-b class=voice dst="" from=carrier-b to=bgp why=bfd
time=2026-10-04T01:48:57.721Z level=INFO msg="class moved" node=site-b class=business dst="" from=carrier-b to=bgp why=bfd
time=2026-10-04T01:48:57.721Z level=INFO msg="class moved" node=site-b class=bulk dst="" from=carrier-b to=paused why=bfd
time=2026-10-04T01:48:59.606Z level=INFO msg="bfd change" node=site-b peer=100.64.3.1 tunnel=wg-sat status=up
time=2026-10-04T01:48:59.606Z level=INFO msg="bfd change" node=site-b peer=100.64.1.1 tunnel=wg-a status=up
time=2026-10-04T01:48:59.609Z level=INFO msg="class moved" node=site-b class=voice dst="" from=bgp to=carrier-a why=bfd
time=2026-10-04T01:48:59.609Z level=INFO msg="class moved" node=site-b class=business dst="" from=bgp to=carrier-a why=bfd
time=2026-10-04T01:48:59.609Z level=INFO msg="class moved" node=site-b class=bulk dst="" from=paused to=carrier-a why=bfd
time=2026-10-04T01:49:07.068Z level=INFO msg="bfd change" node=site-b peer=100.64.2.1 tunnel=wg-b status=init
time=2026-10-04T01:49:07.074Z level=INFO msg="class moved" node=site-b class=voice dst="" from=carrier-a to=carrier-b why=bfd
time=2026-10-04T01:49:07.074Z level=INFO msg="class moved" node=site-b class=business dst="" from=carrier-a to=carrier-b why=bfd
time=2026-10-04T01:49:07.074Z level=INFO msg="class moved" node=site-b class=bulk dst="" from=carrier-a to=carrier-b why=bfd
time=2026-10-04T01:49:07.809Z level=INFO msg="bfd change" node=site-b peer=100.64.2.1 tunnel=wg-b status=up
time=2026-10-04T01:49:11.579Z level=INFO msg="new steering map" node=site-b version=161 storm=false
time=2026-10-04T01:49:11.664Z level=INFO msg="class moved" node=site-b class=voice dst="" from=carrier-b to=carrier-a why=controller
time=2026-10-04T01:49:11.664Z level=INFO msg="class moved" node=site-b class=business dst="" from=carrier-b to=carrier-a why=controller
time=2026-10-04T01:49:11.664Z level=INFO msg="class moved" node=site-b class=bulk dst="" from=carrier-b to=carrier-a why=controller
time=2026-10-04T01:51:41.660Z level=INFO msg="new steering map" node=site-b version=162 storm=false
-- controller log
controller-1  | INFO:     172.18.0.4:58530 - "GET /api/v1/agent/steering?have=251 HTTP/1.0" 204 No Content
controller-1  | INFO:     172.18.0.4:58538 - "GET /api/v1/agent/steering?have=161 HTTP/1.0" 204 No Content
controller-1  | INFO:     172.18.0.4:58542 - "GET /api/v1/agent/steering?have=314 HTTP/1.0" 204 No Content
controller-1  | INFO:     127.0.0.1:48816 - "GET /healthz HTTP/1.1" 200 OK
controller-1  | INFO:     172.18.0.4:58554 - "GET /api/v1/agent/desired-state?have=55 HTTP/1.0" 204 No Content
controller-1  | INFO:     172.18.0.4:58570 - "GET /api/v1/agent/steering?have=251 HTTP/1.0" 204 No Content
controller-1  | INFO:     172.18.0.4:58576 - "POST /api/v1/agent/telemetry HTTP/1.0" 204 No Content
controller-1  | INFO:     172.18.0.4:53006 - "GET /api/v1/agent/desired-state?have=21 HTTP/1.0" 204 No Content
controller-1  | INFO:     172.18.0.4:53018 - "GET /api/v1/agent/desired-state?have=42 HTTP/1.0" 204 No Content
controller-1  | INFO:     172.18.0.4:53026 - "GET /api/v1/agent/steering?have=161 HTTP/1.0" 204 No Content
controller-1  | INFO:     172.18.0.4:53036 - "GET /api/v1/agent/steering?have=314 HTTP/1.0" 204 No Content
controller-1  | INFO:     172.18.0.4:53052 - "POST /api/v1/agent/telemetry HTTP/1.0" 204 No Content
controller-1  | INFO:     172.18.0.4:53054 - "POST /api/v1/agent/telemetry HTTP/1.0" 204 No Content
controller-1  | INFO:     127.0.0.1:55154 - "GET /healthz HTTP/1.1" 200 OK
controller-1  | INFO:     172.18.0.4:53068 - "GET /api/v1/agent/steering?have=251 HTTP/1.0" 204 No Content
controller-1  | INFO:     172.18.0.4:53080 - "GET /api/v1/agent/steering?have=161 HTTP/1.0" 204 No Content
controller-1  | INFO:     172.18.0.4:53092 - "GET /api/v1/agent/steering?have=314 HTTP/1.0" 204 No Content
controller-1  | INFO:     127.0.0.1:55160 - "GET /healthz HTTP/1.1" 200 OK
controller-1  | INFO:     172.18.0.4:53104 - "GET /api/v1/agent/desired-state?have=55 HTTP/1.0" 204 No Content
controller-1  | INFO:     172.18.0.4:53114 - "POST /api/v1/agent/telemetry HTTP/1.0" 204 No Content
controller-1  | INFO:     172.18.0.4:57088 - "GET /api/v1/agent/desired-state?have=21 HTTP/1.0" 204 No Content
controller-1  | INFO:     172.18.0.4:57092 - "GET /api/v1/agent/steering?have=251 HTTP/1.0" 204 No Content
controller-1  | INFO:     172.18.0.4:57106 - "GET /api/v1/agent/steering?have=161 HTTP/1.0" 204 No Content
controller-1  | INFO:     172.18.0.4:57118 - "GET /api/v1/agent/desired-state?have=42 HTTP/1.0" 204 No Content
controller-1  | INFO:     172.18.0.4:57130 - "POST /api/v1/agent/telemetry HTTP/1.0" 204 No Content
controller-1  | INFO:     172.18.0.4:57134 - "GET /api/v1/agent/steering?have=314 HTTP/1.0" 204 No Content
controller-1  | INFO:     172.18.0.4:57136 - "POST /api/v1/agent/telemetry HTTP/1.0" 204 No Content
controller-1  | INFO:     127.0.0.1:53060 - "GET /healthz HTTP/1.1" 200 OK
controller-1  | INFO:     172.18.0.4:57148 - "GET /api/v1/agent/steering?have=251 HTTP/1.0" 204 No Content
controller-1  | INFO:     172.18.0.4:57156 - "GET /api/v1/agent/steering?have=161 HTTP/1.0" 204 No Content
controller-1  | INFO:     172.18.0.4:57162 - "GET /api/v1/agent/steering?have=314 HTTP/1.0" 204 No Content
controller-1  | INFO:     127.0.0.1:53066 - "GET /healthz HTTP/1.1" 200 OK
controller-1  | INFO:     172.18.0.4:57164 - "GET /api/v1/agent/desired-state?have=55 HTTP/1.0" 204 No Content
controller-1  | INFO:     172.18.0.4:57168 - "GET /api/v1/agent/steering?have=251 HTTP/1.0" 204 No Content
controller-1  | INFO:     172.18.0.4:37806 - "GET /api/v1/agent/desired-state?have=21 HTTP/1.0" 204 No Content
controller-1  | INFO:     172.18.0.4:37824 - "GET /api/v1/agent/desired-state?have=42 HTTP/1.0" 204 No Content
controller-1  | INFO:     172.18.0.4:37820 - "POST /api/v1/agent/telemetry HTTP/1.0" 204 No Content
controller-1  | INFO:     172.18.0.4:37830 - "GET /api/v1/agent/steering?have=314 HTTP/1.0" 204 No Content
controller-1  | INFO:     172.18.0.4:37846 - "POST /api/v1/agent/telemetry HTTP/1.0" 204 No Content
controller-1  | INFO:     172.18.0.4:37852 - "GET /api/v1/agent/steering?have=161 HTTP/1.0" 204 No Content
controller-1  | INFO:     172.18.0.4:37860 - "POST /api/v1/agent/telemetry HTTP/1.0" 204 No Content
controller-1  | INFO:     172.18.0.1:45096 - "POST /api/v1/auth/login HTTP/1.1" 200 OK
controller-1  | INFO:     172.18.0.1:45104 - "DELETE /api/v1/customers/4d26813b-aaa6-4be7-9b73-1730be959882/rules/31 HTTP/1.1" 204 No Content
controller-1  | INFO:     172.18.0.1:45114 - "POST /api/v1/auth/login HTTP/1.1" 200 OK
controller-1  | INFO:     172.18.0.1:45122 - "POST /api/v1/customers/4d26813b-aaa6-4be7-9b73-1730be959882/rules HTTP/1.1" 201 Created
controller-1  | INFO:     127.0.0.1:44468 - "GET /healthz HTTP/1.1" 200 OK
controller-1  | INFO:     172.18.0.4:37862 - "GET /api/v1/agent/steering?have=251 HTTP/1.0" 200 OK
controller-1  | INFO:     172.18.0.4:37864 - "GET /api/v1/agent/steering?have=161 HTTP/1.0" 200 OK
controller-1  | INFO:     172.18.0.4:37866 - "GET /api/v1/agent/steering?have=314 HTTP/1.0" 200 OK
controller-1  | INFO:     172.18.0.1:45128 - "POST /api/v1/auth/login HTTP/1.1" 200 OK
controller-1  | INFO:     172.18.0.1:45132 - "DELETE /api/v1/customers/4d26813b-aaa6-4be7-9b73-1730be959882/rules/32 HTTP/1.1" 204 No Content
controller-1  | INFO:     127.0.0.1:44506 - "GET /healthz HTTP/1.1" 200 OK
controller-1  | INFO:     172.18.0.4:37880 - "GET /api/v1/agent/desired-state?have=55 HTTP/1.0" 204 No Content
controller-1  | INFO:     172.18.0.4:37894 - "POST /api/v1/agent/telemetry HTTP/1.0" 204 No Content
controller-1  | INFO:     172.18.0.4:37910 - "GET /api/v1/agent/steering?have=253 HTTP/1.0" 200 OK
controller-1  | INFO:     172.18.0.4:46764 - "GET /api/v1/agent/desired-state?have=21 HTTP/1.0" 204 No Content
controller-1  | INFO:     172.18.0.4:46772 - "GET /api/v1/agent/desired-state?have=42 HTTP/1.0" 204 No Content
controller-1  | INFO:     172.18.0.4:46788 - "GET /api/v1/agent/steering?have=316 HTTP/1.0" 200 OK
controller-1  | INFO:     172.18.0.4:46778 - "POST /api/v1/agent/telemetry HTTP/1.0" 204 No Content
controller-1  | INFO:     172.18.0.4:46794 - "GET /api/v1/agent/steering?have=162 HTTP/1.0" 200 OK
-- controller containers
exaconnect-controller-1 Up 5 minutes (healthy)
exaconnect-db-1 Up 2 days (healthy)
exaconnect-proxy-1 Up 5 minutes
exaconnect-web-1 Up 30 minutes
/exaconnect-controller-1 restarts 0, started 2026-10-04T01:46:24.806136352Z, OOM killed false
/exaconnect-db-1 restarts 0, started 2026-10-01T05:06:52.589123103Z, OOM killed false
/exaconnect-proxy-1 restarts 0, started 2026-10-04T01:46:34.481966768Z, OOM killed false
/exaconnect-web-1 restarts 0, started 2026-10-04T01:21:41.781693794Z, OOM killed false
-- host
 03:51:48 up 3 days, 16 min,  0 user,  load average: 2.66, 4.08, 5.81
               total        used        free      shared  buff/cache   available
Mem:            7941        1762        5047         141        1579        6178
Swap:              0           0           0
procs -----------memory---------- ---swap-- -----io---- -system-- -------cpu-------
 r  b   swpd   free   buff  cache   si   so    bi    bo   in   cs us sy id wa st gu
 3  0      0 5168788  22552 1594360    0    0    49   250 4966   18  6 20 74  0  0  0
 3  0      0 5162628  22552 1594360    0    0     0   192 3784 4834  6 24 70  0  0  0
17  0      0 5173516  22552 1594360    0    0     0   116 4292 5094  7 19 74  0  0  0
make: *** [Makefile:102: lab-ci] Error 1
