commit f0ca3bf: Lab: LAN hosts route the PoP's internet side through their site

== Redeploying the lab (03:00:54)
DEPRECATED: The legacy builder is deprecated and will be removed in a future release.
            Install the buildx component to build images with BuildKit:
            https://docs.docker.com/go/buildx/

Sending build context to Docker daemon   2.56kB
Step 1/5 : FROM quay.io/frrouting/frr:10.2.1
 ---> e47e67bd6120
Step 2/5 : RUN apk add --no-cache       bash iproute2 iproute2-tc nftables wireguard-tools       iperf3 tcpdump iputils curl jq ethtool conntrack-tools strongswan
 ---> Using cache
 ---> 7a437e8c8c8c
Step 3/5 : RUN sed -i -e 's/^bgpd=no/bgpd=yes/' -e 's/^bfdd=no/bfdd=yes/' /etc/frr/daemons
 ---> Using cache
 ---> 4b76442afc62
Step 4/5 : RUN touch /etc/frr/vtysh.conf
 ---> Using cache
 ---> f26a5f558c80
Step 5/5 : RUN ln -s /opt/exaconnect/bin/exa-agent /usr/local/bin/exa-agent
 ---> Using cache
 ---> 988f106f45d9
Successfully built 988f106f45d9
Successfully tagged exaconnect/node:dev
05:01:26 INFO Containerlab started version=0.79.0
05:01:26 INFO Parsing & checking topology file=exaconnect.clab.yml
05:01:26 INFO Removing directory path=/root/exaconnect/lab/clab-exaconnect
05:01:26 INFO Creating lab directory path=/root/exaconnect/lab/clab-exaconnect
05:01:26 INFO Creating container name=lan-pop
05:01:26 INFO Creating container name=site-b
05:01:26 INFO Creating container name=site-a
05:01:26 INFO Creating container name=cloud-aws
05:01:28 INFO Creating container name=lan-b
05:01:29 INFO Creating container name=cloud-azure
05:01:30 INFO Creating container name=lan-a
05:01:30 INFO Created link: site-b:eth4 ▪┄┄▪ lan-b:eth1
05:01:30 INFO Creating container name=carrier-a
05:01:31 INFO Created link: site-a:eth4 ▪┄┄▪ lan-a:eth1
05:01:31 INFO Created link: carrier-a:eth2 ▪┄┄▪ site-a:eth1
05:01:31 INFO Creating container name=ix
05:01:31 INFO Created link: carrier-a:eth3 ▪┄┄▪ site-b:eth1
05:01:32 INFO Creating container name=pop-miami
05:01:32 INFO Creating container name=carrier-b
05:01:32 INFO Creating container name=sat
05:01:33 INFO Created link: ix:eth2 ▪┄┄▪ cloud-aws:eth1
05:01:33 INFO Created link: ix:eth3 ▪┄┄▪ cloud-azure:eth1
05:01:33 INFO Created link: carrier-a:eth1 ▪┄┄▪ pop-miami:eth1
05:01:33 INFO Created link: pop-miami:eth4 ▪┄┄▪ lan-pop:eth1
05:01:33 INFO Created link: pop-miami:eth5 ▪┄┄▪ ix:eth1
05:01:33 INFO Created link: carrier-b:eth1 ▪┄┄▪ pop-miami:eth2
05:01:33 INFO Created link: carrier-b:eth2 ▪┄┄▪ site-a:eth2
05:01:33 INFO Created link: carrier-b:eth3 ▪┄┄▪ site-b:eth2
05:01:33 INFO Created link: sat:eth1 ▪┄┄▪ pop-miami:eth3
05:01:33 INFO Created link: sat:eth2 ▪┄┄▪ site-a:eth3
05:01:33 INFO Created link: sat:eth3 ▪┄┄▪ site-b:eth3
05:01:35 INFO Executed command node=cloud-aws command="sysctl -w net.ipv4.ip_forward=1"
  stdout=
  │ net.ipv4.ip_forward = 1

05:01:35 INFO Executed command node=lan-pop command="ip addr add 10.200.0.10/24 dev eth1" stdout=""
05:01:35 INFO Executed command node=cloud-aws command="ip addr add 100.64.10.2/24 dev eth1" stdout=""
05:01:35 INFO Executed command node=lan-pop command="ip route replace 192.168.0.0/16 via 10.200.0.1" stdout=""
05:01:35 INFO Executed command node=cloud-aws command="ip route add 100.64.0.0/24 via 100.64.10.1" stdout=""
05:01:35 INFO Executed command node=site-a command="sysctl -w net.ipv4.ip_forward=1"
  stdout=
  │ net.ipv4.ip_forward = 1

05:01:35 INFO Executed command node=site-b command="sysctl -w net.ipv4.ip_forward=1"
  stdout=
  │ net.ipv4.ip_forward = 1

05:01:35 INFO Executed command node=site-a command="sysctl -w net.ipv4.conf.all.rp_filter=2"
  stdout=
  │ net.ipv4.conf.all.rp_filter = 2

05:01:35 INFO Executed command node=cloud-aws command="ip link add vpc type dummy" stdout=""
05:01:35 INFO Executed command node=site-b command="sysctl -w net.ipv4.conf.all.rp_filter=2"
  stdout=
  │ net.ipv4.conf.all.rp_filter = 2

05:01:35 INFO Executed command node=site-a command="ip addr add 10.11.1.2/24 dev eth1" stdout=""
05:01:35 INFO Executed command node=cloud-aws command="ip addr add 10.100.0.1/16 dev vpc" stdout=""
05:01:35 INFO Executed command node=site-a command="ip addr add 10.12.1.2/24 dev eth2" stdout=""
05:01:35 INFO Executed command node=site-b command="ip addr add 10.11.2.2/24 dev eth1" stdout=""
05:01:35 INFO Executed command node=site-a command="ip addr add 10.13.1.2/24 dev eth3" stdout=""
05:01:35 INFO Executed command node=cloud-aws command="ip link set vpc up" stdout=""
05:01:35 INFO Executed command node=site-b command="ip addr add 10.12.2.2/24 dev eth2" stdout=""
05:01:35 INFO Executed command node=site-a command="ip addr add 192.168.10.1/24 dev eth4" stdout=""
05:01:35 INFO Executed command node=site-b command="ip addr add 10.13.2.2/24 dev eth3" stdout=""
05:01:35 INFO Executed command node=site-a command="ip route add 10.11.0.0/24 via 10.11.1.1" stdout=""
05:01:35 INFO Executed command node=site-b command="ip addr add 192.168.20.1/24 dev eth4" stdout=""
05:01:35 INFO Executed command node=site-a command="ip route add 10.12.0.0/24 via 10.12.1.1" stdout=""
05:01:35 INFO Executed command node=site-b command="ip route add 10.11.0.0/24 via 10.11.2.1" stdout=""
05:01:35 INFO Executed command node=site-a command="ip route add 10.13.0.0/24 via 10.13.1.1" stdout=""
05:01:35 INFO Executed command node=site-b command="ip route add 10.12.0.0/24 via 10.12.2.1" stdout=""
05:01:35 INFO Executed command node=lan-b command="ip addr add 192.168.20.10/24 dev eth1" stdout=""
05:01:35 INFO Executed command node=site-b command="ip route add 10.13.0.0/24 via 10.13.2.1" stdout=""
05:01:35 INFO Executed command node=lan-b command="ip route replace 192.168.0.0/16 via 192.168.20.1" stdout=""
05:01:35 INFO Executed command node=lan-b command="ip route replace 10.200.0.0/24 via 192.168.20.1" stdout=""
05:01:35 INFO Executed command node=lan-b command="ip route replace 10.100.0.0/15 via 192.168.20.1" stdout=""
05:01:35 INFO Executed command node=cloud-azure command="sysctl -w net.ipv4.ip_forward=1"
  stdout=
  │ net.ipv4.ip_forward = 1

05:01:35 INFO Executed command node=lan-b command="ip route replace 198.51.100.0/24 via 192.168.20.1" stdout=""
05:01:35 INFO Executed command node=cloud-azure command="ip addr add 100.64.11.2/24 dev eth1" stdout=""
05:01:35 INFO Executed command node=lan-b command="ip route replace 100.64.0.0/24 via 192.168.20.1" stdout=""
05:01:35 INFO Executed command node=cloud-azure command="ip route add 100.64.0.0/24 via 100.64.11.1" stdout=""
05:01:35 INFO Executed command node=lan-a command="ip addr add 192.168.10.10/24 dev eth1" stdout=""
05:01:35 INFO Executed command node=lan-b command="ip link add link eth1 name eth1.200 type vlan id 200" stdout=""
05:01:35 INFO Executed command node=lan-a command="ip route replace 192.168.0.0/16 via 192.168.10.1" stdout=""
05:01:35 INFO Executed command node=lan-b command="ip addr add 172.16.100.20/24 dev eth1.200" stdout=""
05:01:35 INFO Executed command node=cloud-azure command="ip link add vpc type dummy" stdout=""
05:01:35 INFO Executed command node=lan-b command="ip link set eth1.200 mtu 1370 up" stdout=""
05:01:35 INFO Executed command node=lan-a command="ip route replace 10.200.0.0/24 via 192.168.10.1" stdout=""
05:01:35 INFO Executed command node=cloud-azure command="ip addr add 10.101.0.1/16 dev vpc" stdout=""
05:01:35 INFO Executed command node=carrier-a command="sysctl -w net.ipv4.ip_forward=1"
  stdout=
  │ net.ipv4.ip_forward = 1

05:01:35 INFO Executed command node=lan-a command="ip route replace 10.100.0.0/15 via 192.168.10.1" stdout=""
05:01:35 INFO Executed command node=cloud-azure command="ip link set vpc up" stdout=""
05:01:35 INFO Executed command node=lan-a command="ip route replace 198.51.100.0/24 via 192.168.10.1" stdout=""
05:01:35 INFO Executed command node=carrier-a command="ip addr add 10.11.0.1/24 dev eth1" stdout=""
05:01:35 INFO Executed command node=lan-a command="ip route replace 100.64.0.0/24 via 192.168.10.1" stdout=""
05:01:35 INFO Executed command node=carrier-a command="ip addr add 10.11.1.1/24 dev eth2" stdout=""
05:01:35 INFO Executed command node=lan-a command="ip link add link eth1 name eth1.100 type vlan id 100" stdout=""
05:01:35 INFO Executed command node=carrier-a command="ip addr add 10.11.2.1/24 dev eth3" stdout=""
05:01:35 INFO Executed command node=lan-a command="ip addr add 172.16.100.10/24 dev eth1.100" stdout=""
05:01:35 INFO Executed command node=carrier-a command="ip link add inet type dummy" stdout=""
05:01:35 INFO Executed command node=lan-a command="ip link set eth1.100 mtu 1370 up" stdout=""
05:01:35 INFO Executed command node=carrier-a command="ip addr add 198.51.100.1/24 dev inet" stdout=""
05:01:35 INFO Executed command node=carrier-a command="ip link set inet up" stdout=""
05:01:35 INFO Executed command node=ix command="sysctl -w net.ipv4.ip_forward=1"
  stdout=
  │ net.ipv4.ip_forward = 1

05:01:35 INFO Executed command node=ix command="ip addr add 100.64.0.1/24 dev eth1" stdout=""
05:01:35 INFO Executed command node=pop-miami command="sysctl -w net.ipv4.ip_forward=1"
  stdout=
  │ net.ipv4.ip_forward = 1

05:01:35 INFO Executed command node=carrier-b command="sysctl -w net.ipv4.ip_forward=1"
  stdout=
  │ net.ipv4.ip_forward = 1

05:01:35 INFO Executed command node=ix command="ip addr add 100.64.10.1/24 dev eth2" stdout=""
05:01:35 INFO Executed command node=pop-miami command="sysctl -w net.ipv4.conf.all.rp_filter=2"
  stdout=
  │ net.ipv4.conf.all.rp_filter = 2

05:01:35 INFO Executed command node=pop-miami command="ip addr add 10.11.0.2/24 dev eth1" stdout=""
05:01:35 INFO Executed command node=ix command="ip addr add 100.64.11.1/24 dev eth3" stdout=""
05:01:35 INFO Executed command node=carrier-b command="ip addr add 10.12.0.1/24 dev eth1" stdout=""
05:01:35 INFO Executed command node=sat command="sysctl -w net.ipv4.ip_forward=1"
  stdout=
  │ net.ipv4.ip_forward = 1

05:01:35 INFO Executed command node=ix command="ip link add inet type dummy" stdout=""
05:01:35 INFO Executed command node=pop-miami command="ip addr add 10.12.0.2/24 dev eth2" stdout=""
05:01:35 INFO Executed command node=carrier-b command="ip addr add 10.12.1.1/24 dev eth2" stdout=""
05:01:35 INFO Executed command node=sat command="ip addr add 10.13.0.1/24 dev eth1" stdout=""
05:01:35 INFO Executed command node=ix command="ip addr add 198.51.100.1/24 dev inet" stdout=""
05:01:35 INFO Executed command node=pop-miami command="ip addr add 10.13.0.2/24 dev eth3" stdout=""
05:01:35 INFO Executed command node=sat command="ip addr add 10.13.1.1/24 dev eth2" stdout=""
05:01:35 INFO Executed command node=carrier-b command="ip addr add 10.12.2.1/24 dev eth3" stdout=""
05:01:35 INFO Executed command node=sat command="ip addr add 10.13.2.1/24 dev eth3" stdout=""
05:01:35 INFO Executed command node=ix command="ip link set inet up" stdout=""
05:01:35 INFO Executed command node=carrier-b command="ip link add inet type dummy" stdout=""
05:01:35 INFO Executed command node=pop-miami command="ip addr add 10.200.0.1/24 dev eth4" stdout=""
05:01:35 INFO Executed command node=sat command="ip link add inet type dummy" stdout=""
05:01:35 INFO Executed command node=carrier-b command="ip addr add 198.51.100.1/24 dev inet" stdout=""
05:01:35 INFO Executed command node=pop-miami command="ip addr add 100.64.0.2/24 dev eth5" stdout=""
05:01:35 INFO Executed command node=carrier-b command="ip link set inet up" stdout=""
05:01:35 INFO Executed command node=sat command="ip addr add 198.51.100.1/24 dev inet" stdout=""
05:01:35 INFO Executed command node=pop-miami command="ip route add 100.64.10.0/24 via 100.64.0.1" stdout=""
05:01:35 INFO Executed command node=sat command="ip link set inet up" stdout=""
05:01:35 INFO Executed command node=pop-miami command="ip route add 100.64.11.0/24 via 100.64.0.1" stdout=""
05:01:35 INFO Executed command node=pop-miami command="ip route add 10.11.0.0/16 via 10.11.0.1" stdout=""
05:01:35 INFO Executed command node=pop-miami command="ip route add 10.12.0.0/16 via 10.12.0.1" stdout=""
05:01:35 INFO Executed command node=pop-miami command="ip route add 10.13.0.0/16 via 10.13.0.1" stdout=""
05:01:35 INFO Adding host entries path=/etc/hosts
05:01:35 INFO Adding SSH config for nodes path=/etc/ssh/ssh_config.d/clab-exaconnect.conf
[1m╭[0m[1m─────────────────────────────[0m[1m┬[0m[1m─────────────────────[0m[1m┬[0m[1m─────────[0m[1m┬[0m[1m────────────────[0m[1m╮[0m
[1m│[0m[1m             Name            [0m[1m│[0m[1m      Kind/Image     [0m[1m│[0m[1m  State  [0m[1m│[0m[1m IPv4/6 Address [0m[1m│[0m
[1m├[0m[1m─────────────────────────────[0m[1m┼[0m[1m─────────────────────[0m[1m┼[0m[1m─────────[0m[1m┼[0m[1m────────────────[0m[1m┤[0m
│ clab-exaconnect-carrier-a   │ linux               │ running │ 172.30.0.11    │
│                             │ exaconnect/node:dev │         │ N/A            │
├─────────────────────────────┼─────────────────────┼─────────┼────────────────┤
│ clab-exaconnect-carrier-b   │ linux               │ running │ 172.30.0.12    │
│                             │ exaconnect/node:dev │         │ N/A            │
├─────────────────────────────┼─────────────────────┼─────────┼────────────────┤
│ clab-exaconnect-cloud-aws   │ linux               │ running │ 172.30.0.51    │
│                             │ exaconnect/node:dev │         │ N/A            │
├─────────────────────────────┼─────────────────────┼─────────┼────────────────┤
│ clab-exaconnect-cloud-azure │ linux               │ running │ 172.30.0.52    │
│                             │ exaconnect/node:dev │         │ N/A            │
├─────────────────────────────┼─────────────────────┼─────────┼────────────────┤
│ clab-exaconnect-ix          │ linux               │ running │ 172.30.0.14    │
│                             │ exaconnect/node:dev │         │ N/A            │
├─────────────────────────────┼─────────────────────┼─────────┼────────────────┤
│ clab-exaconnect-lan-a       │ linux               │ running │ 172.30.0.41    │
│                             │ exaconnect/node:dev │         │ N/A            │
├─────────────────────────────┼─────────────────────┼─────────┼────────────────┤
│ clab-exaconnect-lan-b       │ linux               │ running │ 172.30.0.42    │
│                             │ exaconnect/node:dev │         │ N/A            │
├─────────────────────────────┼─────────────────────┼─────────┼────────────────┤
│ clab-exaconnect-lan-pop     │ linux               │ running │ 172.30.0.43    │
│                             │ exaconnect/node:dev │         │ N/A            │
├─────────────────────────────┼─────────────────────┼─────────┼────────────────┤
│ clab-exaconnect-pop-miami   │ linux               │ running │ 172.30.0.20    │
│                             │ exaconnect/node:dev │         │ N/A            │
├─────────────────────────────┼─────────────────────┼─────────┼────────────────┤
│ clab-exaconnect-sat         │ linux               │ running │ 172.30.0.13    │
│                             │ exaconnect/node:dev │         │ N/A            │
├─────────────────────────────┼─────────────────────┼─────────┼────────────────┤
│ clab-exaconnect-site-a      │ linux               │ running │ 172.30.0.31    │
│                             │ exaconnect/node:dev │         │ N/A            │
├─────────────────────────────┼─────────────────────┼─────────┼────────────────┤
│ clab-exaconnect-site-b      │ linux               │ running │ 172.30.0.32    │
│                             │ exaconnect/node:dev │         │ N/A            │
╰─────────────────────────────┴─────────────────────┴─────────┴────────────────╯
carrier-a  rtt     25ms  jitter     2ms  loss     0%
carrier-b  rtt     35ms  jitter     4ms  loss     0%
sat        rtt     45ms  jitter    10ms  loss   0.5%
ok    site-a  -> PoP via carrier-a avg rtt 31.419ms
ok    site-a  -> PoP via carrier-b avg rtt 45.495ms
ok    site-a  -> PoP via sat       avg rtt 50.344ms
ok    site-b  -> PoP via carrier-a avg rtt 26.955ms
ok    site-b  -> PoP via carrier-b avg rtt 37.951ms
ok    site-b  -> PoP via sat       avg rtt 49.735ms

== Controller (03:01:43)
.env ready (admin: admin@exacarib.local)
time="2026-10-04T05:01:44+02:00" level=warning msg="Docker Compose is configured to build using Bake, but buildx isn't installed"
#0 building with "default" instance using docker driver

#1 [controller internal] load build definition from Dockerfile
#1 transferring dockerfile: 559B 0.0s done
#1 DONE 0.0s

#2 [controller internal] load metadata for docker.io/library/python:3.12-slim
#2 DONE 0.3s

#3 [controller internal] load .dockerignore
#3 transferring context: 2B done
#3 DONE 0.0s

#4 [controller 1/5] FROM docker.io/library/python:3.12-slim@sha256:dddfd7e07f9d15aeeca61529320492139d21cac7f0070c00609243e51e4e0016
#4 resolve docker.io/library/python:3.12-slim@sha256:dddfd7e07f9d15aeeca61529320492139d21cac7f0070c00609243e51e4e0016 0.1s done
#4 DONE 0.1s

#5 [controller internal] load build context
#5 transferring context: 3.32kB done
#5 DONE 0.0s

#6 [controller 3/5] COPY pyproject.toml ./
#6 CACHED

#7 [controller 4/5] COPY exaconnect_controller ./exaconnect_controller
#7 CACHED

#8 [controller 2/5] WORKDIR /app
#8 CACHED

#9 [controller 5/5] RUN pip install --no-cache-dir . && mkdir -p /data && chown nobody:nogroup /data
#9 CACHED

#10 [controller] exporting to image
#10 exporting layers 0.0s done
#10 exporting manifest sha256:273ec1f89ef47fc5b5bf237db0a3ea353ac8a08a9b0dcd31fc846c875160ff9e done
#10 exporting config sha256:2960bce5aa63756fb20fcad7716a3a24787889e309f87c258d26a66d11efc63e done
#10 exporting attestation manifest sha256:489530522364871f6b04b357358f1b90d175444e266b114d431e5b91a9423642 0.1s done
#10 exporting manifest list sha256:2a0ad18ca518cbcb66cdc753d0c9d1b4e09b40327f1053636b1369f52901f6ae
#10 exporting manifest list sha256:2a0ad18ca518cbcb66cdc753d0c9d1b4e09b40327f1053636b1369f52901f6ae 0.0s done
#10 naming to docker.io/library/exaconnect-controller:latest done
#10 unpacking to docker.io/library/exaconnect-controller:latest 0.0s done
#10 DONE 0.3s

#11 [controller] resolving provenance for metadata file
#11 DONE 0.0s
 controller  Built
time="2026-10-04T05:01:45+02:00" level=warning msg="Found orphan containers ([exaconnect-web-1]) for this project. If you removed or renamed this service in your compose file, you can run this command with the --remove-orphans flag to clean it up."
 Container exaconnect-db-1  Running
 Container exaconnect-controller-1  Recreate
 Container exaconnect-controller-1  Recreated
 Container exaconnect-proxy-1  Running
 Container exaconnect-db-1  Waiting
 Container exaconnect-db-1  Healthy
 Container exaconnect-controller-1  Starting
 Container exaconnect-controller-1  Started
 Container exaconnect-controller-1  Waiting
 Container exaconnect-controller-1  Healthy
 Container exaconnect-db-1  Waiting
 Container exaconnect-controller-1  Waiting
 Container exaconnect-proxy-1  Waiting
 Container exaconnect-db-1  Healthy
 Container exaconnect-controller-1  Healthy
 Container exaconnect-proxy-1  Healthy
time="2026-10-04T05:01:54+02:00" level=warning msg="Found orphan containers ([exaconnect-web-1]) for this project. If you removed or renamed this service in your compose file, you can run this command with the --remove-orphans flag to clean it up."
 Container exaconnect-proxy-1  Recreate
 Container exaconnect-proxy-1  Recreated
 Container exaconnect-proxy-1  Starting
 Container exaconnect-proxy-1  Started
 Container exaconnect-proxy-1  Waiting
 Container exaconnect-proxy-1  Healthy

== Agents (03:01:57)
time=2026-10-04T03:02:00.183Z level=INFO msg=enrolled node=pop-miami node_id=dec75881-7217-446d-832c-429602f9c0df wg_public_key="[key]"
time=2026-10-04T03:02:00.493Z level=INFO msg=enrolled node=site-a node_id=55cd6032-22e4-451d-8e47-90746e013ee6 wg_public_key="[key]"
time=2026-10-04T03:02:00.759Z level=INFO msg=enrolled node=site-b node_id=2ff0d83d-5c32-45f9-bf78-6510a4394233 wg_public_key="[key]"
pop-miami: agent started
site-a: agent started
site-b: agent started

== Public portal (03:02:01)
time="2026-10-04T05:02:02+02:00" level=warning msg="Docker Compose is configured to build using Bake, but buildx isn't installed"
#0 building with "default" instance using docker driver

#1 [controller internal] load build definition from Dockerfile
#1 transferring dockerfile:
#1 transferring dockerfile: 559B 0.0s done
#1 DONE 0.2s

#2 [controller internal] load metadata for docker.io/library/python:3.12-slim
#2 DONE 0.2s

#3 [controller internal] load .dockerignore
#3 transferring context: 2B done
#3 DONE 0.0s

#4 [controller internal] load build context
#4 DONE 0.0s

#5 [controller 1/5] FROM docker.io/library/python:3.12-slim@sha256:dddfd7e07f9d15aeeca61529320492139d21cac7f0070c00609243e51e4e0016
#5 resolve docker.io/library/python:3.12-slim@sha256:dddfd7e07f9d15aeeca61529320492139d21cac7f0070c00609243e51e4e0016 0.1s done
#5 DONE 0.1s

#4 [controller internal] load build context
#4 transferring context: 3.32kB 0.0s done
#4 DONE 0.1s

#6 [controller 4/5] COPY exaconnect_controller ./exaconnect_controller
#6 CACHED

#7 [controller 2/5] WORKDIR /app
#7 CACHED

#8 [controller 3/5] COPY pyproject.toml ./
#8 CACHED

#9 [controller 5/5] RUN pip install --no-cache-dir . && mkdir -p /data && chown nobody:nogroup /data
#9 CACHED

#10 [controller] exporting to image
#10 exporting layers 0.0s done
#10 exporting manifest sha256:273ec1f89ef47fc5b5bf237db0a3ea353ac8a08a9b0dcd31fc846c875160ff9e done
#10 exporting config sha256:2960bce5aa63756fb20fcad7716a3a24787889e309f87c258d26a66d11efc63e done
#10 exporting attestation manifest sha256:787218d6f60538de0a90c0b2d2a37a44eea0f181001e0e6e221397bfae784cef 0.1s done
#10 exporting manifest list sha256:5fa4c09a4ce6a435ebdd473fd95f5a02226300361f68e8d1a87fa6604afcfffc 0.0s done
#10 naming to docker.io/library/exaconnect-controller:latest done
#10 unpacking to docker.io/library/exaconnect-controller:latest 0.0s done
#10 DONE 0.4s

#11 [controller] resolving provenance for metadata file
#11 DONE 0.1s

#12 [web internal] load build definition from Dockerfile
#12 transferring dockerfile: 529B 0.0s done
#12 DONE 0.0s

#13 [web internal] load metadata for docker.io/library/node:22-alpine
#13 ...

#14 [web internal] load metadata for docker.io/library/caddy:2-alpine
#14 DONE 0.5s

#13 [web internal] load metadata for docker.io/library/node:22-alpine
#13 DONE 0.5s

#15 [web internal] load .dockerignore
#15 transferring context: 2B done
#15 DONE 0.0s

#16 [web stage-1 1/3] FROM docker.io/library/caddy:2-alpine@sha256:881bbc60f9986d5ab8e7cfd6cf7e4ef3c9c0439fef2429d035d065577882f028
#16 resolve docker.io/library/caddy:2-alpine@sha256:881bbc60f9986d5ab8e7cfd6cf7e4ef3c9c0439fef2429d035d065577882f028 0.1s done
#16 DONE 0.1s

#17 [web portal 1/6] FROM docker.io/library/node:22-alpine@sha256:0a7108bf6c7bf5de370ffb1a3ed6be93d405b43ff159f681a8d18c0e2bc2e402
#17 resolve docker.io/library/node:22-alpine@sha256:0a7108bf6c7bf5de370ffb1a3ed6be93d405b43ff159f681a8d18c0e2bc2e402 0.1s done
#17 DONE 0.1s

#18 [web internal] load build context
#18 transferring context: 97.50kB 0.2s done
#18 DONE 0.2s

#19 [web portal 3/6] COPY portal/package.json portal/package-lock.json ./
#19 CACHED

#20 [web stage-1 2/3] COPY deploy/public/Caddyfile /etc/caddy/Caddyfile
#20 CACHED

#21 [web portal 2/6] WORKDIR /src/portal
#21 CACHED

#22 [web portal 4/6] RUN npm ci --no-audit --no-fund
#22 CACHED

#23 [web portal 5/6] COPY portal/ ./
#23 CACHED

#24 [web portal 6/6] RUN npm run build
#24 CACHED

#25 [web stage-1 3/3] COPY --from=portal /src/portal/dist /srv/portal
#25 CACHED

#26 [web] exporting to image
#26 exporting layers 0.0s done
#26 exporting manifest sha256:a2d74fd6413452c4446d7242c7b70b12319b6f2380368df86748194626c235dd done
#26 exporting config sha256:7846c70a172cb056bbb75735a7ae296278957e861a18099c0db054ddebc6c3f0 done
#26 exporting attestation manifest sha256:abe4820306792dcd8ad8f2f29c922bdaf802c5dffa3ab432100830795eae207a 0.1s done
#26 exporting manifest list sha256:6596c76a0b404a9f8a8f8cc61d03a6467192eb70fea33839f75cd35b61243693
#26 exporting manifest list sha256:6596c76a0b404a9f8a8f8cc61d03a6467192eb70fea33839f75cd35b61243693 0.1s done
#26 naming to docker.io/library/exaconnect-web:latest 0.0s done
#26 unpacking to docker.io/library/exaconnect-web:latest 0.1s done
#26 DONE 0.4s

#27 [web] resolving provenance for metadata file
#27 DONE 0.0s
 controller  Built
 web  Built
 Container exaconnect-db-1  Running
 Container exaconnect-controller-1  Recreate
 Container exaconnect-controller-1  Recreated
 Container exaconnect-web-1  Recreate
 Container exaconnect-web-1  Recreated
 Container exaconnect-db-1  Waiting
 Container exaconnect-db-1  Healthy
 Container exaconnect-controller-1  Starting
 Container exaconnect-controller-1  Started
 Container exaconnect-controller-1  Waiting
 Container exaconnect-controller-1  Healthy
 Container exaconnect-web-1  Starting
 Container exaconnect-web-1  Started
 Container exaconnect-controller-1  Waiting
 Container exaconnect-web-1  Waiting
 Container exaconnect-db-1  Waiting
 Container exaconnect-web-1  Healthy
 Container exaconnect-controller-1  Healthy
 Container exaconnect-db-1  Healthy

== Waiting for tunnels, BGP and BFD (03:02:19)

== Checks (03:02:23)
-- lab/scripts/check-routing.sh
ok    site-a wg-a handshake 22s ago
ok    site-a wg-b handshake 22s ago
ok    site-a wg-sat handshake 23s ago
ok    site-b wg-a handshake 23s ago
ok    site-b wg-b handshake 23s ago
ok    site-b wg-sat handshake 23s ago
ok    pop-miami BGP 6/6 established
ok    pop-miami BFD 6/6 up
ok    site-a BGP 3/3 established
ok    site-a BFD 3/3 up
ok    site-b BGP 3/3 established
ok    site-b BFD 3/3 up
ok    lan-a -> lan-b (site-a to site-b via the PoP)
ok    lan-b -> lan-a
ok    lan-a -> lan-pop

  traceroute to 192.168.20.10 (192.168.20.10), 30 hops max, 46 byte packets
   1  192.168.10.1  0.010 ms
   2  100.64.1.1  28.913 ms
   3  100.64.1.12  86.498 ms
   4  192.168.20.10  56.433 ms
-- lab/ci/checks/m0-timing.sh
-- host timing
      clocksource kvm-clock, available: kvm-clock hpet acpi_pm 
      kernel 6.8.0-139-generic, timers: hres_active    : 1, resolution: 1 nsecs
      HZ 1000, 4 CPUs, load 6.70 5.63 5.83
      netem on carrier-a: qdisc netem 8084: root refcnt 5 limit 10000 delay 12.5ms  1ms seed 9717127554986641972
      cpuidle driver none, governor menu
      (netem asks for 25 ms on A and 35 ms on B round trip, with 2 and 4 ms jitter; min/avg/max/mdev)
      site-a to lan-a (no netem):              0.036/0.099/1.202/0.144 ms
      site-a to carrier-a router (one netem):  10.443/12.951/16.381/1.193 ms
      site-a to PoP underlay via carrier A:    22.266/26.222/51.278/3.165 ms
      site-a to PoP through wg-a:              23.581/30.347/84.219/7.665 ms, pipe 2
      site-a to PoP underlay via carrier B:    28.343/36.170/54.769/3.576 ms, pipe 2
-- busiest containers
      29.11% clab-exaconnect-pop-miami
      18.79% clab-exaconnect-site-b
      17.42% clab-exaconnect-site-a
      8.93% exaconnect-db-1
      4.04% exaconnect-controller-1
      2.05% clab-exaconnect-lan-b
      0.67% clab-exaconnect-cloud-aws
      0.55% clab-exaconnect-cloud-azure
-- busiest processes
       400 ps
       100 sed
       8.7 exa-agent
       8.4 uvicorn
       6.5 exa-agent
       6.4 exa-agent
       3.3 rcu_preempt
       2.7 kworker/0:1-wg-crypt-wg-b
-- lab/ci/checks/m4-steering.sh
-- steering applied
ok    pop-miami nftables classifier
ok    pop-miami 6 steering rules
ok    site-a nftables classifier
ok    site-a 3 steering rules
ok    site-b nftables classifier
ok    site-b 3 steering rules
      voice state at start: site-a carrier-b since 2026-10-04 02:52:39.938683+00 return carrier-a 2026-10-04 03:02:24.911924+00; site-b carrier-b since 2026-10-04 02:42:34.297909+00 return carrier-a 2026-10-04 03:02:24.911924+00
      probe jitter, last 3 min, carrier-a avg 13.1 p95 33.0, carrier-b avg 15.5 p95 31.9, sat avg 19.9 p95 37.0
      host load 8.86 6.24 6.02 on 4 CPUs, CPU steal 0.0% over 5 s
ok    site-a voice on wg-a at start (moved back after 384 s; an earlier run left it on B)
      maps: pop-miami v349, site-a v286, site-b v179
-- brownout: carrier A loss 0 -> 3% over 180 s (demo step 2)
ok    voice moved 170 s into the ramp
      Moved voice from Carrier A to Carrier B: loss on Carrier A rising 0.8% a minute, forecast 1.4% in 60 s against a 1% SLA.
ok    moved before the 1% SLA was breached (measured 0.79%)
ok    site-a kernel sends voice on wg-b
ok    bulk stayed on carrier A (3% is under its 5% threshold)
-- hard cut of carrier B while voice is on it (demo step 3)
      voice probe stream: 1449 of 1500 received at 50 packets/s
ok    voice lost 1020 ms of packets (< 3 s)
ok    agent failover on BFD after 1 s
ok    voice on wg-a after the cut
-- recovery: restore B, classes move back only after the hold time (demo step 4)
ok    no moves in the first minute after recovery
      moves since the brownout began: 9
      03:09:51 site-b voice move_back: Moved voice back from Carrier B to Carrier A: Carrier A has scored well for 5 minutes (34 ms, 0.0% loss).
      03:12:14 site-b voice move: Moved voice from Carrier A to Carrier B: loss on Carrier A rising 0.8% a minute, forecast 1.4% in 60 s against a 1% SLA.
      03:12:24 site-a voice move: Moved voice from Carrier A to Carrier B: loss on Carrier A rising 0.9% a minute, forecast 1.6% in 60 s against a 1% SLA.
      03:13:35 site-a business move: Moved business from Carrier A to Carrier B: loss on Carrier A rising 1.2% a minute, forecast 2.8% in 60 s against a 2% SLA.
      03:13:45 site-b business move: Moved business from Carrier A to Carrier B: loss on Carrier A rising 0.9% a minute, forecast 2.5% in 60 s against a 2% SLA.
      03:14:05 site-b business failover: Moved business from Carrier B to Carrier A: Carrier B is down (BFD reports it down).
      03:14:05 site-b voice failover: Moved voice from Carrier B to Carrier A: Carrier B is down (BFD reports it down).
      03:14:15 site-a voice failover: Moved voice from Carrier B to Carrier A: Carrier B is down (BFD reports it down).
      03:14:15 site-a business failover: Moved business from Carrier B to Carrier A: Carrier B is down (BFD reports it down).
      03:14:25 site-b voice hold: Kept voice on Carrier A: loss on Carrier A is 1.8% against a 1% SLA, but it moved here 20 s ago (hold time 120 s).
      03:14:36 site-b voice hold: Kept voice on Carrier A: loss on Carrier A is 1.7% against a 1% SLA, but it moved here 30 s ago (hold time 120 s).
      03:14:36 site-a voice hold: Kept voice on Carrier A: loss on Carrier A is 2.3% against a 1% SLA, but it moved here 20 s ago (hold time 120 s).
      03:14:36 site-a business hold: Kept business on Carrier A: loss on Carrier A is 2.3% against a 2% SLA, but it moved here 20 s ago (hold time 120 s).
      03:14:46 site-a business hold: Kept business on Carrier A: loss on Carrier A is 2.1% against a 2% SLA, but it moved here 30 s ago (hold time 120 s).
      03:14:46 site-b voice hold: Kept voice on Carrier A: loss on Carrier A is 1.6% against a 1% SLA, but it moved here 40 s ago (hold time 120 s).
      03:14:46 site-a voice hold: Kept voice on Carrier A: loss on Carrier A is 2.1% against a 1% SLA, but it moved here 30 s ago (hold time 120 s).
      03:14:56 site-a business hold: Kept business on Carrier A: loss on Carrier A is 2.1% against a 2% SLA, but it moved here 40 s ago (hold time 120 s).
      03:14:56 site-b voice hold: Kept voice on Carrier A: loss on Carrier A is 1.5% against a 1% SLA, but it moved here 50 s ago (hold time 120 s).
      03:14:56 site-a voice hold: Kept voice on Carrier A: loss on Carrier A is 2.1% against a 1% SLA, but it moved here 40 s ago (hold time 120 s).
      03:15:06 site-a voice hold: Kept voice on Carrier A: loss on Carrier A is 2.0% against a 1% SLA, but it moved here 50 s ago (hold time 120 s).
      03:15:06 site-b voice hold: Kept voice on Carrier A: loss on Carrier A is 1.5% against a 1% SLA, but it moved here 60 s ago (hold time 120 s).
      03:15:16 site-b voice hold: Kept voice on Carrier A: loss on Carrier A is 1.4% against a 1% SLA, but it moved here 70 s ago (hold time 120 s).
      03:15:16 site-a voice hold: Kept voice on Carrier A: loss on Carrier A is 1.9% against a 1% SLA, but it moved here 60 s ago (hold time 120 s).
      03:15:26 site-a voice hold: Kept voice on Carrier A: loss on Carrier A is 1.8% against a 1% SLA, but it moved here 70 s ago (hold time 120 s).
      03:15:26 site-b voice hold: Kept voice on Carrier A: loss on Carrier A is 1.3% against a 1% SLA, but it moved here 81 s ago (hold time 120 s).
      03:15:36 site-b voice hold: Kept voice on Carrier A: loss on Carrier A is 1.3% against a 1% SLA, but it moved here 91 s ago (hold time 120 s).
      03:15:36 site-a voice hold: Kept voice on Carrier A: loss on Carrier A is 1.7% against a 1% SLA, but it moved here 81 s ago (hold time 120 s).
-- lab/ci/checks/m5-storm.sh
-- Storm Mode on at site-a only
ok    Storm Mode switched on for site-a through the API
ok    site-a agent has the Storm Mode steering map
ok    site-b is not in Storm Mode
ok    satellite warm: 38 probes per 10 s
ok    satellite BGP established
-- both terrestrial links cut
ok    voice continues on satellite
ok    business continues on satellite
ok    bulk paused (blackhole rule)
ok    voice stream lost 1540 ms across the double cut
-- restore and switch Storm Mode off
ok    Storm Mode switched off
ok    voice and business back on terrestrial paths, bulk resumed
      Storm Mode last switched by user:admin@exacarib.local
      03:17:00 storm_off
      03:15:42 storm_on
-- lab/ci/checks/m6-metering.sh
-- traffic: 20 Mbit/s bulk (CS1, TCP) from lan-a to lan-b for 11 minutes
      bulk leaves site-a on wg-b
ok    5-minute samples with traffic for site-a
      iperf: [  5] 489.00-490.01 sec  2.38 MBytes  19.8 Mbits/sec    0    477 KBytes        [  5] 490.01-491.00 sec  2.50 MBytes  21.2 Mbits/sec   48    342 KBytes        [  5] 491.00-492.00 sec  2.38 MBytes  19.9 Mbits/sec    0    357 KBytes        [  5] 492.00-493.00 sec  
      site-a carrier-a: samples 11, 95th in 1.71081 out 26.508103, billable 26.508103, commit 100, burst 0.000, total 400.00
ok    billable rate 26.508103 Mbps matches the ~20 Mbit/s offered
-- CSV matches the screen
ok    CSV 95th percentile 26.508 equals the screen
ok    CSV settlement total equals the screen
-- carrier view
ok    carrier user sees only Carrier A links
ok    carrier user cannot open the customer overview
-- lab/ci/checks/m7-outage.sh
-- stop the controller and the agent proxy
ok    all three agents noticed after 58 s and hold the last good state
ok    site A still reaches site B through the PoP
-- BFD failover with the controller down
ok    voice moved from wg-b to wg-a in 1.6 s, without the controller
-- start the controller again
ok    all three agents reconciled 26 s after the restart
-- lab/ci/checks/m8-ai.sh
-- hurricane watch
ok    NHC feed read from the lab host: 2 active storms
ok    example hurricane raised a warning
ok    only site-a (Kingston) is warned
      Hurricane Example (90 kt) is moving at 23 km/h on a heading of 285°. Projecting that motion forward, it passes about 92 km from site-a in about 25 h. Consider switching Storm Mode on so the satellite path is warm before the terrestrial links suffer. This is a straight-line projection; check the NHC advisory for the official forecast track.
-- disaster watch
ok    all disaster feeds read from the lab host: ptwc=2 usgs=11 events=11 failed= 
ok    example earthquake from USGS, GDACS and tsunami.gov raised one alert, for site-b only
      Magnitude 6.4 earthquake, 38 km NE of Port of Spain, Trinidad and Tobago, reported by USGS and GDACS and tsunami.gov. Latest tsunami message: Tsunami Information Statement Number 2. Sites in range: site-b 47 km (critical). Consider switching Storm Mode on for the sites marked critical, so the satellite path is warm if terrestrial links fail. Distances are straight lines from the reported location; check the source's report.
-- insights from this run
      anomaly critical: Satellite at site-b: jitter 35.1 ms, usually 16.6 ms
      anomaly critical: Carrier B at site-a: loss 8.35%, usually 0.00%
      anomaly critical: Carrier A at site-a: loss 4.57%, usually 0.00%
      anomaly critical: Carrier B at site-b: loss 8.46%, usually 0.00%
      anomaly critical: Carrier A at site-b: loss 4.21%, usually 0.00%
      anomaly warning: Satellite at site-a: jitter 28.8 ms, usually 16.8 ms
      anomaly warning: Satellite at site-b: latency 68.4 ms, usually 55.4 ms
      hazard critical: Example data: Magnitude 6.4 earthquake, 38 km NE of Port of Spain, Trinidad and Tobago: 47 km from site-b
      storm_warning critical: Example data: Hurricane Example may pass 92 km from site-a in about 25 h
      storm_warning critical: Example data: Hurricane Example may pass 92 km from site-a in about 25 h
-- ask your network
ok    answered: Voice at site-a is currently on carrier-b, and it last moved there at 03:26:56Z because carrier-a's BFD session went down, triggering a failover to carrier-b.
-- lab/ci/checks/m9-fabric.sh
-- simulated cloud gateways
ok    AWS and Azure gateways configured
-- cloud circuits
ok    created circuits 25 (AWS) and 26 (Azure)
ok    both circuits up (IPsec and BGP) 20 s after they were created
      AWS: up, BGP Established, routes 10.100.0.0/16
ok    site-a learned the AWS VPC route from the PoP
ok    lan-a reaches the AWS VPC (10.100.0.1) through the PoP
ok    site-a puts traffic for AWS in business
-- cloud router
ok    AWS reaches Azure through the PoP
-- elastic bandwidth
ok    20 Mbps reached the PoP's shaper on vc25
      charges so far: [{"mbps":50,"hours":0.01},{"mbps":20,"hours":0.0}]
-- layer 2 circuit
ok    VLAN 100 at site A and VLAN 200 at site B are one segment (lan-a pings lan-b)
ok    layer 2 circuit up and monitored: round trip 75.8 ms, 0.0% loss over the last minute
-- clean up
ok    deleted circuits are torn down at the PoP
-- lab/ci/checks/m9-internet.sh
-- through the PoP (the default)
ok    lan-a reaches the internet through the PoP, translated to the PoP's address
      site-a exits by: wg-a
-- firewall at the PoP
ok    a deny rule stops lan-a's pings at the PoP
ok    the rule's hits reach the portal
ok    deleting the rule lets the pings through again
-- port forward on the PoP's address
      server on lan-a:8080 answers locally
ok    a connection to 100.64.0.2:8080 from the internet reaches lan-a
ok    the internet cannot reach lan-a directly through the PoP
-- straight out at the site
ok    lan-a reaches the internet over carrier A, translated to site-a's address
ok    with carrier A cut, it leaves by carrier B within 5 s
ok    site-a reports it exits by eth1
-- clean up
ok    back through the PoP
-- lab/ci/checks/m9-public-e2e.sh
-- API through https://connect.exacarib.com
ok    admin signs in at https://connect.exacarib.com
ok    every portal screen's data answers 200 through the public site
      settlement CSV: 200 text/csv; charset=utf-8
-- browser
ok    signed in through the browser
ok    Overview renders without errors
ok    Sites renders without errors
ok    Traffic: seen on your network renders without errors
ok    Traffic: rules renders without errors
ok    Traffic: classes renders without errors
ok    Decisions renders without errors
ok    Fabric renders without errors
ok    Internet renders without errors
ok    Metering renders without errors
ok    Insights renders without errors
ok    Ask your network renders without errors
ok    Carrier view renders without errors
ok    Account renders without errors
ok    Admin: agents renders without errors
ok    Admin: sites renders without errors
ok    Admin: classes renders without errors
ok    Admin: users renders without errors
ok    Admin: settings renders without errors
ok    Admin: audit renders without errors
ok    example hurricane and earthquake alerts appear on Insights
-- lab/ci/checks/m9-public.sh
ok    https://connect.exacarib.com/healthz answers on this host
ok    certificate from Let's Encrypt (issuer=C = US, O = Let's Encrypt, CN = YE1)
ok    portal served
ok    agent endpoints not served publicly
ok    API answers and needs sign-in
ok    connect.exacarib.com reachable from this host over the internet
      web container: running restarts=0
      listening on public addresses: 22 80 443 
ok    controller, database and dev portal stay private
-- lab/ci/checks/m9-traffic.sh
-- priority queues
ok    site-a wg-a: qdisc cake 8090: root refcnt 2 bandwidth 190Mbit diffserv4 triple-isolate nonat nowash no-
ok    site-a wg-b: qdisc cake 8091: root refcnt 2 bandwidth 95Mbit diffserv4 triple-isolate nonat nowash no-a
-- application detection: Zoom-like traffic on UDP 8801 for 4 minutes
ok    site-a reported its flows to UDP 8801
ok    recognised: Zoom meetings seen at site-a: 1 flow(s) to UDP 8801, matches Zoom meetings (calls and meetings); currently unclassified. Suggest voice (real-time priority).
ok    suggests voice
ok    applied as rule 37
ok    site-a classifies UDP 8801-8810 as voice
ok    Zoom flows now report as voice
ok    site-b is unchanged (the rule is for site-a)
-- a customer rule: a subnet and port into business
ok    site-a classifies TCP 5201 to site B as business
ok    the PoP classifies the return direction

== Diagnostics (03:34:19)
pop-miami: running
site-a: running
site-b: running
-- agent log pop-miami
time=2026-10-04T03:31:01.703Z level=INFO msg="class moved" node=pop-miami class=bulk dst=192.168.20.0/24 from=carrier-a to=carrier-b why=controller
time=2026-10-04T03:31:16.135Z level=INFO msg="new steering map" node=pop-miami version=368 storm=false
time=2026-10-04T03:31:16.141Z level=INFO msg="class moved" node=pop-miami class=voice dst=192.168.10.0/24 from=carrier-a to=carrier-b why=controller
time=2026-10-04T03:31:16.141Z level=INFO msg="class moved" node=pop-miami class=business dst=192.168.10.0/24 from=carrier-a to=carrier-b why=controller
time=2026-10-04T03:31:16.141Z level=INFO msg="class moved" node=pop-miami class=bulk dst=192.168.10.0/24 from=carrier-a to=carrier-b why=controller
time=2026-10-04T03:33:06.129Z level=INFO msg="new steering map" node=pop-miami version=369 storm=false
time=2026-10-04T03:33:22.327Z level=INFO msg="bfd change" node=pop-miami peer=100.64.2.11 tunnel=wg-b status=down
time=2026-10-04T03:33:22.327Z level=INFO msg="bfd change" node=pop-miami peer=100.64.1.11 tunnel=wg-a status=down
time=2026-10-04T03:33:22.488Z level=INFO msg="class moved" node=pop-miami class=voice dst=192.168.10.0/24 from=carrier-b to=bgp why=bfd
time=2026-10-04T03:33:22.488Z level=INFO msg="class moved" node=pop-miami class=business dst=192.168.10.0/24 from=carrier-b to=bgp why=bfd
time=2026-10-04T03:33:22.488Z level=INFO msg="class moved" node=pop-miami class=bulk dst=192.168.10.0/24 from=carrier-b to=paused why=bfd
time=2026-10-04T03:33:22.488Z level=INFO msg="class moved" node=pop-miami class=voice dst=192.168.20.0/24 from=carrier-b to=bgp why=bfd
time=2026-10-04T03:33:22.488Z level=INFO msg="class moved" node=pop-miami class=business dst=192.168.20.0/24 from=carrier-b to=bgp why=bfd
time=2026-10-04T03:33:22.488Z level=INFO msg="class moved" node=pop-miami class=bulk dst=192.168.20.0/24 from=carrier-b to=paused why=bfd
time=2026-10-04T03:33:22.708Z level=INFO msg="bfd change" node=pop-miami peer=100.64.2.11 tunnel=wg-b status=init
time=2026-10-04T03:33:22.708Z level=INFO msg="bfd change" node=pop-miami peer=100.64.1.11 tunnel=wg-a status=init
time=2026-10-04T03:33:22.762Z level=INFO msg="class moved" node=pop-miami class=voice dst=192.168.10.0/24 from=bgp to=carrier-b why=bfd
time=2026-10-04T03:33:22.762Z level=INFO msg="class moved" node=pop-miami class=business dst=192.168.10.0/24 from=bgp to=carrier-b why=bfd
time=2026-10-04T03:33:22.762Z level=INFO msg="class moved" node=pop-miami class=bulk dst=192.168.10.0/24 from=paused to=carrier-b why=bfd
time=2026-10-04T03:33:22.762Z level=INFO msg="class moved" node=pop-miami class=voice dst=192.168.20.0/24 from=bgp to=carrier-b why=bfd
time=2026-10-04T03:33:22.762Z level=INFO msg="class moved" node=pop-miami class=business dst=192.168.20.0/24 from=bgp to=carrier-b why=bfd
time=2026-10-04T03:33:22.762Z level=INFO msg="class moved" node=pop-miami class=bulk dst=192.168.20.0/24 from=paused to=carrier-b why=bfd
time=2026-10-04T03:33:24.091Z level=INFO msg="bfd change" node=pop-miami peer=100.64.2.11 tunnel=wg-b status=up
time=2026-10-04T03:33:24.091Z level=INFO msg="bfd change" node=pop-miami peer=100.64.1.11 tunnel=wg-a status=up
time=2026-10-04T03:34:16.150Z level=INFO msg="new steering map" node=pop-miami version=371 storm=false
-- agent log site-a
time=2026-10-04T03:30:53.973Z level=INFO msg="bfd change" node=site-a peer=100.64.3.1 tunnel=wg-sat status=up
time=2026-10-04T03:30:53.973Z level=INFO msg="bfd change" node=site-a peer=100.64.1.1 tunnel=wg-a status=up
time=2026-10-04T03:30:53.973Z level=INFO msg="bfd change" node=site-a peer=100.64.2.1 tunnel=wg-b status=up
time=2026-10-04T03:30:53.987Z level=INFO msg="class moved" node=site-a class=voice dst="" from=bgp to=carrier-a why=bfd
time=2026-10-04T03:30:53.987Z level=INFO msg="class moved" node=site-a class=business dst="" from=bgp to=carrier-a why=bfd
time=2026-10-04T03:30:53.987Z level=INFO msg="class moved" node=site-a class=bulk dst="" from=paused to=carrier-a why=bfd
time=2026-10-04T03:31:16.407Z level=INFO msg="new steering map" node=site-a version=302 storm=false
time=2026-10-04T03:31:16.424Z level=INFO msg="class moved" node=site-a class=voice dst="" from=carrier-a to=carrier-b why=controller
time=2026-10-04T03:31:16.424Z level=INFO msg="class moved" node=site-a class=business dst="" from=carrier-a to=carrier-b why=controller
time=2026-10-04T03:31:16.424Z level=INFO msg="class moved" node=site-a class=bulk dst="" from=carrier-a to=carrier-b why=controller
time=2026-10-04T03:33:06.555Z level=INFO msg="new steering map" node=site-a version=303 storm=false
time=2026-10-04T03:33:22.765Z level=INFO msg="bfd change" node=site-a peer=100.64.1.1 tunnel=wg-a status=down
time=2026-10-04T03:33:22.766Z level=INFO msg="bfd change" node=site-a peer=100.64.2.1 tunnel=wg-b status=down
time=2026-10-04T03:33:22.780Z level=INFO msg="class moved" node=site-a class=voice dst="" from=carrier-b to=bgp why=bfd
time=2026-10-04T03:33:22.780Z level=INFO msg="class moved" node=site-a class=business dst="" from=carrier-b to=bgp why=bfd
time=2026-10-04T03:33:22.780Z level=INFO msg="class moved" node=site-a class=bulk dst="" from=carrier-b to=paused why=bfd
time=2026-10-04T03:33:22.789Z level=INFO msg="internet exit changed" node=site-a from=wg-a to=wg-sat
time=2026-10-04T03:33:23.455Z level=INFO msg="bfd change" node=site-a peer=100.64.2.1 tunnel=wg-b status=up
time=2026-10-04T03:33:23.461Z level=INFO msg="class moved" node=site-a class=voice dst="" from=bgp to=carrier-b why=bfd
time=2026-10-04T03:33:23.461Z level=INFO msg="class moved" node=site-a class=business dst="" from=bgp to=carrier-b why=bfd
time=2026-10-04T03:33:23.461Z level=INFO msg="class moved" node=site-a class=bulk dst="" from=paused to=carrier-b why=bfd
time=2026-10-04T03:33:23.467Z level=INFO msg="internet exit changed" node=site-a from=wg-sat to=wg-b
time=2026-10-04T03:33:23.988Z level=INFO msg="bfd change" node=site-a peer=100.64.1.1 tunnel=wg-a status=up
time=2026-10-04T03:33:24.029Z level=INFO msg="internet exit changed" node=site-a from=wg-b to=wg-a
time=2026-10-04T03:34:16.401Z level=INFO msg="new steering map" node=site-a version=305 storm=false
-- agent log site-b
time=2026-10-04T03:30:40.699Z level=INFO msg="class moved" node=site-b class=business dst="" from=carrier-b to=carrier-a why=bfd
time=2026-10-04T03:30:40.699Z level=INFO msg="class moved" node=site-b class=bulk dst="" from=carrier-b to=carrier-a why=bfd
time=2026-10-04T03:30:40.704Z level=INFO msg="internet exit changed" node=site-b from=wg-b to=wg-a
time=2026-10-04T03:30:52.408Z level=INFO msg="bfd change" node=site-b peer=100.64.1.1 tunnel=wg-a status=down
time=2026-10-04T03:30:52.412Z level=INFO msg="class moved" node=site-b class=voice dst="" from=carrier-a to=carrier-b why=bfd
time=2026-10-04T03:30:52.412Z level=INFO msg="class moved" node=site-b class=business dst="" from=carrier-a to=carrier-b why=bfd
time=2026-10-04T03:30:52.412Z level=INFO msg="class moved" node=site-b class=bulk dst="" from=carrier-a to=carrier-b why=bfd
time=2026-10-04T03:30:52.417Z level=INFO msg="internet exit changed" node=site-b from=wg-a to=wg-b
time=2026-10-04T03:30:52.689Z level=INFO msg="bfd change" node=site-b peer=100.64.3.1 tunnel=wg-sat status=down
time=2026-10-04T03:30:52.689Z level=INFO msg="bfd change" node=site-b peer=100.64.2.1 tunnel=wg-b status=down
time=2026-10-04T03:30:52.694Z level=INFO msg="class moved" node=site-b class=voice dst="" from=carrier-b to=bgp why=bfd
time=2026-10-04T03:30:52.694Z level=INFO msg="class moved" node=site-b class=business dst="" from=carrier-b to=bgp why=bfd
time=2026-10-04T03:30:52.694Z level=INFO msg="class moved" node=site-b class=bulk dst="" from=carrier-b to=paused why=bfd
time=2026-10-04T03:30:52.698Z level=INFO msg="internet exit changed" node=site-b from=wg-b to=wg-a
time=2026-10-04T03:30:54.188Z level=INFO msg="bfd change" node=site-b peer=100.64.3.1 tunnel=wg-sat status=up
time=2026-10-04T03:30:54.188Z level=INFO msg="bfd change" node=site-b peer=100.64.2.1 tunnel=wg-b status=up
time=2026-10-04T03:30:54.188Z level=INFO msg="bfd change" node=site-b peer=100.64.1.1 tunnel=wg-a status=up
time=2026-10-04T03:30:54.197Z level=INFO msg="class moved" node=site-b class=voice dst="" from=bgp to=carrier-a why=bfd
time=2026-10-04T03:30:54.198Z level=INFO msg="class moved" node=site-b class=business dst="" from=bgp to=carrier-a why=bfd
time=2026-10-04T03:30:54.198Z level=INFO msg="class moved" node=site-b class=bulk dst="" from=paused to=carrier-a why=bfd
time=2026-10-04T03:31:01.876Z level=INFO msg="new steering map" node=site-b version=186 storm=false
time=2026-10-04T03:31:01.882Z level=INFO msg="class moved" node=site-b class=voice dst="" from=carrier-a to=carrier-b why=controller
time=2026-10-04T03:31:01.882Z level=INFO msg="class moved" node=site-b class=business dst="" from=carrier-a to=carrier-b why=controller
time=2026-10-04T03:31:01.882Z level=INFO msg="class moved" node=site-b class=bulk dst="" from=carrier-a to=carrier-b why=controller
time=2026-10-04T03:34:16.651Z level=INFO msg="new steering map" node=site-b version=187 storm=false
-- controller log
controller-1  | INFO:     172.18.0.4:55460 - "GET /api/v1/agent/desired-state?have=30 HTTP/1.0" 204 No Content
controller-1  | INFO:     172.18.0.4:55462 - "POST /api/v1/agent/telemetry HTTP/1.0" 204 No Content
controller-1  | INFO:     172.18.0.4:55470 - "GET /api/v1/agent/steering?have=186 HTTP/1.0" 204 No Content
controller-1  | INFO:     172.18.0.4:55476 - "GET /api/v1/agent/steering?have=369 HTTP/1.0" 204 No Content
controller-1  | INFO:     127.0.0.1:53918 - "GET /healthz HTTP/1.1" 200 OK
controller-1  | INFO:     172.18.0.4:55484 - "GET /api/v1/agent/steering?have=303 HTTP/1.0" 204 No Content
controller-1  | INFO:     172.18.0.4:41172 - "GET /api/v1/agent/steering?have=186 HTTP/1.0" 204 No Content
controller-1  | INFO:     172.18.0.4:41174 - "GET /api/v1/agent/desired-state?have=80 HTTP/1.0" 204 No Content
controller-1  | INFO:     172.18.0.4:41176 - "GET /api/v1/agent/steering?have=369 HTTP/1.0" 204 No Content
controller-1  | INFO:     172.18.0.4:41192 - "POST /api/v1/agent/telemetry HTTP/1.0" 204 No Content
controller-1  | INFO:     172.18.0.4:41196 - "GET /api/v1/agent/desired-state?have=76 HTTP/1.0" 204 No Content
controller-1  | INFO:     172.18.0.4:41212 - "GET /api/v1/agent/steering?have=303 HTTP/1.0" 204 No Content
controller-1  | INFO:     172.18.0.4:41222 - "POST /api/v1/agent/telemetry HTTP/1.0" 204 No Content
controller-1  | INFO:     172.18.0.4:41226 - "GET /api/v1/agent/desired-state?have=30 HTTP/1.0" 204 No Content
controller-1  | INFO:     172.18.0.4:41242 - "GET /api/v1/agent/steering?have=186 HTTP/1.0" 204 No Content
controller-1  | INFO:     127.0.0.1:33048 - "GET /healthz HTTP/1.1" 200 OK
controller-1  | INFO:     172.18.0.4:41252 - "POST /api/v1/agent/telemetry HTTP/1.0" 204 No Content
controller-1  | INFO:     172.18.0.4:41268 - "GET /api/v1/agent/steering?have=369 HTTP/1.0" 204 No Content
controller-1  | INFO:     172.18.0.4:41282 - "GET /api/v1/agent/steering?have=303 HTTP/1.0" 204 No Content
controller-1  | INFO:     172.18.0.4:56528 - "GET /api/v1/agent/steering?have=186 HTTP/1.0" 204 No Content
controller-1  | INFO:     127.0.0.1:40096 - "GET /healthz HTTP/1.1" 200 OK
controller-1  | INFO:     172.18.0.4:56542 - "GET /api/v1/agent/desired-state?have=80 HTTP/1.0" 204 No Content
controller-1  | INFO:     172.18.0.4:56544 - "GET /api/v1/agent/steering?have=369 HTTP/1.0" 204 No Content
controller-1  | INFO:     172.18.0.4:56546 - "GET /api/v1/agent/desired-state?have=76 HTTP/1.0" 204 No Content
controller-1  | INFO:     172.18.0.4:56560 - "GET /api/v1/agent/steering?have=303 HTTP/1.0" 204 No Content
controller-1  | INFO:     172.18.0.4:56550 - "POST /api/v1/agent/telemetry HTTP/1.0" 204 No Content
controller-1  | INFO:     172.18.0.4:56574 - "POST /api/v1/agent/telemetry HTTP/1.0" 204 No Content
controller-1  | INFO:     172.18.0.4:56576 - "GET /api/v1/agent/desired-state?have=30 HTTP/1.0" 204 No Content
controller-1  | INFO:     172.18.0.4:56588 - "GET /api/v1/agent/steering?have=186 HTTP/1.0" 204 No Content
controller-1  | INFO:     172.18.0.4:56596 - "POST /api/v1/agent/telemetry HTTP/1.0" 204 No Content
controller-1  | INFO:     127.0.0.1:40102 - "GET /healthz HTTP/1.1" 200 OK
controller-1  | INFO:     172.18.0.4:56598 - "GET /api/v1/agent/steering?have=369 HTTP/1.0" 204 No Content
controller-1  | INFO:     172.18.0.4:56604 - "GET /api/v1/agent/steering?have=303 HTTP/1.0" 204 No Content
controller-1  | INFO:     172.18.0.4:56672 - "GET /api/v1/agent/steering?have=186 HTTP/1.0" 204 No Content
controller-1  | INFO:     127.0.0.1:46654 - "GET /healthz HTTP/1.1" 200 OK
controller-1  | INFO:     172.18.0.4:56674 - "GET /api/v1/agent/desired-state?have=80 HTTP/1.0" 204 No Content
controller-1  | INFO:     172.18.0.4:56690 - "GET /api/v1/agent/steering?have=369 HTTP/1.0" 204 No Content
controller-1  | INFO:     172.18.0.4:56696 - "POST /api/v1/agent/telemetry HTTP/1.0" 204 No Content
controller-1  | INFO:     172.18.0.4:56700 - "GET /api/v1/agent/desired-state?have=76 HTTP/1.0" 204 No Content
controller-1  | INFO:     172.18.0.4:56710 - "GET /api/v1/agent/steering?have=303 HTTP/1.0" 204 No Content
controller-1  | INFO:     172.18.0.4:56714 - "POST /api/v1/agent/telemetry HTTP/1.0" 204 No Content
controller-1  | INFO:     172.18.0.4:56724 - "GET /api/v1/agent/desired-state?have=30 HTTP/1.0" 204 No Content
controller-1  | INFO:     172.18.0.4:56730 - "GET /api/v1/agent/steering?have=186 HTTP/1.0" 204 No Content
controller-1  | INFO:     172.18.0.4:56740 - "POST /api/v1/agent/telemetry HTTP/1.0" 204 No Content
controller-1  | INFO:     127.0.0.1:46666 - "GET /healthz HTTP/1.1" 200 OK
controller-1  | INFO:     172.18.0.1:44690 - "POST /api/v1/auth/login HTTP/1.1" 200 OK
controller-1  | INFO:     172.18.0.1:44692 - "DELETE /api/v1/customers/4d26813b-aaa6-4be7-9b73-1730be959882/rules/37 HTTP/1.1" 204 No Content
controller-1  | INFO:     172.18.0.1:44698 - "POST /api/v1/auth/login HTTP/1.1" 200 OK
controller-1  | INFO:     172.18.0.1:44706 - "POST /api/v1/customers/4d26813b-aaa6-4be7-9b73-1730be959882/rules HTTP/1.1" 201 Created
controller-1  | INFO:     172.18.0.4:56744 - "GET /api/v1/agent/steering?have=369 HTTP/1.0" 200 OK
controller-1  | INFO:     172.18.0.4:56748 - "GET /api/v1/agent/steering?have=303 HTTP/1.0" 200 OK
controller-1  | INFO:     172.18.0.4:38858 - "GET /api/v1/agent/steering?have=186 HTTP/1.0" 200 OK
controller-1  | INFO:     127.0.0.1:48552 - "GET /healthz HTTP/1.1" 200 OK
controller-1  | INFO:     172.18.0.1:46014 - "POST /api/v1/auth/login HTTP/1.1" 200 OK
controller-1  | INFO:     172.18.0.1:46028 - "DELETE /api/v1/customers/4d26813b-aaa6-4be7-9b73-1730be959882/rules/38 HTTP/1.1" 204 No Content
controller-1  | INFO:     172.18.0.4:38864 - "GET /api/v1/agent/desired-state?have=80 HTTP/1.0" 204 No Content
controller-1  | INFO:     172.18.0.4:38866 - "GET /api/v1/agent/steering?have=371 HTTP/1.0" 200 OK
controller-1  | INFO:     172.18.0.4:38872 - "POST /api/v1/agent/telemetry HTTP/1.0" 204 No Content
controller-1  | INFO:     172.18.0.4:38884 - "GET /api/v1/agent/desired-state?have=76 HTTP/1.0" 204 No Content
controller-1  | INFO:     172.18.0.4:38894 - "GET /api/v1/agent/steering?have=305 HTTP/1.0" 200 OK
-- controller containers
exaconnect-controller-1 Up 7 minutes (healthy)
exaconnect-db-1 Up 2 days (healthy)
exaconnect-proxy-1 Up 7 minutes
exaconnect-web-1 Up 32 minutes
/exaconnect-controller-1 restarts 0, started 2026-10-04T03:27:00.239485216Z, OOM killed false
/exaconnect-db-1 restarts 0, started 2026-10-01T05:06:52.589123103Z, OOM killed false
/exaconnect-proxy-1 restarts 0, started 2026-10-04T03:27:15.747126874Z, OOM killed false
/exaconnect-web-1 restarts 0, started 2026-10-04T03:02:17.593180704Z, OOM killed false
-- host
 05:34:23 up 3 days,  1:58,  0 user,  load average: 3.62, 5.17, 6.08
               total        used        free      shared  buff/cache   available
Mem:            7941        1710        5196         144        1484        6230
Swap:              0           0           0
procs -----------memory---------- ---swap-- -----io---- -system-- -------cpu-------
 r  b   swpd   free   buff  cache   si   so    bi    bo   in   cs us sy id wa st gu
 1  0      0 5321596   9408 1511000    0    0    53   252 5033   19  6 20 74  0  0  0
 2  0      0 5306392   9408 1511076    0    0     0   160 5070 5867  3 17 80  0  0  0
 1  0      0 5305120   9408 1511076    0    0     0   148 5936 8471 10 22 68  0  0  0
