commit fb4462b: Phone system: browser calls work end to end, and Jibsy Phone app on its own address (#17)

== Lab already up; rebuilding the agent (19:03:56)

== Release (controller, agent gateway, public portal) (19:04:30)
[release 19:04:31] no backup before this release (deploy/backup is not set up on this server)
[release 19:04:31] releasing fb4462b87eff (previous 0275a381e2af)
time="2026-10-10T21:04:33+02:00" level=warning msg="Docker Compose is configured to build using Bake, but buildx isn't installed"
#0 building with "default" instance using docker driver

#1 [controller internal] load build definition from Dockerfile
#1 transferring dockerfile: 697B done
#1 DONE 0.0s

#2 [controller internal] load metadata for docker.io/library/python:3.12-slim
#2 DONE 0.4s

#3 [controller internal] load .dockerignore
#3 transferring context: 2B done
#3 DONE 0.0s

#4 [controller internal] load build context
#4 DONE 0.0s

#5 [controller 1/5] FROM docker.io/library/python:3.12-slim@sha256:a6e34c598f2467ed0e9a8d349809fcd8b5c603269512df273a0bb1784edc11b1
#5 resolve docker.io/library/python:3.12-slim@sha256:a6e34c598f2467ed0e9a8d349809fcd8b5c603269512df273a0bb1784edc11b1 0.1s done
#5 DONE 0.1s

#4 [controller internal] load build context
#4 transferring context: 55.29kB 0.1s done
#4 DONE 0.1s

#6 [controller 2/5] WORKDIR /app
#6 CACHED

#7 [controller 3/5] COPY pyproject.toml ./
#7 CACHED

#8 [controller 4/5] COPY exaconnect_controller ./exaconnect_controller
#8 DONE 1.0s

#9 [controller 5/5] RUN pip install --no-cache-dir . && mkdir -p /data && chown nobody:nogroup /data
#9 5.802 Processing /app
#9 5.830   Installing build dependencies: started
#9 8.672   Installing build dependencies: finished with status 'done'
#9 8.675   Getting requirements to build wheel: started
#9 9.270   Getting requirements to build wheel: finished with status 'done'
#9 9.273   Preparing metadata (pyproject.toml): started
#9 9.834   Preparing metadata (pyproject.toml): finished with status 'done'
#9 10.09 Collecting fastapi>=0.115 (from exaconnect-controller==0.2.0)
#9 10.23   Downloading fastapi-0.143.0-py3-none-any.whl.metadata (26 kB)
#9 10.36 Collecting uvicorn>=0.30 (from uvicorn[standard]>=0.30->exaconnect-controller==0.2.0)
#9 10.36   Downloading uvicorn-0.54.0-py3-none-any.whl.metadata (6.6 kB)
#9 10.56 Collecting pydantic>=2.7 (from exaconnect-controller==0.2.0)
#9 10.58   Downloading pydantic-2.14.0-py3-none-any.whl.metadata (131 kB)
#9 10.65 Collecting psycopg>=3.2 (from psycopg[binary]>=3.2->exaconnect-controller==0.2.0)
#9 10.66   Downloading psycopg-3.3.6-py3-none-any.whl.metadata (4.4 kB)
#9 10.77 Collecting psycopg-pool>=3.2 (from exaconnect-controller==0.2.0)
#9 10.78   Downloading psycopg_pool-3.3.3-py3-none-any.whl.metadata (2.8 kB)
#9 11.23 Collecting cryptography>=43 (from exaconnect-controller==0.2.0)
#9 11.23   Downloading cryptography-50.0.2-cp311-abi3-manylinux_2_34_x86_64.whl.metadata (4.4 kB)
#9 11.26 Collecting webauthn>=2.0 (from exaconnect-controller==0.2.0)
#9 11.27   Downloading webauthn-3.0.1-py3-none-any.whl.metadata (5.8 kB)
#9 11.31 Collecting segno>=1.6 (from exaconnect-controller==0.2.0)
#9 11.32   Downloading segno-1.6.6-py3-none-any.whl.metadata (7.7 kB)
#9 11.35 Collecting ldap3>=2.9 (from exaconnect-controller==0.2.0)
#9 11.36   Downloading ldap3-2.9.1-py2.py3-none-any.whl.metadata (5.4 kB)
#9 11.39 Collecting python-multipart>=0.0.9 (from exaconnect-controller==0.2.0)
#9 11.39   Downloading python_multipart-0.0.32-py3-none-any.whl.metadata (2.1 kB)
#9 11.59 Collecting cffi>=2.0.0 (from cryptography>=43->exaconnect-controller==0.2.0)
#9 11.59   Downloading cffi-2.1.1-cp312-cp312-manylinux2014_x86_64.manylinux_2_17_x86_64.whl.metadata (2.5 kB)
#9 11.68 Collecting starlette>=0.46.0 (from fastapi>=0.115->exaconnect-controller==0.2.0)
#9 11.69   Downloading starlette-1.7.0-py3-none-any.whl.metadata (6.6 kB)
#9 11.75 Collecting typing-extensions>=4.8.0 (from fastapi>=0.115->exaconnect-controller==0.2.0)
#9 11.75   Downloading typing_extensions-4.16.0-py3-none-any.whl.metadata (3.3 kB)
#9 11.77 Collecting typing-inspection>=0.4.2 (from fastapi>=0.115->exaconnect-controller==0.2.0)
#9 11.78   Downloading typing_inspection-0.4.4-py3-none-any.whl.metadata (2.6 kB)
#9 11.81 Collecting annotated-doc>=0.0.2 (from fastapi>=0.115->exaconnect-controller==0.2.0)
#9 11.82   Downloading annotated_doc-0.0.5-py3-none-any.whl.metadata (6.5 kB)
#9 11.86 Collecting opentelemetry-api>=1.44.0 (from fastapi>=0.115->exaconnect-controller==0.2.0)
#9 11.86   Downloading opentelemetry_api-1.45.1-py3-none-any.whl.metadata (1.4 kB)
#9 11.91 Collecting pyasn1>=0.4.6 (from ldap3>=2.9->exaconnect-controller==0.2.0)
#9 11.93   Downloading pyasn1-0.6.4-py3-none-any.whl.metadata (8.4 kB)
#9 12.23 Collecting psycopg-binary==3.3.6 (from psycopg[binary]>=3.2->exaconnect-controller==0.2.0)
#9 12.24   Downloading psycopg_binary-3.3.6-cp312-cp312-manylinux2014_x86_64.manylinux_2_17_x86_64.whl.metadata (2.7 kB)
#9 12.26 Collecting annotated-types>=0.6.0 (from pydantic>=2.7->exaconnect-controller==0.2.0)
#9 12.29   Downloading annotated_types-0.8.0-py3-none-any.whl.metadata (15 kB)
#9 13.77 Collecting pydantic-core==2.50.0 (from pydantic>=2.7->exaconnect-controller==0.2.0)
#9 13.79   Downloading pydantic_core-2.50.0-cp312-cp312-manylinux_2_17_x86_64.manylinux2014_x86_64.whl.metadata (6.5 kB)
#9 13.83 Collecting click>=7.0 (from uvicorn>=0.30->uvicorn[standard]>=0.30->exaconnect-controller==0.2.0)
#9 13.84   Downloading click-8.5.0-py3-none-any.whl.metadata (2.6 kB)
#9 13.87 Collecting h11>=0.8 (from uvicorn>=0.30->uvicorn[standard]>=0.30->exaconnect-controller==0.2.0)
#9 13.88   Downloading h11-0.16.0-py3-none-any.whl.metadata (8.3 kB)
#9 13.94 Collecting httptools>=0.8.0 (from uvicorn[standard]>=0.30->exaconnect-controller==0.2.0)
#9 13.95   Downloading httptools-0.9.0-cp312-cp312-manylinux1_x86_64.manylinux_2_28_x86_64.manylinux_2_5_x86_64.whl.metadata (3.5 kB)
#9 13.98 Collecting python-dotenv>=0.13 (from uvicorn[standard]>=0.30->exaconnect-controller==0.2.0)
#9 13.99   Downloading python_dotenv-1.2.4-py3-none-any.whl.metadata (29 kB)
#9 14.07 Collecting pyyaml>=5.1 (from uvicorn[standard]>=0.30->exaconnect-controller==0.2.0)
#9 14.08   Downloading pyyaml-6.0.3-cp312-cp312-manylinux2014_x86_64.manylinux_2_17_x86_64.manylinux_2_28_x86_64.whl.metadata (2.4 kB)
#9 14.15 Collecting uvloop>=0.15.1 (from uvicorn[standard]>=0.30->exaconnect-controller==0.2.0)
#9 14.16   Downloading uvloop-0.23.0-cp312-cp312-manylinux2014_x86_64.manylinux_2_17_x86_64.manylinux_2_28_x86_64.whl.metadata (5.1 kB)
#9 14.47 Collecting watchfiles>=0.20 (from uvicorn[standard]>=0.30->exaconnect-controller==0.2.0)
#9 14.48   Downloading watchfiles-1.3.0-cp310-abi3-manylinux_2_17_x86_64.manylinux2014_x86_64.whl.metadata (4.9 kB)
#9 14.75 Collecting websockets>=13.0 (from uvicorn[standard]>=0.30->exaconnect-controller==0.2.0)
#9 14.76   Downloading websockets-17.2-cp312-cp312-manylinux1_x86_64.manylinux_2_28_x86_64.manylinux_2_5_x86_64.whl.metadata (6.3 kB)
#9 14.83 Collecting pyasn1-modules>=0.4.2 (from webauthn>=2.0->exaconnect-controller==0.2.0)
#9 14.87   Downloading pyasn1_modules-0.4.2-py3-none-any.whl.metadata (3.5 kB)
#9 15.04 Collecting cbor2>=6.1.2 (from webauthn>=2.0->exaconnect-controller==0.2.0)
#9 15.05   Downloading cbor2-6.1.5-cp312-cp312-manylinux_2_28_x86_64.whl.metadata (5.5 kB)
#9 15.11 Collecting pyOpenSSL>=26.3.0 (from webauthn>=2.0->exaconnect-controller==0.2.0)
#9 15.19   Downloading pyopenssl-26.4.0-py3-none-any.whl.metadata (22 kB)
#9 15.28 Collecting pycparser (from cffi>=2.0.0->cryptography>=43->exaconnect-controller==0.2.0)
#9 15.32   Downloading pycparser-3.11-py3-none-any.whl.metadata (8.2 kB)
#9 15.56 Collecting anyio<5,>=4.0.0 (from starlette>=0.46.0->fastapi>=0.115->exaconnect-controller==0.2.0)
#9 15.57   Downloading anyio-4.15.1-py3-none-any.whl.metadata (4.7 kB)
#9 15.69 Collecting idna>=2.8 (from anyio<5,>=4.0.0->starlette>=0.46.0->fastapi>=0.115->exaconnect-controller==0.2.0)
#9 15.70   Downloading idna-3.20-py3-none-any.whl.metadata (7.2 kB)
#9 15.73 Downloading cryptography-50.0.2-cp311-abi3-manylinux_2_34_x86_64.whl (4.8 MB)
#9 15.98    ━━━━━━━━━━━━━━━━━━━━━━━━━━━━━━━━━━━━━━━━ 4.8/4.8 MB 18.9 MB/s eta 0:00:00
#9 16.01 Downloading fastapi-0.143.0-py3-none-any.whl (144 kB)
#9 16.03 Downloading ldap3-2.9.1-py2.py3-none-any.whl (432 kB)
#9 16.08 Downloading psycopg-3.3.6-py3-none-any.whl (215 kB)
#9 16.09 Downloading psycopg_pool-3.3.3-py3-none-any.whl (40 kB)
#9 16.12 Downloading psycopg_binary-3.3.6-cp312-cp312-manylinux2014_x86_64.manylinux_2_17_x86_64.whl (5.2 MB)
#9 16.32    ━━━━━━━━━━━━━━━━━━━━━━━━━━━━━━━━━━━━━━━━ 5.2/5.2 MB 25.2 MB/s eta 0:00:00
#9 16.33 Downloading pydantic-2.14.0-py3-none-any.whl (487 kB)
#9 16.37 Downloading pydantic_core-2.50.0-cp312-cp312-manylinux_2_17_x86_64.manylinux2014_x86_64.whl (2.2 MB)
#9 16.46    ━━━━━━━━━━━━━━━━━━━━━━━━━━━━━━━━━━━━━━━━ 2.2/2.2 MB 25.5 MB/s eta 0:00:00
#9 16.48 Downloading python_multipart-0.0.32-py3-none-any.whl (30 kB)
#9 16.49 Downloading segno-1.6.6-py3-none-any.whl (76 kB)
#9 16.50 Downloading uvicorn-0.54.0-py3-none-any.whl (87 kB)
#9 16.52 Downloading webauthn-3.0.1-py3-none-any.whl (73 kB)
#9 16.53 Downloading annotated_doc-0.0.5-py3-none-any.whl (5.3 kB)
#9 16.54 Downloading annotated_types-0.8.0-py3-none-any.whl (13 kB)
#9 16.56 Downloading cbor2-6.1.5-cp312-cp312-manylinux_2_28_x86_64.whl (463 kB)
#9 16.66 Downloading cffi-2.1.1-cp312-cp312-manylinux2014_x86_64.manylinux_2_17_x86_64.whl (221 kB)
#9 16.67 Downloading click-8.5.0-py3-none-any.whl (125 kB)
#9 16.68 Downloading h11-0.16.0-py3-none-any.whl (37 kB)
#9 16.69 Downloading httptools-0.9.0-cp312-cp312-manylinux1_x86_64.manylinux_2_28_x86_64.manylinux_2_5_x86_64.whl (552 kB)
#9 16.72    ━━━━━━━━━━━━━━━━━━━━━━━━━━━━━━━━━━━━━━━━ 552.8/552.8 kB 23.8 MB/s eta 0:00:00
#9 16.74 Downloading opentelemetry_api-1.45.1-py3-none-any.whl (60 kB)
#9 16.75 Downloading pyasn1-0.6.4-py3-none-any.whl (84 kB)
#9 16.75 Downloading pyasn1_modules-0.4.2-py3-none-any.whl (181 kB)
#9 16.77 Downloading pyopenssl-26.4.0-py3-none-any.whl (56 kB)
#9 16.78 Downloading python_dotenv-1.2.4-py3-none-any.whl (23 kB)
#9 16.79 Downloading pyyaml-6.0.3-cp312-cp312-manylinux2014_x86_64.manylinux_2_17_x86_64.manylinux_2_28_x86_64.whl (807 kB)
#9 16.83    ━━━━━━━━━━━━━━━━━━━━━━━━━━━━━━━━━━━━━━━━ 807.9/807.9 kB 22.9 MB/s eta 0:00:00
#9 16.84 Downloading starlette-1.7.0-py3-none-any.whl (78 kB)
#9 16.84 Downloading typing_extensions-4.16.0-py3-none-any.whl (45 kB)
#9 16.86 Downloading typing_inspection-0.4.4-py3-none-any.whl (14 kB)
#9 16.90 Downloading uvloop-0.23.0-cp312-cp312-manylinux2014_x86_64.manylinux_2_17_x86_64.manylinux_2_28_x86_64.whl (4.5 MB)
#9 17.27    ━━━━━━━━━━━━━━━━━━━━━━━━━━━━━━━━━━━━━━━━ 4.5/4.5 MB 14.1 MB/s eta 0:00:00
#9 17.27 Downloading watchfiles-1.3.0-cp310-abi3-manylinux_2_17_x86_64.manylinux2014_x86_64.whl (458 kB)
#9 17.29 Downloading websockets-17.2-cp312-cp312-manylinux1_x86_64.manylinux_2_28_x86_64.manylinux_2_5_x86_64.whl (225 kB)
#9 17.31 Downloading anyio-4.15.1-py3-none-any.whl (132 kB)
#9 17.33 Downloading pycparser-3.11-py3-none-any.whl (51 kB)
#9 17.34 Downloading idna-3.20-py3-none-any.whl (69 kB)
#9 17.42 Building wheels for collected packages: exaconnect-controller
#9 17.43   Building wheel for exaconnect-controller (pyproject.toml): started
#9 18.60   Building wheel for exaconnect-controller (pyproject.toml): finished with status 'done'
#9 18.61   Created wheel for exaconnect-controller: filename=exaconnect_controller-0.2.0-py3-none-any.whl size=1200089 sha256=e1958d34ef01ba74810859677e731c4f14a3d8bea16e8120f22525c40ab35882
#9 18.61   Stored in directory: /tmp/pip-ephem-wheel-cache-zp7cwbop/wheels/54/1b/b7/aa63e25c8f14f4f2ae7b04e6097bdecb770e455c5c1ee0a600
#9 18.61 Successfully built exaconnect-controller
#9 18.79 Installing collected packages: websockets, uvloop, typing-extensions, segno, pyyaml, python-multipart, python-dotenv, pycparser, pyasn1, psycopg-binary, idna, httptools, h11, click, cbor2, annotated-types, annotated-doc, uvicorn, typing-inspection, pydantic-core, pyasn1-modules, psycopg-pool, psycopg, opentelemetry-api, ldap3, cffi, anyio, watchfiles, starlette, pydantic, cryptography, pyOpenSSL, fastapi, webauthn, exaconnect-controller
#9 27.67 Successfully installed annotated-doc-0.0.5 annotated-types-0.8.0 anyio-4.15.1 cbor2-6.1.5 cffi-2.1.1 click-8.5.0 cryptography-50.0.2 exaconnect-controller-0.2.0 fastapi-0.143.0 h11-0.16.0 httptools-0.9.0 idna-3.20 ldap3-2.9.1 opentelemetry-api-1.45.1 psycopg-3.3.6 psycopg-binary-3.3.6 psycopg-pool-3.3.3 pyOpenSSL-26.4.0 pyasn1-0.6.4 pyasn1-modules-0.4.2 pycparser-3.11 pydantic-2.14.0 pydantic-core-2.50.0 python-dotenv-1.2.4 python-multipart-0.0.32 pyyaml-6.0.3 segno-1.6.6 starlette-1.7.0 typing-extensions-4.16.0 typing-inspection-0.4.4 uvicorn-0.54.0 uvloop-0.23.0 watchfiles-1.3.0 webauthn-3.0.1 websockets-17.2
#9 27.67 WARNING: Running pip as the 'root' user can result in broken permissions and conflicting behaviour with the system package manager, possibly rendering your system unusable. It is recommended to use a virtual environment instead: https://pip.pypa.io/warnings/venv. Use the --root-user-action option if you know what you are doing and want to suppress this warning.
#9 27.89 
#9 27.89 [notice] A new release of pip is available: 25.0.1 -> 26.2.1
#9 27.89 [notice] To update, run: pip install --upgrade pip
#9 DONE 29.6s

#10 [controller] exporting to image
#10 exporting layers
#10 exporting layers 11.8s done
#10 exporting manifest sha256:8536aaf94f5eae5eb1917395effeea5123e7522ff716205196c960acad0e1c07 0.0s done
#10 exporting config sha256:9c87530a590eece84e59c1bff69419f5c08acc0c6256d4b367c33a9accaa40fb 0.1s done
#10 exporting attestation manifest sha256:86069d714344e18ec53f6253b03c959cd7ee7744025a0f9557d4aa703c774985
#10 exporting attestation manifest sha256:86069d714344e18ec53f6253b03c959cd7ee7744025a0f9557d4aa703c774985 0.1s done
#10 exporting manifest list sha256:9e9488a4d98616c4dc9fd976d73144e89fe4208f554f54be8e83df737805f89b 0.0s done
#10 naming to docker.io/library/exaconnect-controller:latest
#10 naming to docker.io/library/exaconnect-controller:latest 0.0s done
#10 unpacking to docker.io/library/exaconnect-controller:latest
#10 unpacking to docker.io/library/exaconnect-controller:latest 3.4s done
#10 DONE 15.6s

#11 [controller] resolving provenance for metadata file
#11 DONE 0.1s
 controller  Built
time="2026-10-10T21:05:21+02:00" level=warning msg="Found orphan containers ([exaconnect-web-1]) for this project. If you removed or renamed this service in your compose file, you can run this command with the --remove-orphans flag to clean it up."
 Container exaconnect-db-1  Running
 Container exaconnect-controller-1  Recreate
 Container exaconnect-controller-1  Recreated
 Container exaconnect-proxy-1  Running
 Container exaconnect-db-1  Waiting
 Container exaconnect-db-1  Healthy
 Container exaconnect-controller-1  Starting
 Container exaconnect-controller-1  Started
 Container exaconnect-controller-1  Waiting
 Container exaconnect-controller-1  Healthy
 Container exaconnect-db-1  Waiting
 Container exaconnect-controller-1  Waiting
 Container exaconnect-proxy-1  Waiting
 Container exaconnect-proxy-1  Healthy
 Container exaconnect-db-1  Healthy
 Container exaconnect-controller-1  Healthy
time="2026-10-10T21:05:52+02:00" level=warning msg="Found orphan containers ([exaconnect-web-1]) for this project. If you removed or renamed this service in your compose file, you can run this command with the --remove-orphans flag to clean it up."
 Container exaconnect-proxy-1  Recreate
 Container exaconnect-proxy-1  Recreated
 Container exaconnect-proxy-1  Starting
 Container exaconnect-proxy-1  Started
 Container exaconnect-proxy-1  Waiting
 Container exaconnect-proxy-1  Healthy
time="2026-10-10T21:05:55+02:00" level=warning msg="Docker Compose is configured to build using Bake, but buildx isn't installed"
#0 building with "default" instance using docker driver

#1 [controller internal] load build definition from Dockerfile
#1 transferring dockerfile: 697B done
#1 DONE 0.0s

#2 [controller internal] load metadata for docker.io/library/python:3.12-slim
#2 DONE 0.2s

#3 [controller internal] load .dockerignore
#3 transferring context: 2B done
#3 DONE 0.0s

#4 [controller 1/5] FROM docker.io/library/python:3.12-slim@sha256:a6e34c598f2467ed0e9a8d349809fcd8b5c603269512df273a0bb1784edc11b1
#4 resolve docker.io/library/python:3.12-slim@sha256:a6e34c598f2467ed0e9a8d349809fcd8b5c603269512df273a0bb1784edc11b1 0.0s done
#4 DONE 0.1s

#5 [controller internal] load build context
#5 transferring context: 22.32kB 0.0s done
#5 DONE 0.1s

#6 [controller 2/5] WORKDIR /app
#6 CACHED

#7 [controller 3/5] COPY pyproject.toml ./
#7 CACHED

#8 [controller 4/5] COPY exaconnect_controller ./exaconnect_controller
#8 CACHED

#9 [controller 5/5] RUN pip install --no-cache-dir . && mkdir -p /data && chown nobody:nogroup /data
#9 CACHED

#10 [controller] exporting to image
#10 exporting layers 0.0s done
#10 exporting manifest sha256:8536aaf94f5eae5eb1917395effeea5123e7522ff716205196c960acad0e1c07 done
#10 exporting config sha256:9c87530a590eece84e59c1bff69419f5c08acc0c6256d4b367c33a9accaa40fb done
#10 exporting attestation manifest sha256:a7897dd45442ef2d0f0127f35a4c7f07b623d480bee59fcd578ef4a596a1c0f5 0.1s done
#10 exporting manifest list sha256:0649f1a72c652be361bb59d4cc7ee72f645deabd39fc24bdc8587a9939e1c7cd
#10 exporting manifest list sha256:0649f1a72c652be361bb59d4cc7ee72f645deabd39fc24bdc8587a9939e1c7cd 0.0s done
#10 naming to docker.io/library/exaconnect-controller:latest done
#10 unpacking to docker.io/library/exaconnect-controller:latest 0.1s done
#10 DONE 0.4s

#11 [controller] resolving provenance for metadata file
#11 DONE 0.0s

#12 [web internal] load build definition from Dockerfile
#12 transferring dockerfile: 529B 0.0s done
#12 DONE 0.0s

#13 [web internal] load metadata for docker.io/library/node:22-alpine
#13 ...

#14 [web internal] load metadata for docker.io/library/caddy:2-alpine
#14 DONE 0.4s

#13 [web internal] load metadata for docker.io/library/node:22-alpine
#13 DONE 0.4s

#15 [web internal] load .dockerignore
#15 transferring context: 2B done
#15 DONE 0.0s

#16 [web stage-1 1/3] FROM docker.io/library/caddy:2-alpine@sha256:d8542f48d34a9cf4e4c11a478865229840e87e4c96ea3f439101f31a5d35f75f
#16 resolve docker.io/library/caddy:2-alpine@sha256:d8542f48d34a9cf4e4c11a478865229840e87e4c96ea3f439101f31a5d35f75f 0.1s done
#16 DONE 0.1s

#17 [web portal 1/6] FROM docker.io/library/node:22-alpine@sha256:0a7108bf6c7bf5de370ffb1a3ed6be93d405b43ff159f681a8d18c0e2bc2e402
#17 resolve docker.io/library/node:22-alpine@sha256:0a7108bf6c7bf5de370ffb1a3ed6be93d405b43ff159f681a8d18c0e2bc2e402 0.1s done
#17 DONE 0.1s

#18 [web internal] load build context
#18 transferring context: 220.19kB 0.3s done
#18 DONE 0.3s

#16 [web stage-1 1/3] FROM docker.io/library/caddy:2-alpine@sha256:d8542f48d34a9cf4e4c11a478865229840e87e4c96ea3f439101f31a5d35f75f
#16 CACHED

#19 [web portal 2/6] WORKDIR /src/portal
#19 CACHED

#20 [web portal 3/6] COPY portal/package.json portal/package-lock.json ./
#20 CACHED

#21 [web portal 4/6] RUN npm ci --no-audit --no-fund
#21 CACHED

#22 [web stage-1 2/3] COPY deploy/public/Caddyfile /etc/caddy/Caddyfile
#22 DONE 0.1s

#23 [web portal 5/6] COPY portal/ ./
#23 DONE 3.8s

#24 [web portal 6/6] RUN npm run build
#24 3.295 
#24 3.295 > exaconnect-portal@0.0.1 build
#24 3.295 > tsc -b && vite build
#24 3.295 
#24 9.015 (!) Your Vite config uses features that are unsupported by `configLoader: 'native'`, which is planned to become the default in a future major version of Vite:
#24 9.015   - `__dirname` (vite.config.ts:14:30). Use `import.meta.dirname` instead
#24 9.015 Set `VITE_CONFIG_NATIVE_IGNORE_WARNING=true` to suppress this warning.
#24 9.072 vite v8.3.1 building client environment for production...
#24 9.108 transforming...
#24 9.420 ✓ 139 modules transformed.
#24 9.742 rendering chunks...
#24 9.982 computing gzip size...
#24 9.998 dist/index.html                        0.97 kB │ gzip:   0.46 kB
#24 9.998 dist/phone.html                        1.35 kB │ gzip:   0.54 kB
#24 9.998 dist/assets/HelpCentre-BP36s8Bb.css    4.80 kB │ gzip:   1.50 kB
#24 9.998 dist/assets/phone-rP76Mn2z.css         7.24 kB │ gzip:   2.08 kB
#24 9.998 dist/assets/commai-DaGhkJHI.css       23.89 kB │ gzip:   5.04 kB
#24 9.998 dist/assets/main-C6teCzjK.css         31.66 kB │ gzip:   6.54 kB
#24 9.998 dist/assets/brand-D86ihbRy.css        34.28 kB │ gzip:   7.43 kB
#24 9.998 dist/assets/verto-C6kWdmBc.js          5.95 kB │ gzip:   2.48 kB
#24 9.998 dist/assets/HelpCentre-CWmKRkey.js    19.19 kB │ gzip:   5.55 kB
#24 9.998 dist/assets/phone-B0avS8n-.js         24.97 kB │ gzip:   8.19 kB
#24 9.998 dist/assets/jsx-runtime-DQ4tEPmb.js   48.99 kB │ gzip:  17.48 kB
#24 9.998 dist/assets/brand-B1DHxG9a.js        279.05 kB │ gzip:  86.60 kB
#24 9.998 dist/assets/main-kYMziGwC.js         286.63 kB │ gzip:  69.35 kB
#24 9.998 dist/assets/commai-V6o3_OuE.js       488.41 kB │ gzip: 110.48 kB
#24 9.998 
#24 10.00 ✓ built in 927ms
#24 DONE 10.2s

#25 [web stage-1 3/3] COPY --from=portal /src/portal/dist /srv/portal
#25 DONE 0.2s

#26 [web] exporting to image
#26 exporting layers
#26 exporting layers 0.7s done
#26 exporting manifest sha256:d389ac8c278c914ee818f4e69f40141f017b2373016bf8c13371fca874387d17 0.0s done
#26 exporting config sha256:0f6b298172e4301f593ef7e34da66971116fec5068bac87cff130eb44a085b43 0.1s done
#26 exporting attestation manifest sha256:f0ba90258b5137e544c74c13343caed25fe073a362571b3e2fdd99023819853c
#26 exporting attestation manifest sha256:f0ba90258b5137e544c74c13343caed25fe073a362571b3e2fdd99023819853c 0.2s done
#26 exporting manifest list sha256:849aca28f4f5f798b0e7edeb080dad9b7301d67be1182e54d07c5e551e51551e
#26 exporting manifest list sha256:849aca28f4f5f798b0e7edeb080dad9b7301d67be1182e54d07c5e551e51551e 0.1s done
#26 naming to docker.io/library/exaconnect-web:latest 0.0s done
#26 unpacking to docker.io/library/exaconnect-web:latest
#26 unpacking to docker.io/library/exaconnect-web:latest 0.2s done
#26 DONE 1.4s

#27 [web] resolving provenance for metadata file
#27 DONE 0.0s
 controller  Built
 web  Built
 Container exaconnect-db-1  Running
 Container exaconnect-controller-1  Recreate
 Container exaconnect-controller-1  Recreated
 Container exaconnect-web-1  Recreate
 Container exaconnect-web-1  Recreated
 Container exaconnect-db-1  Waiting
 Container exaconnect-db-1  Healthy
 Container exaconnect-controller-1  Starting
 Container exaconnect-controller-1  Started
 Container exaconnect-controller-1  Waiting
 Container exaconnect-controller-1  Healthy
 Container exaconnect-web-1  Starting
 Container exaconnect-web-1  Started
 Container exaconnect-web-1  Waiting
 Container exaconnect-db-1  Waiting
 Container exaconnect-controller-1  Waiting
 Container exaconnect-controller-1  Healthy
 Container exaconnect-web-1  Healthy
 Container exaconnect-db-1  Healthy
[release 19:06:47] fb4462b87eff is live

== Voice SBC (19:06:47)
test phone: extension 200 moved to Test
Sound pack en-us-callie-8000-1.0.51 installed
Sound pack en-us-callie-16000-1.0.51 installed
Sound pack music-8000-1.0.52 installed
Sound pack music-16000-1.0.52 installed
time="2026-10-10T21:07:28+02:00" level=warning msg="Found orphan containers ([exaconnect-web-1]) for this project. If you removed or renamed this service in your compose file, you can run this command with the --remove-orphans flag to clean it up."
 Container exaconnect-freeswitch-1  Recreate
 Container exaconnect-freeswitch-1  Recreated
 Container exaconnect-kamailio-1  Running
 Container exaconnect-freeswitch-1  Starting
 Container exaconnect-freeswitch-1  Started
SBC started: Kamailio on 5060/5061 (allow-listed carriers only), call audio on UDP 16384-16483

== Agents (19:08:03)
pop-miami: agent stopped
site-a: agent stopped
site-b: agent stopped
pop-miami: agent started
site-a: agent started
site-b: agent started

== Waiting for tunnels, BGP and BFD (19:08:21)

== Checks (19:08:35)
-- lab/scripts/check-routing.sh
ok    site-a wg-a handshake 14s ago
ok    site-a wg-b handshake 14s ago
ok    site-a wg-sat handshake 14s ago
ok    site-b wg-a handshake 14s ago
ok    site-b wg-b handshake 15s ago
ok    site-b wg-sat handshake 15s ago
ok    pop-miami BGP 6/6 established
ok    pop-miami BFD 6/6 up
ok    site-a BGP 3/3 established
ok    site-a BFD 3/3 up
ok    site-b BGP 3/3 established
ok    site-b BFD 3/3 up
ok    lan-a -> lan-b (site-a to site-b via the PoP)
ok    lan-b -> lan-a
ok    lan-a -> lan-pop

  traceroute to 192.168.20.10 (192.168.20.10), 30 hops max, 46 byte packets
   1  192.168.10.1  0.049 ms
   2  100.64.1.1  24.136 ms
   3  100.64.1.12  52.389 ms
   4  192.168.20.10  57.841 ms
-- lab/ci/checks/m0-timing.sh
-- host timing
      clocksource kvm-clock, available: kvm-clock hpet acpi_pm 
      kernel 6.8.0-139-generic, timers: hres_active    : 1, resolution: 1 nsecs
      HZ 1000, 4 CPUs, load 3.71 4.47 4.47
      netem on carrier-a: qdisc netem 80f8: root refcnt 5 limit 10000 delay 12.5ms  1ms seed 4224415357793959298
      cpuidle driver none, governor menu
      (netem asks for 25 ms on A and 35 ms on B round trip, with 2 and 4 ms jitter; min/avg/max/mdev)
      site-a to lan-a (no netem):              0.047/0.202/7.452/0.740 ms
      site-a to carrier-a router (one netem):  9.994/13.541/54.542/4.423 ms
      site-a to PoP underlay via carrier A:    21.025/26.121/42.775/3.077 ms
      site-a to PoP through wg-a:              22.497/33.538/359.100/34.047 ms, pipe 2
      site-a to PoP underlay via carrier B:    27.991/36.703/70.537/4.989 ms, pipe 2
-- busiest containers
      32.79% clab-exaconnect-site-a
      26.46% clab-exaconnect-pop-miami
      20.25% clab-exaconnect-site-b
      8.71% exaconnect-freeswitch-1
      1.27% exaconnect-web-1
      0.92% exaconnect-controller-1
      0.57% clab-exaconnect-cloud-azure
      0.56% clab-exaconnect-carrier-b
-- busiest processes
       275 ps
      13.5 uvicorn
      12.6 freeswitch
       7.0 exa-agent
       6.9 exa-agent
       6.1 exa-agent
       3.6 rcu_preempt
       3.5 bfdd
-- lab/ci/checks/m4-steering.sh
-- steering applied
ok    pop-miami nftables classifier
ok    pop-miami 6 steering rules
ok    site-a nftables classifier
ok    site-a 3 steering rules
ok    site-b nftables classifier
ok    site-b 3 steering rules
      voice state at start: site-a carrier-a since 2026-10-10 01:43:49.474811+00 return - -; site-b carrier-a since 2026-10-10 18:06:05.089892+00 return - -
      probe jitter, last 3 min, carrier-a avg 6.9 p95 13.2, carrier-b avg 7.6 p95 11.9, sat avg 15.5 p95 27.3
      host load 3.59 4.33 4.42 on 4 CPUs, CPU steal 0.0% over 5 s
ok    site-a voice on wg-a at start
      maps: site-a v1155, pop-miami v1591, site-b v844
-- brownout: carrier A loss 0 -> 3% over 180 s (demo step 2)
ok    voice moved 181 s into the ramp
      Moved voice from Carrier A to Carrier B: loss on Carrier A rising 0.9% a minute, forecast 1.4% in 60 s against a 1% SLA.
ok    moved before the 1% SLA was breached (measured 0.63%)
ok    site-a kernel sends voice on wg-b
ok    bulk stayed on carrier A (3% is under its 5% threshold)
-- hard cut of carrier B while voice is on it (demo step 3)
      voice probe stream: 1446 of 1500 received at 50 packets/s
ok    voice lost 1080 ms of packets (< 3 s)
ok    agent failover on BFD after 1 s
ok    voice on wg-a after the cut
-- recovery: restore B, classes move back only after the hold time (demo step 4)
ok    no moves in the first minute after recovery
      moves since the brownout began: 8
      19:11:50 site-b voice move: Moved voice from Carrier A to Carrier B: loss on Carrier A rising 0.9% a minute, forecast 1.4% in 60 s against a 1% SLA.
      19:12:21 site-a voice move: Moved voice from Carrier A to Carrier B: loss on Carrier A rising 1.0% a minute, forecast 1.6% in 60 s against a 1% SLA.
      19:13:12 site-a business move: Moved business from Carrier A to Carrier B: loss on Carrier A rising 1.4% a minute, forecast 2.6% in 60 s against a 2% SLA.
      19:13:22 site-b business move: Moved business from Carrier A to Carrier B: loss on Carrier A rising 0.7% a minute, forecast 2.5% in 60 s against a 2% SLA.
      19:13:52 site-a voice failover: Moved voice from Carrier B to Carrier A: Carrier B is down (BFD reports it down).
      19:13:52 site-a business failover: Moved business from Carrier B to Carrier A: Carrier B is down (BFD reports it down).
      19:13:52 site-b business failover: Moved business from Carrier B to Carrier A: Carrier B is down (BFD reports it down).
      19:13:52 site-b voice failover: Moved voice from Carrier B to Carrier A: Carrier B is down (BFD reports it down).
      19:14:13 site-b voice hold: Kept voice on Carrier A: loss on Carrier A is 1.7% against a 1% SLA, but it moved here 20 s ago (hold time 120 s).
      19:14:13 site-a voice hold: Kept voice on Carrier A: loss on Carrier A is 1.5% against a 1% SLA, but it moved here 20 s ago (hold time 120 s).
      19:14:23 site-a voice hold: Kept voice on Carrier A: loss on Carrier A is 1.5% against a 1% SLA, but it moved here 30 s ago (hold time 120 s).
      19:14:23 site-b voice hold: Kept voice on Carrier A: loss on Carrier A is 1.6% against a 1% SLA, but it moved here 30 s ago (hold time 120 s).
      19:14:33 site-b voice hold: Kept voice on Carrier A: loss on Carrier A is 1.5% against a 1% SLA, but it moved here 41 s ago (hold time 120 s).
      19:14:33 site-a voice hold: Kept voice on Carrier A: loss on Carrier A is 1.4% against a 1% SLA, but it moved here 41 s ago (hold time 120 s).
      19:14:44 site-b voice hold: Kept voice on Carrier A: loss on Carrier A is 1.4% against a 1% SLA, but it moved here 51 s ago (hold time 120 s).
      19:14:44 site-a voice hold: Kept voice on Carrier A: loss on Carrier A is 1.4% against a 1% SLA, but it moved here 51 s ago (hold time 120 s).
      19:14:54 site-a voice hold: Kept voice on Carrier A: loss on Carrier A is 1.4% against a 1% SLA, but it moved here 61 s ago (hold time 120 s).
      19:14:54 site-b voice hold: Kept voice on Carrier A: loss on Carrier A is 1.3% against a 1% SLA, but it moved here 61 s ago (hold time 120 s).
      19:15:04 site-b voice hold: Kept voice on Carrier A: loss on Carrier A is 1.2% against a 1% SLA, but it moved here 71 s ago (hold time 120 s).
      19:15:04 site-a voice hold: Kept voice on Carrier A: loss on Carrier A is 1.1% against a 1% SLA, but it moved here 71 s ago (hold time 120 s).
-- lab/ci/checks/m5-storm.sh
-- Storm Mode on at site-a only
ok    Storm Mode switched on for site-a through the API
ok    site-a agent has the Storm Mode steering map
ok    site-b is not in Storm Mode
ok    satellite warm: 37 probes per 10 s
ok    satellite BGP established
-- both terrestrial links cut
ok    voice continues on satellite
ok    business continues on satellite
ok    bulk paused (blackhole rule)
ok    voice stream lost 1520 ms across the double cut
-- restore and switch Storm Mode off
ok    Storm Mode switched off
ok    voice and business back on terrestrial paths, bulk resumed
      Storm Mode last switched by user:admin@exacarib.local
      19:16:27 storm_off
      19:15:15 storm_on
-- lab/ci/checks/m6-metering.sh
-- traffic: 20 Mbit/s bulk (CS1, TCP) from lan-a to lan-b for 11 minutes
      bulk leaves site-a on wg-a
ok    5-minute samples with traffic for site-a
      iperf: [  5] 541.00-542.00 sec  2.38 MBytes  20.0 Mbits/sec    1    255 KBytes        [  5] 542.00-543.00 sec  2.38 MBytes  19.9 Mbits/sec   26    198 KBytes        [  5] 543.00-544.00 sec  2.38 MBytes  19.8 Mbits/sec    0    212 KBytes        [  5] 544
      site-a carrier-a: samples 11, 95th in 1.406616 out 21.817587, billable 21.817587, commit 100, burst 0.000, total 400.00
ok    billable rate 21.817587 Mbps matches the ~20 Mbit/s offered
-- CSV matches the screen
ok    CSV 95th percentile 21.818 equals the screen
ok    CSV settlement total equals the screen
-- carrier view
ok    carrier user sees only Carrier A links
ok    carrier user cannot open the customer overview
-- lab/ci/checks/m7-outage.sh
-- cut the agents off from the controller (the live controller keeps running)
ok    the agents' route to the controller is cut
ok    all three agents noticed after 64 s and hold the last good state
ok    site A still reaches site B through the PoP
-- BFD failover with the controller down
ok    voice moved from wg-a to wg-b in 3.1 s, without the controller
ok    the live controller stayed up throughout
-- give the agents the controller back
ok    all three agents reconciled 7 s after the controller came back
-- lab/ci/checks/m8-ai.sh
-- hurricane watch
ok    NHC feed read from the lab host: 3 active storms
ok    example hurricane raised a warning
ok    only site-a (Kingston) is warned
      Hurricane Example (90 kt) is moving at 23 km/h on a heading of 285°. Projecting that motion forward, it passes about 92 km from site-a in about 25 h. Consider switching Storm Mode on so the satellite path is warm before the terrestrial links suffer. This is a straight-line projection; check the NHC advisory for the official forecast track.
-- disaster watch
ok    all disaster feeds read from the lab host: gdacs=3 ptwc=2 usgs=51 events=52 failed= 
ok    example earthquake from USGS, GDACS and tsunami.gov raised one alert, for site-b only
      Magnitude 6.4 earthquake, 38 km NE of Port of Spain, Trinidad and Tobago, reported by USGS and GDACS and tsunami.gov. Latest tsunami message: Tsunami Information Statement Number 2. Sites in range: site-b 47 km (critical). Consider switching Storm Mode on for the sites marked critical, so the satellite path is warm if terrestrial links fail. Distances are straight lines from the reported location; check the source's report.
-- insights from this run
      anomaly critical: Carrier B at site-a: loss 7.96%, usually 0.00%
      anomaly critical: Carrier A at site-a: loss 4.37%, usually 0.00%
      anomaly critical: Carrier B at site-b: loss 8.14%, usually 0.00%
      anomaly critical: Carrier A at site-b: loss 4.26%, usually 0.00%
      hazard warning: Earthquake in Panama: 1232 km from site-a
      hazard critical: Example data: Magnitude 6.4 earthquake, 38 km NE of Port of Spain, Trinidad and Tobago: 47 km from site-b
      storm_warning critical: Example data: Hurricane Example may pass 92 km from site-a in about 25 h
      hazard critical: Example data: Magnitude 6.4 earthquake, 38 km NE of Port of Spain, Trinidad and Tobago: 47 km from site-b
      storm_warning critical: Example data: Hurricane Example may pass 92 km from site-a in about 25 h
      anomaly critical: Carrier B at site-b: loss 3.77%, usually 0.00%
-- ask your network
curl: (22) The requested URL returned error: 502
FAIL  no answer from the AI service
      502: The AI service answered 402. Try again shortly.
curl: (22) The requested URL returned error: 502
FAIL  no usable plan: 
-- lab/ci/checks/m9-fabric.sh
-- simulated cloud gateways
ok    AWS and Azure gateways configured
-- cloud circuits
ok    created circuits 152 (AWS) and 153 (Azure)
ok    both circuits up (IPsec and BGP) 18 s after they were created
      AWS: up, BGP Established, routes 10.100.0.0/16
ok    site-a learned the AWS VPC route from the PoP
ok    lan-a reaches the AWS VPC (10.100.0.1) through the PoP
ok    site-a puts traffic for AWS in business
-- cloud router
ok    AWS reaches Azure through the PoP
-- elastic bandwidth
ok    20 Mbps reached the PoP's shaper on vc152
      charges so far: [{"mbps":50,"hours":0.01},{"mbps":20,"hours":0.0}]
-- layer 2 circuit
ok    VLAN 100 at site A and VLAN 200 at site B are one segment (lan-a pings lan-b)
ok    layer 2 circuit up and monitored: round trip 68.1 ms, 0.0% loss over the last minute
-- clean up
ok    deleted circuits are torn down at the PoP
-- lab/ci/checks/m9-gateway.sh
ok    agent gateway listens on 8443
ok    CA served
ok    CA fingerprint matches the one given with enrolment tokens
ok    gateway certificate is valid for connect.exacarib.com
ok    enrolment refuses a bad token (422)
ok    agent endpoints need a client certificate
ok    the portal API is not served on the gateway
ok    https://connect.exacarib.com:8443 reachable from this host over the internet
-- a real agent through the gateway
ok    enrolment tokens give the public gateway (https://connect.exacarib.com:8443)
ok    an agent outside the lab enrolled through https://connect.exacarib.com:8443
ok    it polls desired state over mutual TLS (200)
ok    after revoking, its certificate is refused (401)
ok    repeated requests are rate limited
-- lab/ci/checks/m9-internet.sh
-- through the PoP (the default)
ok    lan-a reaches the internet through the PoP, translated to the PoP's address
      site-a exits by: wg-a
-- firewall at the PoP
ok    a deny rule stops lan-a's pings at the PoP
ok    the rule's hits reach the portal
ok    deleting the rule lets the pings through again
-- port forward on the PoP's address
      server on lan-a:8080 answers locally
ok    a connection to 100.64.0.2:8080 from the internet reaches lan-a
ok    the internet cannot reach lan-a directly through the PoP
-- straight out at the site
ok    lan-a reaches the internet over carrier A, translated to site-a's address
ok    with carrier A cut, it leaves by carrier B within 5 s
ok    site-a reports it exits by eth1
-- clean up
ok    back through the PoP
-- lab/ci/checks/m9-order.sh
-- a layer 2 circuit ordered in plain English
      draft: {"actions":["site_circuit"],"summary":["New layer 2 circuit joining site-a and site-b, VLAN 100 at site-a and VLAN 200 at site-b, 20 Mbps."],"problems":[],"monthly_estimate":40.0}
ok    the draft reads a VLAN 100 to VLAN 200 circuit between site-a and site-b
ok    drafting changed nothing
ok    confirmed: Created circuit lab order l2.
ok    the ordered circuit carries traffic (lan-a pings lan-b over VLAN 100/200)
-- two changes in one order
      draft: {"actions":["bandwidth","internet_mode"],"summary":["Change lab order l2 from 20 to 30 Mbps, billed by the hour from now.","Send site-a's internet straight out of its own links (now through ExaCarib's PoP)."],"monthly_estimate":20.0}
ok    the draft has a bandwidth change and an internet change
ok    the circuit is now 30 Mbps
ok    site-a's internet now goes straight out (local eth1)
-- a draft with a problem
ok    a draft with VLAN 5000 says why and can't be confirmed
      AI draft (not confirmed): engine rules, [{"action":"cloud_circuit","provider":"aws","region":"us-east-1","site":"site-a","bandwidth_mbps":50}]
-- clean up
ok    circuit deleted and site-a back through the PoP
-- lab/ci/checks/m9-protection.sh
-- a resilient pair to the simulated AWS
ok    both tunnels of the pair up (IPsec and BGP)
ok    lan-a reaches the AWS VPC over the pair
-- encryption report
      summary: {"encrypted":8,"total":8}
ok    both tunnels encrypted: IKE AES_CBC-256/HMAC_SHA2_256_128/PRF_HMAC_SHA2_256/MODP_2048, ESP AES_CBC-256/HMAC_SHA2_256_128
ok    every site path is WireGuard-encrypted (6 encrypted)
-- the first tunnel fails
ok    the portal shows the first tunnel down and the second up
ok    the circuit stays up on one tunnel
ok    lan-a kept reaching the VPC: 300 of 300 pings answered (about 0.0 s lost; the BGP hold time is 30 s)
ok    the first tunnel recovers
-- DDoS protection at the PoP
ok    the internet reaches the PoP's public address
ok    the flooding source was blocked automatically ({"blocked":0,"auto":308,"flood":1,"syn":0})
ok    the blocked source can't reach the public address
ok    lifting the block lets it back in
ok    customers see the drop counts, not the addresses
-- the block list
ok    a block list entry stops the source
ok    removing it lets the source back in
-- clean up
ok    both tunnels torn down at the PoP
-- lab/ci/checks/m9-public-e2e.sh
-- API through https://connect.exacarib.com
ok    admin signs in at https://connect.exacarib.com
ok    every portal screen's data answers 200 through the public site
      settlement CSV: 200 text/csv; charset=utf-8
-- browser
ok    forgotten-password page answers
ok    a bad reset link is refused
ok    signed in through the browser
ok    Overview renders without errors
ok    Sites renders without errors
ok    Traffic: seen on your network renders without errors
ok    Traffic: rules renders without errors
ok    Traffic: classes renders without errors
ok    Routing moves renders without errors
ok    Fabric renders without errors
ok    Internet renders without errors
ok    Order renders without errors
ok    Encryption renders without errors
ok    Integrations renders without errors
ok    Carrier notices renders without errors
ok    Usage renders without errors
ok    Billing renders without errors
ok    Alerts renders without errors
ok    Ask your network renders without errors
ok    Carrier view renders without errors
ok    Account renders without errors
ok    Admin: agents renders without errors
ok    Admin: sites renders without errors
ok    Admin: classes renders without errors
ok    Admin: users renders without errors
ok    Admin: settings renders without errors
ok    Admin: partners renders without errors
ok    Admin: billing renders without errors
ok    Admin: integrations renders without errors
ok    Admin: protection renders without errors
ok    Admin: releases renders without errors
ok    Admin: audit renders without errors
ok    Jibsy: inbox renders without errors
ok    Jibsy: contacts renders without errors
ok    Jibsy: phone, people and numbers renders without errors
ok    Jibsy: phone, call routing renders without errors
ok    Jibsy: phone, scheduled, history and bulk renders without errors
ok    Jibsy: phone, access renders without errors
ok    Jibsy: phone, orders renders without errors
ok    Jibsy: phone, numbers renders without errors
ok    Jibsy: phone, ports renders without errors
ok    Jibsy: phone, emergency renders without errors
ok    Jibsy: phone, fraud renders without errors
ok    Jibsy: phone, billing renders without errors
ok    Jibsy: phone, my phone renders without errors
ok    Jibsy: phone, carriers renders without errors
ok    Jibsy: phone, browser phone renders without errors
ok    Jibsy: team renders without errors
ok    Jibsy: AI agents, profile and mode renders without errors
ok    Jibsy: AI agents, tools renders without errors
ok    Jibsy: AI agents, knowledge renders without errors
ok    Jibsy: AI agents, knowledge gaps renders without errors
ok    Jibsy: AI agents, browser call renders without errors
ok    Jibsy: workflows renders without errors
ok    Jibsy: approvals renders without errors
ok    Jibsy: apps, your apps renders without errors
ok    Jibsy: apps, catalogue renders without errors
ok    Jibsy: assistant renders without errors
ok    Jibsy: reports renders without errors
ok    Jibsy: quality, review renders without errors
ok    Jibsy: quality, flags renders without errors
ok    Jibsy: quality, knowledge gaps renders without errors
ok    Jibsy: quality, follow-ups renders without errors
ok    Jibsy: quality, satisfaction renders without errors
ok    Jibsy: usage and bill renders without errors
ok    Jibsy: getting started renders without errors
ok    Jibsy: channels, website chat renders without errors
ok    Jibsy: channels, WhatsApp renders without errors
ok    Jibsy: channels, SMS renders without errors
ok    Jibsy: channels, email renders without errors
ok    Jibsy: channels, Messenger renders without errors
ok    Jibsy: channels, Instagram renders without errors
ok    Jibsy: channels, Telegram renders without errors
ok    Jibsy: countries renders without errors
ok    Jibsy: languages renders without errors
ok    Jibsy: AI governance renders without errors
ok    Jibsy: settings, service renders without errors
ok    Jibsy: settings, teams and people renders without errors
ok    Jibsy: settings, routing renders without errors
ok    Jibsy: settings, webhooks and keys renders without errors
ok    Jibsy: settings, sign-in renders without errors
ok    Jibsy: settings, organisation renders without errors
ok    Jibsy: settings, roles renders without errors
ok    Jibsy: settings, security renders without errors
ok    Jibsy: settings, data renders without errors
ok    Jibsy: settings, help centre renders without errors
ok    Jibsy: partners renders without errors
ok    Jibsy: my settings renders without errors
ok    Jibsy: go-live renders without errors
ok    Jibsy: support queue renders without errors
ok    jump to (Ctrl+K) finds Phone > Numbers and opens it
ok    jump to opens with "/" and closes with Escape
ok    example hurricane and earthquake alerts appear on Insights
-- lab/ci/checks/m9-public.sh
ok    https://connect.exacarib.com/healthz answers on this host
ok    certificate from Let's Encrypt (issuer=C = US, O = Let's Encrypt, CN = YE1)
ok    portal served
ok    agent endpoints not served publicly
ok    API answers and needs sign-in
ok    connect.exacarib.com reachable from this host over the internet
      web container: running restarts=0
      listening on public addresses: 22 80 443 5060 5061 8443 
ok    controller, database and dev portal stay private
ok    jibsyapp.exacarib.com opens the phone app
ok    phone app served
ok    app manifest served as a manifest
ok    app service worker served
ok    jibsyapp.exacarib.com has a Let's Encrypt certificate
ok    an API key works through the public address
ok    a revoked key is refused at once
-- lab/ci/checks/m9-traffic.sh
-- priority queues
ok    site-a wg-a: qdisc cake 8105: root refcnt 2 bandwidth 190Mbit diffserv4 triple-isolate nonat nowash no-
ok    site-a wg-b: qdisc cake 8108: root refcnt 2 bandwidth 95Mbit diffserv4 triple-isolate nonat nowash no-a
-- application detection: Zoom-like traffic on UDP 8801 for 4 minutes
ok    site-a reported its flows to UDP 8801
ok    recognised: Zoom meetings seen at site-a: 1 flow(s) to UDP 8801, matches Zoom meetings (calls and meetings); currently unclassified. Suggest voice (real-time priority).
ok    suggests voice
ok    applied as rule 141
ok    site-a classifies UDP 8801-8810 as voice
ok    Zoom flows now report as voice
ok    site-b is unchanged (the rule is for site-a)
-- a customer rule: a subnet and port into business
ok    site-a classifies TCP 5201 to site B as business
ok    the PoP classifies the return direction
-- lab/ci/checks/voice-phone-app.sh
-- phone app
ok    test accounts ready (extensions 201 and 202)
ok    app: the app's own address opens Jibsy Phone (https://jibsyapp.exacarib.com/phone)
ok    app: sign-in names the phone app 
ok    app: A connects automatically after sign-in (Ext 201)
ok    app: no sideways scrolling on a phone screen 
ok    app: manifest: name, standalone, start inside scope, icons load (one maskable) ({"name":"Jibsy Phone","display":"standalone","start":"/phone","scope":"/phone","icons":[true,true,true],"maskable":true})
ok    app: service worker registered for the app (https://jibsyapp.exacarib.com/phone)
ok    app: Chrome finds nothing stopping installation ([])
ok    app: B connects automatically on a computer (Ext 202)
ok    app: contacts list B by name and extension (Search contacts | PEOPLE | E | ExaCarib test phone | Ext 200 | P | Phone app test B | Ext 202)
ok    app: contacts leave yourself out 
ok    app: search narrows the list (1 shown)
ok    app: B sees the incoming call with A's name (Incoming call |  | Phone app test A |  | 201)
ok    app: both sides show On a call 
FAIL  app: audio reaches A ({"ice":"connected","rx":83,"energy":0.3662068402723203,"tx":256})
FAIL  app: audio reaches B ({"ice":"connected","rx":86,"energy":0.4616503967146846,"tx":87})
ok    app: the call timer runs (0:05)
ok    app: mute shows as on 
ok    app: the in-call keypad opens and sends a tone 
ok    app: hang-up closes the call on both sides and nothing rings again 
ok    app: A's recents show the outgoing call with its length (Phone app test B | Outgoing, 0:07 · just now | Clear the list)
ok    app: B's recents show the incoming call (Phone app test A | Incoming, 0:07 · just now | Clear the list)
ok    app: B's recents mark it missed (Phone app test A | Missed · just now | Phone app test A | Incoming, 0:07 · just now | Clear the list)
ok    app: a missing extension gets a plain message (That extension or number doesn't exist.)
ok    app: a computer keyboard types into the keypad (2*)
ok    app: declining sends the caller to voicemail, which speaks ({"ice":"connected","rx":199,"energy":0.03193256166803556,"tx":203})
ok    app: do not disturb saves 
ok    app: with do not disturb on, A's app doesn't ring 
ok    app: forwarding to a missing extension is refused with a reason (There is no extension 299.)
ok    app: the voicemail greeting saves (Voicemail greeting saved.)
ok    app: dark appearance applies 
ok    app: device settings survive reopening the app 
ok    app: install help is shown for this device (Put Jibsy Phone on this device |  | In Chrome or Edge, choose Install from the address bar or the browser menu. On Android, choose Add to Home screen.)
ok    app: losing the network shows as offline (Offline)
ok    app: the app reconnects when the network returns (Ext 201)
ok    app: the app opens offline from its saved copy and says it's offline (PHONE |  | You're offline. Phone will carry on when you're back online. Try again)
ok    app: back online, the app carries on without signing in again (Ext 201)
ok    app: no extension: a plain explanation, no keypad (No phone extension yet |  | Jibsy Phone rings on your own extension. Ask your company's voice admin to add you to the phone system, then open this app again. | )
ok    app: no sideways scrolling on any screen size 
      last lines:  36 passed, 2 failed 
-- lab/ci/checks/voice-sbc.sh
-- voice SBC
ok    kamailio running
ok    kamailio publishes only its voice ports
ok    freeswitch running
ok    freeswitch publishes only its voice ports
ok    FreeSWITCH up
ok    FreeSWITCH SIP profiles running
ok    Kamailio refuses an unlisted caller (403)
ok    browser phone sign-in listening (compose network only)
ok    call: lab extension 203 added
ok    call: both browser phones signed in (200 and 203)
ok    call: 203 rings, caller 200
ok    call: answered, caller connected
ok    call: hang-up reached the other side
ok    call: call check passed
ok    Kamailio on the public address refuses an unlisted caller (403)

== Diagnostics (19:43:31)
pop-miami: running
site-a: running
site-b: running
-- agent log pop-miami
time=2026-10-10T19:40:00.802Z level=INFO msg="class moved" node=pop-miami class=bulk dst=192.168.10.0/24 from=carrier-a to=carrier-b why=bfd
time=2026-10-10T19:40:00.802Z level=INFO msg="class moved" node=pop-miami class=voice dst=192.168.20.0/24 from=carrier-a to=carrier-b why=bfd
time=2026-10-10T19:40:00.802Z level=INFO msg="class moved" node=pop-miami class=business dst=192.168.20.0/24 from=carrier-a to=carrier-b why=bfd
time=2026-10-10T19:40:00.802Z level=INFO msg="class moved" node=pop-miami class=bulk dst=192.168.20.0/24 from=carrier-a to=carrier-b why=bfd
time=2026-10-10T19:40:01.927Z level=INFO msg="bfd change" node=pop-miami peer=100.64.1.11 tunnel=wg-a status=up
time=2026-10-10T19:40:01.989Z level=INFO msg="class moved" node=pop-miami class=voice dst=192.168.10.0/24 from=carrier-b to=carrier-a why=bfd
time=2026-10-10T19:40:01.989Z level=INFO msg="class moved" node=pop-miami class=business dst=192.168.10.0/24 from=carrier-b to=carrier-a why=bfd
time=2026-10-10T19:40:01.989Z level=INFO msg="class moved" node=pop-miami class=bulk dst=192.168.10.0/24 from=carrier-b to=carrier-a why=bfd
time=2026-10-10T19:40:01.989Z level=INFO msg="class moved" node=pop-miami class=voice dst=192.168.20.0/24 from=carrier-b to=carrier-a why=bfd
time=2026-10-10T19:40:01.989Z level=INFO msg="class moved" node=pop-miami class=business dst=192.168.20.0/24 from=carrier-b to=carrier-a why=bfd
time=2026-10-10T19:40:01.989Z level=INFO msg="class moved" node=pop-miami class=bulk dst=192.168.20.0/24 from=carrier-b to=carrier-a why=bfd
time=2026-10-10T19:42:03.698Z level=INFO msg="bfd change" node=pop-miami peer=100.64.1.11 tunnel=wg-a status=init
time=2026-10-10T19:42:03.699Z level=INFO msg="bfd change" node=pop-miami peer=100.64.1.12 tunnel=wg-a status=down
time=2026-10-10T19:42:03.707Z level=INFO msg="class moved" node=pop-miami class=voice dst=192.168.10.0/24 from=carrier-a to=carrier-b why=bfd
time=2026-10-10T19:42:03.707Z level=INFO msg="class moved" node=pop-miami class=business dst=192.168.10.0/24 from=carrier-a to=carrier-b why=bfd
time=2026-10-10T19:42:03.707Z level=INFO msg="class moved" node=pop-miami class=bulk dst=192.168.10.0/24 from=carrier-a to=carrier-b why=bfd
time=2026-10-10T19:42:03.826Z level=INFO msg="bfd change" node=pop-miami peer=100.64.2.11 tunnel=wg-b status=down
time=2026-10-10T19:42:03.842Z level=INFO msg="class moved" node=pop-miami class=voice dst=192.168.10.0/24 from=carrier-b to=carrier-a why=bfd
time=2026-10-10T19:42:03.842Z level=INFO msg="class moved" node=pop-miami class=business dst=192.168.10.0/24 from=carrier-b to=carrier-a why=bfd
time=2026-10-10T19:42:03.842Z level=INFO msg="class moved" node=pop-miami class=bulk dst=192.168.10.0/24 from=carrier-b to=carrier-a why=bfd
time=2026-10-10T19:42:03.842Z level=INFO msg="class moved" node=pop-miami class=business dst=192.168.20.0/24 from=carrier-a to=bgp why=bfd
time=2026-10-10T19:42:05.470Z level=INFO msg="bfd change" node=pop-miami peer=100.64.2.11 tunnel=wg-b status=up
time=2026-10-10T19:42:05.470Z level=INFO msg="bfd change" node=pop-miami peer=100.64.1.11 tunnel=wg-a status=up
time=2026-10-10T19:42:05.470Z level=INFO msg="bfd change" node=pop-miami peer=100.64.1.12 tunnel=wg-a status=up
time=2026-10-10T19:42:05.508Z level=INFO msg="class moved" node=pop-miami class=business dst=192.168.20.0/24 from=bgp to=carrier-a why=bfd
-- agent log site-a
time=2026-10-10T19:41:03.189Z level=INFO msg="path breaches class SLA" node=site-a class=voice path=carrier-a latency_ms=30.255 jitter_ms=59.102 loss_pct=0
time=2026-10-10T19:41:03.189Z level=INFO msg="path breaches class SLA" node=site-a class=voice path=carrier-b latency_ms=40.59 jitter_ms=42.723 loss_pct=0
time=2026-10-10T19:41:22.506Z level=INFO msg="path breaches class SLA" node=site-a class=voice path=sat latency_ms=62.107 jitter_ms=14.213 loss_pct=10
time=2026-10-10T19:41:22.506Z level=INFO msg="path breaches class SLA" node=site-a class=business path=sat latency_ms=62.107 jitter_ms=14.213 loss_pct=10
time=2026-10-10T19:41:22.506Z level=INFO msg="path breaches class SLA" node=site-a class=bulk path=sat latency_ms=62.107 jitter_ms=14.213 loss_pct=10
time=2026-10-10T19:42:03.665Z level=INFO msg="bfd change" node=site-a peer=100.64.2.1 tunnel=wg-b status=down
time=2026-10-10T19:42:03.666Z level=INFO msg="bfd change" node=site-a peer=100.64.1.1 tunnel=wg-a status=down
time=2026-10-10T19:42:03.694Z level=INFO msg="class moved" node=site-a class=voice dst="" from=carrier-a to=bgp why=bfd
time=2026-10-10T19:42:03.694Z level=INFO msg="class moved" node=site-a class=business dst="" from=carrier-a to=bgp why=bfd
time=2026-10-10T19:42:03.694Z level=INFO msg="class moved" node=site-a class=bulk dst="" from=carrier-a to=paused why=bfd
time=2026-10-10T19:42:03.703Z level=INFO msg="internet exit changed" node=site-a from=wg-a to=wg-sat
time=2026-10-10T19:42:03.861Z level=INFO msg="path breaches class SLA" node=site-a class=voice path=carrier-a latency_ms=41.687 jitter_ms=68.865 loss_pct=0
time=2026-10-10T19:42:03.861Z level=INFO msg="path breaches class SLA" node=site-a class=voice path=carrier-b latency_ms=51.428 jitter_ms=60.164 loss_pct=0
time=2026-10-10T19:42:03.861Z level=INFO msg="path breaches class SLA" node=site-a class=voice path=sat latency_ms=75.827 jitter_ms=70.397 loss_pct=0
time=2026-10-10T19:42:03.989Z level=INFO msg="bfd change" node=site-a peer=100.64.2.1 tunnel=wg-b status=init
time=2026-10-10T19:42:03.997Z level=INFO msg="class moved" node=site-a class=voice dst="" from=bgp to=carrier-b why=bfd
time=2026-10-10T19:42:03.997Z level=INFO msg="class moved" node=site-a class=business dst="" from=bgp to=carrier-b why=bfd
time=2026-10-10T19:42:03.997Z level=INFO msg="class moved" node=site-a class=bulk dst="" from=paused to=carrier-b why=bfd
time=2026-10-10T19:42:04.002Z level=INFO msg="internet exit changed" node=site-a from=wg-sat to=wg-b
time=2026-10-10T19:42:04.850Z level=INFO msg="bfd change" node=site-a peer=100.64.2.1 tunnel=wg-b status=up
time=2026-10-10T19:42:04.850Z level=INFO msg="bfd change" node=site-a peer=100.64.1.1 tunnel=wg-a status=up
time=2026-10-10T19:42:05.001Z level=INFO msg="class moved" node=site-a class=voice dst="" from=carrier-b to=carrier-a why=bfd
time=2026-10-10T19:42:05.001Z level=INFO msg="class moved" node=site-a class=business dst="" from=carrier-b to=carrier-a why=bfd
time=2026-10-10T19:42:05.001Z level=INFO msg="class moved" node=site-a class=bulk dst="" from=carrier-b to=carrier-a why=bfd
time=2026-10-10T19:42:05.075Z level=INFO msg="internet exit changed" node=site-a from=wg-b to=wg-a
-- agent log site-b
time=2026-10-10T19:37:02.973Z level=INFO msg="path breaches class SLA" node=site-b class=voice path=sat latency_ms=52.599 jitter_ms=34.691 loss_pct=0
time=2026-10-10T19:38:02.866Z level=INFO msg="path breaches class SLA" node=site-b class=voice path=carrier-b latency_ms=42.64 jitter_ms=33.664 loss_pct=0
time=2026-10-10T19:38:02.866Z level=INFO msg="path breaches class SLA" node=site-b class=voice path=sat latency_ms=44.158 jitter_ms=16.72 loss_pct=10
time=2026-10-10T19:38:02.866Z level=INFO msg="path breaches class SLA" node=site-b class=business path=sat latency_ms=44.158 jitter_ms=16.72 loss_pct=10
time=2026-10-10T19:38:02.866Z level=INFO msg="path breaches class SLA" node=site-b class=bulk path=sat latency_ms=44.158 jitter_ms=16.72 loss_pct=10
time=2026-10-10T19:39:13.114Z level=INFO msg="new steering map" node=site-b version=851 storm=false
time=2026-10-10T19:39:13.121Z level=INFO msg="class moved" node=site-b class=voice dst="" from=carrier-b to=carrier-a why=controller
time=2026-10-10T19:39:13.121Z level=INFO msg="class moved" node=site-b class=business dst="" from=carrier-b to=carrier-a why=controller
time=2026-10-10T19:39:13.121Z level=INFO msg="class moved" node=site-b class=bulk dst="" from=carrier-b to=carrier-a why=controller
time=2026-10-10T19:39:27.625Z level=INFO msg="new steering map" node=site-b version=852 storm=false
time=2026-10-10T19:39:32.818Z level=INFO msg="new steering map" node=site-b version=853 storm=false
time=2026-10-10T19:40:02.742Z level=INFO msg="path breaches class SLA" node=site-b class=voice path=carrier-a latency_ms=38.585 jitter_ms=31.539 loss_pct=0
time=2026-10-10T19:40:02.742Z level=INFO msg="path breaches class SLA" node=site-b class=voice path=carrier-b latency_ms=47.69 jitter_ms=34.984 loss_pct=0
time=2026-10-10T19:40:02.742Z level=INFO msg="path breaches class SLA" node=site-b class=voice path=sat latency_ms=83.132 jitter_ms=41.898 loss_pct=0
time=2026-10-10T19:41:03.418Z level=INFO msg="path breaches class SLA" node=site-b class=voice path=carrier-a latency_ms=30.508 jitter_ms=58.227 loss_pct=0
time=2026-10-10T19:41:03.418Z level=INFO msg="path breaches class SLA" node=site-b class=voice path=carrier-b latency_ms=40.439 jitter_ms=33.478 loss_pct=0
time=2026-10-10T19:42:03.609Z level=INFO msg="bfd change" node=site-b peer=100.64.1.1 tunnel=wg-a status=init
time=2026-10-10T19:42:03.849Z level=INFO msg="path breaches class SLA" node=site-b class=voice path=carrier-a latency_ms=38.577 jitter_ms=50.598 loss_pct=0
time=2026-10-10T19:42:03.849Z level=INFO msg="path breaches class SLA" node=site-b class=voice path=carrier-b latency_ms=49.52 jitter_ms=79.742 loss_pct=0
time=2026-10-10T19:42:03.851Z level=INFO msg="path breaches class SLA" node=site-b class=voice path=sat latency_ms=89.885 jitter_ms=65.307 loss_pct=9.091
time=2026-10-10T19:42:03.851Z level=INFO msg="path breaches class SLA" node=site-b class=business path=sat latency_ms=89.885 jitter_ms=65.307 loss_pct=9.091
time=2026-10-10T19:42:03.851Z level=INFO msg="path breaches class SLA" node=site-b class=bulk path=sat latency_ms=89.885 jitter_ms=65.307 loss_pct=9.091
time=2026-10-10T19:42:05.592Z level=INFO msg="bfd change" node=site-b peer=100.64.1.1 tunnel=wg-a status=up
time=2026-10-10T19:42:42.965Z level=INFO msg="path breaches class SLA" node=site-b class=business path=sat latency_ms=51.48 jitter_ms=23.488 loss_pct=10
time=2026-10-10T19:42:42.965Z level=INFO msg="path breaches class SLA" node=site-b class=bulk path=sat latency_ms=51.48 jitter_ms=23.488 loss_pct=10
-- controller log
controller-1  | INFO:     172.18.0.5:49286 - "GET /api/v1/auth/me HTTP/1.1" 200 OK
controller-1  | INFO:     172.18.0.5:49286 - "GET /api/v1/customers/mine HTTP/1.1" 200 OK
controller-1  | INFO:     172.18.0.5:49286 - "GET /api/v1/commai/customers/4d26813b-aaa6-4be7-9b73-1730be959882/voice/webphone HTTP/1.1" 200 OK
controller-1  | INFO:     172.18.0.5:49286 - "GET /api/v1/commai/customers/4d26813b-aaa6-4be7-9b73-1730be959882/voice/webphone/contacts HTTP/1.1" 200 OK
controller-1  | INFO:     172.18.0.5:49286 - "GET /api/v1/commai/customers/4d26813b-aaa6-4be7-9b73-1730be959882/voice/me HTTP/1.1" 200 OK
controller-1  | INFO:     172.18.0.5:49286 - "GET /api/v1/commai/customers/4d26813b-aaa6-4be7-9b73-1730be959882/voice/webphone/contacts HTTP/1.1" 200 OK
controller-1  | INFO:     172.18.0.5:49286 - "GET /api/v1/commai/customers/4d26813b-aaa6-4be7-9b73-1730be959882/voice/me HTTP/1.1" 200 OK
controller-1  | INFO:     172.18.0.4:38062 - "GET /api/v1/agent/desired-state?have=369 HTTP/1.0" 204 No Content
controller-1  | INFO:     172.18.0.4:38064 - "GET /api/v1/agent/steering?have=1173 HTTP/1.0" 204 No Content
controller-1  | INFO:     172.18.0.4:38078 - "GET /api/v1/agent/desired-state?have=161 HTTP/1.0" 204 No Content
controller-1  | INFO:     172.18.0.4:38074 - "POST /api/v1/agent/telemetry HTTP/1.0" 204 No Content
controller-1  | INFO:     172.18.0.4:38080 - "GET /api/v1/agent/desired-state?have=521 HTTP/1.0" 204 No Content
controller-1  | INFO:     172.18.0.4:38098 - "GET /api/v1/agent/steering?have=1608 HTTP/1.0" 204 No Content
controller-1  | INFO:     172.18.0.4:38096 - "POST /api/v1/agent/telemetry HTTP/1.0" 204 No Content
controller-1  | INFO:     172.18.0.4:38108 - "GET /api/v1/agent/steering?have=853 HTTP/1.0" 204 No Content
controller-1  | INFO:     172.18.0.4:38120 - "POST /api/v1/agent/telemetry HTTP/1.0" 204 No Content
controller-1  | INFO:     172.18.0.5:49286 - "GET /api/v1/commai/customers/4d26813b-aaa6-4be7-9b73-1730be959882/voice/webphone/contacts HTTP/1.1" 200 OK
controller-1  | INFO:     172.18.0.5:49286 - "GET /api/v1/commai/customers/4d26813b-aaa6-4be7-9b73-1730be959882/voice/me HTTP/1.1" 200 OK
controller-1  | INFO:     127.0.0.1:43250 - "GET /healthz HTTP/1.1" 200 OK
controller-1  | INFO:     172.18.0.4:54842 - "GET /api/v1/agent/steering?have=1173 HTTP/1.0" 204 No Content
controller-1  | INFO:     172.18.0.4:54856 - "GET /api/v1/agent/steering?have=1608 HTTP/1.0" 204 No Content
controller-1  | INFO:     172.18.0.4:54862 - "GET /api/v1/agent/steering?have=853 HTTP/1.0" 204 No Content
controller-1  | INFO:     127.0.0.1:55236 - "GET /healthz HTTP/1.1" 200 OK
controller-1  | INFO:     172.18.0.4:54864 - "GET /api/v1/agent/desired-state?have=369 HTTP/1.0" 204 No Content
controller-1  | INFO:     172.18.0.4:54878 - "GET /api/v1/agent/desired-state?have=521 HTTP/1.0" 204 No Content
controller-1  | INFO:     172.18.0.4:54894 - "GET /api/v1/agent/desired-state?have=161 HTTP/1.0" 204 No Content
controller-1  | INFO:     172.18.0.4:54870 - "POST /api/v1/agent/telemetry HTTP/1.0" 204 No Content
controller-1  | INFO:     172.18.0.4:54898 - "GET /api/v1/agent/steering?have=1608 HTTP/1.0" 204 No Content
controller-1  | INFO:     172.18.0.4:54906 - "GET /api/v1/agent/steering?have=1173 HTTP/1.0" 204 No Content
controller-1  | INFO:     172.18.0.4:54916 - "GET /api/v1/agent/steering?have=853 HTTP/1.0" 204 No Content
controller-1  | INFO:     172.18.0.4:54930 - "POST /api/v1/agent/telemetry HTTP/1.0" 204 No Content
controller-1  | INFO:     172.18.0.4:54946 - "POST /api/v1/agent/telemetry HTTP/1.0" 204 No Content
controller-1  | INFO:     127.0.0.1:55242 - "GET /healthz HTTP/1.1" 200 OK
controller-1  | INFO:     172.18.0.4:40756 - "GET /api/v1/agent/steering?have=1173 HTTP/1.0" 204 No Content
controller-1  | INFO:     172.18.0.4:40772 - "GET /api/v1/agent/steering?have=1608 HTTP/1.0" 204 No Content
controller-1  | INFO:     172.18.0.4:40788 - "GET /api/v1/agent/steering?have=853 HTTP/1.0" 204 No Content
controller-1  | INFO:     127.0.0.1:39940 - "GET /healthz HTTP/1.1" 200 OK
controller-1  | INFO:     172.18.0.4:40798 - "GET /api/v1/agent/desired-state?have=369 HTTP/1.0" 204 No Content
controller-1  | INFO:     172.18.0.4:40810 - "GET /api/v1/agent/steering?have=1173 HTTP/1.0" 204 No Content
controller-1  | INFO:     172.18.0.4:40818 - "POST /api/v1/agent/telemetry HTTP/1.0" 204 No Content
controller-1  | INFO:     172.18.0.4:40836 - "GET /api/v1/agent/desired-state?have=161 HTTP/1.0" 204 No Content
controller-1  | INFO:     172.18.0.4:40824 - "GET /api/v1/agent/desired-state?have=521 HTTP/1.0" 204 No Content
controller-1  | INFO:     172.18.0.4:40838 - "POST /api/v1/agent/telemetry HTTP/1.0" 204 No Content
controller-1  | INFO:     172.18.0.4:40866 - "GET /api/v1/agent/steering?have=853 HTTP/1.0" 204 No Content
controller-1  | INFO:     172.18.0.4:40852 - "POST /api/v1/agent/telemetry HTTP/1.0" 204 No Content
controller-1  | INFO:     172.18.0.4:40868 - "GET /api/v1/agent/steering?have=1608 HTTP/1.0" 204 No Content
controller-1  | INFO:     127.0.0.1:39946 - "GET /healthz HTTP/1.1" 200 OK
controller-1  | INFO:     172.18.0.4:34348 - "GET /api/v1/agent/steering?have=1173 HTTP/1.0" 204 No Content
controller-1  | INFO:     172.18.0.4:34350 - "GET /api/v1/agent/steering?have=1608 HTTP/1.0" 204 No Content
controller-1  | INFO:     172.18.0.4:34366 - "GET /api/v1/agent/steering?have=853 HTTP/1.0" 204 No Content
controller-1  | INFO:     127.0.0.1:56612 - "GET /healthz HTTP/1.1" 200 OK
controller-1  | INFO:     172.18.0.4:34368 - "GET /api/v1/agent/desired-state?have=369 HTTP/1.0" 204 No Content
controller-1  | INFO:     172.18.0.4:34380 - "POST /api/v1/agent/telemetry HTTP/1.0" 204 No Content
controller-1  | INFO:     172.18.0.4:34382 - "GET /api/v1/agent/steering?have=1173 HTTP/1.0" 204 No Content
controller-1  | INFO:     172.18.0.4:34386 - "GET /api/v1/agent/desired-state?have=521 HTTP/1.0" 204 No Content
controller-1  | INFO:     172.18.0.4:34390 - "GET /api/v1/agent/desired-state?have=161 HTTP/1.0" 204 No Content
controller-1  | INFO:     172.18.0.4:34392 - "GET /api/v1/agent/steering?have=853 HTTP/1.0" 204 No Content
controller-1  | INFO:     172.18.0.4:34402 - "POST /api/v1/agent/telemetry HTTP/1.0" 204 No Content
controller-1  | INFO:     172.18.0.4:34410 - "POST /api/v1/agent/telemetry HTTP/1.0" 204 No Content
controller-1  | INFO:     172.18.0.4:34422 - "GET /api/v1/agent/steering?have=1608 HTTP/1.0" 204 No Content
-- controller containers
exaconnect-controller-1 Up 37 minutes (healthy)
exaconnect-db-1 Up 9 days (healthy)
exaconnect-freeswitch-1 Up 35 minutes (healthy)
exaconnect-kamailio-1 Up 19 hours
exaconnect-proxy-1 Up 37 minutes
exaconnect-web-1 Up 36 minutes
/exaconnect-controller-1 restarts 0, started 2026-10-10T19:06:20.745954248Z, OOM killed false
/exaconnect-db-1 restarts 0, started 2026-10-01T05:06:52.589123103Z, OOM killed false
/exaconnect-freeswitch-1 restarts 0, started 2026-10-10T19:07:40.106844184Z, OOM killed false
/exaconnect-kamailio-1 restarts 0, started 2026-10-10T01:10:42.822655608Z, OOM killed false
/exaconnect-proxy-1 restarts 0, started 2026-10-10T19:05:53.862878131Z, OOM killed false
/exaconnect-web-1 restarts 0, started 2026-10-10T19:06:37.326893797Z, OOM killed false
-- host
 21:43:34 up 9 days, 18:08,  0 user,  load average: 6.01, 4.72, 4.84
               total        used        free      shared  buff/cache   available
Mem:            7941        3056         509         457        5142        4884
Swap:              0           0           0
procs -----------memory---------- ---swap-- -----io---- -system-- -------cpu-------
 r  b   swpd   free   buff  cache   si   so    bi    bo   in   cs us sy id wa st gu
 0  0      0 535072  37808 5228288    0    0    48   246 5199   20  7 22 71  0  0  0
 2  0      0 561956  37820 5228332    0    0     0   576 6726 8622  7 17 76  1  0  0
 2  0      0 569032  37820 5228312    0    0     0   776 5800 6885  8 19 73  0  0  0
make: *** [Makefile:125: lab-ci] Error 1
